
.env
.hg
0bef
1phpmyadmin/
5yfI
2016/07/21/hello-world
2016/08/30/opening-week-at-the-breakout-room-wilmingtons-largest-escape-room
2016/09/01/z107-5-stopped-by-today-and-it-was-awesome
2016/09/01/z107-5-stopped-by-today-and-it-was-awesome/
2016/09/10/the-breakout-room-what-is-an-escape-room
2016/10/16/alien-escape-grand-opening
2016/10/19/video-tips-on-how-to-better-escape
2016/10/19/video-tips-on-how-to-better-escape/
2017/01/16/thank-you-for-making-this-our-best-weekend-ever
2017/01/16/thank-you-for-making-this-our-best-weekend-ever/
2017/02/11/top-5-reasons-an-escape-room-is-the-perfect-date
2017/05/12/green-light-escape-wilmingtons-corporate-team-building-solution
2017/05/12/green-light-escape-wilmingtons-corporate-team-building-solution/
2018/02/05/private-vs-public-booking-escape-rooms
2018/05/21/brewery-heist-premise-and-grand-opening
2018/05/21/brewery-heist-premise-and-grand-opening/
2018/wp-includes/wlwmanifest.xml
2019/wp-includes/wlwmanifest.xml
Admin/import.php
Autodiscover/Autodiscover.xml
BMTz
CGI/EXECUTE.php
CVS/Entries
DBAdmin/import.php
DBadmin/import.php
DB/import.php
EgcN
Front/User/UserLogin.html
GponForm/diag_Form?images/
GponForm/diag_Form?style/
HNAP1/
Home/Bind/binding
ISAPI/Security/userCheck
Joomla/administrator/index.php
K2fz
KXHr
LADSS/
Line/
MYAdmin/import.php
MYadmin/import.php
MyAdmin/import.php
MyAdmin/scripts/setup.php
MySQLDumper/main.php
MySQLManager/import.php
MySqlManager/import.php
NOnR
PHPMYADMIN/import.php
PMA2005/import.php
PMA2006/import.php
PMA2011/index.php?lang=en
PMA2013/index.php?lang=en
PMA2016/index.php?lang=en
PMA/import.php
PSBlock
Public/Home/js/cls.js
Public/Wchat/css/index.css
Public/css/hall.css
Public/home/js/check.js
Public/mobile/js/config.js
RPC2
ReportServer
SPA112/
TP/public/index.php
TP/public/index.php?s=captcha
TP/public/index.php?s=index/\think\app/invokefunction&function=call_user_func_array&vars[0]=phpinfo&vars[1][]=1
Telephone/
Telerik.Web.UI.WebResource.axd?type=rau
Templates/user/finance/css/userPay.css
Templates/user/js/global.js
UD/act?1
UD/?9
UpLoad
WEB-INF/classes/database.properties
WEB-INF/database.properties
WEB-INF/web.xml
aaa9
aab9
aastra/
ab2g
ab2h
about
actuator/health
admin
administrator/
administrator/help/en-GB/toc.json
administrator/index.php
administrator/language/en-GB/install.xml
admin-app/.env
admin-scripts.asp
admin/
admin/.env
admin/config.php
admin/connection/
admin/import.php
admin/includes/general.js
admin/index
admin/index/login?url=%2F
admin/pMA/index.php?lang=en
admin/view/javascript/common.js
admin_user/m_tixian.php
ajax?act=getrlist&rid=1
ajax?act=online&rst=12
algo/
anquan/qgga.asp
api
api.php?key=1
api/config-init
api/contactWay
api/islogged
api/jsonws/invoke
api/search?folderIds=0
api/site/getInfo.do
api/stock/getSingleStock.do?code=002405
api/user/info?&&callback=jsonp_1601457046411_20983
api/user/ismustmobile
api/v1
api/v1/invest
api/v1/labels
api/v1/label/goversion/values
api/v1/label/version/values
api/v1/label/__name__/values
api/v1/pods
api/v1/query?query=prometheus_build_info
api/v1/targets
api/v2/ajax
api/v/index/queryOfficePage?officeCode=customHomeLink
api/wallet/redDetail
api/web/user/getIndexData.php
app/.env
assets/.env
assets/dist/static/js/vendor_prod.js
asterisk.cfg/
asterisk.conf/
asterisk/
atacom/
ata/
au6Q
auth
author/breakoutroomllcgmail-com
author/breakoutroomllcgmail-com/
autoprovision/
backups/
bag2
base/exchange_article/index/classid/1/id/1
base/exchange_index/googlecode
base/goexjs
bfdnffektc/index.php
bkp/
blog
blog/page/2
blog/wp-content/plugins/wp-statistics/readme.txt
blog/wp-includes/wlwmanifest.xml
blog/wp-login.php
boaform/admin/formLogin
boaform/admin/formLogin?username=adminisp&psd=adminisp
boaform/admin/formLogin?username=admin&psd=admin
boaform/admin/formLogin?username=ec8&psd=ec8
boaform/admin/formLogin?username=user&psd=user
board.cgi?
book-your-escape-room
book-your-escape-room/
category/brewery-heist
category/corporate-team-building
category/date-night
category/family-friendly-escape-room
category/private-booking-escape-room
category/private-booking-escape-room/
category/uncategorized
category/uncategorized/
cfg/
cgi
cgi-bin/authLogin.cgi
cgi-bin/config.exp
cgi-bin/gw.cgi?
cgi-bin/kerbynet?
cgi-bin/system_mgr.cgi?
cgi-bin/;
check
check.php
cisco/
clientaccesspolicy.xml
client_area/
cluster
cms/
cms/administrator/index.php
cms/wp-includes/wlwmanifest.xml
common/download.js
common/info.cgi
config
config.js
config.json
config.txt/
config/getuser?index=0
conf.cfg/
conf/
console/
console/framework/skins/wlsconsole/images/%252e%252e%252f%252e%252e%252f%252e%252e%252f%252e%252e%252fconsole.portal?_nfpb=true&_pageLabel=HomePage1&handle=java.lang.String("ahihi")
console/login/LoginForm.jsp
contact
containers/json
core/.env
cscpLoginWeb/app/home
csjs/bankCheck.js
css/all.css
css/main.css
css/skin/ymPrompt.css
css/view/main/goin.css
css/view/main/style.css
currentsetting.htm
c/
c/version.js
dana-na/nc/nc_gina_ver.txt
dbAdmin/import.php
dbadmin/import.php
dbmanager/import.php
dbweb/import.php
db/phpMyAdmin3/index.php?lang=en
db/phpmyadmin/index.php?lang=en
default.jsp
digium/
dniapi/userInfos
dns-query?
drupal/
dumper/main.php
ecp/Current/exporttool/microsoft.exchange.ediscovery.exporttool.application
editBlackAndWhiteList
escape-rooms
escape-rooms/
etc/asterisk/
etc/asterisk/sip.conf/
extensions.conf/
favicon.ico
favicon.png
fckeditor/editor/filemanager/connectors/php/upload.php?Type=Media
feed/
fgdfkgjhsf.php
files/pub_rem.js
firmware/
fj9T
ftptest.cgi
ftptest.cgi?loginuse=&loginpas=
gallery
gallery/
gateway/
getConfig/listPopFrame.do?code=1&position=index&_=1601489645097
getpage.gch?pid=1001&logout=1
goautodial/
grandstream/
gs/
homes/
home/main/login
hudson
hudson/login
hudson/script
idx_config/
images/editor/separator.gif
images/src_images_but_dianz_s.png
imgs/ms_check_license
include
include/makecvs.php?
incl/image_test.shtml
index
index.action
index.do
index.jsp
index.php
indexAction.action
index.php?m=api&c=app&a=getPlatformConfig
index.php?s=index/think\app/invokefunction&function=call_user_func_array&vars[0]=assert&vars[1][]=phpinfo()
index.php?s=index/\think\Container/invokefunction&function=call_user_func_array&vars[0]=phpinfo&vars[1][]=1
index.php?s=index/\think\Request/input&filter=phpinfo&data=1
index.php?s=index/\think\app/invokefunction&function=call_user_func_array&vars[0]=phpinfo&vars[1][]=1
index.php?s=/Index/\think\app/invokefunction&function=call_user_func_array&vars[0]=md5&vars[1][]=HelloThinkPHP21
index.php?s=/index/\think\app/invokefunction&function=call_user_func_array&vars[0]=phpinfo&vars[1][]=1
index/Mobile/fenshi?code=sz002405
index/index/andiro
infe/rest/flash/getServerIP.json
info.php
install.php
invoker/EJBInvokerServlet
invoker/JMXInvokerServlet
invoker/readonly
ipp
jars
javax.faces.resource/dynamiccontent.properties.xhtml
jenkins/login
jenkins/script
jiaoyimao/default.css
jmx-console
jmx-console/HtmlAdaptor?action=inspectMBean&name=jboss.system:type=ServerInfo
jmx-console/HtmlAdaptor?action=inspectMBean&name=jboss.system:type=ServerInfo/github.com
joomla/administrator/index.php
js/chat/chat.js
js/header-rollup-554.js
js/home.js
kkrps/im_group/show_members
language/Swedish
lanren/css/global.css
laravel/.env
linksys/
login
login.action
login.asp
login.aspx
login.do
login.gch
login.html
login.jsp
login.php
login.gch/
login/indexAction.action
login/login.jsp
login?from=%2F
logo.swf
logon
m.api
mail/
main.jsp
maint/modules/home/index.php?
manage
manager
manager/html
manager/login
manager/text/list
manager_dev_ping_t.gch
market/market-ws/iframe.html
master-status
media/wp-includes/wlwmanifest.xml
member
mifs/.;/services/LogService
misc/ajax.js
mitel/
mobile/v3/appSuperDownload.do
msd1.24stable/main.php
msd1.24.4/main.php
msd/main.php
muieblackcat
myAdmin/import.php
mySQLmanager/import.php
mySQL/import.php
mySqlDumper/main.php
mySql/import.php
myadmin/import.php
myadmin/index.php?lang=en
myadmin/scripts/setup.php
mysqladmin/import.php
mysqladmin/index.php?lang=en
mysqldumper/main.php
mysqlmanager/import.php
mysql/main.php
mysql/pMA/index.php?lang=en
news/wp-includes/wlwmanifest.xml
nice%20ports%2C/Tri%6Eity.txt%2ebak
nifi/
nyyh/chkjs.js
o1o/a8.php
owa
owa/
owa/auth/logon.aspx?
p4rG
pMA2005/import.php
pMA2006/import.php
pMA/import.php
panasonic/
phone1.cfg/
phone.cfg/
phone/
phpMA/import.php
phpMa/import.php
phpMyAdmin
phpMyAdmin3/index.php?lang=en
phpMyAdmin-1.1.0/import.php
phpMyAdmin-1.3.0/import.php
phpMyAdmin-2.0.5/import.php
phpMyAdmin-2.1.0/import.php
phpMyAdmin-2.2.3/import.php
phpMyAdmin-2.2.6/import.php
phpMyAdmin-2.5.1/import.php
phpMyAdmin-2.5.4/import.php
phpMyAdmin-2.5.5-pl1/import.php
phpMyAdmin-2.5.5-rc1/import.php
phpMyAdmin-2.5.5-rc2/import.php
phpMyAdmin-2.5.5/import.php
phpMyAdmin-2.5.6-rc1/import.php
phpMyAdmin-2.5.6-rc2/import.php
phpMyAdmin-2.5.6/import.php
phpMyAdmin-2.5.7-pl1/import.php
phpMyAdmin-2.5.7/import.php
phpMyAdmin-2.6.0-alpha2/import.php
phpMyAdmin-2.6.0-alpha/import.php
phpMyAdmin-2.6.0-beta1/import.php
phpMyAdmin-2.6.0-beta2/import.php
phpMyAdmin-2.6.0-pl1/import.php
phpMyAdmin-2.6.0-pl2/import.php
phpMyAdmin-2.6.0-pl3/import.php
phpMyAdmin-2.6.0-rc1/import.php
phpMyAdmin-2.6.0-rc2/import.php
phpMyAdmin-2.6.0-rc3/import.php
phpMyAdmin-2.6.0/import.php
phpMyAdmin-2.6.1-pl1/import.php
phpMyAdmin-2.6.1-pl2/import.php
phpMyAdmin-2.6.1-pl3/import.php
phpMyAdmin-2.6.1-rc1/import.php
phpMyAdmin-2.6.1-rc2/import.php
phpMyAdmin-2.6.1/import.php
phpMyAdmin-2.6.2-beta1/import.php
phpMyAdmin-2.6.2-pl1/import.php
phpMyAdmin-2.6.2-rc1/import.php
phpMyAdmin-2.6.2/import.php
phpMyAdmin-2.6.3-pl1/import.php
phpMyAdmin-2.6.3-rc1/import.php
phpMyAdmin-2.6.3/import.php
phpMyAdmin-2.6.4-pl1/import.php
phpMyAdmin-2.6.4-pl2/import.php
phpMyAdmin-2.6.4-pl3/import.php
phpMyAdmin-2.6.4-pl4/import.php
phpMyAdmin-2.6.4-rc1/import.php
phpMyAdmin-2.6.4/import.php
phpMyAdmin-2.7.0-beta1/import.php
phpMyAdmin-2.7.0-pl1/import.php
phpMyAdmin-2.7.0-pl2/import.php
phpMyAdmin-2.7.0-rc1/import.php
phpMyAdmin-2.7.0/import.php
phpMyAdmin-2.8.0-beta1/import.php
phpMyAdmin-2.8.0-rc1/import.php
phpMyAdmin-2.8.0-rc2/import.php
phpMyAdmin-2.8.0.1/import.php
phpMyAdmin-2.8.0.2/import.php
phpMyAdmin-2.8.0.3/import.php
phpMyAdmin-2.8.0.4/import.php
phpMyAdmin-2.8.0/import.php
phpMyAdmin-2.8.1-rc1/import.php
phpMyAdmin-2.8.1/import.php
phpMyAdmin-2.8.2.1/import.php
phpMyAdmin-2.8.2.2/import.php
phpMyAdmin-2.8.2.3/import.php
phpMyAdmin-2.10.0-beta1/import.php
phpMyAdmin-2.10.0-rc1/import.php
phpMyAdmin-2.10.0.1/import.php
phpMyAdmin-2.10.0.2/import.php
phpMyAdmin-2.10.0/import.php
phpMyAdmin-2.10.1-rc1/import.php
phpMyAdmin-2.10.1/import.php
phpMyAdmin-2.10.2-rc1/import.php
phpMyAdmin-2.10.2/import.php
phpMyAdmin-2.10.3-rc1/import.php
phpMyAdmin-2.10.3/import.php
phpMyAdmin-2.11.0-beta1/import.php
phpMyAdmin-2.11.0-rc1/import.php
phpMyAdmin-2.11.0-rc2/import.php
phpMyAdmin-2.11.0/import.php
phpMyAdmin-2.11.1-rc1/import.php
phpMyAdmin-2.11.1.1/import.php
phpMyAdmin-2.11.1.2/import.php
phpMyAdmin-2.11.1/import.php
phpMyAdmin-2.11.2-rc1/import.php
phpMyAdmin-2.11.2.1/import.php
phpMyAdmin-2.11.2.2/import.php
phpMyAdmin-2.11.2/import.php
phpMyAdmin-2.11.3-rc1/import.php
phpMyAdmin-2.11.3/import.php
phpMyAdmin-2.11.4-rc1/import.php
phpMyAdmin-2.11.4/import.php
phpMyAdmin-2.11.5-all-languages/import.php
phpMyAdmin-2.11.5-rc1/import.php
phpMyAdmin-2.11.5.1/import.php
phpMyAdmin-2.11.5.2/import.php
phpMyAdmin-2.11.5/import.php
phpMyAdmin-2.11.6-rc1/import.php
phpMyAdmin-2.11.6/import.php
phpMyAdmin-2.11.7-rc1/import.php
phpMyAdmin-2.11.7-rc2/import.php
phpMyAdmin-2.11.7.1/import.php
phpMyAdmin-2.11.7/import.php
phpMyAdmin-2.11.8-rc1/import.php
phpMyAdmin-2.11.8.1/import.php
phpMyAdmin-2.11.8/import.php
phpMyAdmin-2.11.9.1/import.php
phpMyAdmin-2.11.9.2/import.php
phpMyAdmin-2.11.9.4/import.php
phpMyAdmin-2.11.9.5/import.php
phpMyAdmin-2.11.9.6/import.php
phpMyAdmin-2.11.9/import.php
phpMyAdmin-2.11.10.1/import.php
phpMyAdmin-2.11.11-rc1/import.php
phpMyAdmin-2.11.11.1/import.php
phpMyAdmin-2.11.11.2/import.php
phpMyAdmin-2.11.11.3/import.php
phpMyAdmin-2.11.11/import.php
phpMyAdmin-4.2.1-english/import.php
phpMyAdmin/scripts/setup.php
phpinfo.php
phpmya~1/index.php
phpmya~1/phpmyadmin/index.php
phpmyadmin
phpmyadmin2011/index.php?lang=en
phpmyadmin2016/index.php?lang=en
phpmyadmin/
phpmyadmin/index.php
phpmyadmin/scripts/setup.php
phpmy/index.php?lang=en
phppma/index.php?lang=en
php-myadmin/import.php
php-my-admin/import.php
picdesc.xml
picsdesc.xml
plugins/system/debug/debug.xml
pma
pma2019/index.php?lang=en
pma/index.php?lang=en
pma/scripts/setup.php
pmd
pmd/index.php
polycom/
portal.php?type=stb&action=handshake&token=&prehash=0&JsHttpRequest=1-xml
portal/redlion
preseed.cfg
provisioning/
provision/
prov/
public
public/.env
public/css/style.css
public/index.php?s=index/think\app/invokefunction&function=call_user_func_array&vars[0]=assert&vars[1][]=phpinfo()
public/index.php?s=index/think\app/invokefunction&function=call_user_func_array&vars[0]=phpinfo&vars[1][]=1
public/web/css/add//index.css
public/?s=index/\think\Container/invokefunction&function=call_user_func_array&vars[0]=phpinfo&vars[1][]=1
public/?s=index/\think\Request/input&filter=phpinfo&data=1
public/?s=index/\think\app/invokefunction&function=call_user_func_array&vars[0]=phpinfo&vars[1][]=1
public/?s=/index/\think\app/invokefunction&function=call_user_func_array&vars[0]=phpinfo&vars[1][]=1
p/m/a/import.php
r8kH
rEbD
recordings/theme/main.css
register.jsp
remote/fgt_lang?lang=/../../../..//////////dev/cmdb/sslvpn_websession
resources/main/common.js
restapps/applications.php?
robots.txt
run
sangoma/
screenshot.png
script
sdk
secure/ContactAdministrators!default.jspa
sellers.json
server-info
server-status
service/extdirect
setup.xml
setup.cgi?
setup/eureka_info
set_ftp.cgi?
shell?
shop/wp-includes/wlwmanifest.xml
signup
sipconf/
sipura/
sip.cfg/
sip.conf/
sip.txt/
sip/
sip/sitemap/
sitemap.xml
sitemap.sip/
sitemap/asterisk/
sitemap_index.xml
site/wp-includes/wlwmanifest.xml
sito/wp-includes/wlwmanifest.xml
skin/js/common.js
snom/
soap.cgi?service=WANIPConn1
solr/
solr/admin/info/system?wt=json
sounds/notification.wav
spa/
special-events
special-events/
spectralink/
sql/main.php
sql/phpMyAdmin2/index.php?lang=en
sql/phpmy-admin/index.php?lang=en
sql/sql-admin/index.php?lang=en
stalker_portal/api/stb
stalker_portal/c/
stalker_portal/c/version.js
stalker_portal/server/adm/login
stalker_portal/server/load.php?type=stb&action=handshake&token=&prehash=0&JsHttpRequest=1-xml
stalker_portal/server/tools/auth_simple.php
stalker_portal/server/tools/m3u.php
stat
statics/js/API.js
static/index/css/iindex.css
static/index/js/lk/order.js
static/local/img/userCenter/hourlyPrivilege.svg
static/login/js/lk/order.js
status
status?full=true
step1.asp
stock/search.html?keyword=00202
storage/.env
streaming/clients_live.php
stream/live.php
system_api.php
t3
t4
t4mH
telescope/requests
test.php
test/wp-includes/wlwmanifest.xml
tftpboot/
tftpphone/
tftproot/
tftp/
tiger/
tmUnblock.cgi
tools.cgi
tot43/DESKTOP-JGLLJLF_W10016299.1CF3DD28B304BBF734B33FBDF1762BBE/83/
tree?
tt
txt/
ui/vropspluginui/rest/services/uploadova
un4F
users?page=&size=5
user/Login
v1.16/version
v1/agent/self
v2/_catalog
vendor/.env
vendor/jquery-file-upload/
vendor/phpunit/phpunit/build.xml
vendor/phpunit/phpunit/src/Util/PHP/eval-stdin.php
version
vicidial/admin.php?ADD=140000000000
view/all/newJob
voip/
voip/sip/
vtech/
w00tw00t.at.ISC.SANS.DFind:)
w00tw00t.at.blackhats.romanian.anti-sec:)
wanipcn.xml
wap/trading/lastKlineParameter
webdav/
webfig/
website/wp-includes/wlwmanifest.xml
web-console/Invoker
web/api/getBanner
web/wp-includes/wlwmanifest.xml
wkn/
wls-wsat/CoordinatorPortType11
wordpress/wp-includes/wlwmanifest.xml
wordpress/wp-login.php
wp1/wp-includes/wlwmanifest.xml
wp2/wp-includes/wlwmanifest.xml
wp-admin/admin-ajax.php?action=revslider_show_image&img=../wp-config.php
wp-content/
wp-content/plugins/wp-file-manager/readme.txt
wp-content/uploads/2016/10/Snapshot_57.png
wp-includes/js/jquery/jquery.js
wp-includes/wlwmanifest.xml
wp-login.php
wp/wp-includes/wlwmanifest.xml
wp/wp-login.php
wsman
ws/v1/cluster
ws/v1/cluster/apps/new-application
xmlrpc.php?rsd
xy/
yealink/
yeastar/
yester/login.jsp
zz/address.php?gid=651
%5ccgi-bin/get_status.cgi
%5ccgi-bin/login.cgi
*/_settings
+CSCOE+/logon.html
.DS_Store
.git/HEAD
.git/config
.idea/workspace.xml
.svn/entries
.well-known/security.txt
MyAdmin/scripts/setup.php
a2billing/customer/templates/default/footer.tpl
myadmin/scripts/setup.php
phpMyAdmin/scripts/setup.php
phpmyadmin/scripts/setup.php
pma/scripts/setup.php
?XDEBUG_SESSION_START=phpstorm
?a=fetch&content=<php>die(@md5(HelloThinkCMF))</php>
?s=/Index/\think\app/invokefunction&function=call_user_func_array&vars[0]=md5&vars[1][]=4zBbsjKH
?s=/Index/\think\app/invokefunction&function=call_user_func_array&vars[0]=md5&vars[1][]=7N5bttjx
?s=/Index/\think\app/invokefunction&function=call_user_func_array&vars[0]=md5&vars[1][]=__HelloThinkPHP
?s={search_term_string}
_aliases
_all/_search
_async/AsyncResponseService
_cat/indices
_cat/indices/
_cat/indices?format=json&h=index
_cat/indices?format=json&pretty=true
_cluster/health?level=indices
_config
_ignition/execute-solution
_my_sql_tool_/import.php
_nodes
_phpMyAdmin/index.php?lang=en
_phpmyadmin/import.php
_search
_search?pretty
_search?source
_stats
_stats/indices
_status
