*/*
/
Accept:*/*
application/dns-message
application/json
application/json, text/javascript, */*; q=0.01
application/json, text/json, text/x-json, text/javascript, application/xml, text/xml
application/json, text/plain, */*
application/json,*/*
application/x-msgpack
application/x-shockwave-flash, image/gif, image/jpeg, image/pjpeg, */*
application/x-www-form-urlencoded
ext/html,application/xhtml+xml,application/xml;q=0.9,*/*;q=0.8
fake/value
image/*;q=0.8
image/avif,image/webp,*/*
image/avif,image/webp,image/apng,image/*,*/*;q=0.8
image/avif,image/webp,image/apng,image/svg+xml,image/*,*/*;q=0.8
image/webp,*/*
image/webp,*/*;q=0.8
image/webp,image/apng,image/*,*/*;q=0.8
image/webp,image/png,image/svg+xml,image/*;q=0.8,video/*;q=0.8,*/*;q=0.5
text/css,*/*;q=0.1
text/html
text/html, */*
text/html, application/xhtml+xml, */*
text/html, image/gif, image/jpeg, *; q=.2, */*; q=.2
text/html,*/*
text/html,application/json,application/xhtml+xml,application/xml;q=0.9,*/*;q=0.8
text/html,application/xhtml+xml,application/signed-exchange;v=b3,application/xml;q=0.9,*/*;q=0.8
text/html,application/xhtml+xml,application/signed-exchange;v=b3,application/xml;q=0.9,*/*;q=0.8,text/html,application/xhtml+xml,application/signed-exchange;v=b3,application/xml;q=0.9,*/*;q=0.8
text/html,application/xhtml+xml,application/xml;q=0.9,*/*;q=0.8
text/html,application/xhtml+xml,application/xml;q=0.9,image/avif,image/webp,*/*;q=0.8
text/html,application/xhtml+xml,application/xml;q=0.9,image/avif,image/webp,image/apng, */*;q=0.8,application/signed-exchange;v=b3;q=0.9
text/html,application/xhtml+xml,application/xml;q=0.9,image/avif,image/webp,image/apng,*/*;q=0.8
text/html,application/xhtml+xml,application/xml;q=0.9,image/avif,image/webp,image/apng,*/*;q=0.8,application/signed-exchange;v=b3;q=0.9
text/html,application/xhtml+xml,application/xml;q=0.9,image/webp,*/*;q=0.8
text/html,application/xhtml+xml,application/xml;q=0.9,image/webp,image/apng,*/*;q=0.8
text/html,application/xhtml+xml,application/xml;q=0.9,image/webp,image/apng,*/*;q=0.8,application/signed-exchange;v=b3
text/html,application/xhtml+xml,application/xml;q=0.9,image/webp,image/apng,*/*;q=0.8,application/signed-exchange;v=b3;q=0.9
text/plain,text/html,*/*
text/xml,application/xml,application/xhtml+xml,text/html;q=0.9,text/plain;q=0.8,image/png,*/*;q=0.5