?(){:;};``',./"<>?|-[]~@$^*%ff\x00\x00\x00\x00\x00\x0a\xff=
Basic MHg0MjM0Y2ZjNTg0ZDU2N2IwNDU3M2QxMjIyMDI5YjFjZGU4N2IzYTJlOng=
Basic MHhmYTNlOGNiOWE0YzFmZGQ3MGNmOTIxOTk2ZGNjZGYxNzYxZmRhZDgwOng=
Basic MTREVk1uOG1jQzZZM1RQVGZNZmhTeEs5b3RMNm1GS0c0UTp4
Basic MTVyWHc0dEVUQVdkelpzVnJpYks1aTNWMWpXc3AxVmNpVTp4
Basic MTdMc3RCVkhSeldkb2JHcFRQMWdaMWsyM3UxZ2ZON3pUcjp4
Basic MUZpNFBGTTNjY2N0OWhmQjhHNG1qTkFiODZHQTNjYW56Nzp4
Basic MUdQOHo0cGh3OHp1RTZuMlMzczFYRGR5UHBqUGp1a1JVZzp4
Basic MUhOTEs2R0ZHQmVDcW5DclVZOTdyZ21WYm1pUXhSWDZrWjp4
Basic MUoyY1JFTEdGM3NqYnUxaE1EYjFlOGRYcTJ5cWVTSk13Ong=
Basic MUpUc015bjR5aXpiRVdDRHFldWVkU2h2QzlDUmpqNEJ5Uzp4
Basic MUtSSmZTUWoxTVRuYkdhUGlUbnVMRTVKNEZrRGNRVVJlNTp4
Basic MVE3Z2NoNTR2RUJzOXVUOGZ3OEJIODNNTEhEcDZaRHN2Rjp4
Basic MjQ2NTkzMzU4M0BxcS5jb206Zm91amJzcmN1ZG9lZWNoY
Basic OGhZVFNVRms6OGhZVFNVRms=
Basic Og==
Basic R2VtdGVrOmdlbXRla3N3ZA==
Basic YWRtaW46
Basic YWRtaW46MTIzNDU=
Basic YWRtaW46ODg4ODg4
Basic YWRtaW46QVNhc1M=
Basic YWRtaW46YWRtaW4=
Basic YWRtaW46cGFzcw==
Basic YWRtaW46ezEyMjEzQkQxLTY5QzctNDg2Mi04NDNELTI2MDUwMEQxREE0MH0=
Basic YWZpaXNrYzpha2tja3g
Basic ZWxhc3RpYzpwYXNzd29yZA==
Basic bWFpbnQ6cGFzc3dvcmQ=
Basic cm9vdDphZG1pbg==
Basic cm9vdDppY2F0Y2g5OQ==
Basic cm9vdDpyb290
Basic dG9tY2F0OnMzY3JldA==
Basic dG9tY2F0OnRvbWNhdA==
Basic dGVzdEBsaWZlcmF5LmNvbTp0ZXN0
Basic dXNlcjp1c2Vy
Basic ls=
Bearer
Bearer 121|bCbhSFXx1q38Bp8RNBIaZZoYgL3sykgBbLdPvgRx
Bearer 192|6SBFw5ZAphGkMeKGqe6CBPENamVdJLBqQ6W5wSus
Bearer 633|DUO8WNtrxftEjuZSvHcVJrzXOGV3lCy7nOGTLyF2
Bearer 63|d86zlHPdHYNwJ6K14mTuf5QzGn4utqeJgtBedHSW
NTLM TlRMTVNTUAABAAAAB4IIoAAAAAAAAAAAAAAAAAAAAAA=
NTLM TlRMTVNTUAABAAAAB4IIogAAAAAAAAAAAAAAAAAAAAAGAbEdAAAADw==
\x00\x00\x00\x00\x00\x00\x00\x00\x00\x00\x00\x00\x00\x00\x00\x00\x00\x00\x00\x00\x00\x00\x00\x00