0ff4fbf0ecffa77ce8d3852a29263e263838e9bb
?(){:;};``',./"<>?|-[]~@$^*%ff\x00\x00\x00\x00\x00\x0a\xff=
Basic MHg0MWRmYTNkYjFmMTYzNGYxY2UzZmI3OTZiNGUxMmU3NDMzYWYxZWQ0Ong=
Basic MHg0MjM0Y2ZjNTg0ZDU2N2IwNDU3M2QxMjIyMDI5YjFjZGU4N2IzYTJlOng=
Basic MHg0NDE5ZGIyOTU1MGY3NTJiMzViNjZlZmE5OWFlYzAwNTA0OTBkYTZlOng=
Basic MHg0ZTI0ZmEwOWE5NzBhM2U5ZTNmNjc4ZTllOWVjMGMyN2E1NjE1MGIzOng=
Basic MHg1MWMyZDM1NjY1OTMwZDA2NDE3OGNmNWQxMzBjOTBkNmE5NDI3ODk4Ong=
Basic MHg1MjM3M2U0YjNjNDMyZDVjMjM3ZmViZjQ0NWE5Y2E1ZmMyMWQxM2JmOng=
Basic MHg1MjM3MzcwNGEyY2UxMjgwZDNlOTE4OTNiYjE3MGE4M2VmYWE0MzBlOng=
Basic MHg1OTE2MDczMTQyYzA3Y2VkODE4Zjk0MTViZDUxMjc4YzY1ZTQ4N2FhOng=
Basic MHg1ZDZhOWZhYzZkNWU3MjA2OTI0YThiZTBjMmUwYmYzYTU2MzE3NzMxOng=
Basic MHg2MGJlODQ4NGIyZDY1MTY1NzcwZjA3ZGRlZDMyZDQxZjY3MjJiNjIwOng=
Basic MHg2MWQ4MzRjOGQ3MTBkMTU5NDg2ODdhMzdiYWJhYWQ1NzMyYjg2YWEzOng=
Basic MHg2MmM0MzE4YWYxYTkxZTU1MjAyOGI4ZDBjYTBmYjAwZjVmMmUwNGI0Ong=
Basic MHg2NDYxNDQwZGQ1NzE5NDVkZThkZGYyN2Y0YmZhZDYyNWQ5ZDJjZDkyOng=
Basic MHg2NzNhYzkyYzM1NGU2NDgxYjBiOWQ5YzMzZjBmZjE3YjM2YTc2MzQ1Ong=
Basic MHg2OWIwOTIyY2UwYWU1MTM4Y2YwNmUxNWFiN2YxOTJlYmIxMjdmMzA2Ong=
Basic MHg2ZDQ1YmZlM2U1ZDVjOWEzZjU2N2NmMDc2NTVjODA2NThlOGFhM2YzOng=
Basic MHg3MWYzOTA2ZDJlNGNmNjBhM2VmN2QwY2M3MTdmNzJkZmRmYzZhYjFiOng=
Basic MHg3NDBiNTE5OGFlODdmOTE3MTY0YTU2MGVhNzI5OWEyNTUxNDkxMDUxOng=
Basic MHg3NjU2ZTk0NWEyNTNkNDQ5ODZlNWE4M2YwZWQ0MmE2YzcyMjgyNzk0Ong=
Basic MHg3YzJhMmQyMjk1NDVmM2QxNzcxOGM3NWRjY2I0NTZjMjIxNGM1ODg5Ong=
Basic MHg3ZGNmMjFiMDIzYmQyMGVjYjFkYmEwZTY3MDg0ODcxYzVmYTI0NDhiOng=
Basic MHg3ZjNjNmNkNTYwYTZjMzE0YWU1ZDk3MmUxNWZkMDkwNzI1MTc0NTU4Ong=
Basic MHg4MDQxMTAyNTBmMjBiYTcwZDIzMmFhODRkOWQ3OGVjMjVjMjAzYTM2Ong=
Basic MHg4NGNjMTljMDM0NzZkM2FlNzEzZmM1NjQ1YTc0MjhkZGE1ODMzNTRlOng=
Basic MHg4NWI0NWY2MWQwN2UxZDExMTBiZjI2YzBiM2JmZjRlODhjNWRlOThhOng=
Basic MHg4NjMyMTNjZjNiOTI5ZTc4NTM3Y2ZkYzM1N2Y1YTc3YTg1NmQ5OTMwOng=
Basic MHg4ODRlNzE5MzI5MWJhZjUyMzFkZTczNDEzNTk5MzAzMTdmYTJiMjNmOng=
Basic MHg4OWRlOGYwNjg1YTc2MjUyN2E4YjFmN2JiYTIxYTQyZTEyYTk4M2NiOng=
Basic MHg4YTMxMTFjMzE3YWEzZWM0ODZlNTBkY2U2ZmFmMGQ4YWQxOWViN2RmOng=
Basic MHg5Y2QyZTgwZjAzNWU4MTk1ODZmYmRiY2U4ODk0ZGQ0NzVhMzZlZGQ4Ong=
Basic MHg5YjNiYTQ0YzI5ZTczZDhlYTY5MmNjMTU2NzA1MmM3YjYxNGRkYTMwOng=
Basic MHg5YzFjNTIyNjQ4ZTAwYzZlZmQzMTk5ZTJkYmU4MGVjMWMxNjUwOTUyOng=
Basic MHgwNzY0YjBmMWI1YjNmNzgwNWMxNDUwMTM3YjczYzIxMDRlMGQ0NGQwOng=
Basic MHgxNWRhYzc0ZDEzZWJkOGEyN2E1M2UyNmYwNjNhMTdlOTMyNDdhYTVjOng=
Basic MHgxNjBkZDhiODNlNjBlMGY0NjBkOTRjZTY2YTI3ZGMzNDI3MDMyZjNiOng=
Basic MHgxNjllNWQ4NGNjNjU4MzNhMmM0MTRjZWJkMmUzMzg3NjEwN2FmN2Q4Ong=
Basic MHgxOWRhYWY5YjczNWZmZmI0ZjlmYjA5YmYxOThlYTVjODgxMDZkZTcyOng=
Basic MHgyNDMyNGJjOTc3NmFjNDZhMjUzNGI5OWJkNjZkMzg0MzI5ZGJhMGFhOng=
Basic MHgyZDkzNGQ0NzhiYWVlOTNkZDRhYmZkMDFmZGYzMjI4ZDYwNzYyMWY1Ong=
Basic MHgzM2Y0MDlkYThkNmNkMDNlNTRhOTQxMjJjNWI2NDIzMjgxNzQ2NTkzOng=
Basic MHgzY2VkYWNkMjkwNTg2Zjg3MjcyZTQxZTdhMmU1M2RiZmMxMTEwODFmOng=
Basic MHgzZDEyMGM2YjM4NjE1OGVkYTFiNTVjOWQyMDc0MjJhM2M2MTlhODMwOng=
Basic MHgzZjdiMjk1ZDA0NGE4N2VhOWUxMGNkYmIyZDBiMWJhZDhkM2NmNTk3Ong=
Basic MHhhMTU3Mjc4MjBkMTIwZDMzNTgyMDgwM2Q1NDA0YTI1YmYwZWVhYmE1Ong=
Basic MHhhOTQ1MmRhNGYxMGU0ZTllODVlNGY2YzU3ZDM2Mzg2Y2EwNWRhYmQ5Ong=
Basic MHhhYWJiMDZkYzVmZTJkMTM4ZWMzNGE3ZGIyY2Q5OWVkYWM5ZjU5ZjY5Ong=
Basic MHhhYWZjZjkxNjk0ZGFjM2YwOWVhZDk0MjNmZjM3MTUzZjcwY2ZlNWFlOng=
Basic MHhiNmU2OTU4YTViNjBjY2Y2YmQ4YTJkN2MwYTY3MDliYmIxMjM5NzMwOng=
Basic MHhiYzY1MDQ5OTY5ODUwMTI3YmRjYmIzOGRlNjcwY2ZkMTY4Y2RkY2RhOng=
Basic MHhjN2FlMTgwMGM5NWVmZDJkOGI5NmY4YWUwMmIwMTdjYmRiNzc4YWJjOng=
Basic MHhjYjAyNjk1OWYwYTA4NTY1NWUwMjNmODgwNjZlZDFjODQ4YmQzNGFiOng=
Basic MHhjYzU3MDZmMWMwOTEwN2M4OTU4NWE2N2RjYTk4NmMxYmE2NzBiMWRlOng=
Basic MHhkM2U4ZTE3N2YyYTNjNTlhMjA4ZTRjMzc5M2FjMThjOTk3MzBhOTkyOng=
Basic MHhkNGE1NzRkMTRjN2QwOTIzOTU1NGMyYTA4M2UwZjA0MmUyYWE5MmFlOng=
Basic MHhkNzNkYmNkMWUzNzM1MjZhOWI3MDRiY2RiZDQ1M2E3NzJkOTAxZmE5Ong=
Basic MHhkYzQ4ZTA0YWUxOGFkMWQzMDA4MmUwYTAxMGM3ZmU5MjgwZGU0ZTY1Ong=
Basic MHhlMGRiOTBkNjU2ZGUxOThhY2ZjNzgyNTg4NzVjZWMxMmM5NDlhMjNlOng=
Basic MHhlMWZhOTE4N2IxOGVmMzkzOTA1MTBiZTRmYmIyZGEzZTZmNWVjODRkOng=
Basic MHhlNGJmMjliYzMxZTcyZGIxMDI2YTVjMWNiNjZlOTgyNzY2NGQzZTlhOng=
Basic MHhlNTIyZjZkNWE1YjUwYTEzYjM4YTI2MzFhM2MwOTZlNzZhYzczZTBlOng=
Basic MHhlZGVjYzA4NDliYzY0NjE5NzQ3YTBkNjVkMjY4ZmFiY2U0OTJlNGM3Ong=
Basic MHhmMDc2MWZmNDkxM2Q0ODM0YzNlZGRjYmJjZDk5MDU0MDAyZWM3NGVkOng=
Basic MHhmNjYyZmNhNzY1ZWYyY2ViODFhYmI0OTk5MDRlZWJiYWEzZDYyMzY5Ong=
Basic MHhmYTNlOGNiOWE0YzFmZGQ3MGNmOTIxOTk2ZGNjZGYxNzYxZmRhZDgwOng=
Basic MHhmZmZlYjkxMzY4MGE0NzA0OTk5ZWJlM2VhZDA0MDQwMmU4MjJkOTI5Ong=
Basic MTIzOjEyMw==
Basic MTREVk1uOG1jQzZZM1RQVGZNZmhTeEs5b3RMNm1GS0c0UTp4
Basic MTVyWHc0dEVUQVdkelpzVnJpYks1aTNWMWpXc3AxVmNpVTp4
Basic MTdMc3RCVkhSeldkb2JHcFRQMWdaMWsyM3UxZ2ZON3pUcjp4
Basic MUZpNFBGTTNjY2N0OWhmQjhHNG1qTkFiODZHQTNjYW56Nzp4
Basic MUdQOHo0cGh3OHp1RTZuMlMzczFYRGR5UHBqUGp1a1JVZzp4
Basic MUhOTEs2R0ZHQmVDcW5DclVZOTdyZ21WYm1pUXhSWDZrWjp4
Basic MUoyY1JFTEdGM3NqYnUxaE1EYjFlOGRYcTJ5cWVTSk13Ong=
Basic MUpUc015bjR5aXpiRVdDRHFldWVkU2h2QzlDUmpqNEJ5Uzp4
Basic MUtSSmZTUWoxTVRuYkdhUGlUbnVMRTVKNEZrRGNRVVJlNTp4
Basic MVE3Z2NoNTR2RUJzOXVUOGZ3OEJIODNNTEhEcDZaRHN2Rjp4
Basic MjQ2NTkzMzU4M0BxcS5jb206Zm91amJzcmN1ZG9lZWNoY
Basic OGhZVFNVRms6OGhZVFNVRms=
Basic Og==
Basic R2VtdGVrOmdlbXRla3N3ZA==
Basic YWRtaW46
Basic YWRtaW46MTIzNA==
Basic YWRtaW46MTIzNDU2
Basic YWRtaW46MTIzNDU=
Basic YWRtaW46NTQzMjE=
Basic YWRtaW46ODg4ODg4
Basic YWRtaW46QVNhc1M=
Basic YWRtaW46UEFTUw==
Basic YWRtaW46YWRtaW4=
Basic YWRtaW46YWRtaW4xMjM=
Basic YWRtaW46cGFzc3dvcmQ=
Basic YWRtaW46cGFzcw==
Basic YWRtaW46ezEyMjEzQkQxLTY5QzctNDg2Mi04NDNELTI2MDUwMEQxREE0MH0=
Basic YWZpaXNrYzpha2tja3g
Basic ZWxhc3RpYzpwYXNzd29yZA==
Basic bWFpbnQ6cGFzc3dvcmQ=
Basic cm9vdDphZG1pbg==
Basic cm9vdDppY2F0Y2g5OQ==
Basic cm9vdDpyb290
Basic dG9tY2F0OnMzY3JldA==
Basic dG9tY2F0OnRvbWNhdA==
Basic dGVzdEBsaWZlcmF5LmNvbTp0ZXN0
Basic dXNlcjp1c2Vy
Basic ls=
Bearer
Bearer 121|bCbhSFXx1q38Bp8RNBIaZZoYgL3sykgBbLdPvgRx
Bearer 192|6SBFw5ZAphGkMeKGqe6CBPENamVdJLBqQ6W5wSus
Bearer 633|DUO8WNtrxftEjuZSvHcVJrzXOGV3lCy7nOGTLyF2
Bearer 63|d86zlHPdHYNwJ6K14mTuf5QzGn4utqeJgtBedHSW
Bearer eyJhbGciOiJ
NTLM TlRMTVNTUAABAAAAB4IIoAAAAAAAAAAAAAAAAAAAAAA=
NTLM TlRMTVNTUAABAAAAB4IIogAAAAAAAAAAAAAAAAAAAAAGAbEdAAAADw==
NTLM TlRMTVNTUAADAAAAGAAYAIAAAAA4ATgBmAAAAAAAAABYAAAACgAKAFgAAAAeAB4AYgAAAAAAAADQAQAABQKIogoAACgAAAAPCNwB5dhJTN3SUAywqlvixWEAZABtAGkAbgBEAEUAUwBLAFQATwBQAC0AQwA3AFEANQA5AEoATwAAAAAAAAAAAAAAAAAAAAAAAAAAAAAAAAC116PRubGkzNFFELwTKdpvAQEAAAAAAADblVCm+ZnZAVwSurQxCgLTAAAAAAIACAAzADcAUABGAAEAHgBXAEkATgAtAE0ATAAzAEEAUwBYAEMAUAAyAFMAUAAEABQAMwA3AFAARgAuAEwATwBDAEEATAADADQAVwBJAE4ALQBNAEwAMwBBAFMAWABDAFAAMgBTAFAALgAzADcAUABGAC4ATABPAEMAQQBMAAUAFAAzADcAUABGAC4ATABPAEMAQQBMAAgAMAAwAAAAAAAAAAEAAAAAIAAALIrfiFxfW9L+ymKaj+Dd8MhR8d9j/a4M8kJQOghGnOEKABAAAAAAAAAAAAAAAAAAAAAAAAkAIgBIAFQAVABQAC8AMQA5ADIALgAxADYAOAAuADAALgAxADAAAAAAAAAAAAA=
Negotiate TlRMTVNTUAABAAAAl4II4gAAAAAAAAAAAAAAAAAAAAAKALpHAAAADw==
QUt6NkpTeTE6dmk4cW8=
\x00\x00\x00\x00\x00\x00\x00\x00\x00\x00\x00\x00\x00\x00\x00\x00\x00\x00\x00\x00\x00\x00\x00\x00