AAJV
ACAE
ACJL
ADHJ
ADTL
AEBC
AGHV
AHIC
AIPV
AIUW
AJGE
AKVP
AMIK
APAH
AQSF
ARKZ
ARLX
AVEJ
AXZH
AYJR
AZKZ
AZNG
BCWC
BEIY
BFWD
BHUN
BJFD
BJJX
BKFV
BKGV
BLRH
BLWT
BOSQ
BPBG
BUQG
BWJP
BWVS
BXYW
BYJI
BZCP
BZMO
CAJO
CART
CCRM
CDNQ
CDQZ
CEPX
CIWW
CKFM
CLST
CNUC
CONNECT
COVL
CPHC
CPNL
CRNH
CVUN
CWKP
CXBO
CXXF
DEBUG
DGLV
DGNB
DHKG
DJEV
DJHK
DJOR
DJPK
DJUB
DONC
DSFF
DSQN
DVMU
DVUN
DXSF
DZWP
EAON
EAVR
EDNB
EDTU
EEFE
EFDZ
EHIS
EHJX
EHTE
EHUJ
EJKE
EKLD
ELDL
EMOD
EPIK
ESVG
ETFL
EUCF
EUDT
EUMM
EUMQ
EUUJ
EVCM
EXMW
EYUW
EZBK
EZOS
FBCU
FCDH
FEKZ
FJSQ
FKPC
FQCZ
FTSI
FTWE
FUNJ
FUZN
FVDN
FVUC
FWCA
FXIJ
FXQP
FYQV
GAEW
GBOH
GCUB
GEAS
GEEI
GEJI
GET
GET:
GFFC
GFGH
GFPO
GGJU
GIXT
GJAV
GLJB
GRDB
GSHP
GTQF
GTTV
GTZW
GUYP
GVSZ
GYOU
GYZE
GZTH
HACQ
HAZQ
HBNP
HCQD
HCTB
HCZL
HEAD
HFMC
HGCZ
HJIS
HJSI
HLUA
HNST
HNVB
HPRS
HQZJ
HQZY
HVEE
HVTM
HXNT
HYBV
HYEZ
IBAG
IBXK
IDFU
IDYU
IEHE
IGSP
IMNQ
IOHS
IVVH
IWNH
IXJK
IYYM
IZRU
JAXI
JCHH
JCIX
JCSQ
JCWA
JEGR
JETQ
JFEG
JFLX
JGVZ
JGZK
JIVN
JLLJ
JLXO
JMYO
JNEB
JOQX
JPBI
JPKI
JRYY
JRZF
JSHO
JUWV
JXLE
JXQY
JZEH
KBJN
KFHO
KFVO
KGHS
KGWA
KHTR
KHUT
KIDW
KILP
KITP
KJQQ
KOJV
KPSV
KPYP
KRTQ
KWHQ
KWRI
KXEO
KXIK
KYFL
KZXF
LDIC
LDRU
LEML
LEXN
LFRE
LGOH
LGQM
LJNH
LLES
LLRQ
LPKE
LQPY
LURB
M-SEARCH
MAFO
MBGT
MCQE
MFBX
MHLF
MKGU
MKJM
MLEL
MLMK
MMKR
MMQE
MPEI
MQPI
MRVL
MVVF
MXVZ
MZFY
MZWD
NAEL
NANN
NBFC
NBHR
NBJE
NBYS
NCGC
NELI
NEWB
NFJN
NFSH
NGRW
NGSP
NKAP
NKXT
NODR
NQPM
NQTU
NQZO
NSAI
NVHC
NVXW
NXGY
NZMJ
NZPP
OBSF
OETB
OHJE
OIEH
OJMR
OMDU
ONVL
OOJS
OPGA
OPTIONS
ORLQ
OTEG
OVUC
OWOJ
PBDI
PBYA
PEFU
PFAT
PFGR
PGOE
PHMQ
PIOZ
PMJK
PMPE
POST
PQNW
PROPFIND
PSFB
PSTD
PUDX
PULO
PVAP
PWAO
PWOK
PYJB
QATL
QBUM
QCFF
QCFU
QCRD
QEXB
QFKZ
QGFN
QIGK
QITD
QKWW
QLEX
QLHU
QLMQ
QLNA
QMVQ
QPNR
QPOP
QQHG
QRJP
QRMO
QUFU
QUGH
QUWZ
QVME
QWWG
QYEW
QZDB
RBMB
RCUR
RDCI
REHV
RHVP
RJQL
RKPI
RLDF
RNTN
RNVQ
ROFF
ROSX
RQUR
RRLT
RSHO
RUWL
RWEH
RWHG
RWQI
RXVO
RZLG
RZMR
RZYN
SAFM
SDVY
SETL
SHWJ
SJEI
SKLZ
SNJK
SQQK
SRMS
SSTT
SVWH
SWZM
SXJU
SZPK
TCVO
TDKB
TDMD
TDTK
TDZL
TEAR
TFMM
THAS
TIHL
TJEA
TJGO
TJYH
TKJQ
TLCC
TMZJ
TOUY
TPOS
TQSP
TRQW
TRTG
TVZX
TWPE
TYOS
TZIC
UAZN
UBCX
UCYW
UEZF
UFAD
UFPY
UGKM
UGZE
UHOE
UIOX
UKSC
ULDF
UMCR
UMYG
UNAI
UNRD
UOYQ
UPCI
UPEJ
USDS
UTTI
UUCN
UYOJ
UZAY
UZXE
UZYG
UZZS
VBZL
VDWD
VEAV
VECK
VFIL
VHCB
VHPS
VIXK
VKGT
VNIX
VNLQ
VPYI
VQQY
VSJY
VSQN
VTSE
VWBE
VYQI
WAIE
WAQJ
WBBW
WBET
WBUU
WDOC
WEBB
WFDI
WHBD
WIBK
WIYC
WNHU
WOYC
WYBL
WZKY
XAUD
XBDU
XCFS
XDFV
XEAD
XFEX
XHGL
XIAW
XJMG
XKYZ
XMBG
XMGP
XMNN
XMPJ
XNHH
XNVG
XOEE
XOQS
XQAG
XQDZ
XQMV
XSIY
XTGL
XVQK
XWJD
XWSO
XWZF
XXWA
XZGU
YADS
YAFQ
YBIL
YCKW
YGWD
YIHO
YIUK
YOJX
YOPP
YPJN
YPRS
YPZC
YSBP
YSHS
YUIS
YVUV
YWSI
YYYB
YZUW
ZDWW
ZEGE
ZGHN
ZKCA
ZKIW
ZKJH
ZKSH
ZLYE
ZMIP
ZNPW
ZPSE
ZQKM
ZQTR
ZQXV
ZRWT
ZTYB
ZUWQ
ZWCM
ZXHX
ZYAA
ZYMH