
0
1
1a
1qaz
2
2ydDKXhlg
3
3DSecureStatus
3ebb2733ee4afbe
4
4PsJYGw
5D
5EX
6pZjamVFkpUBtA
7ujmko0-
7uzXLg
8dLDoWV9mSOdY
11
12
13
14
15
16
17
20base
20cmd
20dir
20pwd
20squ
20usr
20ver
21
22
23
28v
42
43
94B7IWcnMFk
268e31510577740
456
738dea2d327f
8154e24959m27113
1234567890-
A
AA
ABBR
ACCESSLEVEL
ACTION
ADAPTER
ADD
ADMCMD_prev
ALL
AMOUNT
APICpictureType
AST
AUTH
AUTH_COOKIE
AVSCV2
AccountNumber
Accounts
Action
AddAuthItemForm
Address
AddressResult
AddressStatus
Admin
Afko
Albania
AmvZWg
Article
Artist
AssignmentForm
Attachment
AttachmentName
AudioPlayerReset
AudioPlayerSubmit
AuthChildForm
AuthItem
AuthItemChild
AuthItemForm
Authorization
B
B1
BF
BField
BFieldPtr
BIGGER
BSeOE6Fuwg
BackURL
BaseTarget
Beverages
BimoxcSg
Block
Blog
Body
C
CALN
CAPTCHA
CAVV
CHIL
CHOICE
CID
CKEditor
CKEditorFuncNum
CKFinderCommand
CKFinderFuncNum
CN
COMPREPLY
COMP_CWORD
COMP_WORDS
COOKIE_PASS
COOKIE_USER
CSalt
CURRENCYCODE
CV2Result
CVV
CaIxw
Calendar
CallSid
CallStatus
Cancel
CardType
Category
Change
Charset
City
Click
Cmd
Collation
CollectionId
Command
Comment
Comments
Condition
ContactForm
Contacts
ContentList
Country
Coupon
Create
Currency
CurrentFolder
CustomPage
Customer
D
D5fs4C8fF5Q
DATA
DATABASE
DATE
DBLIST
DELIMITER
DESC
DUMP
DataBlockSize
Delete
Desserts
DevForceUpdate
DeviceId
DeviceType
DiagnosticsState
DialCallStatus
Digits
Direction
Download
E
EMAIL
ENCRYPTION
ENSUREPIP_OPTIONS
ENV
ENV_VAR
ER
ERORR
EVEN
EXPORTDB
EXPORTTABLE
EaseTemplateVer
Edit
EjJKSZp4A
Email
EmailForm
EngineName
EngineNamePostSettings
Event
Example
ExpirationMonth
ExpirationYear
ExpiryDate
Export
F
FIELDNAMES
FIELDS
FILES
FONE
FORMAT
FXimage
FXpass
FXuser
FactoryId
FactoryName
Field
Fields
File
FileIDs
FileName
Filename
Filter
Flag
Form
FormbuilderTestModel
Frame
Frm_Logintoken
From
GENDER
GIVN
GLOBAL
GLOBALS
GRANTOPTION
GRAPHS
GROUP
Generate
GenerateForm
Genre
GenreOther
GiftAid
Good
Group
H5COEBkEveegeGTLg
HMACKey
HOST
HREF
HTML
Hash
HeaderHexBytes
Heads
Help
Hkrkoz
Host
HowMany
HuZc
I
ID
IF_ACTION
IF_IDLE
IGNOREFIRST
IISSessions
IIS_UrlRewriteModule
IIX3Sj0rnP0qCglN6oH4EZw
IMG
INDEXCOLUMNLIST
INDEXTYPE
INSERTTYPE
IP
IPv6
Ic2wBlX7Jz9TkHCpBB5XJ7k
Id
IhNzbM8m9Yop5w
Import
InstallForm
InvId
Issue
ItemId
Itemid
J5cmmu
JSESSIONID
Joomla
Jqq6WW7a7ldpQXMAF4
JsHttpRequest
Ju1zdXtg2pEto
KAQ
KEY
KV
KYTlerj1KjL0
KeC2uAloGRwYQw
KloutID
KwbQBM0
L
L7fCg0
LATEST
LMI_HASH
LMI_MODE
LMI_PAYEE_PURSE
LMI_PAYER_PURSE
LMI_PAYER_WM
LMI_PAYMENT_AMOUNT
LMI_PAYMENT_NO
LMI_SYS_INVS_NO
LMI_SYS_TRANS_DATE
LMI_SYS_TRANS_NO
LOCALECODE
LOGGED_IN_COOKIE
LOGINADMIN
LOGINADMINSMS
Lang
Language
Last4Digits
LegendMode
LoadReverse
Login
LoginForm
Lookup
LostPasswordForm
Lw
M2
MD
METHOD
MODE
MainScanner
MdRAGmI0Nj81Aa6sY6A
Menu
MenuItem
Message
Mode
ModuleVar
Mohajer22
MrY
N3tshcook
N8ZGT5P0sHw
NAME
NEWCHOICE
NEWHOST
NEWNAME
NEWPASS
NEWPRIVILEGES
NICK
NOTE
NPFX
NSFX
Name
NetworkPlatform
NetworkScreenName
NetworkUserID
NewFolderName
NumofRepeat
O
OGhZVFNVRms6OGhZVFNVRms
OPTION
OU
OUTPUT
OUTPUTFILETEXT
Object
Og
OpenWith
Opt1
Opt2
Or
OutSum
Owner
P
PAGE
PASS
PASSWORD
PATH
PEP517_BACKEND_PATH
PEP517_BUILD_BACKEND
PHONE
PHPSESSID
PIP_AUTO_COMPLETE
PIP_NO_CACHE_DIR
PIP_NO_USE_PEP517
PIP_REQ_TRACKER
PRESET
PRIVILEGES
PS1
PTR
PUBL
PWD
PYTHONHASHSEED
PYTHONHOME
PYTHONIOENCODING
PaRes
Page
Param1
Param2
Parent
ParentID
ParentPage
Password
PasswordForm
PasswordResetForm
Pay
PayPalOrderConfirmation
PayerID
PayerStatus
Perms
Person
Pg
Plain
Post
PostCode
PostCodeResult
Product
Profile
ProfileField
ProfileForm
Project
ProjectUserForm
Public
Pygments
Q
QUERY_VAR_MODULE
R
RC
RECHECK
REPO
RESET
RESULT
ROMN
RecordingDuration
RecordingUrl
ReduxFrameworkPlugin
Register
RegisterForm
RegistrationForm
RelayState
Reset
ResetRRD
ResourceUploadForm
Result
ReturnFullContactData
ReturnUrl
Review
Role
SAMLRequest
SAMLResponse
SE
SECURE_AUTH_COOKIE
SHIPTOCITY
SHIPTOCOUNTRY
SHIPTOSTATE
SHIPTOSTREET
SHIPTOSTREET2
SHIPTOZIP
SHOPCOMPARE
SID
SITE
SMALLER
SMARTY_DEBUG
SOAP-ENC
SOAP-ENV
SOAP-RPC
SODIUM_INSTALL
SODIUM_INSTALL_MINIMAL
SORT
SPFX
STATUS
STRUCTURE
SUBMIT
SURN
Salads
Sandwiches
Save
SaveInSent
SaveToFile
ScanStructure
Search
SearchFiles
SearchFilesPostSettings
SearchForm
SearchScope
SearchUrl
Section
SecurityKey
ServerInfo
ServerInfoPostSettings
Service
Setting
Settings
SettingsForm
ShareForm
ShowFunctionFields
ShowMD5
SignInId
SignInURL
Signature
SignatureValue
Skin
SocketPoolPostSettings
SocketPool_UseKeepAlive
Soups
SpaceKey
Src
State
Status
StepID
StoreCategory
StrictHostKeyChecking
Submit
Submit1
Submit2
SubsiteID
SysMessage
T
TEST_COOKIE
TITL
TO
TOKEN
TYPE
TYPO3_INSTALL
TZLg
Tab
TableList
Tag
TagFormatsToWrite
Target
Task
Taxonomy
Term
Test
TinyMCE_content_size
Title
TmpBdU1Ua3hMakV5TlM0ek5RPT0
To
Toolbar
TopicDesc
TopicTitle
Touch
Toucha
Touchm
TpPDpFQUWw
TrYaG
Track
TracksTotal
TxAuthNo
Type
UA
UID
URI
URL
USER
USERNAME
UWT10hcuO4Ks8
Update
Upload
User
UserChangePassForm
UserChangePassword
UserCreateForm
UserForm
UserLogin
UserLoginForm
UserName
UserRecoveryForm
UserSettingsForm
UserType
Username
Users
VBSEO_BLOG_CATID_URI
VBSEO_EXPOSE_MORE
VBSEO_FORUMID_URI
VBSEO_OFF_MORE
VBSEO_ON_MORE
VBSEO_PAGENUM_URI
VBSEO_PAGENUM_URI_GARS
VBSEO_PICID_URI
VBSEO_POSTID_URI
VBSEO_THREADID_URI
VBSEO_USERID_URI
VIRTUAL_ENV
VPSSignature
VerifyCode
Version
WIDsubject
WPLANG
WSDL
WYSIWYG_HTML
Widget
WriteTags
X5g
X39wmSw
XDEBUG_SESSION_START
XL
XML
XWebPageName
XmCpajQ
X-AnonResource
X-AnonResource-Backend
X-BEResource
Y
YWRtaW46MTIzNDU
YWRtaW46QVNhc1M
YWRtaW46YWRtaW4
YWRtaW46cGFzcw
Yol
YyRIHN8wfdVoOw
Z1pHWWbVY
ZQ
ZetX2fNXlrtIzYE
ZipName
a
a1
a2
aID
aPath
aa
ab
abbr
abc
abi
abis
abort
abort_x
abort_y
about
absolute
abstract
ac
acao
accLimit
accept
accepted
acceptpms
accept_encoding
access
accessType
accessupdate
access_add
access_method
access_postdel
access_postedit
access_read
access_reply
access_topicdel
access_topicedit
account
accountid
accountname
accountnumber
acct
acfcomp
ack
ackqueue
acl
aclid
acpage
act
act2
act3
actblock
actid
action
action2
actionName
actionType
actionadd
actionfile
actionfolder
actions
action_order
activate
activated
activation
activationKey
active
active_post_lock
activity
activityID
activkey
actors
actpass
actreject
acttype
ad
ad2syc
ad2syp
adapter
adapter_class
adaptiveend
adaptivestart
add
addBase
addComment
addList
addMessage
addOption
addReply
addSpider
addUser
addUserGroup
addUserGroupSubmit
addacc
addcat
addcategory
addcomment
added
addevent
addfile
addfolder
addgroup
additional
additionalData
addmeta
addnew
addon
addonkey
addpool
addr
address
address0
address1
address2
addressren
addrule
addsite
addtag
addtxt
addtype
addurl
adduser
addusers
add_additional_code
add_comment
add_display_on_posting
add_edit_theme
add_extension_check
add_file
add_func
add_help
add_help_option
add_img
add_indent
add_launchers
add_message
add_new
add_order
add_property
add_rule
add_sign_padding
add_ticket
add_user
adid
adjacent
adjust
adlr
adm
admid
admin
adminEmail
adminEnableRecovery
adminPWD
adminPass
adminUser
adminavatar
adminemail
adminhash
adminid
adminlogin
adminmail
adminname
adminoptions
adminpass
adminpass2
adminpassword
adminpermissions
adminpwd
admins
adminuser
admin_banners
admin_bar_front
admin_chat
admin_color
admin_config
admin_content
admin_email
admin_etpl
admin_forms_edit_id
admin_forms_events_ask
admin_forms_events_id
admin_forms_field_align
admin_forms_field_id
admin_forms_field_image
admin_forms_field_link
admin_forms_field_list
admin_forms_field_name
admin_forms_field_order
admin_forms_field_style
admin_forms_field_type
admin_forms_field_width
admin_forms_key_field
admin_forum
admin_language_active
admin_language_id
admin_language_name
admin_language_order
admin_newsletter
admin_password
admin_password2
admin_pm
admin_rssinform
admin_rules
admin_users
admin_users_add
admin_users_block
admin_users_del
admin_users_edit
admin_users_rang
admin_words_id
adopt
adress
adresse
adsr
adv
advance
advanced
advancedview
advbase
advertisement_currency
advertisement_email
advertisement_fio
advertisement_id
advertisement_phone
advertisement_price
advertisement_text
advertisement_title
advskew
adv_search
ae
aemail
af
affiliate
affiliate_name
affw
afilter
after
afterupload
ag
again
agb
age
agent
agentoption
ageverify
aggregate
aggregate-auth-version
agree
agreed
agreement
ah
ai
aid
aim
aimicon
airdate
aj
ajax
ajaxAction
ajaxCalendar
ajaxID
ajaxMode
ajaxRequest
ajaxqrfailed
ajax_add_item_id
ajax_data_tables
ajax_form
ajxaction
ak
akey
akismet_comment_nonce
akismet_discard_month
al
al2g
alI
album
albumid
albumname
alert
alertEmail
alerts
algo
algorithm
aliA
alias
aliases
aliasesresolveinterval
aliasid
aliasimport
align
all
allDay
allDepts
allblogs
allboards
allday
allergies
allfields
allfiles
allflag
alli2
allids
alloc
allow
allowZip64
allowZipDownload
allowbbcode
allowed
allowedChar
allowed_attributes
allowed_content_types
allowed_css_keywords
allowed_css_properties
allowed_elements
allowed_protocols
allowed_svg_properties
allowhtml
allowicons
allowinvalidsig
allowopts
allowsmilie
allowsmilies
allow-hosts
allow_addc
allow_addwarn
allow_admin
allow_agent
allow_all_prereleases
allow_blank
allow_complaint
allow_delc
allow_editc
allow_files_dload
allow_file_upload
allow_group
allow_hash
allow_hide
allow_home
allow_image
allow_in_pm
allow_keyring
allow_mail
allow_netrc
allow_pm
allow_poll
allow_pollbump
allow_rating
allow_redirects
allow_resize
allow_truncated
allow_url
allow_warn
allow_watermark
allow_yanked
allqw
allrows
allsignups
allss
allusers
allyid
all_group
all_groups
all_posts
all_users
alow_active_topics
alow_addchat
alow_addkarma
alow_addrep
alow_chat
alow_karma
alow_new_posts
alow_rep
alow_search
alow_search_captcha
alow_uforums
alow_users_block
alow_users_edit
alow_users_posts
alow_users_topics
alpha
already_seen
alsoDeleteFile
alt
alter
alternate
alterview
althostnames
altmethodpayload
altname
altpass
alturlenable
alt_name
always
always_copy
always_positive
am
amount
amountdown
amountup
ampm
amt
an
analyze
aname
anchor
and
andor
angle
anidb
animal
animate
animation_time
animetitle
ann
annotation
announce
announcement
announcementid
announcementoptions
announce_forum
anon
anonymous
anonymousmaillist
ans
answer
answerid
answers
ao
aoe
aop
aot
ap
apage
api
apiKey
apikey
apinger
apisecret
api_user_ip
api_user_name
apn
apnum
app
appId
appauthor
appeal
append
append_edit
appid
appkey
apple
applet_id
applicable
applicable_candidates
application
application_path
apply
appname
approve
approved
approve_parent
approve_uforums
approxname
apps
app_author
app_description
app_directory
app_enabled
app_hide_tab
app_protected
app_public_title
app_title
app_version
aq
ar
arch
archive
archiveDate
archivedate
archive_in
archive_out
archivo
archs
arcname
area
arg
arg1
arg2
argb
arglist
args
arguments
argv
arity
arr
array
article
articleid
articles
artist
artistid
artisttitledupes
as
asGroupList
asKeyword
asList
asMatch
asString
asText
asc
ascii
asd
asid
asin
assert
assertion
assert-sequence
assert_fingerprint
assert_hostname
assert_same_host
asset
assign
assigned
assignedTo
assignment
assigntype
assoc
asy
async_
at
atime
attach
attached
attaches
attachid
attachment
attachmentHtml
attachmentId
attachmentUploadDir
attachmentextension
attachmentid
attachments
attachmentsid
attachment_data
attachment_id
attachpath
attach_count
attach_sig
attempt
attendance
attr
attribute
attributes
attrnames
attrs
attr_val_is_uri
atype
au
audioFolder
audiobitrates
auid
auth
authList
authPin
authcfg
authcn
authenticate
authentication
authkey
authlvl
authmode
authname
author
authorID
authorName
authorityType
authority_cert_issuer
authorize
authorized
authorizedkeys
authorname
authors
authorship
author_id
author_name
authserver
authtype
authurl
auth_cookie
auth_entry
auth_protocol
auth_timeout
auth_token
auto
autoaddfields
autoadjust
autoapprove
autoassign
autocom
autocomplete
autodel
autodeltime
autoedge
autoenable
autofix
autofixforcedest
autofixforcesource
autofocus
autogroup
autologin
automatic
automodule
autoplay
autoptp
autor
autoredirect
autorefresh
autoreset
autosave
autosubscribe
autoupdate
auto_close
auto_confirm
auto_draft
auto_refresh
av
available
avatar
avatardateline
avatarid
avatarpath
avatarrevision
avatars
avatarurl
avatar_width
avgtimespent
avheight
avwidth
aw
ax
ay
az
b
bID
ba
baba
back
backcconnmsg
backcconnmsge
backcolor
backconnectport
backdrop
backend
backend_name
backend_path
background
background_color
backoff_factor
backto
backup
backuparea
backupbeforeupgrade
backupcount
backupnow
backuptype
backup_timestamp
backurl
baddress1
baddress2
badfiles
badge
balance
balance_control
ban
bandwidth
banid
banip
bank
banned
bannedUser
banned_days
banned_email_domains
banned_info
banner
banner_id
banner_timeout
banreason
bansubmit
bantime
bantype
bar
barcode
bareword
base
base64
basedn
baseinttype
basemodule
bases
baseurl
base_dir
base_url
basic
basic_auth
basket
baslik
batch
batchExtend
batchID
baz
baza
bb
bbc
bbcode_desc
bbcode_example
bbcode_replace
bbcode_uid
bbconfigloc
bbox
bbtest
bc
bcc
bcc_address
bcip
bcity
bconfirmemail
bcountry
bd
bday2
bdist-dir
bduss
be
before
begin
begindate
beginner
behaviour
bemail
benchmark
best
best_candidate
beta
be_typo_user
bf
bfirstname
bg
bgColor
bgc
bgclass
bgcolor
bh
bi
bib
biblioID
biblioTitle
bid
bill
billing
binary
binary_form
binary_format
binddn
binding
bindip
bindpw
bio
bip
birth
birthDate
birthdate
birthday
birthmonth
birthplace
birthyear
bitrate
bits
bitsize
bj
bk
bl
black
blacklist
blastname
blatent
blink
blink2
blob
block
blockbogons
blockedafter
blockedmacsurl
blockeduntil
blockers
blockid
blockinfo
blocklabel
blockoff
blockpriv
blocks
blocksize
block_days
block_items
block_reason
block_size
blog
blogbody
blogid
blogname
blogs
blogtags
blogtitle
blogtype
blogusers
blog_name
blog_public
blog_title
blt
blue
bm
bn
bo
board
boardaccess
boardid
boardmod
boardprofile
boards
boardseen
boardtheme
boardurl
body
bodyChars
bodytext
body_pos
bogonsinterval
bold
bomb
bonus
book
bookings
bookmark
bool
boolean
bootslice
bootstrap
border
border_style
botnet
botnets
botnet_cryptkey
botnet_timeout
bots
botsaction
bottom
bounce
bound
boundary
boundary_regex_fragment
bound-identifier
box
box1
box2
box3
boxes
bp
bpage
bpg
bphone
bport
bps
bq
br
branch
brand
brd
breadcrumb
break
breakFlag
breakdown
breakpoint
breakpoints
bridge
bridgeif
broadcast
broken
brown
browse
browser
bs
bstate
bt
btn
btnSign
btnSubmit
bu
bucket
buddies
budget
buf
buffering
bufsize
bug
bug_encoded
bug_id
bug_type
build
builder
build-directory
build-number
build_dir
build_directory
build_env
build_isolation
build_number
build_options
build_temp
bulk
bulk_edit
bulletin
business
businessName
button
buttons
buttonval
buy
bv
bvZ8
bw
bwdefaultdn
bwdefaultup
bx
by
byapache
bycw
bye
byetc
byfc
byfc9
byoc
bypassstaticroutes
bypcu
bysyml
bytes
byte_count
bythis
byws
bz
bzipcode
b_action
c
c2
c37url
c99shcook
cID
cP
cPath
ca
cable
cache
cacheFile
cacheable
cacheable_methods
cached
cache_content
cache_dir
cache_etags
cache_size_limit
caching
cadata
cafile
caid
cainfo
cal
calcolor
calendar
calendarcustomfieldid
calendarid
calendarmoderatorid
calid
call
callDuringTry
callNumber
callPreParse
callback
callbackPW
caller
callerId
callerid
callf
callop
call_c_compiler
calname
cal_title
cambio
camnbr
campaign
campaignid
campo
canCleanSpam
canComment
canDelete
canEdit
canInlineMod
canLike
canReport
canViewHistory
canWarn
cancel
canceldelete
cancelled
cancel_unglobalise
candidate
candidates
candidate_prefs
caneditdomain
caneditphpsettings
canned
canonical
canonical_name
canpreview
cantidad
canvas
can_delay
can_view_others
cap
capath
captcha
captchaBis
captcha_code
captcha_demo
captcha_key
captcha_keystring
caption
caption_justify
capture
card
cardholder_name
cardno
cardtype
caref
cart
cartId
case
casein
caseless
cash_in_method
cash_out_method
cat
catID
catId
catalogName
catalogid
catalog_aport
catalog_dmoz
catalog_mail
catalog_rambler
catalog_yandex
categor
categories
category
categoryID
categoryName
categoryid
categoryname
category_base
cateid
catid
catname
catorder
cats
catslist
cat_ID
ca_bundle
ca_certs
ca_cert_dir
cb
cc
ccp_act
cc_email
cc_file
cd
cdir
cdirname
cdone
cds
ce
censorIgnoreCase
censorWholeWord
censortest
censortext
center
cep
cert
certdepth
certfile
certid
certificate
certref
certs
certsubject
cert_file
cert_reqs
cert_type
cf
cfed
cffi_modules
cfg
cfgkey
cfgval
cfg_filename
cfil
cfile
cfilename
cfx
cfy
cg
ch
challenge
chan
change
changePass
changeUserGroup
changeVisitAlpha
changecurrent
changed
changeit
changepassword
changero
changes
changestatus
changeusername
change_default
change_lang
chanid
channel
channelID
channelName
channelmode
channels
chapo
chapter
char
character
characterid
characters
chardet
charge
chars
charset
charsout
chart
chartSettings
chartsize
char-ci
chat
chatmsg
chats
chdir
check
check1
checkReshare
checkShares
checkaliasesurlcert
checkbox
checkboxes
checkbox_value
checkconnect
checked
checkemail
checkid
checking
checkmetadesc
checknum
checkout
checkprivsdb
checkprivstable
checksum
checksumbits
check_binary_allowed
check_domain
check_ltr
check_options
check_recursion
check_rekey
check_supported_wheels
check_target
check_type_strict
check_value
chfl
child
children
chk
chkagree
chkalldocs
chm
chmod
chmod0
chmodenum
chmodnow
choice
choice2
choices
choix
chosen
chpage
chromeless
chunk
chunkSize
chunked
chunks
chunk_size
chvalue
ci
cid
cids
cinterface
cipher
ciphers
city
cj
ck
ckeditor
cktime
cl
claim
class
classOptions
classification
classname
clay
clean
cleancache
cleanup
clear
clearLog
clearLogs
clearSess
clearcache
cleared
clearlogs
clearquery
clearsql
cleartokens
clear_database
clear_log
clear_object
cli
clicked
clickedon
client
clientId
clientcookies
clientid
client_id
clipboard
clockstats
clone
close
closed
closedate
closenotice
closer
close_brace
close_theme_id
close_time_date
close_time_time
cls
cluster
cm
cm9vdDphZG1pbg
cmd
cmde
cmdex
cmdid
cmdir
cmdr
cmds
cmd_args
cmediafix
cmmd
cmode
cms
cmsadmin
cmsadminemail
cmspassword
cmspasswordconfirm
cmt
cn
cname
cnonce
cnpj
co
coM
coauthors
cod
code
codeblock
coded
codename
codepress
codes
codetype
code_format
code_theme
code_width
coin
col
colName
cold_storage
collType
collTypeID
collTypeName
collabSessionId
collapse
collapse_padding
collation
collectcolumn
collection
collectionfrom
collectionto
college
colltype
color
color1
color2
colors
color_scheme
color_system
colours
cols
column
columnIndex
columns
columnsToDisplay
column_count
column_first
column_id
com
combine
combine_post
combo
comes_from
command
commandchars
commander
command_args
command_desc
command_display
command_output
comment
commentId
commentaire
commentid
comments
comments_listing
commenttext
comment_ID
comment_approved
comment_author
comment_author_email
comment_author_url
comment_autor
comment_content
comment_count
comment_date
comment_email
comment_fio
comment_grade
comment_id
comment_ip
comment_parent
comment_parent_id
comment_phone
comment_post_ID
comment_shortcuts
comment_status
comment_subject
comment_text
comment_type
comment_url
commex
commit
commits
committed-rev
commonName
communication
community
comm_txt
comp
compact
company
compare
compile
compiler
compiler_verbose
complaintId
complaint_manage
complete
completed
complete_style
component
componentUid
compose
compr
compress
compression
compresslevel
compress_type
comp_level
comp_method
con
conceal
concepto
condition
conditions
cond_of_delivery
conf
conference_id
config
configKey
configUrl
configfile
configs
configuration
configure
config_settings
confirm
confirm2
confirm3
confirmEmail
confirmFinish
confirmPassword
confirmation
confirmdelete
confirmed
confirmerrors
confirmpassword
confirmremoval
conflict
conflicting_with
conf_add_cache
conf_default
conf_description
conf_end_group
conf_evalphp
conf_extra
conf_group
conf_key
conf_keywords
conf_position
conf_protected
conf_start_group
conf_title
conf_title_app
conf_title_desc
conf_title_keyword
conf_title_noshow
conf_title_tab
conf_title_title
conf_type
conf_value
conn
connect
connectback
connection
connectionType
connections
connection_type
connectt
connport
connsub
consent
console
consoleview
const
constraint
constraints
consumer
consumerKey
consumerSecret
cont
contact
contactEmail
contactID
contactId
contactName
contactid
contactidlist
contactname
contacts
container
containerid
contains
contbutt
content
content1
contentDesc
contentPath
contentTitle
contentType
contents
contenttype
content_commitment
content_disposition
content_location
content_type
contest
context
contextName
continue
contravariant
control
controller
controllers
controller_class
conv
conversation
convert
convertmode
cookie
cookiejar
cookielength
cookiename
cookies
coord
coords
cop
copied
coppa
coppaFax
coppaPost
coppauser
copy
copyname
copyright
copy_function
core
correctcase
cost
coucou
count
counter
counter_hotlog
counter_liveinternet
counter_mail
counter_rambler
counter_spylog
countonly
countries
country
countryCode
countryID
countryName
counts
coupling
coupon
couponamount
couponcode
course
courseId
courses
covariant
cover
coverage
cp
cpage
cpass
cpath
cpp_args
cpp_path
cpu
cpw
cpy
cpyto
cq
cr
cracK
crannycap
crcf
crdir
cre
create
createaccount
createclass
created
createdb
createdon
createfolder
createlist
createmode
createpages
createstdsubdomain
createuser
createview
create_database
creation_time
credentials
credit
creditCardNumber
creditCardType
credits
crefile
criteria
criteriaAndOrColumn
criteriaAndOrRow
criteriaColumn
criteriaColumnAdd
criteriaColumnCount
criteriaColumnDelete
criteriaColumnInsert
criteriaColumnName
criteriaColumnNames
criteriaColumnOperators
criteriaColumnTypes
criteriaRowAdd
criteriaRowDelete
criteriaRowInsert
criteriaSearchString
criteriaSearchType
criteriaShow
criteriaSort
criteriaTables
criteriaValues
critical
critical_level_id
crl_issuer
crl_number
crl_sign
cron
cronid
cron_key
crop
cropDetails
cross_fade
crrt
crt
crtty
crypo
crypt
cryptography
cs
cs1
cs2
cshalt
csid
csr
csrf
csrftoken
css
cssfile
csspreview
css_app
css_attributes
css_content
css_value
csv
csvIDs
ct
ctag
ctf
ctid
ctrl
ctx
ctype
cu
cuenta
cur
curdir
curfile
curl
curpage
curpath
curr
currency
currencyCode
currencyCodeType
currencyid
current
currentFolder
currentFolderPath
currentPage
currentPassword
currentday
currentid
current_page
current_page_message
current_pass
cursor
curve
cust
custid
custom
customFieldId
customId
customWhereClause
customaddtplid
customcss
customer
customerid
customernumber
customers
customfield
customized
customtitle
custom_fields
custom_title
cut
cv
cvmodule
cvv
cvv2Number
cw
cwd
cwd_display
cx
cy
cyan
cz
c_file
c_name
d
d0
d1
d2
dB
dG9tY2F0OnMzY3JldA
dG9tY2F0OnRvbWNhdA
dID
dXNlcm5hbWU6cGFzc3dvcmQ
da
daemon
dare
darezz
dashboard
dashboard_blog
dashboard_blog_orig
data
data2
dataLabel
dataType
dataangle
database
databasehost
databaseloginname
databaseloginpassword
databasename
databases
datadir
dataflt
datagapangle
datagapradius
dataofs
dataroot
dataset
datasrt
datatype
dataurl
datavars
data_encipherment
data_templates_group_id
date
date1
date2
dateEnd
dateExpected
dateFormat
dateReceived
dateStart
datechange
datef
datefmt
dateformat
datefrom
dateline
dates
datestamp
datetime
dateto
datetype
date_end
date_format
date_format_custom
date_one
date_start
date_time
date_two
day
dayDelta
dayname
days
daysprune
days_gt
db
dbHost
dbName
dbOP
dbPass
dbPassword
dbPort
dbPrefix
dbPwd
dbTablePrefix
dbType
dbUser
dbUsername
dbase
dbbase
dbg
dbh
dbhost
dbid
dbms
dbn
dbname
dbp
dbpass
dbpassword
dbport
dbprefix
dbpw
dbserver
dbsession
dbsize
dbsocket
dbstats
dbtype
dbu
dbuser
dbusername
db_backup
db_restore
dc
dccharset
dd
ddnsdomain
ddnsdomainkey
ddnsdomainkeyname
ddnsdomainprimary
ddnsupdate
ddo
de
deL
deS
deact
deactivate
deactivated
deadfilescheck
deadline
deathdate
deathplace
deb
debet
debit
debug
debug2
debug3
debugbox
debugfailover
debugfile
debuglevel
debuglog
debugmethods
debug_override
decipher_only
decl
decline
declname
decls
decode
decoded
decode_content
decode_unicode
decomposition
decrypt
decrypt_key
dedent
deduction
def
default
defaultValue
defaultgw
defaultleasetime
defaultqueue
defaults
defaulttemplate
default_encoding
default_factory
default_max_packet_size
default_password_nag
default_user_role
default_window_size
defects
defining_class
deftime
deftitle
degrees
del
delName
delall
delay
delayed
deld
deldat
deldir
delete
deleteAccount
deleteCategory
deleteImage
deleteImages
deleteIndex
deleteInfo
deleteList
deletePrices
deleteUser
deleteUserGroup
deleteUsers
deleteall
deletebookmarks
deletecheck
deletecntlist
deletecomment
deleted
deletedSpecs
deleteddateline
deletedir
deletedreason
deleteduserid
deletedusername
deleteevent
deletefile
deletefolder
deleteg
deletegrp
deleteid
deleteip
deletemeta
deletenotechecked
deletepage
deletepms
deletepost
deleterule
deletesmiley
deletesubmit
deletethread
deleteuser
deleteweek
delete_all
delete_all2
delete_all_compare
delete_compare
delete_count
delete_date
delete_file
delete_photo
delete_pm
delete_post
delete_reason
delete_remote
delete_rule
delete_tags
delete_theme_id
delete_topic
delete_username
delete_user_id
delete_value_property
delete_widget
delf
delfbadmin
delfile
delfl
delfolder
delfriend
delgroup
delid
delim
delimeter
delimiter
deliver
deliveries
delivery
delmac
delmarked
delpref
delregname
delrow
delrule
delsel
delstring
delsub
deltpl
deltype
deluser
del_allc
del_avatar
del_image
del_logo
del_message_id
del_phrase
del_reason
del_userid
del_username
demo
demoData
demolish
dend
denied
deny
denyunknown
department
depid
deposit
deps
dept
depth
depthguide
deptid
depts
dereference
des
desact
desc
desc1
desc2
descending
descr
descripcion
description
design
desired_key_bytes
desired_mech
dest
destd
destforumid
destination
destination_dir
destino
destslice
dest_addr
dest_dir
dest_host
detach
detached
detail
detail0
details
dev
develop_ok
device
deviceid
device-type
devid
dev_path
df
dfilename
dfrom
dg
dh
dhcp
dhcp6prefixonly
dhcp6usev4iface
dhcpbackup
dhcpfirst
dhcphostname
dhcpleaseinlocaltime
dhcprejectfrom
dhcpv6leaseinlocaltime
dhtc
di
diag_action
dialect
dialog
dict
dictionary
dict_class
dict_delitem
dict_setitem
did
dif
diff
difficulty
dig
digest
digest_size
digital_signature
digits
dim
dimensions
dim_quals
dip
dipl
dir
dirList
dirToken
diract
dircreate
dire
direccion
direct
direction
directmode
director
directory
directoryscanner
dirfree
dirlisting
dirmode
dirname
dirr
dirs
dirupload
dis
disable
disablebeep
disablecarp
disablecheck
disableconsolemenu
disabled
disabledBBC
disabled_algorithms
disablefilter
disablehttpredirect
disablelocallogging
disablenegate
disablereplyto
disablescrub
disablesmilies
disableverify
disablevpnrules
disable_bbcode
disable_cache
disable_magic_url
disable_smilies
disallow
disallow-untyped-defs
disapprove
discard
discipline
discount
discussionid
disk
diskspace
dismiss
disp
display
displayAllColumns
displayName
displayVisualization
displaygroupid
displayname
displayorder
display_gallery
display_name
display_on_posting
display_time
dispose_func
dist
distance
distclass
distinct
distribution
distro_release_file
dist-dir
div
diversity
divider
dizin
dj
dk
dkim
dklen
dl
dl2
dlPath
dlconfig
dldone
dlgzip
dllexport
dlt
dm
dmax
dmodule
dmp1
dmq1
dn
dname
dnpipe
dns
dns1
dns2
dns3
dns4
dnsallowoverride
dnslocalhost
dnsquery
dnssec
dnssecstripped
dnssrcip
do
doActions
doDelete
doExport
doImport
doRegister
doSearch
doaction
doaction2
doadd
dob
doc
docgroup
docgroups
docid
docomplete
docroot
docs
docsql_table
doctag
doctests
doctests_only
doctype
document
documentID
documentgroup
documentroot
documents_dir_id
documents_dir_name
documents_name
documents_status_id
documents_text
documents_version_id
doc_type
dodelete
doi
doimage
doing_wp_cron
doinstall
doit
dolma
domaiN
domain
domainname
domains
domainsearchlist
domen
domerge
donated
done
donor
donotbackuprrd
dontFormat
dontlimitchars
doprefs
dopt
doreset
dos
dosearch
doseq
dosthisserver
dostyleid
dosyaa
douser
dowhat
down
downchange
downf
downloaD
download
downloadIndex
downloadbackup
downloadbtn
downloaded
downloader
downloaders
downloadid
downloadpath
downloadpos
download_dir
download_file
do_handshake_on_connect
dp
dpath
dpgn
dq
dr
draft
dragdroporder
dragtable
drilldown
driver
drivers
dropXmlnsAttrNs
dropXmlnsLocalName
dropped
dry
dryrun
dry_run
ds
dscp
dst
dstbeginport
dstendport
dstip
dstmask
dstnot
dstport
dsttype
dt
dtend
dto
dtstart
du
due
duedate
duid
dumd
dummy
dump
dunder
dup
dupfiles
duplicate
duration
dv
dw
dwld
dx
dxdir
dxdirsimple
dxfile
dximg
dxinstant
dxmode
dxparam
dxportscan
dxsqlsearch
dxval
dy
dynamic
dz
e
ea
ealgo
easy_install
eb
ec
echo
echostr
ecotax
ecraz
ed
eday
edge
edges
edit
editParts
editUserGroup
editUserGroupSubmit
editable
editables_only
editaction
editdate
edited
editedon
editf
editfile
editfilename
editform
editgroup
editid
editing
edition
editkey
editlink
editor
editor_ids
editor_main
editprofile
edittxt
edituser
edituserid
editwidget
edit_advertisement
edit_allc
edit_date
edit_dateline
edit_item_discount
edit_message_id
edit_name
edit_pm
edit_post
edit_prices
edit_producer
edit_reason
edit_time
edit_topic
edit_userid
edit_xsl_dir_parent_id
education
ee
ef
eg
egg
egg-base
egg-path
egg_base
egg_info
egg_info_dir
eh
eheight
ei
eid
eids
ej
ek
el
elastic
elem
element
elementId
elementType
elements
element_parents
em
email
email1
email2
emailActivate
emailAddress
emailBody
emailID
emailId
emailList
emailToken
emailaddress
emailch
emailcomplete
emailconfirm
emailfrom
emailnotif
emails
emailsubject
emailto
emailupdate
email_contents
embed
embedded
emit_declname
eml
emoji
emonth
empfanger
emphasis
empty
emptygenres
en
enable
enableReserve
enablebinatreflection
enabled
enableserial
enablesmilies
enablesshd
enablestp
enable_bbcode
enable_magic_url
enable_sig
enable_smilies
enc
encipher_only
enclose
enclosure
encod
encode
encoded
encodedbydistribution
encoder
encode_multipart
encoding
encodingStyle
encrypt
encrypted
encryption
end
endDate
endQuoteChar
enddate
endday
endmonth
endpoint
endport
endpos
ends
endtime
endyear
end_date
end_section
enforceHTTPS
enforce_content_length
enforce_key_length
engine
enhanced
enquiry
enroll
ensure_ascii
entering
enter_result
entire
entity
entityID
entityid
entries
entry
entryID
entryId
entryPoint
entryid
env
environment
eo
eof
eol
eos
ep
ephp
episode
epoch
epot
eq
equal
er
erne
erorr
err
errmsg
error
error403path
error404path
error500path
errorCode
errorcode
errorid
errorlevel
errorlog
errormail
errormsg
errors
errorstr
errorswarnings
error_description
error_func
error_prompt
err_prefix
es
esId
escChar
escQuote
eshopAccount
eshopId
ess_
et
eta
etag
etm
eu
ev
evac
eval
evalcode
evalinfect
evalsource
evap
event
eventDate
eventID
eventId
eventName
eventTitle
eventid
eventname
events
event_in
event_out
evtitle
ew
ewidth
ewv4n4Q
ex
exT
exTime
exact
example
exc
exccat
except
exception
exceptions
exception_class
excerpt
exchange
exclude
excludeChars
excludedRecords
excluded_subtrees
exclude_editable
exclude_scripts
exc_info
exc_type
exc_value
exe
exec
execmassdeface
execmethod
executable
execute
executeForm
execution_context
exec-prefix
exemplar
exif
existing
exists
exist_ok
exit
exitsql
exit_status
exp
expDate
expDateMonth
expDateYear
expand
expandAll
expanded
expand_all
expand_dir
expe
expected
expected_dict
expected_exception
expected_list
expected_parse_results
expeixora
expertise
expid
expiration
expirationDate
expirationmonth
expirationyear
expiration_date
expire
expires
expiry
explain
explicit_text
exploit
exponent
export
exportApps
exportDetail
exportFile
exportFormat
exportFrames
exportImages
exportMisc
exportVideo
export_post_status
export_post_type
export_symbols
export_taxonomy
exps
expsixora
ext
extAction
extMethod
extTID
extUpload
extdir
extdisplay
extend
extended
extension
extensions
extern
external
extra
extractDir
extract_dir
extradir
extras
extras_requested
extras_require
extra_args
extra_environ
extra_lines
extra_ok_returncodes
extra_postargs
extra_preargs
ext_count
ext_hook
ext_package
ey
eyear
ez
ezID
e_groups
f
f0
f2
fCancel
fF6adulZkMV8gzURZVE
fID
fType
fa
facebook
facid
facility
fail
failOn
failed
failure
failureTests
fallback
fam
family
familyName
faq
faqname
faqparent
fast
fatal
fav
favicon
favicons
favorites
favourite
fax
fb
fbclearall
fc
fchmod
fcksource
fcopy
fcsubmit
fd
fdel
fdelete
fdo
fdownload
fe
feature
featured
features
fedit
fee
feed
feedId
feedback
feeds
feedurl
feed_dismiss
feid
fetch
ff
ffile
fg
fh
fheight
fi
fid
fid2
field
field1
field2
fieldCounter
fieldEnc
fieldId
fieldName
fieldSep
fieldType
fieldValue
fieldid
fieldkey
fieldlabel
fieldname
fields
fieldtype
field_default_value
filE
file
file2ch
fileContent
fileDataName
fileDesc
fileDir
fileEdit
fileExistsAction
fileFormat
fileID
fileLength
fileName
fileOffset
fileTitle
fileType
fileURL
fileact
filecontent
filecontents
filecount
filecreate
fileencoding
fileext
fileextensions
fileframe
filefrom
fileid
filelist
filemode
filename
filename2
filename32
filename64
filenamepattern
filenames
filenew
fileobj
fileoffset
fileold
fileop
filepath
fileperm
files
filesaction
filesafe
filesend
filesize
filesize_gt
fileto
filetosave
filetotal
filetype
filetypelist
fileurl
filew
file_like
file_number
file_obj
file_size
file_storage_domain
fill
filled
fillvalue
filter
filterAlert
filterCategory
filterName
filterText
filterdescriptions
filterlogentries
filters
filtertext
filtertype
filtre
fin
final
find
findString
finder
findex
findid
findposts
finds
find-links
find_detached
find_links
find_others
fineEachDay
finesDate
finesDesc
finish
finishID
finished
finished_style
firmwareurl
first
firstName
firstday
firstname
firstnewinsert
firstnumber
firstpost
firstpostid
first_message
first_name
first_post_id
fit
fix
fixErrors
fixed
fixer
fixid3v1padding
fixmetadesc
fix_topic
fix_zipimporter_caches
fj
fk
fl
flag
flags
flash
flashpga
flashtype
flatten
fld
fldDecimal
fldLabel
fldLength
fldMandatory
fldName
fldPickList
fldType
flddecimal
fldlabel
fldlength
fldname
fldquals
fldr
flip
floating
floor
flow
flowtable
flush
flushcache
flush_decoder
fm
fmt
fn
fname
fo
focus
foffset
fold
folder
folderID
folderId
folderIds
folderid
foldername
folderpath
folders
folder_id
foldmenu
follow
following
followlinks
followup
follow_redirects
font
fontSize
fontb
fontcolor
fontdisplay
fonte
fontg
fontr
fontsize
font-family
font-size
font-style
font-weight
font_size
foo
foo1
foo2
foo6
foot
footer
footer_style
for
force
forceFormat
forceIcon
forceRefresh
forcex86
force_download
force_generic_engine
force_reinstall
force_scan
force_terminal
fore
foreground
foreign
foreignDb
foreignTable
forever
forgot
forgotPassword
form
formAutosave
formId
formName
formSubmit
formToken
formage
format
formatdistribution
formatdown
formats
formatted
formatted_date
formattername
formatter_class
formatup
format_control
formdata
formfactor
formid
formname
formtype_db
formtype_db_x
formtype_mail
formtype_mail_x
form_id
form_token
forum
forumid
forums
forums_id
forums_message_text
forum_allow_rating
forum_id
forum_link
forum_name
forum_options
forward
forwarderid
forwarding
forwardlink
for_filename
found_post_id
fp
fpassw
fpath
fp-bitwise
fq
fqdn
fr
fragment
frame
framed
frames
free
free-identifier
free-label-identifier
frequency
frequencyID
frequencyName
fresh
friend
friendlyiface
friends
frm
frob
from
fromAddress
fromAttribute
fromdate
fromemail
fromlist
fromname
fromquickcomment
fromquickreply
fromsearch
fromuserid
fromusername
from_cache
front
frontend
frontpage
fruit
fs
fsOP
fstype
ft
ftp
ftphost
ftppass
ftps
ftpscanner
ftpuser
ftype
fu
full
fullDump
fullTree
fullfolder
fullname
fullsite
fulltext
full_address
full_distribution_name
full_editor
full_env
full_name
full_text
func
funcname
funcs
funcspec
function
functionp
functionz
fuzz
fv
fvonly
fw
fwdelay
fwidth
fx
fxchainpath
fxchainuri
fxchainurl
fxpath
fxspath
fxsuri
fxsurl
fxuri
fxurl
fy
fyear
fz
g
gID
ga
gadget
gallery
game
gameID
gameid
gateway
gatewayv6
gb
gbid
gc
gd
gdork
ge
geT
ged
gen
gender
general
generalgroup
generate
generateKeypair
generated
generatekey
generator
generic
genre
genredistribution
geoOption
get
getDropdownValues
getInfos
getOutputCompression
getThermalSensorsData
getactivity
getcfg
getdate
getdb
getdyndnsstatus
getenv
getfile
getm
getpic
getprogress
getsettings
getstatus
getupdatestatus
get_attachment_id
get_ext
get_pty
get_renderable
get_time
gf
gfils
gg
ggid
gh
gi
gid
gids
gifif
gift
gip
github
giveout
gj
gk
gl
global
globally_managed
globalns
global_dict
global_moderator
global_options
gm
gmd
gmdCode
gmdID
gmdName
gmid
gmt_offset
gn
go
goal
goback
godashboard
godb
goggle
gold
gomkf
gone_in
goodfiles
goodsid
google
googleplus
goto
gotod
gp
gpFL6Lw8g
gpack
gpsflag1
gpsflag2
gpsflag3
gpsflag4
gpsfudge1
gpsfudge2
gpsinitcmd
gpsnmea
gpsport
gpsprefer
gpsrefid
gpsselect
gpsspeed
gpsstratum
gpssubsec
gpstype
gq
gr
grabs
gracePeriode
grade
grant
granted
grants
granularity
graph
graphid
graphlot
graphtype
green
greif
greset
grid
group
groupCounter
groupID
groupIDs
groupId
groupName
groupby
groupdel
groupdesc
grouped
groupfilter
groupid
grouping
groupname
groupr
groupreason
groups
grouptype
group_color
group_name
group_nick
grp
grpage
grps
grupo
gs
gssapi_requested
gss_auth
gss_authenticated
gss_deleg_creds
gss_host
gss_kex
gss_trust_dns
gt
gtin
gtype
gu
guest
guestname
gui
guid
guide_style
gv
gw
gx
gy
gz
gzip
g_icon
h
ha
ham
handle
handler
handlers
harddiskstandby
hardenglue
harm
hasAudio
hasChildren
hasPreview
hasattachment
hascustomavatar
hash
hashed
hashed_invalidation
hasher
hashes
hashistory
hashkey
hashtoh
hash_kind
hasimages
hasthumbnail
has_retry_after
having
hb
hc
hd
hdnProductId
hdrcharset
he
head
header
headerimage
headers
header_dir
header_formatter
header_style
heading
headline
health
height
height_pixels
hello
hellotime
help
heuristic
hex
hex_digest
hf
hg
hh
hi
hid
hidFileID
hidden
hide
hideNavItem
hideidentity
hidem
hidemenu
hideversion
hidex86
hide_cursor
hide_last_info
hidid
hidrfile
high
higher
highlight
highlighter
highlight_lines
history
hit
hits
hits_gt
hj
hk
hl
hldb
hlp
hm
hn
hname
ho
holDate
holDateEnd
holDesc
holdcnt
holiday
holidayid
home
homepage
hook
hooks
horario
hosT
host
hostName
hostapd
hostid
hostipformat
hostkey
hostname
hostnames
hostres
hosts
host_name
hot
hotkeys_highlight_first
hotkeys_highlight_last
hour
hours
how
howlong
howmany
howmuch
hp
hq
hr
href
hrs
hs
ht
htaccess
htaccessnew
htc
htcc
htm
html
html2xhtml
htmlemail
httpbanner
https
httpscanner
httpsname
httpsverify
http-equiv
htype
hu
humanverify
hv
hw
hwhy
hx
hy
hyperlinks
hz
i
i6t
iColumns
iDisplayLength
iDisplayStart
iGcJfitYgHuNztw
iLength
iSortingCols
iStart
ia
ib
ic
ical
icaptcha
icerik
icmptype
icode
icon
iconid
iconpath
icontitle
icon_id
icp
icq
icqicon
id
id1
id1gid
id1level
id2
id2gid
id2level
id3gid
id3level
id4gid
id4level
id5gid
id5level
id6gid
id6level
id7gid
id7level
id8gid
id8level
id9gid
id9level
id10gid
id10level
id11gid
id11level
id12gid
id12level
id13gid
id13level
id14gid
id14level
id15gid
id15level
id16gid
id16level
id17gid
id17level
id18gid
id18level
id19gid
id19level
id20gid
id20level
id21gid
id21level
id22gid
id22level
id23gid
id23level
id24gid
id24level
id25gid
id25level
id26gid
id26level
id27gid
id27level
id28gid
id28level
id29gid
id29level
id30gid
id30level
id31gid
id31level
id32gid
id32level
id33gid
id33level
id34gid
id34level
id35gid
id35level
id36gid
id36level
id37gid
id37level
id38gid
id38level
id39gid
id39level
id40gid
id40level
idL
idSelect
idSite
idb
idc
ident
identChars
identifiant
identifier
identifiers
identity
idletimeout
idlist
idname
idp
ids
idstring
idtype
idx
id_base
ie
ieee8021x
if
ifname
ifnum
iframe
ig
ignore
ignoreExpr
ignoreTV
ignored
ignorefatal
ignorephpver
ignoresubjectmismatch
ignore_dependencies
ignore_errors
ignore_few_rounds
ignore_installed
ignore_option_errors
ignore_requires_python
ignore_warning
ignore_zeros
ih
ii
iid
ij
ik
ikeid
ikesaid
il
illegal_names
im
imagE
image
imageThumbID
imageUrl
imageattachmentlinks
imageattachments
imagedetails
imagefile
imagehash
imageid
imagename
images
imagesize
imagestamp
imaptest
imax
imce
imdb
imdbID
imdbid
img
imgid
imgpath
imgtype
imgurl
img_filename
immagine
immediate
impersonate
impl
implementation
implicit
import
importFile
importLocation
importName
importType
importaioseo
importance
important
importer
importfile
importid
importmethod
importonly
importrobotsmeta
import_file_add
import_name
in
inBindLog
inConfEmail
inDownLoad
inForgotPassword
inNewPass
inNewUserName
inPassword
inPopUp
inRemember
inSessionSecuirty
inUsername
inViewErrors
inViewLogs
inViewWarnings
inXML
inactive
inajax
iname
inc
incl
incldead
include
includeSeparators
included
includenoncache
include_bytecode
include_dirs
include_dists
include_editables
include_egg
include_extras
include_list
include_lsb
include_new_lines
include_separator
include_uname
incrementaldecoder
incrementalencoder
incspeed
inc_postcount
ind
indent
indent_char
indent_guides
indent_increment
indent_length
indent_level
indent_size
index
indexed_aport
indexed_google
indexed_msn
indexed_rambler
indexed_yahoo
indexed_yandex
indexes
index-url
index_url
index_urls
indirect_crl
industry
indx
indxtxt
ineligible
inencoding
inf3ct
info
information_groups_id
information_group_id
information_group_name
information_group_order
information_group_path
information_item_access
information_item_date
information_item_id
information_item_ip
information_item_name
information_item_order
information_item_status
information_item_tags
information_item_text
information_item_url
information_system_id
infraction
infractionid
infractions
inherit
inheritperm
inhibit_policy_mapping
inid
inifile
init
initdb
initdelay
initial
initialise
initialtext
initsigs
initstr
init_dict
injector
inline
inline_code_lexer
inline_code_theme
inline_styles
innerHTML
inplace
inprogress
input
input1
inputH
inputSearchVal
inputSize
inputid
input_data
ins
insert
insertBefore
insertonly
insertonlybutton
inside
inst
instName
install
installGoingOn
installbind
installdata
installed
installer
installmode
installpath
installstep
install-base
install-data
install-dir
install-headers
install-layout
install-lib
install-platlib
install-purelib
install-scripts
install_dir
install_needed
install_options
install_requires
instance
instanceId
institution
instructions
int
intDatabaseIndex
intExpr
intTimestamp
interest
interests
interface
interfaces
interpol
interpreter
interval
intro
introeditor
inv
invalid
invalidate
invalidity_date
invcDate
inventoryCode
inverse
invest
invitation
invite
inviteUsers
invitecode
invited
inviteesid
invitepage
invites
invoice
invoiceId
invoiceid
invokedBy
in-buffer
in_email_1
in_email_2
io
ip
ipaddr
ipaddress
ipaddrv6
ipandport
ipexclude
iphone
iplist
iplogged
ipoints
ipp
ipproto
ipprotocol
iprestricted
ips
ipscanner
ipsecpsk
ipv
ipv4
ipv6allow
ip_add
ip_address
ip_id
ip_int
iq
iqmp
ir
iron
is
isAdmin
isAjax
isDeleted
isDev
isDuplicate
isFirst
isModerated
isNew
isPending
isPersonal
isSwitch
isactive
isbinddomain
isbn
iscatchall
iscomment
iscustomreport
isdeleted
isdescending
isemaildomain
isenabled
isfirstshown
isim
isinstance
islastshown
ismaster
isnano
iso
isocode
isolated
isolated_mode
ispersis
ispublic
issubscribed
issue
issuer_name
issues
isverify
iswin
is_32bit
is_admin
is_cause
is_control
is_filename
is_moderator
is_regex
is_root
is_syntax
is_terminal
it
italic
item
itemAction
itemCode
itemCollID
itemID
itemId
itemName
itemShares
itemSite
itemSource
itemSourceName
itemStatus
itemStatusID
itemType
itemcount
itemid
itemkey
itemname
items
items_limit
items_sort
items_sortby
items_tpl
item_id
item_module
item_tpl
iterable
itm
iu
iv
iw
ix
iy
iz
j
jCryption
jVaMaA
ja
jabber
jahr
jax
jaxl
jb
jc
jd
je
jenkins
jf
jform
jg
jh
jh5Xos1AnX5iItreGCc
ji
jid
jj
jk
jl
jm
jn
jo
job
jobid
join
joinString
joindate
joined
joingroup
jp
jpeg
jq
jql
jr
js
json
jsoncallback
jsonp
jt
ju
jufinal
jump
jupart
justify
jv
jw
jwt
jx
jy
jz
k
k1
k2
ka
karma
karma_id
karma_manage
katid
kb
kc
kd
ke
keep
keepHTML
keeppass
keepslashes
keep_alive
keep_so
keox4fA
key
key1
key2
keydata
keyfile
keyid
keylen
keyname
keys
keystore
keystring
keytype
keyword
keywords
key_agreement
key_cert_sign
key_encipherment
key_file
key_filename
key_identifier
key_password
key_size
key_type
kf
kg
kh
ki
kick
kid
kil
kill
killfilter
kim
kime
kind
king
kj
kk
kl
km
kn
known_paths
ko
kod
kp
kq
kr
ks
kstart
kt
ku
kv
kw
kx
ky
kz
l
l7container
lID
la
labdef
label
labelDesc
labelName
labels
laggif
lan
landscape
lane
lanes
lang
langCode
langID
langName
langname
langs
language
languageCd
languageID
languagePrefix
languages
lang_crm
lang_filter
last
lastActive
lastID
lastName
lastQueryStr
lastactive
lasticonid
lastid
lastmodified
lastname
lastpost
lastposter
lastposterid
lastpostid
lastprefixid
lastthread
lastthreadid
lasturl
last_name
last_post
last_poster_id
last_poster_name
last_post_date
last_post_id
last_post_username
last_post_user_id
last_update
lat
latencyhigh
latencylow
latest
latest_comment_ids
latitude
layer
layers
layout
layoutType
lb
lbcp
lbg
lc
lcwidget
ld
ldap
le
lead
leading
leadsource
leadval
leap
leaptxt
leave
lecture
left
left_id
legacy
legacy_windows
legend
legendfont
legendfontb
legendfontg
legendfontr
legendfontsize
legendsize
legendstyle
lemail
len
length
letter
level
levels
level_width
lexer
lexername
lexer_name
lextab
lex_optimize
lf
lfilename
lg
lh
li
lib
libpath
libraries
library
library_dirs
lib_dir
lib_dirs
lib_id
license
license_agree
lid
lifetime
light
lightbox
like
likeUsers
liked
likely_encoding
likes
like_date
like_users
lim
limit
limitTypes
limite
limited_email_domains
limitless
limitpage
limit_uforums
line
lineid
lineno
lines
linestate
lineterminator
line_count
line_no
line_numbers
line_range
line_source
link
link0
link1
link2
linkbacksno
linkcheck
linkedin
linked_name
linkname
links
links_google
links_msn
links_yahoo
links_yandex
linktype
linkurl
link_cat
link_collector
link_evaluator
link_id
link_image
link_name
link_path
link_rss
link_text
link_url
link_visible
list
listAllMatches
listId
listInfo
listItem
listPrice
listShow
listSubmitted
listarea
listdirectory
liste
liste1
liste2
listid
listing
listmode
listname
listorder
listprice
lists
list_args
list_files
list_hook
list_id
litstyle
live
liveupdate
lj
lk
ll
lm
ln
lname
lng
lngfile
lo
load
loader
loadpreset
load_only
loan
loanID
loanLimit
loanPeriode
loanSessionID
loanStatus
loc
local
localbeginport
locale
localf
localfile
localip
localityName
localize
localized
localns
locals
locals_max_length
locals_max_string
local_index
local_only
locate
location
locationData
locationID
locationName
locationid
locations
locator
lock
locked
lockid
lock_class
lock_post
lock_topic
log
logFile
logMeIn
logType
logable
logall
logbogons
logdefaultblock
logdefaultpass
logeraser
logf
logfilE
logfile
logfilesize
loggedAt
loggedin
loggedout
logger
logging
logic
logid
login
loginautocomplete
loginemail
loginguest
loginmessage
loginname
loginpas
loginpass
loginuse
login_alt_acp_html
login_alt_login_html
login_description
login_enabled
login_folder_name
login_login_url
login_logout_url
login_maintain_url
login_name
login_password
login_register_url
login_replace_form
login_safemode
login_settings
login_status
login_title
login_username
login_user_id
loglevel
loglighttpd
logo
logoColor
logoff
logopng
logout
logoutRequest
logoutid
logo_url
logpeer
logprivatenets
logs
logsys
logtype
log_failed_cmd
log_locals
log_time
lon
long
longitude
longlastingsession
longname
longtitle
longurl
lookfornewversion
lookup
look_for_keys
loop
loopstats
losshigh
losslow
lostid
lostname
low
lower
lowercase
lp
lpar
lq
lr
ls
ls2
lst
lt
lticket
ltr
lu
lucky
lv
lw
lx
ly
lz
m
m3u
m3uartist
m3ufilename
m3utitle
mD
mID
mKd
mKf
mSendm
mV
mXZ
ma
mac
macname
macros
mada
mad_manage
magic
magicfields
mail
mailAuth
mailMethod
mailSubject
mailbody
mailbodyid
mailbox
mailcontent
mailid
mailing
maillisttmpname
maillist_id
mailsent
mailsub
mailto
mailtxt
mail_content
mail_filter_joined
mail_filter_post
mail_filter_visit
mail_html_on
mail_joined_ltml
mail_joined_ltmt
mail_post_ltml
mail_post_ltmt
mail_subject
mail_visit_ltml
mail_visit_ltmt
main
mainGenre
mainmessage
maint
maintenance
maintitle
major
make
makedir
makedoc
makenote
makeupdate
make_install_req
man
manage
manager
managerlanguage
mandatory
mangle_from_
manifestVersion
manual
manufacturer
map
mapping
map_match_type
map_title
map_url
margin
mark
markdefault
markdown
marked
marked_msg_id
marker
markerString
markers
markread
markup
masdr
mask
masks
mass
massa
massdefacedir
massdefaceurl
massedit
masssource
massupload
mass_action
master
match
matchLen
matchcase
matchname
matchtype
matchuser
matchword
max
maxMatches
maxMismatches
maxPlotLimit
maxResults
maxUploadSize
maxZipInputSize
maxaddr
maxage
maxargs
maxcrop
maxdays
maxdiscards
maxentries
maxfan
maxgessper
maxgetfails
maxheaderlen
maximumstates
maximumtableentries
maxleasetime
maxlen
maxmem
maxmss
maxpost
maxpostid
maxproc
maxprocperip
maxrejects
maxremfails
maxsize
maxsplit
maxstales
maxstore
maxtemp
maxtime
maxtry
maxval
maxwidth
max-age
max-stale
max_array_len
max_bin_len
max_buffer_size
max_ext_len
max_help_position
max_length
max_lines
max_map_len
max_packet_size
max_retries
max_string
max_str_len
max_width
max_wildcards
mb
mbadmin
mbname
mbox
mc
mciUqXWi4w
mcid
md
md5
md5crack
md5datadupes
md5hash
md5pass
md5q
md5s
md5sig
md5sum
mdp
me
mech
mech_type
medalid
medalweek
media
mediaid
mediaopt
mediatag_match
mediatag_replace
mediatype
media_type
mem
member
memberAddress
memberEmail
memberFax
memberID
memberName
memberNotes
memberPIN
memberPassWord
memberPasswd
memberPasswd2
memberPeriode
memberPhone
memberPostal
memberTypeID
memberTypeName
membergroups
membername
members
members_display_name
member-name-key
member_group_id
member_id
memday942
memday944
memlimit
memo
memory
memtype
mensaje
menu
menuHashes
menuid
menuindex
menus
menutitle
menu_order
merchantReference
merge
mergefile
meridiem
mess
message
messageHtml
messageMultiplier
messageText
messagebody
messageid
messageread
messages
messagesubject
message_attachment
message_html
message_id
message_renderable
message_state
message_subject
message_text
message_time
meta
metaclass
metadata
metadata_directory
metakeyinput
metakeyselect
metavalue
metavar
meta_description
meta_extras
meta_keywords
meta_title
meth
method
methodpayload
methods
methodsig
method_whitelist
metric
metrics
mf
mffw
mfldr
mfrom
mg
mgp
mgroup_others
mh
mhash
mhost
mhpw
mhtc
mi
mibii
microhistory
microsecond
mid
middle
mids
migrate
milw0
mime
mimetype
mimetypes
min
minCss
minJs
minViewability
minage
mini
minifyDebug
minimum
minimumreputation
minkills
minor
mins
minus
minute
minuteDelta
minutes
minval
min_posts_post
min_posts_view
min_tag_length
min_width
mip
mirror
misc
missing
missingtrackvolume
missing_file
mito
mj
mk
mkD
mkF
mkdir
mkfile
ml
mlist
mlpage
mm
mmail
mmsg
mm_end
mm_start
mn
mnam
mo
mobile
mobilephone
mobile_open
mobj
mod
modE
modal
modcat
modcomment
mode
modeextension
modeid
model
modelId
moderate
moderateddateline
moderator
moderators
modfile
modfunc
modid
modified
modifiedSince
modifier
modifiers
modify
modifying_pip
modname
module
moduleDesc
moduleId
moduleName
modulePath
moduleType
moduleguid
moduleid
modulename
moduleorder
modules
moduletype
module_langname
mon
money
mongo
monitor
monitorconfig
month
monthnum
months
mood
moodlewsrestformat
more
more_text
motd
motivo
mount
mountPoint
mountType
movd
move
moved
movedown
movefile
moveto
moveup
move_leave_shadow
move_pm
move_post
move_topic
movie
movieview
mp
mpage
mpath
mpdconf
mq
mquery
mr
mrpage
mru
ms
msg
msg1
msgContent
msgcachesize
msgexpired
msgfield
msgid
msgno
msgnoaccess
msgs
msgtype
msg_author_id
msg_author_name
msg_date
msg_id
msg_ip_address
msg_post
msg_post_key
msg_sent_to_count
msg_title
msi
msid
msn
msnicon
msq1
msqur
mss
mssql
mssqlcon
msubj
mt
mtext
mtime
mto
mtu
mtxMessage
mtype
mu
multi
multifieldid
multifieldname
multiline
multipart_boundary
multipath
multiple
multiplier
multi_number
multi_version
muser
musername
music
must_skip
mute
mv
mvarfmt
mvdi
mve
mw
mx
my
myEditor
mybbdbh
mybbdbn
mybbdbp
mybbdbu
mybbindex
mybulletin
mycode
myip
mylogout
myname
mypassword
mysql
mysqlcon
mysqlpass
mysqls
mytribe
myusername
mz
n
n1
nID
na
namE
name
name1
name2
name3
namedItemsOnly
named_ptr
namefe
namelist
nameren
names
namespace
namespaceHTMLElements
name_column_width
name_prober
name_theme
name_type
nargs
nat
natport
natreflection
natural
nav
navigation
nb
nbytes
nb_archive
nb_archive_total
nb_event
nb_event_total
nc
ncbase
nd
ne
needAuth
need_value
need_wheel
neg
nentries
nere
nested
nest_limit
net
netboot
netgraph
netloc
netmask
network
networkwide
nevergonna
new
newControl
newDir
newDirectory
newDueDate
newFileName
newGame
newGroup
newHeight
newLoanDate
newMonitor
newName
newPass
newPass2
newPassword
newPassword2
newPath
newPlaylistDescription
newPlaylistTitle
newProject
newSite
newText
newUser
newValue
newVideoCategory
newVideoDescription
newVideoTags
newVideoTitle
newWidth
newWindow
newX10Monitor
newaccount
newalbum
newcat
newcategory
newcode
newcomment_author
newcomment_author_email
newcomment_author_url
newcontent
newdb
newdid
newdir
newdirectory
newdocgroup
newemail
newer
newf
newfile
newfolder
newgroup
newgroupname
newid
newids
newlang
newline
newmessage
newname
newnick
newowner
newpage
newpass
newpass1
newpass2
newpassword
newpassword2
newpath
newpref
newprefix
newpw
newpw2
newpwd
newrule
news
newscan
newsid
newsletter
newstatus
newtag
newtemplate
newtext
newtheme
newtime
newtitle
newtype
newuser
newuseremail
newusergroup
newusername
newvalue
newver
newwin
new_attr
new_autor
new_cat_nonce
new_lines
new_post
new_post_id
new_prefix
new_role
new_slug
new_status
new_title
new_topic
next
nextPage
nextid
nextserver
next_file
next_page
next_update
next_url
nf
nf1
nf4c
nf4cs
nfid
nfile
ng
ngIf
nh
ni
nick
nickname
nid
nike
nivoslider4wp_animSpeed
nivoslider4wp_colsBox
nivoslider4wp_effect
nivoslider4wp_file_id
nivoslider4wp_file_type
nivoslider4wp_height
nivoslider4wp_js
nivoslider4wp_pauseTime
nivoslider4wp_rowsBox
nivoslider4wp_width
nj
njfontcolor
njform
njlowercolor
nk
nl
nm
nmdf
nn
no
noChangeGroup
noOfBytes
noRedirect
noaction
noajax
noalert
noantilockout
noapi
nocache
nochange
noconcurrentlogins
noconfirmation
node
nodeid
nodename
nodenames
node_id
node_name
node_permission_cache
node_title
nodnsrebindcheck
nodraft
noedit
noexpand
nogrants
noheader
nohtml
nohttpreferercheck
nohttpsforwards
nojs
nolang
nolimit
nolog
nom
nomacfilter
nombre
nome
nometool
nomodify
nonames
nonat
nonce
none
nonemptycomments
noofrows
nopackages
nopass
nopeer
nopfsync
noquery
nordr
noredir
noredirect
noreload
normalize
normal_access
normcase
noserve
nossl
nosync
not
notactivated
notapache
notdeleted
note
noteid
notes
noti
notice
notices
notice_numbers
notice_reference
notice_theme_id
notification
notificationCode
notificationType
notifications
notify
notify_answer
notify_modq_emails
notify_status_change
notmodrewrite
notrap
notsent
not_spam
not_valid_after
not_valid_before
nounce
noupdate
nowarn
nowarned
nowmodule
noxml
no_binary
no_color
no_ep
no_proxy
no_report
no_type
no_user_config
no_wrap
np
npage
npassword
npassworda
npw
nq
nr
nrows
nrresults
ns
nsOM5D77dIUkR8Hrw
nslookup
nsql
nt
ntp1
ntp2
ntporphan
nu
nuf
nuked
null
num
numExtended
numail
number
numberposts
numbers
numbytes
numlabel
numterms
numwant
num_pools
num_workers
nurld
nurlen
nv
nw
nx
ny
nz
nzbpath
n--hash
o
oID
oa
oauth
oauth_token
ob
obfuscate
obgz
obj
object
objectIDs
objects
object-or-false
object_hook
object_pairs_hook
objtype
obtain
oc
occ
occupation
od
odb
odbccon
odbcdsn
odbcpass
odbcuser
oe
of
off
officeCode
offline
offset
og
ognlUtil
oh
oi
oid
oitar
oj
ok
ol
old
oldEmail
oldMountPoint
oldPassword
oldPlaylistTitle
oldaction
oldcache
olddir
oldemail
older
oldfilename
oldform
oldname
oldpass
oldpassword
oldpasswrd
oldpermissions
oldpwd
oldtime
oldusername
old_attr
old_autor
ololo
om
omit_optional_tags
omit_repeated_times
on
onclick
ondemand
onerror
oneshot
online
onlinestatus
only
onlyfind
onlyforuser
onlyimage
only_binary
only_contains_ca_certs
only_some_reasons
onserver
onserverover
onw
on_lbrace_func
on_page
on_rbrace_func
on_returncode
on_stderr
oo
oof
op
opacHide
opaque
opauth
open
openbasedir
openclose
opened
opener
openid
openings
open_brace
open_invite
open_time_date
open_time_time
open_topic
oper
operation
operations
operator
opinion
opml
opname
opposite
opslimit
opt
optimization
optimize
optimizer
optin
option
optional
options
option_dict
option_page
optsep
opwd
oq
or
oracle
oraclecon
orange
orauser
ordDate
order
orderBy
orderByColumn
orderId
orderNo
orderNumber
orderType
orderby
orderbydate
orderdir
orderid
ordering
orders
order_by
order_direction
order_id
order_value
org
orgajax
organization
organizationName
organizationalUnitName
orientation
origin
original
original_id
original_pagetext
original_response
origname
orig_bases
orionprofile
os
ostlang
os_destination
os_release_file
ot
other
otherattachments
otp
ou
ouT
out
outbox
outfile
output
outputdir
output_dir
ov
overdue
overflow
overlap
overmodsecurity
override
overrideID
override_encoding
overwrite
overwriteconfigxml
ow
owner
ox
oy
oz
p
p1
p1entry
p1index
p2
p2ajax
p2entry
p2index
p2p
p3
p4ssw0rD
pDesc
pID
pMail
pName
pPage
pPass
pPassConf
pUID
pW
pa
paID
pack
package
packageName
packages
package_dir
package_name
packed
pad
padID
padding
pad_edge
page
pageID
pageId
pageNum
pageOwner
pageSize
pageTitle
pageType
pageborder
paged
pageid
pagename
pageno
pagenow
pagenum
pagenumber
pageop
pager
pages
pagesize
pagestart
pagestyle
pagetext
pagetext_html
pagetext_simp
pagetitle
page_author
page_columns
page_end_date
page_id
page_options
page_start_date
page_status
page_url
pagination
paid
pais
paleblue
palette
pan
panType
panel
paper
paperclip
paporchap
par
para
param
param1
param2
parameter
parameters
parameter-procedure
parameter_numbers
paramiko
params
param_decls
paranoia
parent
parentID
parentId
parentdir
parentemail
parentfieldid
parentid
parentqueue
parenttab
parent_id
parent_req_name
parid
parked
parseAll
parseSchema
parser
parseurl
part
partial
partial_length_ok
partition
partner
partnerId
partner_id
partner_income
pasS
pass
pass1
pass2
passWord
passd
passed_captcha
passenger
passf
passgen
passive
passkey
passlength
passold
passphrase
passthrumacadd
passthrumacaddusername
passthru_dowhat
passw
passwd
passwd1
passwd2
passwdList
password
password1
password2
password3
passwordConfirm
passwordc
passwordconfirm
passwordconfirm_md5
passwordfld
passwordfld1
passwordfld2
passwordgenmethod
passwordkey
passwordnotifymethod
passwords
password_conf
password_current
password_md5
password_new
password_override
passwrd
passwrd1
passwrd2
pass_hash
past
paste
pat
patch
path
path2news
pathPrefix
pathf
paths
path_length
pattern
pause
pax_headers
pay
payload
payment
paymentAmount
paymentData
paymentId
paymentStatus
paymentType
payments
paypal
paypalListener
pb
pc
pcid
pcoip
pd
pda
pdel_reason
pdel_userid
pdel_username
pdf
pdnpipe
pdocon
pdodsn
pdopass
pdouser
pe
peace
peerstats
peer_name
pen
pending
perPage
percent
perform
period
periodidx
periodo
perm
permStatus
permalink
permalink_structure
permanent
permerror
permission
permissionViolation
permissions
permission_custom_error
permission_showtopic
permitted_subtrees
perms
perms0
perms1
perms2
perms3
perms4
perms5
perms6
perms7
perms8
perms9
perpage
persist
persistcommonwireless
persistent
person
personId
personal
personality
peruserbw
per_page
pf
pfrom
pftext
pf_content
pf_topic_format
pg
pgdb
pgj-heu05HQM
pgport
pgsql
pgsqlcon
pgt
pgtId
pgtIou
pguser
pg_net_amount
pg_payment_id
pg_result
pg_salt
pg_sig
ph
phase
phone
phone1
phone2
phone3
phoneNr
phonenumber
photo
photoid
photo_description
photo_src
php
phpMyAdmin
phpThumbDebug
phpbb
phpbbdbh
phpbbdbn
phpbbdbp
phpbbdbu
phpbbkat
phpcode
phpenabled
phperror
phpev
phpexec
phpids
phpinfo
phpini
phpsettingid
phpsettings
phpvarname
phpver
php_path
phrase
pi
piasS
pic
pick
pickfieldcolname
pickfieldlabel
pickfieldname
pickfieldtable
picklefile
pics
pictitle
picture
pid
pids
pin
pin2
pin2enc
ping
ping_addr
ping_status
pink
pinned
pipe
pipelined
pipi
piq1JM4fHfyr6DDUI
pj
pk
pkey
pkg
pkgrepourl
pkgs
pl
place
placeID
placeName
placement
plain
plaintext
plan
platform
platforms
platform-version
platlib
plat-name
plat_specific
play
player
playlist
playlistDescription
playlistTitle
plid
plname
plug
plugin
plugins
plugi_can_report
plugi_desc
plugi_file
plugi_gperm
plugi_title
plus
plusminus
pm
pmaCookieVer
pma_charset
pma_fontsize
pma_lang
pma_mcrypt_iv
pma_switch_to_new
pmid
pmnotif
pms
pmsg
pn
pname
png
po
pod
podcastauthor
podcastexplicit
podcastkeywords
podcastsize
podcastsubtitle
podcasturl
point
pointer
points
policies
policy_identifier
poll
pollOptions
pollQuestion
pollid
polloptions
pollport
pollvote
poll_body
poll_clear
poll_close
poll_days
poll_delete
poll_multi
poll_reply_id
poll_title
poll_vote_change
pool
poolname
poolopts
pools
pool_block
pool_connections
pool_kwargs
pool_maxsize
pool_timeout
pop
pop3host
popup
popuptitle
popuptype
popupurl
pop_prefix
porder
port
port1
portalauth
portbc
portbl
portbw
portscanner
pos
posi
position
position_aport
position_gogo
position_google
position_livesearch
position_on_page
position_rambler
position_yahoo
position_yandex
posix
post
post1
post2
postData
postId
postParse
postRedirect
postafterlogin
postal
postback
postcode
postcount
postdate
postdateline
posted
postedText
poster
posterid
posteruserid
poster_id
poster_ip
postfrom
postgroup
postgroups
posthash
posticon
posticonid
posticonpath
posticontitle
postid
postpoll
posts
postsperday
postsperpage
poststarttime
posttext
posttime
posttitle
postto
posttype
postuser
postuserid
postusername
postvars
postvisible
post_ID
post_approved
post_author
post_category
post_content
post_count
post_date
post_date_gmt
post_edit_reason
post_end_date
post_excerpt
post_format
post_gmt_ts
post_htmlstate
post_id
post_interp
post_key
post_mime_type
post_modified
post_modified_gmt
post_name
post_parent
post_password
post_start_date
post_status
post_statusicon
post_statustitle
post_style
post_subject
post_text
post_time
post_title
post_type
post_view
potentalid
potentialid
power
pp
ppage
ppdebug
ppid
ppp
pppoeid
ppsflag2
ppsflag3
ppsflag4
ppsfudge1
ppsport
ppsrefid
ppsselect
ppsstratum
pq
pr
pre
preauthurl
precedence
precmd
predefined
pref
preference
prefer_binary
prefetch
prefetchkey
prefix
prefixid
prefixlen_diff
prefix_path
prefix_plain_html
prefix_rich
prefork
preg
prehash
preload
preload_content
prenom
prepare
preparer
prepopulate
preposts
prepostsproc
prereleases
prereq
prescription
presence
preserve_mode
preserve_symlinks
preserve_times
preset
press
pressthis
pretty
prev
preventDashAtCommentEnd
preventSingleQuotePubid
preview
previewed
previewwrite
preview_id
preview_iframe
preview_nonce
preview_posts
previous
prevpage
prev_page
prev_tokenizer
pre_run
pri
price
priceCurrency
prices
prices_name
prices_percent_to_basic
prices_users_group
price_from
price_to
primary
primaryconsole
primarymodule
primary_blog
principal
print
printResults
printer
printview
print_order
prio
priority
priority1
priority2
priority3
priv
privacy
private
privatekey
private_key
private_value
privid
privileges
prj
pro
proNo
probability
probe
problem
procedure
proceed
process
processed
processing
processlist
processlogin
processorArchitecture
producer_description
producer_id
producer_name
producer_order
producer_path
product
productDescription
productcode
productid
productlist
productname
products
producttype
product_id
prod_keyword
prof
profile
profileId
profileUser
profilefieldcategoryid
profiler
profiles
profile_post_id
profile_username
profile_user_id
profiling
prog
program
progress
progresskey
progress_bar
progress_filter
progress_func
progress_key
project
projectID
projectid
projection
projectionxy
projects
project_name
project_urls
promiscuous
promote
prompt
prompting
prop
properties
property
protect
protection
protmode
proto
protocol
protocomp
prov
provider
province
proxies
proxy
proxyhost
proxyhostmsg
proxyip
proxypass
proxypassword
proxyport
proxypwd
proxyurl
proxyuser
proxyusername
proxy_addr
proxy_basic_auth
proxy_headers
proxy_password
proxy_port
proxy_rdns
proxy_type
proxy_url
proxy_username
prune
pruningOptions
prv
ps
ps2pdf
psd
pseudo
psid
psk
psubmit
pt
ptID
pto
ptp
ptpid
ptr
ptype
pu
puT
pub
pubdate
pubkey
public
publicId
publicUpload
publickey
public_exponent
public_key
public_numbers
publish
published
publisher
publisherID
publisherName
pull
pulse
pulse_style
purchaseid
purchaseorderid
purelib
puremode
purge
purgedb
purple
purpose
purse
push
pv
pval
pw
pw2
pwd
pwdwso
px
py
pycode
pycompile
pymalloc
pypy_major
pypy_minor
python
python-tag
python_buffer
python_callable
python_version
pyversion
py-limited-api
py_major
py_modules
py_version
py_version_info
pz
p_dateline
p_title
q
q2
q3
qE
qG_del
qG_ins
qG_nl
qG_remnl
qG_up
qa
qact
qact2
qact3
qaction
qatv9s
qaz
qb
qc
qcontent
qd
qe
qf
qg
qh
qi
qid
qindsub
qiwi_payment_options
qj
qk
ql
qm
qmrefresh
qm_display_admin_bar
qn
qo
qop
qp
qq
qqfafile
qqfile
qr
qs
qstring
qsubject
qt
qty
qtype
qu
qual
quality
quals
quantity
quantityBackup
querY
query
queryPart
queryString
queryType
queryb64str
querysql
querytype
quest
question
questionid
questions
queue
queued
quick
quickReturnID
quicklogin
quickmanager
quickmanagerclose
quickmanagertv
quickmod
quickpress_post_ID
quickreply
quick_reg
quick_reply
quiet
quietlogin
quirks
quitchk
quizid
qunfatmpname
quota
quote
quotechar
quoteid
quotes
quote_username
qv
qw
qwe
qx
qy
qz
r
r00t
r1
r2
r3
r4
rID
rM
rN
ra
race
radPostPage
radio
radiobutton
radius
radiusacctport
radiusenable
radiusip
radiusip2
radiusip3
radiusip4
radiusissueips
radiuskey
radiuskey2
radiuskey3
radiuskey4
radiusnasid
radiusport
radiusport2
radiusport3
radiusport4
radiussecenable
radiussecret
radiussecret2
radiusserver
radiusserver2
radiusserver2acctport
radiusserver2port
radiusserveracctport
radiusserverport
radiusvendor
radns1
radns2
radomainsearchlist
rage
ragename
rainterface
raise_errors
raise_on_redirect
raise_on_status
raising
ramode
rand
randkey
random
range
rang_id
rank
ranking
rapriority
rasamednsasdhcp6
rate
rating
ratings
ratio
raw
rawAuthMessage
rawfilter
rb
rback
rc
rd
rdata
re
read
readannouncement
reader
reading
readme
readonly
readregname
ready
read_aheads
read_size
realName
realm
realname
realpath
reason
reasons
reasontype
reauth
reauthenticate
reauthenticateacct
reboot
reborrowLimit
rebroadcast
rebuild
rec
recache
recapBy
recaptcha
receipient
receipt
receivepm
receiver
recent
recheckqueue
recherche
recip
recipient
recipientAmount
recipientCurrency
recipients
recommend
reconstruct
record
recordID
recordNum
recordOffset
recordSep
recordType
recordcount
recordid
records
recordsArray
record_filename
recount
recover
recovered
recoveryPassword
recreate
recsEachPage
recurrence
recurring
recurringtype
recurse
recursive
recvDate
recv_token
red
redacted
reddi
redfi
redir
redirect
redirectUri
redirection
redirectto
redirecturi
redirecturl
redirect_action
redirect_hits
redirect_on
redirect_stderr
redirect_stdout
redirect_to
redirect_uri
redirect_url
redirurl
redir_uri
redir_url
ref
reference
referer
referer2
referid
referral
referredby
referrer
referrername
refid
refkod
reflags
reflectiontimeout
refresh
refreshinterval
refresh_per_second
refuid
refund
refurl
refuse
reg
regDate
regSubmit
regcountry
regdhcp
regdhcpstatic
regdomain
regenerate
regex
regexp
regid
reginput
region
register
registered
registration
registre
reglocation
regname
regtype
regularity
regval
reinit_subcommands
reinstall
rel
rela
related
relatedmodule
relation
relations
relationship
relationships
relative
relative_name
relative_to
relay
relayd
release
releasedate
release_conn
relevance
relmodule
reload
reloadfilter
relpathinfo
rem
remail
remark
remarks
remdays
remember
rememberMe
rememberme
remember_me
remhrs
reminder
remipp
remmin
remot
remote
remotefile
remoteip
remotekey
remotescan
remoteserver
remoteserver2
remoteserver3
remove
removeAll
removeFines
removeID
removeOldVisits
removeVariables
removeall
removefields
removeheader
removeid
removemp
removep
removesess
removewidget
remove_folder
remove_store
rempool
ren
rename
renameext
renamefile
renamefileto
renamefolder
rename_folder
render
renderfields
renderforms
renderimages
renderlinks
renewmaillist
renf
rennew
renold
rensub
reopen
reorder
reorder_by
repair
repass
repassword
repeat
repeatMonth
repeatable
repl
replace
replaceWith
replacefunc
replacement
replacement_content
replace_conflicting
replace_with
replayMode
replies
reply
replylink
replyto
replytocom
repo
repopulate
report
reportContentType
reportType
reportView
reportfun
reporthook
reportid
reportname
reports
reportsent
reports_path
reports_to_db
reports_to_fs
repository
repositoryurl
reppower
repr
reputation
reputationdisplay
reputationlevelid
reputation_base
reputation_green
reput_manage
repwd
rep_id
req
req128
reqFor
reqType
reqid
reqs
request
requestKey
requestcompression
requestid
requestname
requests
request_context
request_method
request_url
require
requireAgreement
required
requiredData
required_input
requirement
requirements
requires_python
require_explicit_policy
require_features
require_hashes
require_matching_tags
require_writable
req_description
req_flags
req_tracker
res
rescan
rescanerrors
rescanwifi
resend
resent
reserveAlert
reserveID
reserveItemID
reserveLimit
reserved
reset
resetPassword
resetVoteCount
resetheader
resetkey
resetlog
resetlogs
resetpass
resetpasskey
resetpassword
resettext
resetwidgets
reset_hash
reset_installs
reshares
residence
resize
resizefile
resizetype
resolution
resolve
resolve_symlinks
resource
resourcefile
resources
resource-type
responder_id
response
responsecompression
response_type
responsive
respuesta
rest
restart
restartchk
restock
restore
restorearea
restorefile
restrict
rest_route
resubmit
result
resultXML
resultid
resultmatch
results
resume
resync
ret
retreat
retries
retrieve
retry
retry_on_exception
retry_on_result
returl
return
returnID
returnURL
returnUrl
returnaction
returnpage
returnsession
returnto
returnurl
return_to
rev
reveal
reverse
reverseacct
reversed
revert
review
revision
revocation_date
revoke
revokeall
revoked_certificates
rewrite
rf
rfc959workaround
rfc2109
rfile
rfiletxt
rg
rh
ri
rich
richtext
rich_editing
rich_tracebacks
rid
right
rights
right_id
rj
rk
rl
rm
rmFiles
rmdir
rmid
rminstall
rmver
rn
rname
ro
roaming
robotsnew
rocommunity
role
roleid
rolename
roles
rollback
rollbits
room
root
rootdir
rootpath
root_dir
root_level
root_path
ros
rotate
rotatefile
round
rounds
route
routeid
routes
routines
row
rowId
rowid
rownum
rownumber
rows
rowspage
row_styles
rp
rpar
rpassword
rport
rpp
rp_key
rq
rr
rrdbackup
rrule
rs
rsargs
rsd
rss
rssfeed
rssmaxitems
rssurl
rsswidgetheight
rsswidgettextlength
rst
rstarget1
rstarget2
rstarget3
rstarget4
rt
rtl
rto
ru
rule
ruledef
ruledefgroup
ruleid
rules
ruletype
run
runQuery
runState
runcmd
runer
runid
runner
runsnippet
runtests
runtime_library_dirs
run_name
rurl
rv
rvm
rw
rwcommunity
rwenable
rx
rxantenna
ry
rz
r_byeurl
s
s3bucket
s3key
sColumns
sEcho
sHw
sID
sName
sSearch
sYear
sa
sabapikeytype
sabsetting
saction
safe
safecss
safefile
safemodz
safe_box
saleprice
salesrank
sales_order_begin_date
sales_order_end_date
sales_order_grouping
saller_id
salt
salutation
same
sameall
samemix
samlDownloadMetadataBtn
sample
sampledata
sandbox
sat
save
saveData
saveField
saveKardexes
saveLogs
saveNback
saveNclose
saveNcreate
saveNedit
savePath
saveToFile
saveZ
saveandclosedok_x
saveandnext
saveasdraft
saveauthors
saveclose
saveclose_x
saveclose_y
saveconf
savecopy
saved
savedok_x
savedraft
savefile
savefilename
savefilenameurl
savefolder
savefolderurl
savegroup
savehostid
saveid
savelist
savemode
savemsg
saveoptions
savepms
savesettings
savetest
savewidget
savewidgets
save_con
savmode
say
sb
sbjct
sc
sca
scale
scalepoints
scalingup
scan
scdir
scenario
scene
scflags
sched
schedule
schedule0
scheduled
schema
scheme
school
schooldatex
scid
scope
score
scores
screen
screen_id
screen_number
script
scripting
scripts
scriptsaction
script-dir
script_args
script_dir
script_name
script_text
scrollto
scrolltothis
scrubnodf
scrubrnid
sc_apikey
sd
sday
sdb
sdctr
se
seC
sea
searcc
search
searchClause
searchClause2
searchField
searchFor
searchId
searchKey
searchName
searchOper
searchQuery
searchString
searchTerm
searchText
searchType
searchUsername
searchable
searchaction
searchadvcat
searchadvgroups
searchadvposter
searchadvr
searchadvsizefrom
searchadvsizeto
searchbox
searchby
searchfield
searchid
searchin
searchip
searchlabel
searchstring
searchterm
searchtext
searchtype
searchuser
searchval
search_field
search_key
search_path
search_scope
season
sec
seclev_submit
second
seconds
secret
secretKey
secs
sect
section
sectionid
sections
secu
secure
securesubmit
security
securityToken
securityscanner
security_attributes
sedir
seed
seek
segment
sel
selCountry
selday
sele
select
selectAmount
selectall
selectcategory
selected
selectedDoc
selectedTable
selectedmodule
selected_language
selected_posts
selection
selection_prefs
selectlist
selectop
selector
selectvalues
select_order
self
selfClosing
selfclosing
self_id
sellernick
selmonth
selyear
sel_city
sel_city_area
send
sendTo
sendactivation
sendemail
sender
senderEmail
sendfile
sendit
sendmail
sendmethod
sendmsg
sendpassword
sendtime
sendto
send_approve
send_as_fascicle
send_exchange
send_immediately
send_message
send_new_password
send_password
send_private_message
send_prove_pays
send_prove_trans
send_user_data
senha
senm
sent
sentence
sentitems
sent_message
seourl
seo_characteristic_id
seo_characteristic_pr
seo_characteristic_yc
seo_search_query_id
seo_search_query_value
sep
separate
separator
separators
septext
sep_boundary
seq
seqNumber
seqnum
sequence
ser
serdir
serial
serialID
serialize
serializeddisplay
serializedprofile
serializeduser
serializer
serialport
serialspeed
serial_number
serie
series
seriesTitle
serveR
server
serverId
servercn
serverid
serverip
servername
servers
serversdisabled
servertype
serverurl
server_hostname
server_side
service
serviceId
serviceName
services
servicestatusfilter
service_id
sesc
sess
sessid
sessidpass
session
sessionId
sessionhash
sessionid
sessions
session_id
sesskey
set
setDefault
setID
setMetrics
setPublic
setUserAgent
setdefault
setlang
setlanguage
setname
setoption
setrw
settags
setting
settings
settingset
settype
setup
setupid
setuptools
setup_py_path
setup_script
setype
set-value
set_attrs
set_author_name
set_author_url
set_emo_dir
set_hide_from_list
set_image_dir
set_is_default
set_key
set_minify
set_name
set_output_format
set_parent_id
set_permissions
set_permissions_all
severity
sex
sf
sfilename
sfilter
sflags
sfldr
sfname
sftp_si
sg
sh
sh3
sh311
sha1
sha256
shadow
share
shareType
shareWith
shared
sharednet
sharing
shell
ship
shipping
shiptobilling
shop
shopId
shopping
shop_coupon_text
shop_discount_id
shop_eitem_id
shop_group_id
shop_id
shop_item_id
shop_order_status_id
shop_producers_list_bik
shop_producers_list_fax
shop_producers_list_inn
shop_shops_id
shop_system_of_pay_id
short
shortcode
shortcut
shortname
shortseq
shorturl
short_text
should_ignore
shout
shoutbox
show
showAll
showCheckbox
showFooterMessage
showIndex
showSource
showThumbs
showUnhideDialog
showact
showall
showbd
showbirthday
showcoord
showdupes
showemail
showevent
showfiles
showforum
showh
showinactive
showinfo
showmessage
shown
showpage
showqueries
showreputation
showsc
showsignature
showslow
showtagfiles
showtemplate
showtext
showthumbs
showtopic
showuser
showwysiwyg
show_choices
show_default
show_deprecation
show_edge
show_footer
show_header
show_ip
show_level
show_lines
show_locals
show_path
show_stdout
show_time
si
sid
side
sidebar
sidebars
sidx
sig
sighasimages
sign
signature
signatureparsed
signatures
signed
signer
signin
signout
signup
signup_for
signup_form_id
sign_password
silent
silver
simpin
simpledb
since
single
singleout
single_connection
site
siteId
siteName
sitedirs
sitedown
siteid
sitemap
sitename
sites
sitetitle
siteurl
site-dirs
site_id
site_users_address
site_users_city
site_users_company
site_users_country
site_users_email
site_users_fax
site_users_icq
site_users_id
site_users_login
site_users_name
site_users_password
site_users_patronymic
site_users_phone
site_users_postcode
site_users_site
site_users_surname
site_user_email
site_user_login
site_user_password
sitter1
sitter2
size
sizehint
sizes
sizey
size_too
sj
sjid
sk
skid
skin
skinName
skinname
skip
skipANDROID
skipIOS
skiplang
skipped
skippostcount
skips
skip_accept_encoding
skip_certs
skip_disconnected
skip_host
skip_missing
skip_regex
skip_unknown
sku
skype
skypeicon
sl
sleep
slid
slide
slogan
slot
slug
sm
smart
smartmonemail
smartpagebreak
smf
smfdbh
smfdbn
smfdbp
smfdbu
smile
smiley
smode
smodule
smonth
smooth
sms
smtp
smtpPassword
smtpPort
smtpfromaddress
smtpipaddress
smtpnotifyemailaddress
smtppassword
smtpport
smtprelay
smtpssl
smtptls
smtpusername
sn
sname
snaplen
snapshot
snatched
snippet
snmpscanner
snn
sns_type_id
so
soap
soapenv
sock
socket_options
soft_wrap
solrsort
some
somekey
somestuff
something
some-package
soname
song
songid
sord
sorder
sort
sort2
sortBy
sortDir
sortField
sortKey
sortOrder
sortable
sortby
sortdir
sortdirection
sortfield
sorting
sortname
sortorder
sorttable
sorttype
sort_by_field
sort_key
sort_keys
sort_order
sound
source
sourcedir
sourcedirectory
sourcefolder
sourcego
sourceip
sourceport
sources
sourcetracking
source_address
source_dir
source_extension
sp
space
spaceKey
spage
spam
spamcheck
spamlog_postid
spammed
spammer
span
spans
spass
spec
specDetailInfo
special
specialFiles
specialchars
speciallogfile
specialsettings
specifiedpassword
specifier
specifiers
specs
speed
spelling
spellstring
spinner
spinner_style
spin_chars
split
splitter
spn
spoiler
spoofmac
spooler
sport
spot
spots
spread
spy
sq
sqconf
sqdbn
sql
sqlaction
sqlcode
sqldebug
sqldp
sqlf
sqlfile
sqlhost
sqlhost1
sqlhost2
sqlhost3
sqlhost4
sqlite
sqlite2
sqlog
sqlpass
sqlpass1
sqlpass2
sqlpass3
sqlpass4
sqlport
sqlport1
sqlport2
sqlport3
sqlport4
sqlportb1
sqlportb2
sqlportb3
sqlportb4
sqlquery
sqlty
sqltype
sqluser
sqluser1
sqluser2
sqluser3
sqluser4
sqlwxp
sql_base
sql_count
sql_delimiter
sql_host
sql_login
sql_pass
sqprt
sqpwd
sqquery
sqsrv
sqtid
square
sr
src
srcbeginport
srcbeginposrt
srcdir
srcdirectory
srcendport
srcfmt
srcfolder
srch
srcmask
srcnot
srcport
srctext
srctrack
srctype
src_addr
src_dir
srm
srname
srv
ss
sse
ssearch
sserver
sshdkeyonly
sshport
ssi
ssid
ssl
ssl_context
ssl_version
ss_format
ss_quality
st
stUpload
stack
stacklevel
stacks
staff
staffId
stage
stamp
standalone
standard
star
starred
stars
start
start2
startDate
startIndex
startMonth
startTime
startat
startbtn
startdate
startday
startdisplayingat
startinline
startmonth
startnum
startpageonly
startpga
startpool
starts
starttime
startval
startyear
start_date
start_from
start_line
stat
state
stateOrProvinceName
stateid
states
statetable
statetimeout
statetype
static
staticarp
station
statistics
stats
statsgraph
status
statusID
statusicon
statusid
statustitle
status_code
status_codes
status_forcelist
statut
stat_pph
stat_ppr
stay
stb_lang
stc
std3_rules
stdDateFilter
stdDateFilterField
stderr
stdin
stdlib
stdout
std_used
step
step0
step1
step1_1
step1_2
step2
step3
step4
step5
step6
step7
step8
step9
stepid
stepnumber
steps
step_1
step_1_1a
step_2
step_3
step_4
step_lng
stereo
stick
stickunstick
sticky
stime
stock
stockCodeInternal
stop
stopOn
stopbtn
stoppga
stoppool
stoptime
stop_func
stop_max_delay
storage
storagegroup
store
stories
story
storyid
stp
str
strFormId
strHtml
strId
strProfileData
strReferrer
strategy
stream
streamMode
streamreader
streamwriter
stream_id
street
strict
strictbind
strictcn
strict-optional
strict_map_key
strict_types
strike
strin
string
strings
stringtoh
string-ci
string-locale
string-locale-ci
string_title
string_url
strip
stripeToken
struct
structname
structure
structure_id
strukt
sts
stub
student
studentidx
students
stuff
stuid
style
styledefs
styles
stylesheet
style_prefix
stype
su
sub
subGenre
subId
subacc
subact
subaction
subcanemaildomain
subcat
subcategory
subconst
subdir
subdirectory
subdirs
subdom
subdomain
subdomains
subdomain_install
subfiles
subfolder
subform
subid
subj
subject
subjectType
subjectid
subject_name
subjoin
sublogin
submail
submethods
submit
submit1
submit2
submit3
submit4
submitAdd
submitEmail
submitFilter
submitReset
submitThemes
submitcollation
submitf
submithtaccess
submitok
submitoptions
submitorderby
submitrobots
submitted
submitv
submit_clear
submit_comment
submit_delete
submit_download
submit_export
submit_file
submit_load
submit_lost
submit_mark
submit_question
submit_reg
submit_save
submit_val
submit_x
submit_y
submode
subname
subnet
subnetv6
subop
subpage
subqcmnds
subs
subscribe
subscribed
subscribers
subscription
subscriptionId
subscriptionid
subsection
subset
substep
substruc
subsubaction
subtab
subtitle
subtotal
subtype
suburb
subwdata
sub_can_post
success
suffix
suggester
sum
summary
sunrise
super
super_admin
supplied_platform
supplierAccount
supplierContact
supplierEmail
supplierFax
supplierID
supplierName
supplierPhone
supplierPlace
support
supported_tags
supportfor
support_assign
suppr
suppress_GT
suppress_LT
suppress_logging
suppress_no_index
suppress_ragged_eofs
supprimer
sure
surname
survey
suser
suspend
sv
svdi
svff
svg
svg_allow_local_href
svr
sw
swekey_reset
switch
sword_list
sx
sxd
sy
syear
sym
symbol
symgo
symlink
symlinks
symlinktarget
sync
syncfilter
synchronize
synchronizetagsfrom
synconupgrade
syntax
sys
syscmd
syscontact
sysemail
sysevents
syslocation
sysparm_limit
sysparm_nostack
sysparm_offset
system
systemId
system_income
system_of_pay_id
system_sites
sys_id
sys_module_admin
sys_module_description
sys_module_key
sys_module_parent
sys_module_protected
sys_module_title
sys_module_version
sys_module_visible
sz
t
t1
t2
t3
t3rr0r
t24
tID
tYHNbwKMeQ
ta
tab
tab1
tabAction
tabid
tabla
table
tableFields
tableId
tableList
tableName
tablename
tableprefix
tables
table_column
tablo
tabmodule
taboutputdir
tabs
tab_size
tac
tag
tagId
tagcloudview
tagged
tagid
taglist
tagname
tags
tags_input
tagtypes
tagvalue
tag-build
tag_ID
tag_base
tag_group_id
tag_length
tag_limit
tag_name
tag_new
tag_old
tarfile
target
targetService
targetboard
targetid
targetip
targetname
targets
targetspn
target_dir
target_is_python
target_lang
target_python
tarinfo
task
taskID
taskid
tasks
tax
taxid
taxonomy
taxrate
taxtype
tax_ID
tax_input
tax_type
tb
tbl
tbls
tbname
tb_id
tc
tcp
tcpidletimeout
tcpmssfix
td
tdel_reason
tdel_userid
tdel_username
tdir
te
teacher
team
teamid
tel
telephone
temat
temp
tempLoanID
tempName
tempd
template
templateFile
templateID
templatefile
templateid
templatename
templates
templates_group_id
templates_group_name
templates_id
templates_name
templates_order
templates_value
template_content
template_data
template_group
template_id
template_setter
template_type_id
temp_ID
temp_build_dir
temp_dir
tenant
term
terminal_id
terminal_width
terms
test
testCookie
testID
testLoader
testMode
testRunner
testType
testcookie
testdata
testdb
testdbpwd
testemail
testing
testmethods
testmode
tests
testvar
test-module
test-runner
test-suite
test_connection
text
text0Name
textIn
textarea
textcolor
textdomain
textfield
textinputs
textmail
texto
textonly
text-anchor
text_bg
text_fg
text_item
tf
tfid
tftp
tftpinterface
tg
th
thankyou
theme
themeName
themename
themes
theme_close
theme_id
theme_notice
theme_send_letter
theme_stack
theme_title
theme_visible
thisX
thisjobonly
thr
thread
threadID
threaded
threadid
threadread
threadtitle
threadvisible
thread_id
thread_title
thread_visible
threshold
throttle
throwexception
thumb
thumbHeight
thumbWidth
thumbnail
thumbnailattachments
thumbnails
thumbnail_id
thumbs
thumbs_size
thumbs_xy
ti
ticket
ticketbits
ticketid
tickets
ticket_category_id
tid
tids
tile
time
timeFormat
timeIncrement
timeUnit
timedd0
timedescr
timeformat
timeframe
timeint
timelimit
timeoffset
timeout
timeout_value
timer
times
timeservers
timespent
timestamp
timeupdateinterval
timezone
timezonedetection
timezoneoffset
timezone_string
time_format
time_format_custom
tint
tipo
title
titlefeat
titles
title_align
title_seo
titre
titulo
tj
tk
tl
tl24
tld
tm
tmax
tmp
tmpdir
tn
tnumber
to
toAdd
toProcess
toaddress
toboard
todate
todo
todoAction
toggle
toggledisplay
toid
tok
token
tokena
tokenb
tokendefs
tokenfunc
tokens
tokentype
toklist
tomod
tool
toolbar
tools
tooltip
top
topdown
topic
topicID
topicfilter
topicid
topics
topicseen
topicsperpage
topic_firstpost
topic_fixed
topic_id
topic_id_new
topic_open
topic_reply_content
topic_tags
topic_title
topic_title_end
topic_title_st
topnode
toppadding
toppool
topsearch
torrent
torrentid
torrentsperpage
tos
tot
total
totalItems
totalProductCount
totalTracks
totalalignment
totalcount
totalsize
totaltopics
touch
touserid
town
to_address
tp
tpl
tplID
tplName
tpp
tpshcook
tq
tr
trace
traceback
tracebacks_show_locals
track
trackback
tracker
trackinalbum
tracking
tracknoalbum
tracks
trackusers
trackzero
tradercap
traffic
trailing_punctuation
transId
transStatus
transaction
transactionID
transactionId
transaction_amount
transfer
transient
transitional
translate
transport
transport_encoding
trapenable
trappercap
trapserver
trapserverport
trapstring
trash
trashed
tree
treebuilder
treestyle
tresc
tribe
trid
trigger
triggers
tripi_allow_hash
tripi_compl
tripi_hash
tripi_newntf
tripi_newpm
tripi_password
tripi_user_id
triplet
truecolor
truncate
trust
trusted_hosts
trust_dns
trust_internet
ts
tst
tt
ttl
tu
tunable
tuple
tuser
tv
tvars
tvid
tvname
tw
tweet
twitter
tx
txantenna
txkey
txpower
txt
txtAddComment
txtAddress
txtCaptcha
txtCommand
txtDescription
txtEmail
txtName
txtPHPCommand
txtRecallBuffer
txtUsername
txtsupport
txtwebemail
tx_sysnote_note
ty
tyc
typ
typE
type
type1
type2
type6
typedef_example
typedef_namespace
typefilter
typeid
typename
typeofdata
types
type_
type_id
type_lookup_func
tz
tzinfo
u
u1
u1p
u2
u3
u4
u5
u6
u7
u8
u9
u10
u11
u12
u13
u14
u15
u16
u17
u18
u19
u20
u21
u22
u23
u24
u25
u26
u27
u28
u29
u30
u31
u32
u33
u34
u35
u36
u37
u38
u39
u40
u41
u42
u43
u44
u45
u46
u47
u48
u49
u50
uAgentVersion
uAgents
uAgentsData
uGroups
uID
uN
ua
uagent_name
uagent_regex
ub
uback
uc
ucd
ucs4
ud
udm_action
udrpc_message
ue
uf
ug
ugid_base
ugroup_title
uh
ui
uiAccess
uid
uids
uint
uitype
uj
uk
ul
ul2
ulang
ult
um
un
uname
unban
unbanreason
unbansubmit
unbookmark
unbuffered_output
undelete
undeleted
underline
underline2
undismiss
undo
undodrag
unfiltered
unfoldmenu
unhideNavItem
unicode_errors
uninstall
uniqid
unique
uniqueID
uniqueid
unique-id
unit
unitprice
units
universal_newlines
unknown
unlock
unparsed_data
unpubdate
unpublished
unquoteResults
unread
unreleased
unscheduled
unsecuresubmit
unselectall
unset
unset_environ
unsort
unspam
unspammed
unstable
unstick
unsubscribe
unsynchronizedtags
until
untilDate
untrash
untrashed
unverify
unwatch
unzip
uo
up
upage
upc
upchange
upcom
upcont
upd
update
updateBiblioID
updateData
updateFileID
updateMsgCount
updateRecordID
updateType
updated
updatedb
updatefile
updateid
updateme
updatempd
updater
updates
updateurl
update_details
update_home_url
update_period
update_value
updraftplus_file
updraftplus_googleauth
updraft_restore
upf
upff
upfile
upgrade
upgrade_strategy
upin
upip
upl
upload
uploadForm
uploadPath
uploaddir
uploaded
uploader
uploadf
uploadfile
uploadhd
uploading
uploadloc
uploadpos
uploadurl
upload-dir
upload_data
upload_file
upload_interval
uporder
upports
upsql
uptime
uq
ur
urL
uri
url
url1
url2
urldd0
urldown
urlf
urlfetch_retries
urls
urltype
urlup
us
usage
uscmnds
use
useChardet
useR
useRegex
usecurl
used
usefilename
usegmt
useicmp
usepost
usepublicip
user
userAgent
userDialogResult
userEdit
userEmail
userEnableRecovery
userGroup
userID
userId
userName
userPassword
useraction
useragent
usercss
userdata
useremail
userf
usergroup
usergroupid
usergroupleaderid
userid
userids
userinfo
userip
userlength
userlevel
userlogin
usermail
username
username2
usernamefld
usernoteid
userpass
userpicpersonal
userpromotionid
userrealname
userrole
users
usersaction
usersearch
userselect
userspage
userspec
users_id
users_name
users_superuser
usertitle
usertype
user_agent
user_email
user_forums_read
user_forums_read_all
user_group
user_group_id
user_id
user_login
user_log_file
user_name
user_only
user_password
user_qiwi
uses
useservercerts
usesubform
usetcp
usetoken
use_bin_type
use_cpp
use_datetime
use_dir_lock
use_emo
use_errno
use_html
use_ibc
use_interactive
use_list
use_pep517
use_sig
use_single_float
use_ssl
use_trailing_solidus
use_typograph
use_user_site
usort
usr
usrgroups
usrid
ustname
ustools
ustsub
usuario
ut
utf8
utmac
utmdebug
utmp
utmr
utm_campaign
utm_content
utm_medium
utm_source
utm_term
uts46
utype
uu
uuid
uv
uw
ux
uy
uz
v
vPath
va
val
valid
validate
validateId
validateTrace
validateValue
validate_certificate
validate_point
validation
validator
valor
vals
value
values
values_parser
value_repr
var
var1
var2
varName
varValue
variable
variables
variadic
variant
variants
variations
varname
vars
vartp
vat
vb
vbcodemode
vbrmethod
vbseoaddon
vbseocpid
vbseoembedd
vbseorelpath
vbseourl
vbseo_is_retrtitle
vbseo_loggedin
vbseo_nocleanup
vbseo_redirect
vbseo_retrtitle
vbsq
vbss
vbulletin
vbulletin_collapse
vbxsite
vc
vcheck
vcode
vc_min_ver
vc_ver
vd
ve
vecdo
vector
vendor
vendored_names
vendor_pkg
venue
ver
ver1
ver2
verb
verbatim
verbose
verboselog
verbosity
verification
verified
verify
verifycode
verifyhost
verifypeer
verify_ssl
verse
version
versions
version_check
version_codename
version_info
version_parts
vertical
vertical_overflow
vf
vg
vgrlf
vh
vhid
vhostcontainer
vi
via
vid
video
videoCategory
videoDescription
videoId
videoTags
videoTitle
videoType
videoid
videopress
videos
videosHTML
view
viewBag
viewMode
viewName
viewOption
viewResults
viewUsers
viewall
viewed
viewname
viewonline
views
viewscope
viewscount
viewself
viewtype
viewupgradelog
viewweek
villagename
violet
visibility
visible
visible_theme_id
visualizationSettings
vj
vjcomp
vk
vl
vlanprio
vlanprioset
vm
vmid
vn
vnutr
vo
void
vol
volume
vote
votes
voting
voucher
vouchers
vouchersyncdbip
vouchersyncpass
vouchersyncport
vouchersyncusername
vp
vpassword
vpn
vpntype
vq
vr
vroot
vrt
vs
vt
vu
vuln
vv
vw
vx
vy
vz
w
wa
wait
waitfor
wait_exponential_max
wait_fixed
wait_func
wait_jitter_max
wait_random_max
wait_random_min
wakeall
want
wantdirs
wan_conlist
warn
warned
warning
warnings
warning_id
warning_level
warn_dir
warn_flag
warn_script_location
watch
watermark
way
wb
wb1whnw0A
wbcp
wbp
wc
wctx
wd
wdir
we
web
webfile
webguiport
webguiproto
webid
weblog_title
webpage
webserver
website
websiteId
week
weekdays
weight
welcome
wf
wg
wh
what
whatNodes
wheeldir
wheel_cache
wheel_download_dir
wheel_version
wheel_zip
whence
where
which
white
whitelist
whitespace
who
whom
whw
why
wi
wid
wide
widget
widgets
widget_id
widget_number
width
width_pixels
wiki
wikitext
wildcard
window
window_size
wininst
wins
wins1
wins2
wipe
with
withCount
withdraw
with_field_names
wj
wk
wl
wli
wlk
wm
wmax
wn
wo
woeid
wood
word
wordChars
wordid
wordlist
words
word_default
word_wrap
work
workerId
workflow
workgroup
workingdiR
working_set
wp
wpas
wpdmact
wpdmtask
wpdm_action
wpdm_login_msg
wpnonce
wpseo
wp_nav_menu_args
wp_nav_menu_args_hash
wp_screen_options
wq
wr
wrap
wrapped
wrap_exception
wrcont
wresult
write
writeSchema
writer
write_tables
ws
wsa
wsdl
wser
wstoken
wstype
wt
wu
wv
ww
wwname
wx
wy
wysiwyg
wz
x
x1
x2
x64
x86
x509type
x509_obj
xa
xajax
xajaxargs
xb
xc
xd
xdebug
xe
xf
xff
xf_post_id
xg
xh
xhprof
xhrLocation
xi
xid
xinfo
xj
xjxGenerateJavascript
xjxGenerateStyle
xjxargs
xjxcls
xjxevt
xjxfun
xjxmthd
xk
xl
xm
xml
xmldata
xmldump
xmlns
xmode
xn
xnum
xo
xor
xp
xq
xr
xrds
xs
xsd
xsi
xsl_comment
xsl_dir_id
xsl_dir_name
xsl_dir_order
xsl_format
xsl_name
xsl_order
xsl_value
xsrf
xss
xss1
xss2
xssfilter
xt
xtype
xu
xv
xw
xx
xxx
xy
xz
x_response_code
y
y1
y2
yPath
ya
yacctab
yacc_debug
yacc_optimize
yahoo
yahooicon
yanked_reason
yb
yc
yd
ye
year
yearend
years
yellow
yellowavgmhper
yellowdiscards
yellowfan
yellowgessper
yellowgetfails
yellowrejects
yellowremfails
yellowstales
yellowtemp
yeniyer
yes
yf
yg
yh
yi
yid
yield_requests
yim
yj
yk
yl
ym
yn
yo
yokyok
yourname
youtube
yp
yq
yr
ys
ystart
yt
yu
yv
yw
yx
yy
yz
y_qualifiers
z
z0
z2
z3
z9
zID
za
zb
zc
zd
ze
zf
zg
zh
zhsd
zi
zid
zip
zipName
zipcode
zj
zk
zl
zm
zn
zo
zone
zonefile
zoneid
zonesub
zonet
zonetxt
zoom
zp
zpage
zq
zr
zrecord
zs
zt
zu
zv
zw
zx
zy
zz
zzz
-
-Dfoo
-fvisibility
--editable
--filename
--hash
--install-option
--install-scripts
--only-binary
--password
--prefix
--template
--timeout
--username
-_
/URL
/a
/kbd
_
_OLD_VIRTUAL_PATH
_OLD_VIRTUAL_PROMPT
_OLD_VIRTUAL_PS1
_WHITESPACE
_admin_auth_key
_allow_fallback
_cache
_cells
_core_token
_core_token_compound
_css_group
_debug
_deletedok_x
_depth
_distribution_finders
_distro_release_info
_drupal_ajax
_egg_info_re
_emoji_sub
_error_nonce
_escape
_escaped_fragment_
_escaped_fragment_1
_fastReplyUsed
_fields
_ga
_get_time
_gid
_globs_
_index
_keyword_terminator
_label
_label_compound
_lock
_locs_
_lsb_release_info
_memberAccess
_method
_my_node_name
_namespace_handlers
_namespace_packages
_needle
_nfpb
_nl
_nlws
_nonce
_os_release_info
_page
_pageLabel
_per_page
_pool
_proxy
_proxy_headers
_punct
_replacement_key
_repr_running
_return
_root
_saveandclosedok_x
_saveclosedok_x
_savedoknew_x
_savedokview_x
_savedok_x
_sd
_show_highlight
_signup_form
_space
_stacktrace
_stack_offset
_startinline
_start_label
_stoken
_string
_template_group
_template_name
_temp_dir_for_testing
_test_old_style
_tmpPostField
_token
_token_compound
_token_terminator
_total
_translate_table
_translation_savedok_x
_type
_uname_info
_uri
_url
_variable
_with_selected_do
_wpnonce
_wp_http_referer
_wrapper_format
_ws
_xfSessionId
__doc__
__file__
__name__
