
0
1
2
3
4
A
B
C
D
E
F
I
L
O
P
Q
R
T
Y
a
b
c
d
e
f
g
h
i
j
k
l
m
n
o
p
q
r
s
t
u
v
w
x
y
z
-
_
1a
5D
11
12
13
14
15
16
17
21
22
23
42
43
AA
B1
CN
ER
ID
IP
Id
KV
Lw
M2
MD
OU
Og
Or
Pg
RC
SE
TO
To
UA
XL
ZQ
a1
a2
aa
ab
ac
ad
ae
af
ag
ah
ai
aj
ak
al
am
an
ao
ap
aq
ar
as
at
au
av
aw
ax
ay
az
ba
bb
bc
bd
be
bf
bg
bh
bi
bj
bk
bl
bm
bn
bo
bp
bq
br
bs
bt
bu
bv
bw
bx
by
bz
c2
cP
ca
cb
cc
cd
ce
cf
cg
ch
ci
cj
ck
cl
cm
cn
co
cp
cq
cr
cs
ct
cu
cv
cw
cx
cy
cz
d0
d1
d2
dB
da
db
dc
dd
de
df
dg
dh
di
dj
dk
dl
dm
dn
do
dp
dq
dr
ds
dt
du
dv
dw
dx
dy
dz
ea
eb
ec
ed
ee
ef
eg
eh
ei
ej
ek
el
em
en
eo
ep
eq
er
es
et
eu
ev
ew
ex
ey
ez
f0
f2
fa
fb
fc
fd
fe
ff
fg
fh
fi
fj
fk
fl
fm
fn
fo
fp
fq
fr
fs
ft
fu
fv
fw
fx
fy
fz
ga
gb
gc
gd
ge
gf
gg
gh
gi
gj
gk
gl
gm
gn
go
gp
gq
gr
gs
gt
gu
gv
gw
gx
gy
gz
ha
hb
hc
hd
he
hf
hg
hh
hi
hj
hk
hl
hm
hn
ho
hp
hq
hr
hs
ht
hu
hv
hw
hx
hy
hz
ia
ib
ic
id
ie
if
ig
ih
ii
ij
ik
il
im
in
io
ip
iq
ir
is
it
iu
iv
iw
ix
iy
iz
ja
jb
jc
jd
je
jf
jg
jh
ji
jj
jk
jl
jm
jn
jo
jp
jq
jr
js
jt
ju
jv
jw
jx
jy
jz
k1
k2
ka
kb
kc
kd
ke
kf
kg
kh
ki
kj
kk
kl
km
kn
ko
kp
kq
kr
ks
kt
ku
kv
kw
kx
ky
kz
la
lb
lc
ld
le
lf
lg
lh
li
lj
lk
ll
lm
ln
lo
lp
lq
lr
ls
lt
lu
lv
lw
lx
ly
lz
mD
mV
ma
mb
mc
md
me
mf
mg
mh
mi
mj
mk
ml
mm
mn
mo
mp
mq
mr
ms
mt
mu
mv
mw
mx
my
mz
n1
na
nb
nc
nd
ne
nf
ng
nh
ni
nj
nk
nl
nm
nn
no
np
nq
nr
ns
nt
nu
nv
nw
nx
ny
nz
oa
ob
oc
od
oe
of
og
oh
oi
oj
ok
ol
om
on
oo
op
oq
or
os
ot
ou
ov
ow
ox
oy
oz
p1
p2
p3
pW
pa
pb
pc
pd
pe
pf
pg
ph
pi
pj
pk
pl
pm
pn
po
pp
pq
pr
ps
pt
pu
pv
pw
px
py
pz
q2
q3
qE
qa
qb
qc
qd
qe
qf
qg
qh
qi
qj
qk
ql
qm
qn
qo
qp
qq
qr
qs
qt
qu
qv
qw
qx
qy
qz
r1
r2
r3
r4
rM
rN
ra
rb
rc
rd
re
rf
rg
rh
ri
rj
rk
rl
rm
rn
ro
rp
rq
rr
rs
rt
ru
rv
rw
rx
ry
rz
sa
sb
sc
sd
se
sf
sg
sh
si
sj
sk
sl
sm
sn
so
sp
sq
sr
ss
st
su
sv
sw
sx
sy
sz
t1
t2
t3
ta
tb
tc
td
te
tf
tg
th
ti
tj
tk
tl
tm
tn
to
tp
tq
tr
ts
tt
tu
tv
tw
tx
ty
tz
u1
u2
u3
u4
u5
u6
u7
u8
u9
uN
ua
ub
uc
ud
ue
uf
ug
uh
ui
uj
uk
ul
um
un
uo
up
uq
ur
us
ut
uu
uv
uw
ux
uy
uz
va
vb
vc
vd
ve
vf
vg
vh
vi
vj
vk
vl
vm
vn
vo
vp
vq
vr
vs
vt
vu
vv
vw
vx
vy
vz
wa
wb
wc
wd
we
wf
wg
wh
wi
wj
wk
wl
wm
wn
wo
wp
wq
wr
ws
wt
wu
wv
ww
wx
wy
wz
x1
x2
xa
xb
xc
xd
xe
xf
xg
xh
xi
xj
xk
xl
xm
xn
xo
xp
xq
xr
xs
xt
xu
xv
xw
xx
xy
xz
y1
y2
ya
yb
yc
yd
ye
yf
yg
yh
yi
yj
yk
yl
ym
yn
yo
yp
yq
yr
ys
yt
yu
yv
yw
yx
yy
yz
za
zb
zc
zd
ze
zf
zg
zh
zi
zj
zk
zl
zm
zn
zo
zp
zq
zr
zs
zt
zu
zv
zw
zx
zy
zz
-_
/a
5EX
28v
ADD
ALL
AST
CID
CVV
Cmd
ENV
IMG
KAQ
KEY
MrY
PS1
PTR
PWD
Pay
SID
Src
Tab
Tag
UID
URI
URL
X5g
XML
Yol
aID
abc
abi
ack
acl
act
add
adm
adv
agb
age
aid
aim
alI
all
alt
amt
and
ann
ans
aoe
aop
aot
api
apn
app
arg
arr
asc
asd
asy
bID
ban
bar
baz
bbc
bcc
bgc
bib
bid
bio
bip
blt
box
bpg
bps
brd
btn
buf
bug
buy
bye
cID
cal
cap
cat
cds
cep
cfg
cfx
cfy
chk
chm
cid
cli
cls
cmd
cms
cmt
coM
cod
col
com
con
cop
cpu
cpw
cpy
cre
crt
cs1
cs2
csr
css
csv
ctf
ctx
cur
cut
cvv
cwd
dID
day
dbg
dbh
dbn
dbp
dbu
ddo
deL
deS
deb
def
del
des
dev
did
dif
dig
dim
dip
dir
dis
div
dl2
dlt
dns
dob
doc
doi
dos
dry
dst
dto
due
dup
egg
eid
eml
enc
end
env
eof
eol
eos
err
eta
etm
exT
exc
exe
exp
ext
fID
fam
faq
fav
fax
fdo
fee
fid
fin
fit
fix
fld
fmt
foo
for
frm
ftp
gID
geT
ged
gen
get
gid
gip
gmd
grp
gui
ham
hex
hid
hit
hlp
hot
how
hrs
htc
htm
i6t
icp
icq
id1
id2
idL
idb
idc
idp
ids
idx
iid
img
inc
ind
ins
int
inv
ipp
ips
ipv
iso
itm
jax
jid
job
jql
jwt
key
kid
kil
kim
kod
lID
lan
lat
lbg
len
lib
lid
lim
lng
loc
log
lon
low
ls2
lst
ltr
m3u
mID
mKd
mKf
mXZ
mac
man
map
max
md5
mdp
mem
mgp
mid
min
mip
mkD
mkF
mod
mon
mru
msg
msi
msn
mss
mto
mtu
mve
nID
nat
nav
neg
net
new
nf1
nid
nom
not
npw
nuf
num
oID
obj
occ
odb
off
oid
old
onw
oof
opt
org
otp
ouT
out
p2p
pID
pad
pan
par
pat
pay
pda
pdf
pen
pgt
php
pic
pid
pin
pkg
pms
png
pod
pop
pos
ppp
pre
pri
prj
pro
prv
psd
psk
pto
ptp
ptr
puT
pub
pw2
pwd
qaz
qid
qop
qty
qwe
rID
raw
rec
red
ref
reg
rel
rem
ren
req
res
ret
rev
rid
ros
row
rpp
rsd
rss
rst
rtl
rto
run
rvm
sHw
sID
sat
say
sca
sdb
seC
sea
sec
sel
sep
seq
ser
set
sex
sh3
sid
sig
sku
smf
sms
snn
spn
spy
sql
src
srm
srv
sse
ssi
ssl
stc
stp
str
sts
sub
sum
svg
svr
sxd
sym
sys
t24
tID
tab
tac
tag
tax
tbl
tcp
tel
thr
tid
tld
tmp
tok
top
tos
tot
tpl
tpp
tst
ttl
txt
tyc
typ
u1p
u10
u11
u12
u13
u14
u15
u16
u17
u18
u19
u20
u21
u22
u23
u24
u25
u26
u27
u28
u29
u30
u31
u32
u33
u34
u35
u36
u37
u38
u39
u40
u41
u42
u43
u44
u45
u46
u47
u48
u49
u50
uID
ucd
uid
ul2
ult
upc
upd
upf
upl
urL
uri
url
use
usr
val
var
vat
ver
via
vid
vol
vpn
vrt
way
wbp
web
who
whw
why
wid
wli
wlk
wsa
x64
x86
xid
xml
xor
xsd
xsi
xss
xxx
yes
yid
yim
zID
zid
zip
zzz
_ga
_nl
_sd
_ws
1qaz
ABBR
AUTH
Afko
Blog
Body
CALN
CAVV
CHIL
City
DATA
DATE
DESC
DUMP
EVEN
Edit
FONE
File
Flag
Form
From
GIVN
Good
HOST
HREF
HTML
Hash
Help
Host
HuZc
IPv6
Lang
MODE
Menu
Mode
NAME
NICK
NOTE
NPFX
NSFX
Name
Opt1
Opt2
PAGE
PASS
PATH
PUBL
Page
Post
REPO
ROMN
Role
SITE
SORT
SPFX
SURN
Save
Skin
TITL
TYPE
TZLg
Task
Term
Test
Type
USER
User
WSDL
abbr
abis
acao
acct
act2
act3
addr
adid
adlr
adsr
affw
ajax
akey
al2g
algo
aliA
ampm
anon
apps
arch
area
arg1
arg2
argb
args
argv
asid
asin
attr
auid
auth
auto
baba
back
bank
base
baza
bbox
bcip
best
beta
bill
bits
blob
blog
blue
body
bold
bomb
book
bool
bots
box1
box2
box3
bulk
bvZ8
bycw
byfc
byoc
byws
caid
call
card
cart
case
cats
cdir
cert
cfed
cfil
chan
char
chat
chfl
cids
city
clay
cmde
cmdr
cmds
cmmd
cnpj
code
coin
cols
comp
conf
conn
cont
conv
copy
core
cost
crcf
cron
crop
crrt
csid
csrf
ctag
ctid
ctrl
curl
curr
cust
cyan
dare
data
date
days
dbOP
dbid
dbms
dbpw
decl
deld
delf
demo
dend
deny
deps
dept
desc
dest
dhcp
dhtc
dict
diff
dipl
dire
dirr
dirs
disk
disp
dist
dkim
dmax
dmp1
dmq1
dns1
dns2
dns3
dns4
docs
doit
done
dopt
down
dpgn
dscp
duid
dumd
dump
dwld
echo
eday
edge
edit
eids
elem
ends
ephp
epot
erne
esId
ess_
etag
evac
eval
evap
exec
exif
exit
expe
exps
ezID
fail
fast
fdel
feed
feid
fid2
filE
file
fill
find
flag
fldr
flip
flow
fold
font
foo1
foo2
foo6
foot
fore
form
fqdn
free
frob
from
fsOP
ftps
full
func
fuzz
game
gbid
getm
ggid
gids
gift
gmid
goal
godb
gold
goto
grid
grps
gtin
guid
gzip
harm
hash
head
help
hide
high
hits
hldb
home
hook
hosT
host
hour
href
htcc
html
hwhy
ical
icon
imax
imce
imdb
impl
incl
indx
info
inid
init
inst
ipv4
iqmp
iron
isbn
isim
item
jahr
jaxl
join
jpeg
json
jump
keep
key1
key2
keys
kick
kill
kime
kind
king
lane
lang
last
lbcp
ldap
lead
leap
left
like
line
link
list
live
load
loan
lock
logf
logo
logs
long
loop
lpar
mail
main
make
mark
mask
mass
mbox
mcid
md5q
md5s
mech
memo
menu
mess
meta
meth
mffw
mhpw
mhtc
mids
mime
mini
mins
misc
mito
mmsg
mnam
mobj
modE
mode
mood
more
motd
movd
move
msg1
msgs
msid
msq1
mute
mvdi
myip
namE
name
nere
newf
news
next
nf4c
nfid
ngIf
nick
nike
nmdf
node
nojs
nome
none
note
noti
nsql
ntp1
ntp2
null
obgz
only
open
oper
opml
opwd
pUID
paID
pack
page
paid
pais
para
part
pasS
pass
past
path
pcid
perm
pgdb
pick
pics
pids
pin2
ping
pink
pipe
pipi
pkey
pkgs
plan
play
plid
plug
plus
pmid
pmsg
poll
pool
port
posi
post
ppid
pref
preg
prev
prio
priv
prof
prog
prop
prov
psid
ptID
pull
push
pval
qact
qual
r00t
race
rage
rand
rank
rate
read
rela
renf
repl
repo
repr
reqs
rest
rich
rmid
role
room
root
rows
rpar
rule
rurl
safe
salt
same
save
scan
scid
sday
secs
sect
secu
seed
seek
sele
self
send
senm
sent
sesc
sess
sha1
ship
shop
show
side
sidx
sign
site
size
sjid
skid
skin
skip
slid
slot
slug
smtp
soap
sock
some
song
sord
sort
spam
span
spec
spot
sqlf
srch
ssid
star
stat
stay
step
stop
stub
subj
subs
sure
svdi
svff
sync
tab1
tabs
tags
task
tbls
tdir
team
temp
term
test
text
tfid
tftp
tids
tile
time
tint
tipo
tl24
tmax
todo
toid
tool
town
tree
trid
tvid
typE
type
ucs4
uids
uint
undo
unit
upff
upin
upip
url1
url2
urlf
urls
useR
used
user
uses
utf8
utmp
utmr
uuid
vals
var1
var2
vars
vbsq
vbss
ver1
ver2
verb
vhid
view
vmid
void
vote
vuln
wait
want
warn
wbcp
wctx
wdir
week
what
whom
wide
wiki
wins
wipe
with
wmax
wood
word
work
wpas
wrap
wsdl
wser
xnum
xrds
xsrf
xss1
xss2
year
zhsd
zone
zoom
/URL
/kbd
_gid
_uri
_url
20cmd
20dir
20pwd
20squ
20usr
20ver
Admin
Block
CSalt
CaIxw
Click
EMAIL
ERORR
Email
Event
FILES
Field
Frame
GROUP
Genre
Group
Heads
InvId
Issue
Login
Owner
PHONE
PaRes
Perms
Plain
RESET
Reset
Soups
State
TOKEN
Title
Touch
TrYaG
Track
Users
aPath
abort
about
aclid
actid
added
addon
admid
admin
adopt
after
again
agent
agree
album
alert
alias
align
alli2
alloc
allow
allqw
allss
alpha
alter
aname
andor
angle
anidb
apage
apnum
appId
appid
apple
apply
archs
arity
array
ascii
asset
assoc
atime
attrs
atype
autor
badge
banid
banip
bases
basic
batch
bcity
bday2
bduss
begin
birth
black
blink
block
blogs
board
bonus
bound
boxes
bpage
bport
brand
break
brown
build
byetc
byfc9
bypcu
bytes
cPath
cable
cache
calid
callf
campo
caref
catID
catId
catid
cdone
certs
cfile
chapo
chars
chart
chats
chdir
check
child
chmod
choix
chunk
claim
class
clean
clear
clone
close
cmdex
cmdid
cmdir
cmode
cname
coded
codes
color
combo
compr
const
coord
coppa
count
cover
cpage
cpass
cpath
cpyto
cracK
crdir
crtty
crypo
crypt
ctype
curve
data2
date1
date2
datef
dates
dbPwd
dbase
deact
debet
debit
debug
decls
delay
delfl
delid
delim
depid
depth
depts
desc1
desc2
descr
destd
devid
dfrom
dizin
dklen
dname
doadd
docid
dolma
domen
donor
doseq
downf
dpath
draft
dstip
dtend
dummy
dxdir
dximg
dxval
ealgo
ecraz
edges
editf
email
embed
emoji
empty
encod
entry
epoch
equal
erorr
error
event
exact
expid
extra
eyear
fType
facid
fatal
fcopy
fedit
feeds
fetch
ffile
field
files
filew
final
finds
first
fixed
fixer
flags
flash
floor
flush
fname
focus
fontb
fonte
fontg
fontr
force
forum
fpath
frame
fresh
front
fruit
ftype
funcs
fxuri
fxurl
fyear
gdork
genre
getdb
gfils
gifif
gmdID
gomkf
gotod
gpack
grabs
grade
grant
graph
green
greif
group
grupo
gtype
guest
hello
hidem
hidid
hname
hooks
hosts
hours
https
htype
icode
ident
ifnum
ikeid
imagE
image
imgid
inXML
iname
index
input
intro
ip_id
isDev
isNew
issue
iswin
items
jform
jobid
jsonp
karma
katid
keyid
label
lanes
langs
layer
leave
level
lexer
light
liked
likes
limit
lines
link0
link1
link2
links
liste
lists
lname
local
logic
logid
login
lower
lucky
magic
maint
major
masdr
masks
massa
match
media
menus
merge
mfldr
mfrom
mhash
mhost
mibii
milw0
minJs
minor
minus
mkdir
mlist
mmail
modal
model
modid
money
mongo
month
mount
moved
movie
mpage
mpath
msgid
msgno
msqur
mssql
msubj
mtext
mtime
mtype
multi
muser
music
mysql
name1
name2
name3
names
nargs
newdb
newer
newid
newpw
nf4cs
nfile
noapi
nolog
nonat
nonce
nordr
nossl
notes
noxml
no_ep
npage
nrows
nuked
nurld
oauth
oitar
older
ololo
optin
order
other
owner
pDesc
pMail
pName
pPage
pPass
padID
paged
pager
pages
panel
paper
param
parid
pass1
pass2
passd
passf
passw
paste
patch
pathf
paths
pause
peace
perms
pfrom
pgsql
pgtId
phase
phone
photo
phpbb
phpev
piasS
place
plain
pname
point
pools
popup
port1
posix
post1
post2
posts
power
ppage
press
price
print
proNo
probe
proto
proxy
prune
ptpid
ptype
pulse
purge
purse
qG_nl
qG_up
qact2
qact3
qtype
quals
querY
query
quest
queue
quick
quiet
quota
quote
radio
range
ratio
rback
rdata
ready
realm
recip
reddi
redfi
redir
refid
regex
regid
relay
remot
reply
repwd
reqid
reset
retry
rfile
right
rmdir
rmver
rname
roles
round
route
rowId
rowid
rport
rrule
rules
runer
runid
s3key
sEcho
sName
sYear
saveZ
saved
sbjct
scale
scdir
scene
sched
scope
score
sdctr
sedir
senha
serie
setID
setrw
setup
sfldr
sh311
share
shell
short
shout
showh
shown
since
sites
sizes
sizey
skips
skype
sleep
slide
smart
smile
smode
sname
sort2
sound
space
spage
spans
spass
specs
speed
split
sport
spots
sqdbn
sqldp
sqlog
sqlty
sqprt
sqpwd
sqsrv
sqtid
stack
staff
stage
stamp
stars
start
state
stats
stdin
step0
step1
step2
step3
step4
step5
step6
step7
step8
step9
steps
stick
stime
stock
store
story
strId
strin
strip
stuff
stuid
style
stype
subId
subid
subop
super
suppr
suser
syear
symgo
tabid
tabla
table
tablo
tagId
tagid
tasks
taxid
tb_id
temat
tempd
terms
tests
texto
theme
thisX
thumb
timer
times
title
titre
toAdd
token
tomod
tools
topic
total
touch
tplID
trace
track
trash
tresc
tribe
trust
tuple
tuser
tvars
tweet
txkey
type1
type2
type6
types
type_
uback
ulang
uname
unban
units
unset
until
unzip
upage
upcom
upsql
urlup
usage
userf
users
usort
usrid
utmac
uts46
utype
vPath
valid
valor
value
vartp
vcode
vecdo
venue
verse
vgrlf
video
views
vnutr
votes
vroot
watch
webid
where
which
white
width
wins1
wins2
woeid
words
wpseo
write
xajax
xinfo
xmlns
xmode
xtype
yPath
yahoo
years
zonet
zpage
-Dfoo
_lock
_nfpb
_nlws
_page
_pool
_root
_type
7uzXLg
20base
ACTION
AMOUNT
AVSCV2
Action
AmvZWg
Artist
BField
BIGGER
CHOICE
Cancel
Change
Coupon
Create
DBLIST
Delete
Digits
Export
FIELDS
FORMAT
FXpass
FXuser
Fields
Filter
GENDER
GLOBAL
GRAPHS
Hkrkoz
Import
ItemId
Itemid
J5cmmu
Joomla
L7fCg0
LATEST
Lookup
METHOD
OPTION
OUTPUT
Object
OutSum
PRESET
Param1
Param2
Parent
Person
Public
RESULT
Result
Review
STATUS
SUBMIT
Salads
Search
Status
StepID
Submit
Target
Toucha
Touchm
Update
Upload
WPLANG
Widget
accept
access
acpage
action
active
actors
ad2syc
ad2syp
addacc
addcat
addnew
addtag
addtxt
addurl
adjust
admins
adress
aemail
agreed
ajaxID
alerts
allDay
allday
allids
allyid
always
amount
anchor
animal
answer
apiKey
apikey
appeal
append
appkey
artist
asList
asText
assert
assign
async_
attach
authcn
author
avatar
backto
backup
banned
banner
base64
basedn
basket
baslik
bbtest
before
bemail
binary
binddn
bindip
bindpw
blink2
blocks
blogid
boards
border
botnet
bottom
bounce
bphone
branch
bridge
broken
browse
bstate
bucket
budget
bug_id
button
bysyml
bythis
c37url
cached
cadata
cafile
cainfo
caller
callop
cambio
camnbr
cancel
canned
canvas
capath
cardno
cartId
casein
cateid
cat_ID
center
certid
cfgkey
cfgval
change
chanid
charge
check1
chmod0
choice
chosen
chpage
chunks
cipher
cktime
client
closed
closer
cnonce
color1
color2
colors
column
commex
commit
config
cookie
coords
copied
coucou
counts
coupon
course
create
credit
cronid
cshalt
csvIDs
cuenta
curdir
cursor
custid
custom
c_file
c_name
daemon
darezz
dateto
dbHost
dbName
dbPass
dbPort
dbType
dbUser
dbbase
dbhost
dbname
dbpass
dbport
dbsize
dbtype
dbuser
debug2
debug3
decode
dedent
delall
deldat
deldir
delete
delmac
delrow
delsel
delsub
deltpl
denied
deptid
desact
design
detach
detail
device
dialog
digest
digits
diract
direct
dlPath
dldone
dlgzip
dnpipe
dnssec
doctag
domaiN
domain
dosyaa
douser
dowhat
driver
dryrun
dstnot
dunder
dxfile
dxmode
ecotax
edited
editid
editor
email1
email2
emails
emonth
enable
encode
endday
endpos
engine
enroll
entire
entity
errmsg
errors
events
ewidth
exTime
exccat
except
exists
expand
expire
expiry
export
extTID
extdir
extend
extern
extras
failOn
failed
family
fchmod
feedId
field1
field2
fields
fileID
fileid
fileop
fileto
filled
filter
filtre
finder
findex
findid
finish
folder
follow
footer
forgot
formId
format
formid
forums
fpassw
framed
frames
friend
fstype
fvonly
fwidth
fxpath
fxsuri
fxsurl
gadget
gameID
gameid
gender
getcfg
getenv
getpic
github
global
goback
goggle
google
grants
greset
groupr
groups
grpage
g_icon
handle
hashed
hasher
hashes
having
header
health
height
hidden
higher
hostid
iStart
icerik
iconid
id1gid
id2gid
id3gid
id4gid
id5gid
id6gid
id7gid
id8gid
id9gid
idSite
idlist
idname
idtype
ifname
iframe
ignore
images
imdbID
imdbid
imgurl
import
inajax
indent
inf3ct
initdb
inline
input1
inputH
insert
inside
invest
invite
ipaddr
iphone
iplist
ip_add
ip_int
isAjax
isnano
issues
italic
itemID
itemId
itemid
jVaMaA
jabber
joined
jupart
keylen
kstart
labdef
labels
laggif
langID
lastID
lastid
latest
layers
layout
legacy
legend
lemail
length
letter
levels
lextab
lib_id
limite
lineid
lineno
listId
liste1
liste2
listid
loader
loanID
locale
localf
locals
locate
locked
lockid
logall
logger
logoff
logout
logsys
lookup
lostid
mSendm
macros
mailid
mailto
manage
manual
margin
marked
marker
markup
master
maxage
maxfan
maxlen
maxmem
maxmss
maxtry
maxval
mbname
md5sig
md5sum
member
memory
menuid
method
metric
middle
minCss
minage
minute
minval
mirror
mkfile
mlpage
mm_end
mobile
modcat
modeid
modify
module
months
motivo
moveto
moveup
mquery
mrpage
msg_id
mycode
myname
mysqls
namefe
nbytes
ncbase
nested
netloc
newDir
newcat
newdid
newdir
newids
newpw2
newpwd
newsid
newtag
newver
newwin
nextid
njform
noajax
nodeid
noedit
nohtml
nolang
nombre
nopass
nopeer
nosync
noteid
notice
notify
notrap
nounce
nowarn
numail
number
nurlen
object
obtain
offset
olddir
oldpwd
online
opaque
opauth
opened
opener
openid
opname
option
optsep
oracle
orange
orders
origin
outbox
output
p2ajax
packed
pageID
pageId
pageid
pageno
pageop
param1
param2
params
parent
parked
parser
passwd
paypal
pdocon
pdodsn
period
perms0
perms1
perms2
perms3
perms4
perms5
perms6
perms7
perms8
perms9
person
pftext
pgport
pgtIou
pguser
pg_sig
phone1
phone2
phone3
phpids
phpini
phpver
phrase
pinned
player
plname
plugin
points
pollid
porder
portbc
portbl
portbw
postId
postal
posted
poster
postid
postto
precmd
prefix
prenom
prereq
preset
pretty
prices
privid
prompt
ps2pdf
pseudo
pubkey
public
purple
pwdwso
pycode
python
qG_del
qG_ins
qatv9s
qqfile
queued
quirks
quizid
quotes
radius
radns1
radns2
ramode
random
rating
reader
readme
reason
reauth
reboot
recent
record
refkod
refuid
refund
refurl
refuse
regexp
region
regval
relayd
reload
remail
remark
remhrs
remipp
remmin
remote
remove
rename
render
rennew
renold
rensub
reopen
repair
repass
repeat
report
rep_id
req128
reqFor
rescan
resend
resent
resize
result
resume
resync
returl
return
reveal
revert
review
revoke
rights
roleid
rotate
rounds
routes
rownum
rp_key
rsargs
rssurl
ruleid
runcmd
runner
sample
saveid
schema
scheme
school
scores
screen
script
searcc
search
season
second
secret
secure
selday
select
sendTo
sender
sendit
sendto
seourl
seqnum
serdir
serial
series
serveR
server
sessid
setype
sflags
sfname
sha256
shadow
shared
shopId
showbd
showsc
signed
signer
signin
signup
silent
silver
simpin
single
siteId
siteid
slogan
smfdbh
smfdbn
smfdbp
smfdbu
smiley
smonth
smooth
soname
songid
sorder
sortBy
sortby
source
sqconf
sqlite
sqlwxp
square
srcdir
srcfmt
srcnot
srname
stacks
start2
starts
states
static
status
statut
stderr
stdlib
stdout
stepid
step_1
step_2
step_3
step_4
stereo
sticky
stopOn
stream
street
strict
strike
string
struct
strukt
styles
subacc
subact
subcat
subdir
subdom
submit
subnet
subset
subtab
suburb
suffix
survey
switch
symbol
syntax
syscmd
system
sys_id
tables
tagged
tag_ID
target
taskID
taskid
tax_ID
tbname
teamid
tenant
testID
testdb
textIn
themes
thread
thumbs
ticket
titles
titulo
tmpdir
todate
toggle
tokena
tokenb
tokens
topics
tracks
tvname
typeid
tzinfo
uitype
uniqid
unique
unlock
unread
unsort
unspam
upcont
update
upfile
upload
uptime
urldd0
usegmt
userID
userId
userid
userip
usetcp
ustsub
values
vcheck
vc_ver
vector
vendor
verify
videos
viewed
violet
vjcomp
volume
voting
warned
weight
whence
widget
window
wordid
wrcont
writer
wstype
wwname
xdebug
xhprof
xjxcls
xjxevt
xjxfun
yellow
ystart
zoneid
--hash
_cache
_cells
_debug
_depth
_index
_label
_locs_
_nonce
_proxy
_punct
_space
_token
_total
4PsJYGw
ADAPTER
Address
Albania
Article
BackURL
CAPTCHA
CallSid
Charset
Command
Comment
Country
ENV_VAR
Example
FXimage
FileIDs
GLOBALS
GiftAid
HMACKey
HowMany
IF_IDLE
KloutID
KwbQBM0
Message
NEWHOST
NEWNAME
NEWPASS
PayerID
Product
Profile
Project
RECHECK
SMALLER
Section
Service
Setting
ShowMD5
Submit1
Submit2
Toolbar
Version
X39wmSw
XmCpajQ
ZipName
abort_x
abort_y
account
acfcomp
action2
actions
actpass
acttype
adapter
addBase
addList
addUser
addfile
addmeta
addpool
address
addrule
addsite
addtype
adduser
add_img
add_new
adminid
adresse
advance
advbase
advskew
afilter
aimicon
airdate
albumid
aliases
aliasid
allflag
allowed
allrows
altname
altpass
analyze
animate
answers
apinger
appname
approve
archive
archivo
arcname
arglist
article
asMatch
attempt
authPin
authcfg
authkey
authlvl
authors
authurl
autocom
autodel
autofix
autoptp
avatars
avwidth
backend
backurl
balance
bantime
bantype
barcode
baseurl
batchID
bgColor
bgclass
bgcolor
billing
binding
bitrate
bitsize
blatent
blockid
boardid
boolean
botnets
browser
btnSign
buddies
bufsize
builder
buttons
caching
calname
canEdit
canLike
canWarn
captcha
caption
capture
categor
catname
ccp_act
cc_file
certref
changed
changes
channel
chapter
chardet
charset
char-ci
chatmsg
checked
checkid
choice2
choices
chunked
chvalue
ciphers
cleanup
cleared
clicked
cluster
colName
college
colours
columns
combine
command
comment
commits
compact
company
compare
compile
compose
conceal
configs
confirm
connect
connsub
consent
console
contact
content
contest
context
control
convert
cookies
counter
country
courses
created
credits
crefile
cssfile
css_app
curfile
curpage
curpath
current
datadir
dataflt
dataofs
dataset
datasrt
dataurl
dateEnd
datefmt
dayname
days_gt
dbstats
decline
decoded
decrypt
default
defects
deftime
degrees
delName
delayed
deleted
deleteg
delfile
deliver
delpref
delrule
deltype
deluser
deposit
destino
detail0
details
dialect
dirList
dirfree
dirmode
dirname
disable
discard
dismiss
display
divider
dmodule
docroot
doctype
doimage
domains
domerge
donated
doprefs
doreset
drivers
dropped
dry_run
dstmask
dstport
dsttype
dtstart
duedate
dxparam
dynamic
echostr
editing
edition
editkey
edittxt
edit_pm
eheight
elastic
element
emailID
emailId
emailch
emailto
enabled
enclose
encoded
encoder
encrypt
endDate
enddate
endport
endtime
endyear
enquiry
entries
entryID
entryId
entryid
episode
errorid
escChar
eshopId
eventID
eventId
eventid
evtitle
ewv4n4Q
example
excerpt
exclude
execute
exitsql
expDate
expires
explain
exploit
fCancel
failure
faqname
favicon
fdelete
feature
feedurl
fheight
fieldId
fieldid
file2ch
fileDir
fileURL
fileact
fileext
filenew
fileobj
fileold
fileurl
filters
flatten
fldName
fldType
fldname
foffset
folders
foreign
forever
formage
formats
form_id
forumid
forward
friends
ftphost
ftppass
ftpuser
fwdelay
fxspath
gallery
gateway
general
generic
getdate
getfile
get_ext
get_pty
giveout
gmdCode
gmdName
gone_in
goodsid
gpsnmea
gpsport
gpstype
granted
graphid
groupID
groupId
groupby
grouped
groupid
gss_kex
handler
hashkey
hashtoh
headers
heading
hidex86
history
hits_gt
holDate
holDesc
holdcnt
holiday
horario
hostapd
hostkey
hostres
howlong
howmany
howmuch
iLength
icon_id
icqicon
id10gid
id11gid
id12gid
id13gid
id14gid
id15gid
id16gid
id17gid
id18gid
id19gid
id20gid
id21gid
id22gid
id23gid
id24gid
id25gid
id26gid
id27gid
id28gid
id29gid
id30gid
id31gid
id32gid
id33gid
id34gid
id35gid
id36gid
id37gid
id38gid
id39gid
id40gid
id_base
ignored
ikesaid
imageid
imgpath
imgtype
inPopUp
include
indexes
indxtxt
inherit
inifile
initial
initstr
inplace
inputid
install
intExpr
invalid
inverse
invited
invites
invoice
ipoints
ipproto
isAdmin
isFirst
isocode
is_root
itemkey
item_id
jenkins
jufinal
justify
keep_so
keox4fA
keydata
keyfile
keyname
keytype
keyword
lasturl
leading
leadval
leaptxt
lecture
left_id
libpath
library
lib_dir
license
line_no
linkurl
link_id
listing
list_id
lngfile
localip
localns
locator
logFile
logMeIn
logType
logable
logfilE
logfile
logging
logopng
logpeer
logtype
longurl
losslow
lticket
macname
mailbox
mailing
mailsub
mailtxt
makedir
makedoc
manager
mapping
map_url
markers
maxaddr
maxargs
maxcrop
maxdays
maxpost
maxproc
maxsize
maxtemp
maxtime
max-age
mbadmin
md5hash
md5pass
medalid
mediaid
members
memtype
mensaje
message
metavar
methods
metrics
migrate
minimum
minutes
missing
modelId
modfile
modfunc
modname
modules
monitor
move_pm
mpdconf
msgtype
msnicon
mvarfmt
mybbdbh
mybbdbn
mybbdbp
mybbdbu
mytribe
nameren
natport
natural
netboot
netmask
network
newGame
newName
newPass
newPath
newSite
newText
newUser
newcode
newfile
newlang
newline
newname
newnick
newpage
newpass
newpath
newpref
newrule
newscan
newtext
newtime
newtype
newuser
noalert
nocache
node_id
nodraft
nolimit
nonames
noquery
noredir
noserve
notices
notsent
no_type
no_wrap
numbers
numwant
nzbpath
n--hash
objects
objtype
odbccon
odbcdsn
offline
oldform
oldname
oldpass
oldtime
onclick
onerror
oneshot
on_page
opinion
options
orauser
ordDate
orderBy
orderId
orderNo
orderby
orderid
orgajax
ostlang
outfile
overdue
overlap
p1entry
p1index
p2entry
p2index
package
padding
pageNum
pagenow
pagenum
page_id
palette
panType
partial
partner
passgen
passive
passkey
passold
passwd1
passwd2
passwrd
pattern
payload
payment
pdnpipe
pdopass
pdouser
pending
perPage
percent
perform
periodo
perpage
persist
pg_salt
phoneNr
photoid
phpcode
phpexec
phpinfo
picture
pin2enc
placeID
platlib
plugins
pmnotif
pointer
post_ID
post_id
ppdebug
pppoeid
ppsport
prefork
prehash
preload
prepare
preview
pre_run
primary
printer
privacy
private
problem
proceed
process
product
profile
program
project
promote
protect
proxies
proxyip
psubmit
pubdate
publish
purelib
purgedb
purpose
p_title
qaction
qindsub
qstring
quality
quitchk
quoteid
raising
randkey
rang_id
ranking
ratings
reading
reasons
rebuild
recache
recapBy
receipt
records
recount
recover
recurse
referer
referid
reflags
refresh
regDate
regdhcp
regname
regtype
related
release
remarks
remdays
removep
rempool
reorder
replace
replies
replyto
reports
reqType
request
require
resolve
restart
restock
restore
results
retreat
retries
reverse
rewrite
rfc2109
rmFiles
roaming
rootdir
routeid
rssfeed
ruledef
sSearch
saction
safecss
sameall
samemix
sandbox
savemsg
savepms
savmode
scflags
scripts
seconds
section
segment
self_id
selyear
sendmsg
septext
servers
service
session
sesskey
setlang
setname
settags
setting
settype
setupid
set_key
sfilter
sftp_si
sharing
shop_id
showAll
showact
showall
show_ip
sidebar
signout
sitemap
siteurl
site_id
sitter1
sitter2
skipIOS
skipped
smodule
smtpssl
smtptls
snaplen
snippet
soapenv
somekey
sortDir
sortKey
sortdir
sorting
sources
spammed
spammer
special
spinner
spoiler
spooler
sqlcode
sqlfile
sqlhost
sqlite2
sqlpass
sqlport
sqltype
sqluser
sqquery
srcmask
srcport
srctext
srctype
src_dir
ssearch
sserver
sshport
staffId
starred
startat
stateid
station
step1_1
step1_2
stopbtn
stoppga
storage
stories
storyid
strHtml
strings
student
subdirs
subform
subject
subjoin
submail
submit1
submit2
submit3
submit4
submitf
submitv
submode
subname
subpage
substep
subtype
success
summary
sunrise
support
surname
suspend
symlink
tableId
taglist
tagname
tag_new
tag_old
tarfile
targets
tarinfo
taxrate
taxtype
teacher
temp_ID
testing
testvar
text_bg
text_fg
tickets
timedd0
timeint
timeout
tnumber
toboard
toklist
toolbar
tooltip
topdown
topicID
topicid
topnode
toppool
torrent
tplName
tracker
traffic
transId
trashed
trigger
triplet
tunable
twitter
txpower
txtName
type_id
uAgents
uGroups
unknown
unstick
untrash
unwatch
updated
updater
updates
upgrade
uploadf
uporder
upports
urldown
urltype
uscmnds
usecurl
useicmp
usepost
usercss
userids
user_id
use_cpp
use_emo
use_ibc
use_sig
use_ssl
ustname
ustools
usuario
varName
variant
varname
vbxsite
verbose
version
videoId
videoid
viewBag
viewall
visible
voucher
vpntype
waitfor
wakeall
warning
webfile
webpage
website
welcome
widgets
wininst
wpdmact
wpnonce
wrapped
wresult
wstoken
wysiwyg
xjxargs
xjxmthd
xmldata
xmldump
yacctab
yearend
yeniyer
youtube
zipName
zipcode
zonesub
zonetxt
zrecord
_escape
_fields
_globs_
_method
_needle
_return
_stoken
_string
__doc__
7ujmko0-
Accounts
AuthItem
BimoxcSg
CKEditor
Calendar
CardType
Category
Comments
Contacts
Currency
Customer
DATABASE
Desserts
DeviceId
Download
EXPORTDB
FileName
Filename
Generate
LMI_HASH
LMI_MODE
Language
MenuItem
OpenWith
PASSWORD
ParentID
Password
PostCode
Pygments
Register
ResetRRD
SOAP-ENV
Settings
SignInId
SpaceKey
Taxonomy
TxAuthNo
USERNAME
UserForm
UserName
UserType
Username
absolute
abstract
accLimit
accepted
ackqueue
actblock
activate
activity
activkey
addReply
addevent
addgroup
addonkey
address0
address1
address2
addusers
add_file
add_func
add_help
add_rule
add_user
adjacent
adminPWD
adminpwd
admin_pm
advanced
ajaxMode
allDepts
allblogs
allfiles
allow_pm
allusers
alow_rep
alt_name
amountup
announce
answerid
approved
articles
artistid
asString
assigned
attached
attaches
attachid
authList
authmode
authname
authorID
authtype
autoedge
autoplay
autosave
avatarid
avheight
backdrop
badfiles
bareword
base_dir
base_url
bcountry
beginner
biblioID
birthday
blockers
blockoff
blogbody
blogname
blogtags
blogtype
boardmod
boardurl
bodytext
body_pos
bookings
bookmark
boundary
bridgeif
bug_type
bulletin
business
byapache
bzipcode
b_action
calcolor
calendar
callback
callerId
callerid
campaign
cantidad
cardtype
caseless
category
catorder
catslist
ca_certs
cc_email
cdirname
certfile
changeit
changero
channels
charsout
checkbox
checking
checknum
checkout
checksum
children
chkagree
chmodnow
ckeditor
clearLog
clearsql
clientId
clientid
cmd_args
cmsadmin
codename
codetype
collType
collapse
colltype
comments
comm_txt
compiler
complete
compress
concepto
confirm2
confirm3
conflict
conf_key
connectt
connport
consumer
contacts
contains
contbutt
content1
contents
continue
coppaFax
copyname
coupling
courseId
coverage
cpp_args
cpp_path
createdb
criteria
critical
crl_sign
cron_key
currency
customId
customer
cvmodule
dataType
database
dataroot
datatype
datavars
datefrom
dateline
datetime
datetype
date_end
date_one
date_two
dayDelta
dbPrefix
dbprefix
dbserver
dbsocket
deadline
debugbox
debuglog
declname
defaults
deftitle
deleteid
deleteip
delgroup
delivery
del_allc
del_logo
demoData
demolish
dest_dir
detached
deviceid
dev_path
dirToken
director
disabled
disallow
discount
distance
distinct
dist-dir
dlconfig
dnsquery
dnssrcip
doDelete
doExport
doImport
doSearch
doaction
docgroup
doctests
document
doc_type
dodelete
dosearch
downloaD
download
dupfiles
duration
editable
editdate
editedon
editfile
editform
editlink
edituser
egg-base
egg-path
egg_base
egg_info
elements
embedded
emphasis
encoding
endmonth
endpoint
end_date
enhanced
entering
entityID
entityid
errorlog
errormsg
errorstr
escQuote
evalcode
event_in
exchange
exc_info
exc_type
exemplar
existing
exist_ok
expanded
expected
exponent
extended
external
extradir
ext_hook
e_groups
facebook
facility
fallback
favicons
fcsubmit
featured
features
feedback
fieldEnc
fieldSep
fieldkey
fileDesc
fileEdit
fileName
fileType
filefrom
filelist
filemode
filename
filepath
fileperm
filesafe
filesend
filesize
filetype
file_obj
finishID
finished
firstday
flashpga
fldLabel
fldlabel
fldquals
floating
folderID
folderId
folderid
foldmenu
followup
fontSize
fontsize
forcex86
formName
formatup
formdata
formname
forum_id
fragment
fromdate
fromlist
fromname
frontend
fullDump
fullTree
fullname
fullsite
fulltext
full_env
funcname
funcspec
function
generate
getInfos
get_time
globalns
gpsflag1
gpsflag2
gpsflag3
gpsflag4
gpsrefid
gpsspeed
graphlot
groupIDs
groupdel
grouping
gss_auth
gss_host
handlers
hasAudio
headline
hidemenu
hidrfile
homepage
hostName
hostname
htaccess
iColumns
icaptcha
icmptype
iconpath
id1level
id2level
id3level
id4level
id5level
id6level
id7level
id8level
id9level
idSelect
identity
idstring
ignoreTV
imageUrl
imaptest
immagine
implicit
importer
importid
inactive
incldead
included
incspeed
industry
initsigs
injector
instName
instance
interest
interpol
interval
invcDate
ipaddrv6
iplogged
ipsecpsk
isSwitch
isactive
ismaster
isolated
ispersis
ispublic
isverify
is_32bit
is_admin
is_cause
is_regex
itemCode
itemName
itemSite
itemType
itemname
item_tpl
iterable
joindate
karma_id
keepHTML
keeppass
keystore
keywords
key_file
key_size
key_type
langCode
langName
langname
language
lastName
lastname
lastpost
latitude
lcwidget
lib_dirs
lifetime
lightbox
linkedin
linkname
linktype
link_cat
link_rss
link_url
listInfo
listItem
listShow
listarea
listmode
listname
litstyle
localize
location
loggedAt
loggedin
loginpas
loginuse
loglevel
logoutid
logo_url
log_time
longname
losshigh
lostname
m3utitle
mailAuth
mailbody
mailsent
makenote
markdown
markread
massedit
matchLen
maxsplit
maxstore
maxwidth
md5crack
mediaopt
memberID
memlimit
meridiem
messages
metadata
mimetype
minkills
mm_start
moderate
modified
modifier
moduleId
moduleid
monthnum
movedown
movefile
msgfield
msg_date
msg_post
mssqlcon
multiple
myEditor
mylogout
mysqlcon
namelist
nb_event
nentries
netgraph
newGroup
newPass2
newValue
newWidth
newalbum
newemail
newgroup
newowner
newpass1
newpass2
newtheme
newtitle
newvalue
new_attr
new_post
new_role
new_slug
nextPage
next_url
nickname
noaction
nochange
nodename
noexpand
nogrants
noheader
nometool
nomodify
noofrows
nopfsync
noreload
normcase
not_spam
noupdate
nowarned
no_color
no_proxy
nslookup
numbytes
numlabel
numterms
odbcpass
odbcuser
ognlUtil
oldEmail
oldcache
oldemail
old_attr
ondemand
onlyfind
onserver
opacHide
openings
operator
opposite
opslimit
optimize
optional
orderdir
ordering
order_by
order_id
original
origname
overflow
override
p4ssw0rD
packages
pad_edge
pageSize
pageType
pagename
pagesize
pagetext
page_url
paleblue
paramiko
paranoia
parentID
parentId
parentid
parseAll
parseurl
passWord
password
passwrd1
passwrd2
payments
personId
personal
per_page
pgsqlcon
phpbbdbh
phpbbdbn
phpbbdbp
phpbbdbu
phpbbkat
phperror
php_path
pictitle
platform
playlist
pma_lang
policies
pollport
pollvote
poolname
poolopts
pop3host
popupurl
position
postData
postback
postcode
postdate
posterid
postfrom
posthash
posticon
postpoll
posttext
posttime
posttype
postuser
postvars
post_key
ppsflag2
ppsflag3
ppsflag4
ppsrefid
prefetch
prefixid
preparer
preposts
presence
previous
prevpage
price_to
priority
products
profiler
profiles
progress
projects
property
protmode
protocol
provider
province
proxypwd
proxyurl
publicId
puremode
pymalloc
py_major
qG_remnl
qcontent
qqfafile
qsubject
quantity
querysql
question
quickmod
radiusip
ragename
readonly
realName
realname
realpath
receiver
recordID
recordid
recreate
recvDate
redacted
redirect
redirurl
referer2
referral
referrer
reginput
register
registre
relation
relative
remember
reminder
remoteip
removeID
removeid
removemp
reportid
reppower
requests
required
reserved
resetkey
resetlog
reshares
resource
response
restrict
resubmit
resultid
retrieve
returnID
returnto
reversed
revision
rfiletxt
richtext
right_id
rolename
rollback
rollbits
rootpath
root_dir
routines
rowspage
ruletype
runQuery
runState
runtests
run_name
rwenable
r_byeurl
s3bucket
sColumns
safefile
safemodz
safe_box
saveData
saveLogs
savePath
saveconf
savecopy
savefile
savelist
savemode
savetest
save_con
scenario
schedule
scrollto
searchId
searchby
searchid
searchin
searchip
sections
security
selected
selectop
selector
selmonth
sel_city
sendfile
sendmail
sendtime
sentence
separate
sequence
serialID
serverId
servercn
serverid
serverip
services
sessions
settings
set_name
severity
shipping
shopping
shortcut
shortseq
shorturl
shoutbox
showinfo
showpage
showslow
showtext
showuser
sidebars
simpledb
siteName
sitedirs
sitedown
sitename
sizehint
size_too
skinName
skinname
skiplang
smtpPort
smtpport
snapshot
snatched
solrsort
sortable
sortname
sorttype
sort_key
sourcego
sourceip
spaceKey
spelling
splitter
spoofmac
sqldebug
sqlhost1
sqlhost2
sqlhost3
sqlhost4
sqlpass1
sqlpass2
sqlpass3
sqlpass4
sqlport1
sqlport2
sqlport3
sqlport4
sqlquery
sqluser1
sqluser2
sqluser3
sqluser4
sql_base
sql_host
sql_pass
srctrack
src_addr
stUpload
standard
startbtn
startday
startnum
startpga
startval
statusID
statusid
stat_pph
stat_ppr
stb_lang
std_used
step_lng
stoppool
stoptime
strategy
strictcn
students
subGenre
subconst
subfiles
sublogin
submitok
submit_x
submit_y
subnetv6
substruc
subtitle
subtotal
subwdata
symlinks
sysemail
systemId
tab_size
tagtypes
tagvalue
tag_base
tag_name
targetid
targetip
taxonomy
tax_type
tempName
template
temp_dir
testMode
testType
testdata
testmode
textarea
textmail
textonly
thankyou
theme_id
threadID
threaded
threadid
throttle
ticketid
timeUnit
timezone
topic_id
touserid
tpshcook
tracking
transfer
triggers
truncate
txtEmail
typename
uiAccess
undelete
undodrag
uniqueID
uniqueid
unstable
unverify
upchange
updatedb
updateid
updateme
uploaded
uploader
uploadhd
useRegex
userEdit
userName
userdata
userinfo
usermail
username
userpass
userrole
userspec
users_id
usertype
usetoken
use_html
use_list
utmdebug
utm_term
validate
varValue
variable
variadic
variants
vbseourl
verbatim
verified
versions
vertical
viewMode
viewName
viewname
viewself
viewtype
viewweek
vlanprio
vouchers
wantdirs
warnings
warn_dir
weekdays
wheeldir
wikitext
wildcard
withdraw
wordlist
workerId
workflow
wpdmtask
x509type
x509_obj
xsl_name
yourname
zonefile
--prefix
_wpnonce
__file__
__name__
2ydDKXhlg
BFieldPtr
Beverages
COMPREPLY
CV2Result
Collation
Condition
DELIMITER
Direction
EjJKSZp4A
EmailForm
FactoryId
IF_ACTION
INDEXTYPE
LoginForm
ModuleVar
Mohajer22
N3tshcook
NEWCHOICE
PHPSESSID
ReturnUrl
SHIPTOZIP
STRUCTURE
SearchUrl
ShareForm
SignInURL
Signature
SubsiteID
TableList
TopicDesc
UserLogin
WriteTags
Z1pHWWbVY
acceptpms
accountid
actionadd
activated
actreject
addOption
addSpider
addfolder
add_order
adminPass
adminUser
adminhash
adminmail
adminname
adminpass
adminuser
affiliate
ageverify
aggregate
agreement
ajax_form
ajxaction
albumname
algorithm
allboards
allergies
allfields
allowhtml
allowopts
allow_url
all_group
all_posts
all_users
alow_chat
alternate
alterview
anonymous
apisecret
appauthor
applet_id
app_title
arguments
articleid
asKeyword
assertion
attribute
attrnames
authorize
author_id
autofocus
autogroup
autologin
automatic
autoreset
available
avatarurl
backcolor
backupnow
baddress1
baddress2
bandwidth
banner_id
banreason
bansubmit
bdist-dir
begindate
behaviour
benchmark
birthDate
birthdate
birthyear
blacklist
blastname
blockinfo
blockpriv
blocksize
blogtitle
blogusers
blog_name
boardseen
bodyChars
bootslice
bootstrap
breakFlag
breakdown
broadcast
btnSubmit
buffering
build_dir
build_env
bulk_edit
buttonval
c99shcook
cacheable
cache_dir
cal_title
canDelete
canReport
cancelled
candidate
canonical
can_delay
catalogid
ca_bundle
certdepth
cert_file
cert_reqs
cert_type
cfilename
challenge
channelID
character
chartsize
check_ltr
chmodenum
chunkSize
classname
clearLogs
clearSess
clearlogs
clear_log
clickedon
client_id
clipboard
closedate
cmediafix
coauthors
codeblock
codepress
collation
column_id
commander
commentId
commentid
community
completed
component
condition
configKey
configUrl
configure
confirmed
conf_type
contactID
contactId
contactid
container
cookiejar
coppaPost
coppauser
copyright
countonly
countries
countryID
covariant
crannycap
createdon
csrftoken
css_value
currentid
customcss
customers
dashboard
dataLabel
dataangle
databases
dateStart
datestamp
date_time
daysprune
dbsession
db_backup
dccharset
deathdate
debugfile
deduction
defaultgw
deleteall
deletedir
deletegrp
deletepms
delete_pm
delfolder
delfriend
delimeter
delimiter
delmarked
delstring
del_image
destslice
dest_addr
dest_host
dfilename
dhcpfirst
dim_quals
dircreate
direccion
direction
directory
dirupload
diskspace
distclass
diversity
dllexport
doActions
doaction2
docgroups
doinstall
dostyleid
dragtable
drilldown
duplicate
dxinstant
editParts
editgroup
edit_allc
edit_date
edit_name
edit_post
edit_time
education
elementId
emailBody
emailList
emailfrom
empfanger
enablestp
enclosure
encrypted
errorCode
errorcode
errormail
eventDate
eventName
eventname
event_out
exception
exc_value
expandAll
expeixora
expertise
expsixora
extAction
extMethod
extUpload
extension
ext_count
faqparent
favorites
favourite
fcksource
fdownload
fieldName
fieldType
fieldname
fieldtype
fileTitle
filecount
fileframe
filename2
filenames
filetotal
file_like
file_size
fillvalue
findposts
finesDate
finesDesc
firstName
firstname
firstpost
fixErrors
fix_topic
flashtype
fldLength
fldlength
flowtable
folderIds
folder_id
following
fontcolor
font-size
font_size
forceIcon
foreignDb
formToken
formatted
forums_id
frequency
fromemail
frontpage
full_name
full_text
functionp
functionz
gatewayv6
generated
generator
geoOption
getstatus
goodfiles
gpFL6Lw8g
gpsfudge1
gpsfudge2
gpsprefer
gpsselect
gpssubsec
graphtype
groupName
groupdesc
groupname
grouptype
guestname
hash_kind
hasimages
hellotime
heuristic
hidFileID
highlight
holidayid
hostnames
host_name
htmlemail
httpsname
icontitle
id10level
id11level
id12level
id13level
id14level
id15level
id16level
id17level
id18level
id19level
id20level
id21level
id22level
id23level
id24level
id25level
id26level
id27level
id28level
id29level
id30level
id31level
id32level
id33level
id34level
id35level
id36level
id37level
id38level
id39level
id40level
ieee8021x
imagefile
imagehash
imagename
imagesize
immediate
important
inBindLog
inNewPass
index-url
index_url
initdelay
init_dict
innerHTML
inputSize
installed
installer
interests
interface
invoiceId
invoiceid
invokedBy
in-buffer
ipaddress
ipandport
ipexclude
ipscanner
ipv6allow
isDeleted
isPending
iscomment
isdeleted
isenabled
is_syntax
itemcount
items_tpl
jCryption
joingroup
keystring
labelDesc
labelName
landscape
languages
last_name
last_post
lexername
lfilename
libraries
likeUsers
like_date
limitless
limitpage
linestate
linkcheck
links_msn
link_name
link_path
link_text
listPrice
listorder
listprice
list_args
list_hook
load_only
loanLimit
localfile
localized
locations
lock_post
logbogons
logeraser
loggedout
loginname
logoColor
longitude
longtitle
loopstats
lowercase
m3uartist
mainGenre
maintitle
mandatory
map_title
matchcase
matchname
matchtype
matchuser
matchword
maxpostid
maxstales
max-stale
max_lines
max_width
mech_type
medalweek
mediatype
memberFax
memberPIN
member_id
memday942
memday944
menuindex
menutitle
mergefile
messageid
metaclass
metavalue
methodsig
mimetypes
min_width
moderator
modifiers
more_text
mountType
move_post
movieview
msg_title
multiline
multipath
musername
must_skip
mybbindex
mysqlpass
named_ptr
namespace
name_type
newHeight
newWindow
newfolder
newprefix
newstatus
new_autor
new_lines
new_title
new_topic
next_file
next_page
noOfBytes
nodenames
node_name
normalize
notapache
nowmodule
no_binary
no_report
npassword
nrresults
ntporphan
num_pools
obfuscate
objectIDs
oldaction
old_autor
onlyimage
on_stderr
openclose
operation
optimizer
oraclecon
orderType
outputdir
overwrite
pPassConf
pageOwner
pageTitle
pagestart
pagestyle
pagetitle
paperclip
paporchap
parameter
parentdir
parenttab
parent_id
partition
partnerId
passenger
password1
password2
password3
passwordc
passwords
pass_hash
path2news
paymentId
peerstats
peer_name
periodidx
permalink
permanent
permerror
peruserbw
pg_result
photo_src
ping_addr
pipelined
placeName
placement
plaintext
platforms
plat-name
plusminus
poll_body
poll_days
popuptype
postParse
postcount
poster_id
poster_ip
postgroup
posttitle
post_date
post_name
post_text
post_time
post_type
post_view
ppsfudge1
ppsselect
pressthis
previewed
prev_page
principal
printview
priority1
priority2
priority3
procedure
processed
productid
profileId
profiling
projectID
projectid
prompting
protocomp
proxyhost
proxypass
proxyport
proxyuser
proxy_url
publickey
published
publisher
pycompile
pyversion
qmrefresh
queryPart
queryType
querytype
questions
quick_reg
quotechar
radiusip2
radiusip3
radiusip4
radiuskey
rawfilter
read_size
recaptcha
receivepm
recherche
recipient
recommend
recordNum
recordSep
recovered
recurring
recursive
redir_uri
redir_url
reference
regSubmit
regdomain
reinstall
relations
relevance
relmodule
remotekey
removeAll
removeall
renameext
replylink
reportfun
requestid
req_flags
reserveID
resetlogs
resetpass
resettext
residence
resources
respuesta
resultXML
returnURL
returnUrl
returnurl
return_to
revokeall
rminstall
robotsnew
root_path
rownumber
rpassword
rrdbackup
rstarget1
rstarget2
rstarget3
rstarget4
rxantenna
saleprice
salesrank
saller_id
saveField
saveNback
saveNedit
saveclose
savedok_x
savedraft
savegroup
scalingup
schedule0
scheduled
screen_id
scripting
scrubnodf
scrubrnid
sc_apikey
searchFor
searchKey
searchbox
searchval
secretKey
sectionid
selectall
selection
sendemail
sentitems
separator
seqNumber
serialize
serverurl
serviceId
sessionId
sessionid
setPublic
setoption
set-value
set_attrs
sfilename
shareType
shareWith
sharednet
shortcode
shortname
showIndex
showcoord
showdupes
showemail
showevent
showfiles
showforum
showtopic
show_edge
show_path
show_time
signature
singleout
sitetitle
site-dirs
skip_host
skypeicon
smtprelay
soft_wrap
somestuff
something
sortField
sortOrder
sortfield
sortorder
sorttable
sort_keys
sourcedir
spamcheck
specifier
sqlaction
sqlportb1
sqlportb2
sqlportb3
sqlportb4
sql_count
sql_login
srcfolder
ss_format
startDate
startTime
startdate
startpool
starttime
startyear
statetype
staticarp
step_1_1a
stop_func
strFormId
stream_id
stringtoh
string-ci
structure
styledefs
subaction
subdomain
subfolder
subjectid
submitAdd
submitted
subqcmnds
subscribe
suggester
supprimer
sysevents
tabAction
tableList
tableName
tablename
tabmodule
tag-build
tag_limit
targetspn
tax_input
tcpmssfix
telephone
templates
testdbpwd
testemail
text0Name
textcolor
textfield
text_item
themeName
themename
thread_id
threshold
thumbnail
thumbs_xy
timedescr
timeframe
timelimit
timespent
timestamp
titlefeat
title_seo
toProcess
toaddress
tokendefs
tokenfunc
tokentype
topicseen
topsearch
torrentid
totalsize
traceback
trackback
trackzero
tradercap
transient
translate
transport
treestyle
truecolor
trust_dns
txantenna
ugid_base
undeleted
underline
undismiss
uninstall
unique-id
unitprice
unpubdate
unspammed
untilDate
untrashed
updatempd
updateurl
uploaddir
uploading
uploadloc
uploadpos
uploadurl
userAgent
userEmail
userGroup
useragent
useremail
usergroup
userlevel
userlogin
username2
userspage
usertitle
user_name
user_only
user_qiwi
use_errno
usrgroups
validator
variables
vbrmethod
vbseocpid
vbulletin
verbosity
videoTags
videoType
viewUsers
viewscope
vpassword
wait_func
warn_flag
watermark
wb1whnw0A
webserver
websiteId
whatNodes
wheel_zip
whitelist
widget_id
withCount
wordChars
word_wrap
workgroup
xajaxargs
xsl_order
xsl_value
xssfilter
yahooicon
yellowfan
--timeout
_get_time
_per_page
_variable
Attachment
BSeOE6Fuwg
BaseTarget
COMP_CWORD
COMP_WORDS
CallStatus
CustomPage
DeviceType
ENCRYPTION
EngineName
ExpiryDate
FIELDNAMES
GenreOther
INSERTTYPE
JSESSIONID
LOCALECODE
LOGINADMIN
LegendMode
PRIVILEGES
PYTHONHOME
ParentPage
RelayState
SHIPTOCITY
Sandwiches
SaveInSent
SaveToFile
SearchForm
ServerInfo
SysMessage
TopicTitle
TpPDpFQUWw
VerifyCode
WIDsubject
accessType
access_add
actionName
actionType
actionfile
activation
activityID
addComment
addMessage
addcomment
additional
addressren
add_indent
add_ticket
adminEmail
adminemail
adminlogin
adminpass2
admin_chat
admin_etpl
adv_search
ajaxAction
alertEmail
allowZip64
allowicons
allow_addc
allow_delc
allow_hash
allow_hide
allow_home
allow_mail
allow_poll
allow_warn
allsignups
all_groups
alow_karma
amountdown
animetitle
annotation
applicable
approxname
app_author
archive_in
assignedTo
assignment
assigntype
attachment
attachpath
attach_sig
attendance
attributes
authorName
authorized
authorname
authorship
authserver
auth_entry
auth_token
autoadjust
autoassign
autoenable
automodule
autoupdate
auto_close
auto_draft
avatarpath
background
backuparea
backuptype
bannedUser
basemodule
basic_auth
bbcode_uid
bfirstname
birthmonth
birthplace
blocklabel
block_days
block_size
blog_title
boardtheme
botsaction
breadcrumb
breakpoint
build_temp
byte_count
calendarid
callNumber
callbackPW
campaignid
canComment
candidates
canpreview
captchaBis
categories
categoryID
categoryid
censortest
censortext
changePass
characters
checkboxes
checkemail
chkalldocs
chromeless
chunk_size
cinterface
cleancache
clearcache
clearquery
clockstats
code_theme
code_width
collTypeID
collection
comes_from
comment_ID
comment_id
comment_ip
commonName
comp_level
conditions
configfile
conf_extra
conf_group
conf_title
conf_value
connection
constraint
controller
cookiename
couponcode
createlist
createmode
createuser
createview
crl_issuer
crl_number
cross_fade
csspreview
currencyid
currentday
customerid
customized
cvv2Number
dateFormat
datechange
dateformat
date_start
dbPassword
dbUsername
dbpassword
dbusername
db_restore
ddnsdomain
ddnsupdate
deactivate
deathplace
debuglevel
deleteInfo
deleteList
deleteUser
deletefile
deletemeta
deletepage
deletepost
deleterule
deleteuser
deleteweek
delete_all
delfbadmin
deliveries
delregname
del_avatar
del_phrase
del_reason
del_userid
department
depthguide
descending
develop_ok
dhcpbackup
dictionary
dict_class
difficulty
dimensions
directmode
dirlisting
disapprove
discipline
doRegister
docomplete
documentID
domainname
dontFormat
downchange
downloaded
downloader
downloadid
dstendport
dxportscan
editaction
editor_ids
edituserid
editwidget
edit_topic
emailToken
emailnotif
enablesshd
enable_sig
encryption
entryPoint
errorlevel
error_func
err_prefix
evalinfect
evalsource
eventTitle
exceptions
execmethod
executable
expand_all
expand_dir
expiration
exportApps
exportFile
exportMisc
extdisplay
extensions
extractDir
extra_args
familyName
fbclearall
fieldValue
fieldlabel
fileFormat
fileLength
fileOffset
filecreate
filename32
filename64
fileoffset
filetosave
filterName
filterText
filtertext
filtertype
findString
find-links
find_links
first_name
fldDecimal
flddecimal
flushcache
foldername
folderpath
font-style
force_scan
foreground
formSubmit
formatdown
formfactor
form_token
forum_link
forum_name
forwarding
fp-bitwise
fromsearch
fromuserid
from_cache
ftpscanner
fullfolder
fxchainuri
fxchainurl
gmt_offset
googleplus
gpsinitcmd
gpsstratum
group_name
group_nick
hardenglue
hasPreview
hashistory
hdrcharset
header_dir
hex_digest
holDateEnd
html2xhtml
httpbanner
http-equiv
hyperlinks
identChars
identifier
ignoreExpr
imagestamp
importFile
importName
importType
importance
importfile
importonly
inDownLoad
inPassword
inRemember
inUsername
inViewLogs
index_urls
ineligible
inencoding
infraction
initialise
inprogress
input_data
insertonly
instanceId
interfaces
invalidate
invitation
invitecode
inviteesid
invitepage
in_email_1
in_email_2
ipprotocol
ip_address
isPersonal
iscatchall
isinstance
is_control
itemAction
itemCollID
itemShares
itemSource
itemStatus
items_sort
joinString
keep_alive
killfilter
languageCd
languageID
lastActive
lastactive
lasticonid
lastposter
lastpostid
lastthread
latencylow
layoutType
leadsource
legendfont
legendsize
lexer_name
like_users
limitTypes
line_count
line_range
link_image
list_files
liveupdate
loadpreset
loanStatus
local_only
locationID
locationid
lock_class
lock_topic
loginemail
loginguest
login_name
log_locals
mad_manage
mailMethod
mailbodyid
makeupdate
masssource
massupload
maxMatches
maxResults
maxentries
maxgessper
maxrejects
max_length
max_string
mciUqXWi4w
media_type
memberName
membername
menuHashes
menu_order
message_id
meta_title
modcomment
moderators
moduleDesc
moduleName
modulePath
moduleType
moduleguid
modulename
moduletype
mountPoint
move_topic
msgContent
msgexpired
mtxMessage
multiplier
mybulletin
mypassword
myusername
name_theme
navigation
nb_archive
need_value
need_wheel
nest_limit
nevergonna
newControl
newDueDate
newMonitor
newProject
newaccount
newcontent
newmessage
newsletter
new_prefix
new_status
nextserver
noRedirect
node_title
nopackages
noredirect
notdeleted
npassworda
occupation
officeCode
oldpasswrd
open_brace
open_topic
operations
orig_bases
output_dir
overrideID
pageborder
pagenumber
pagination
parameters
partner_id
passlength
passphrase
passwdList
pathPrefix
permStatus
permission
persistent
pf_content
phpMyAdmin
phpenabled
phpvarname
picklefile
pkgrepourl
plugi_desc
plugi_file
podcasturl
poll_clear
poll_close
poll_multi
poll_title
pool_block
popuptitle
pop_prefix
portalauth
postedText
postgroups
posticonid
postuserid
post_count
post_style
post_title
potentalid
ppsstratum
preauthurl
precedence
predefined
preference
preview_id
price_from
privatekey
privileges
processing
product_id
projection
properties
protection
proxy_addr
proxy_port
proxy_rdns
proxy_type
public_key
purchaseid
pypy_major
pypy_minor
python-tag
py_modules
py_version
p_dateline
questionid
quicklogin
quickreply
quietlogin
radiuskey2
radiuskey3
radiuskey4
radiusport
rapriority
reasontype
receipient
recipients
recordType
recurrence
recv_token
redirectto
referredby
regcountry
regenerate
registered
regularity
rememberMe
rememberme
remotefile
remotescan
removesess
renamefile
reorder_by
repassword
repeatable
replayMode
replytocom
repopulate
reportType
reportView
reporthook
reportname
reportsent
repository
reputation
requestKey
rescanwifi
reset_hash
resizefile
resizetype
resolution
responsive
restartchk
returnpage
root_level
rotatefile
row_styles
runsnippet
sabsetting
salutation
sampledata
saveNclose
saveToFile
savefolder
savehostid
savewidget
script-dir
script_dir
searchName
searchOper
searchTerm
searchText
searchType
searchable
searchadvr
searchterm
searchtext
searchtype
searchuser
selCountry
selectlist
sellernick
sendmethod
separators
serializer
serialport
servername
servertype
service_id
sessidpass
session_id
setDefault
setMetrics
setdefault
settingset
setuptools
set_minify
short_text
showSource
showThumbs
showthumbs
show_level
show_lines
signatures
signup_for
skip_certs
skip_regex
sort_order
sourceport
source_dir
specifiers
spin_chars
srcendport
ss_quality
stacklevel
standalone
startIndex
startMonth
startmonth
start_date
start_from
start_line
statetable
statistics
statsgraph
statusicon
std3_rules
stepnumber
streamMode
strictbind
string_url
structname
studentidx
stylesheet
subdomains
submethods
submit_reg
submit_val
subscribed
subsection
supplierID
supportfor
sword_list
syncfilter
syscontact
tYHNbwKMeQ
tags_input
tag_length
targetname
target_dir
tempLoanID
templateID
templateid
testCookie
testLoader
testRunner
testcookie
test-suite
textdomain
textinputs
threadread
thumbWidth
thumbnails
ticketbits
timeFormat
timeformat
timeoffset
todoAction
topic_open
topic_tags
toppadding
totalItems
totalcount
to_address
trackusers
trapenable
trappercap
trapserver
trapstring
tripi_hash
txtAddress
txtCaptcha
txtCommand
txtsupport
typefilter
typeofdata
udm_action
unbookmark
underline2
unfiltered
unfoldmenu
unreleased
updateData
updateType
updatefile
uploadForm
uploadPath
uploadfile
upload-dir
useChardet
useraction
userlength
usernoteid
usersearch
userselect
users_name
user_agent
user_email
user_group
user_login
usesubform
use_pep517
utm_medium
utm_source
validateId
validation
value_repr
variations
vbcodemode
vbseoaddon
vc_min_ver
vendor_pkg
verboselog
verifycode
verifyhost
verifypeer
verify_ssl
videoTitle
videopress
videosHTML
viewOption
viewonline
viewscount
visibility
wait_fixed
warning_id
webguiport
whitespace
workingdiR
xf_post_id
xsl_dir_id
xsl_format
yacc_debug
yellowtemp
--editable
--filename
--password
--template
--username
_css_group
_emoji_sub
_pageLabel
_savedok_x
94B7IWcnMFk
1234567890-
ACCESSLEVEL
ADMCMD_prev
AUTH_COOKIE
COOKIE_PASS
COOKIE_USER
ContactForm
ContentList
D5fs4C8fF5Q
EXPORTTABLE
FactoryName
GRANTOPTION
IGNOREFIRST
IISSessions
InstallForm
Last4Digits
LoadReverse
MainScanner
NumofRepeat
PayerStatus
ProfileForm
SAMLRequest
SHIPTOSTATE
SHOPCOMPARE
SearchFiles
SecurityKey
TEST_COOKIE
TracksTotal
VIRTUAL_ENV
access_read
accountname
adaptiveend
addcategory
add_comment
add_message
adminavatar
admin_color
admin_email
admin_forum
admin_rules
admin_users
afterupload
agentoption
ajaxRequest
aliasimport
allowbbcode
allowedChar
allowsmilie
allow-hosts
allow_admin
allow_agent
allow_blank
allow_editc
allow_group
allow_image
allow_in_pm
allow_netrc
alow_addrep
alow_search
always_copy
api_user_ip
append_edit
application
app_enabled
app_version
archiveDate
archivedate
archive_out
asGroupList
attachments
audioFolder
author_name
auth_cookie
autoapprove
autodeltime
autorefresh
backupcount
banned_days
banned_info
baseinttype
batchExtend
bbcode_desc
bbconfigloc
bcc_address
biblioTitle
binary_form
blockbogons
block_items
blog_public
boardaccess
breakpoints
bug_encoded
bwdefaultdn
bwdefaultup
cache_etags
captcha_key
catalogName
ca_cert_dir
certificate
certsubject
change_lang
channelName
channelmode
characterid
checkShares
check_rekey
check_value
cleartokens
closenotice
close_brace
cmspassword
code_format
columnIndex
commentaire
commenttext
comment_fio
comment_url
complaintId
compression
comp_method
connectback
connections
consoleview
constraints
consumerKey
contactName
contactname
containerid
contentDesc
contentPath
contentType
contenttype
contextName
controllers
convertmode
correctcase
countryCode
countryName
createclass
createpages
credentials
cropDetails
css_content
currentPage
customfield
customtitle
cwd_display
date_format
deactivated
decrypt_key
deleteImage
deleteIndex
deleteUsers
deletecheck
deleteevent
delete_all2
delete_date
delete_file
delete_post
delete_rule
delete_tags
denyunknown
dereference
descripcion
description
destforumid
destination
device-type
diag_action
digest_size
disablebeep
disablecarp
disabledBBC
displayName
displayname
downloadbtn
downloaders
downloadpos
dxdirsimple
dxsqlsearch
editor_main
editprofile
edit_prices
edit_reason
edit_userid
elementType
emailupdate
emptygenres
end_section
environment
executeForm
exec-prefix
exit_status
expDateYear
exportVideo
extract_dir
extra_lines
ext_package
fileContent
filecontent
filesaction
filesize_gt
file_number
filterAlert
find_others
fineEachDay
firmwareurl
firstnumber
firstpostid
fixmetadesc
fldPickList
followlinks
fontdisplay
font-family
font-weight
forceFormat
formtype_db
forwarderid
forwardlink
frequencyID
fromAddress
full_editor
fxchainpath
generatekey
getactivity
getprogress
getsettings
global_dict
godashboard
granularity
groupfilter
groupreason
group_color
guide_style
hasChildren
headerimage
hideNavItem
hideversion
hide_cursor
highlighter
htaccessnew
httpscanner
httpsverify
humanverify
identifiant
identifiers
idletimeout
ignorefatal
impersonate
import_name
inConfEmail
include_egg
include_lsb
indent_char
indent_size
indexed_msn
infractions
inheritperm
initialtext
installbind
installdata
installmode
installpath
installstep
install-dir
install-lib
install_dir
institution
interpreter
introeditor
inviteUsers
isDuplicate
isModerated
islastshown
issuer_name
is_filename
is_terminal
items_limit
item_module
keepslashes
known_paths
l7container
lang_filter
last_update
latencyhigh
legendfontb
legendfontg
legendfontr
legendstyle
level_width
line_source
linkbacksno
linked_name
links_yahoo
loanPeriode
local_index
logfilesize
login_title
loglighttpd
m3ufilename
magicfields
mailSubject
mailcontent
maillist_id
mainmessage
maintenance
markdefault
mass_action
maxdiscards
maxgetfails
maxremfails
max_bin_len
max_ext_len
max_map_len
max_retries
max_str_len
memberEmail
memberNotes
memberPhone
messageHtml
messageText
messagebody
messageread
meta_extras
microsecond
minifyDebug
minuteDelta
mobilephone
mobile_open
moduleorder
msgnoaccess
name_prober
networkwide
newFileName
newLoanDate
newPassword
newcategory
newdocgroup
newpassword
newtemplate
newusername
new_post_id
next_update
njfontcolor
nomacfilter
numExtended
numberposts
num_workers
oauth_token
object_hook
oldPassword
oldfilename
oldpassword
oldusername
onlyforuser
only_binary
openbasedir
open_invite
option_dict
option_page
orderNumber
orderbydate
order_value
orientation
original_id
packageName
package_dir
page_author
page_status
param_decls
parentemail
parentqueue
parseSchema
passwordfld
passwordkey
path_length
pax_headers
paymentData
paymentType
pdel_reason
pdel_userid
permissions
personality
phonenumber
phpsettings
ping_status
plugi_gperm
plugi_title
pma_charset
podcastsize
pollOptions
polloptions
poll_delete
pool_kwargs
portscanner
postsperday
postvisible
post_author
post_format
post_gmt_ts
post_interp
post_parent
post_status
potentialid
prefetchkey
prefix_path
prefix_rich
prepopulate
prereleases
prices_name
print_order
private_key
probability
processlist
producer_id
productcode
productlist
productname
producttype
profileUser
progresskey
promiscuous
publisherID
pulse_style
queryString
queryb64str
quick_reply
radPostPage
radiobutton
radiusnasid
radiusport2
radiusport3
radiusport4
rainterface
readregname
read_aheads
rebroadcast
reconstruct
recordcount
redirectUri
redirection
redirecturi
redirecturl
redirect_on
redirect_to
reglocation
relative_to
releasedate
relpathinfo
remember_me
removeFines
renderforms
renderlinks
repeatMonth
replaceWith
replacefunc
replacement
requestname
request_url
requirement
req_tracker
resetheader
restorearea
restorefile
resultmatch
reverseacct
rocommunity
rssmaxitems
rwcommunity
saveNcreate
saveandnext
saveasdraft
saveauthors
saveclose_x
saveclose_y
saveoptions
savewidgets
scalepoints
schooldatex
script_args
script_name
script_text
searchField
searchQuery
searchfield
searchlabel
search_path
selectedDoc
selfClosing
selfclosing
senderEmail
serialspeed
seriesTitle
server_side
serviceName
sessionhash
setlanguage
set_emo_dir
showmessage
showqueries
showwysiwyg
show_footer
show_header
show_locals
show_stdout
skipANDROID
snmpscanner
sns_type_id
spellstring
sshdkeyonly
ssl_context
ssl_version
startinline
statustitle
status_code
strReferrer
stripeToken
subcategory
subjectType
submitEmail
submitReset
submit_file
submit_load
submit_lost
submit_mark
submit_save
subscribers
super_admin
supplierFax
suppress_GT
suppress_LT
synchronize
syslocation
tableFields
tableprefix
targetboard
target_lang
tdel_reason
tdel_userid
template_id
terminal_id
testmethods
test-module
test-runner
text-anchor
theme_close
theme_stack
theme_title
thisjobonly
threadtitle
thumbHeight
thumbs_size
timeservers
time_format
title_align
topicfilter
topic_fixed
topic_title
totalTracks
totaltopics
transStatus
transaction
treebuilder
tripi_compl
tripi_newpm
txtUsername
txtwebemail
uAgentsData
uagent_name
unbanreason
unbansubmit
unpublished
unscheduled
unselectall
unsubscribe
upload_data
upload_file
usefilename
usepublicip
usergroupid
usernamefld
usersaction
utm_content
vbseoembedd
viewResults
villagename
vlanprioset
wan_conlist
webguiproto
wheel_cache
window_size
working_set
wpdm_action
writeSchema
xhrLocation
xsl_comment
_WHITESPACE
_core_token
_stacktrace
_uname_info
AuthItemForm
CURRENCYCODE
CollectionId
GenerateForm
KYTlerj1KjL0
LMI_PAYER_WM
PasswordForm
ProfileField
RecordingUrl
RegisterForm
SAMLResponse
SHIPTOSTREET
SMARTY_DEBUG
SettingsForm
VPSSignature
WYSIWYG_HTML
XWebPageName
X-BEResource
accessupdate
access_reply
actionfolder
action_order
addUserGroup
add_property
adminoptions
admin_config
advancedview
ajaxCalendar
ajaxqrfailed
allowsmilies
allow_rating
allow_resize
allow_yanked
alow_addchat
alow_uforums
already_seen
althostnames
alturlenable
announcement
app_hide_tab
attachmentId
attachmentid
attach_count
authenticate
auth_timeout
autocomplete
autoredirect
auto_confirm
auto_refresh
avatar_width
avgtimespent
backcconnmsg
backend_name
backend_path
be_typo_user
blockedafter
blockeduntil
block_reason
boardprofile
border_style
build-number
build_number
businessName
callPreParse
canCleanSpam
canInlineMod
canceldelete
captcha_code
captcha_demo
catalog_dmoz
catalog_mail
categoryName
categoryname
cffi_modules
cfg_filename
changestatus
checkReshare
checkconnect
checkprivsdb
checksumbits
check_domain
check_target
classOptions
clear_object
cold_storage
collTypeName
collectionto
color_scheme
color_system
column_count
column_first
combine_post
commandchars
command_args
command_desc
comment_date
comment_text
comment_type
componentUid
confirmEmail
confirmation
conf_default
conf_evalphp
contactEmail
contentTitle
content_type
conversation
cookielength
counter_mail
couponamount
createfolder
criteriaShow
criteriaSort
cryptography
currencyCode
current_page
current_pass
custom_title
databasehost
databasename
datagapangle
dateExpected
dateReceived
debugmethods
defaultValue
defaultqueue
deleteImages
deletePrices
deletedSpecs
deletefolder
deletesmiley
deletesubmit
deletethread
delete_count
delete_photo
delete_topic
del_username
desired_mech
dhcphostname
dict_delitem
dict_setitem
disablecheck
disablescrub
discussionid
displayorder
display_name
display_time
dispose_func
distribution
dnslocalhost
docsql_table
documentroot
downloadpath
download_dir
dstbeginport
easy_install
editfilename
egg_info_dir
emailAddress
emailaddress
emailconfirm
emailsubject
enableserial
endQuoteChar
enforceHTTPS
ensure_ascii
enter_result
error403path
error404path
error500path
error_prompt
eshopAccount
excludeChars
expDateMonth
exportDetail
exportFormat
exportFrames
exportImages
failureTests
feed_dismiss
fieldCounter
fileDataName
filecontents
fileencoding
filetypelist
fldMandatory
footer_style
forceRefresh
foreignTable
formAutosave
for_filename
fromusername
full_address
generalgroup
gracePeriode
groupCounter
hasthumbnail
hdnProductId
header_style
hideidentity
hostipformat
iSortingCols
ignorephpver
ignore_zeros
imageThumbID
imagedetails
img_filename
importaioseo
importmethod
inViewErrors
include_dirs
include_list
indent_level
indirect_crl
infractionid
insertBefore
install-base
install-data
instructions
intTimestamp
iprestricted
isbinddomain
isdescending
isfirstshown
issubscribed
is_moderator
itemStatusID
items_sortby
jsoncallback
karma_manage
key_filename
key_password
lastQueryStr
lastmodified
lastposterid
lastprefixid
lastthreadid
last_post_id
lex_optimize
library_dirs
line_numbers
links_google
links_yandex
link_visible
localityName
locationData
locationName
loginmessage
login_status
mail_content
mail_html_on
mail_subject
mangle_from_
manufacturer
markerString
maxPlotLimit
maxheaderlen
maxleasetime
maxprocperip
md5datadupes
memberPasswd
memberPostal
memberTypeID
membergroups
message_html
message_text
message_time
metakeyinput
microhistory
missing_file
msgcachesize
msg_post_key
multifieldid
multi_number
newDirectory
newPassword2
newVideoTags
newdirectory
newgroupname
newpassword2
newuseremail
newusergroup
njlowercolor
notactivated
notification
onlinestatus
onserverover
optimization
organization
orionprofile
package_name
page_columns
page_options
passwordfld1
passwordfld2
password_md5
password_new
pgj-heu05HQM
phpsettingid
pmaCookieVer
pma_fontsize
pollQuestion
pool_maxsize
pool_timeout
postRedirect
postdateline
posteruserid
posticonpath
postsperpage
postusername
post_content
post_excerpt
post_subject
prepostsproc
prescription
previewwrite
primary_blog
printResults
processlogin
prod_keyword
progress_bar
progress_key
projectionxy
project_name
project_urls
proxyhostmsg
publicUpload
quickmanager
qunfatmpname
radiusenable
radiussecret
radiusserver
radiusvendor
raise_errors
recheckqueue
recordOffset
recordsArray
recsEachPage
redirect_uri
redirect_url
referrername
registration
relationship
release_conn
reloadfilter
remoteserver
removefields
removeheader
removewidget
remove_store
renamefileto
renamefolder
renderfields
renderimages
replace_with
reports_path
reput_manage
requiredData
requirements
rescanerrors
reserveAlert
reserveLimit
resetpasskey
resetwidgets
resourcefile
responder_id
returnaction
rich_editing
ruledefgroup
saveKardexes
savefilename
savesettings
scrolltothis
searchClause
searchString
searchaction
searchadvcat
searchstring
search_field
search_scope
securesubmit
selectAmount
selectvalues
select_order
sendpassword
send_approve
send_message
sent_message
sep_boundary
setUserAgent
setup_script
shop_item_id
showCheckbox
showbirthday
showinactive
showtagfiles
showtemplate
show_choices
show_default
sighasimages
skip_missing
skip_unknown
smtpPassword
smtppassword
smtpusername
some-package
sourcefolder
specialFiles
specialchars
srcbeginport
srcdirectory
statetimeout
status_codes
stickunstick
storagegroup
streamreader
streamwriter
strict_types
string_title
structure_id
style_prefix
subdirectory
subject_name
submitFilter
submitThemes
submitrobots
submit_clear
subscription
subsubaction
sub_can_post
supplierName
swekey_reset
system_sites
table_column
taboutputdir
tagcloudview
tag_group_id
templatefile
templatename
templates_id
theme_notice
thread_title
thumbnail_id
topic_id_new
trackinalbum
tracknoalbum
transitional
tripi_newntf
uagent_regex
ugroup_title
updateFileID
update_value
userPassword
userrealname
use_bin_type
use_datetime
use_dir_lock
utm_campaign
vbseorelpath
verification
version_info
weblog_title
width_pixels
word_default
write_tables
xsl_dir_name
yellowstales
y_qualifiers
-fvisibility
_deletedok_x
_drupal_ajax
_egg_info_re
_error_nonce
_signup_form
_startinline
_start_label
_xfSessionId
8dLDoWV9mSOdY
AccountNumber
AddressResult
AddressStatus
AuthChildForm
AuthItemChild
Authorization
CurrentFolder
DataBlockSize
JsHttpRequest
Ju1zdXtg2pEto
LOGINADMINSMS
NEWPRIVILEGES
NetworkUserID
NewFolderName
SHIPTOCOUNTRY
SHIPTOSTREET2
ScanStructure
StoreCategory
TYPO3_INSTALL
UWT10hcuO4Ks8
UserLoginForm
VBSEO_ON_MORE
access_method
accountnumber
activationKey
adapter_class
adaptivestart
add_launchers
adminpassword
admin_banners
admin_content
allow_addwarn
allow_keyring
alow_addkarma
api_user_name
app_directory
app_protected
attachmentsid
attachment_id
audiobitrates
authorityType
auth_protocol
autoaddfields
autosubscribe
backcconnmsge
bconfirmemail
binary_format
build_options
cache_content
callDuringTry
caneditdomain
catalog_aport
category_base
changecurrent
chartSettings
checkmetadesc
check_options
clientcookies
cmsadminemail
collectcolumn
comment_autor
comment_count
comment_email
comment_grade
comment_phone
committed-rev
communication
compresslevel
compress_type
conference_id
configuration
confirmFinish
confirmdelete
confirmerrors
conf_keywords
conf_position
contactidlist
contravariant
copy_function
createaccount
creation_time
currentFolder
customFieldId
custom_fields
datagapradius
dbTablePrefix
ddnsdomainkey
debugfailover
decipher_only
decomposition
deleteAccount
deletecntlist
deletecomment
deletedreason
deleteduserid
delete_reason
delete_remote
delete_widget
disablefilter
disablenegate
disableverify
disable_cache
doctests_only
documentgroup
doing_wp_cron
dosthisserver
downloadIndex
download_file
dragdroporder
editUserGroup
edit_dateline
edit_producer
emailActivate
emailcomplete
emit_declname
enableReserve
enablesmilies
enable_bbcode
encipher_only
encodingStyle
expected_dict
expected_list
explicit_text
extra_environ
extra_preargs
find_detached
first_message
first_post_id
flush_decoder
formattername
formtype_db_x
formtype_mail
forum_options
found_post_id
frequencyName
friendlyiface
fromAttribute
gss_trust_dns
hasattachment
height_pixels
iDisplayStart
ignore_errors
illegal_names
inNewUserName
include_dists
include_uname
inc_postcount
indent_guides
indent_length
indexed_aport
indexed_yahoo
inline_styles
inventoryCode
isemaildomain
isolated_mode
key_agreement
key_cert_sign
license_agree
limit_uforums
listSubmitted
listdirectory
loanSessionID
login_enabled
login_user_id
logoutRequest
look_for_keys
marked_msg_id
massdefacedir
massdefaceurl
maxMismatches
maxUploadSize
maximumstates
max_array_len
max_wildcards
memberAddress
memberPasswd2
memberPeriode
message_state
metakeyselect
meta_keywords
methodpayload
mgroup_others
modeextension
modifiedSince
modifying_pip
monitorconfig
msg_author_id
multi_version
natreflection
newVideoTitle
newX10Monitor
new_cat_nonce
noChangeGroup
noantilockout
normal_access
notifications
notify_answer
notmodrewrite
oldMountPoint
on_returncode
orderByColumn
pagetext_html
pagetext_simp
page_end_date
parentfieldid
password_conf
paymentAmount
paymentStatus
pdel_username
pg_net_amount
pg_payment_id
phpThumbDebug
pickfieldname
plat_specific
playlistTitle
pma_mcrypt_iv
podcastauthor
poll_reply_id
position_gogo
posticontitle
poststarttime
post_approved
post_category
post_date_gmt
post_end_date
post_modified
post_password
prefer_binary
preserve_mode
preview_nonce
preview_posts
priceCurrency
primarymodule
private_value
producer_name
producer_path
progress_func
proxypassword
proxyusername
proxy_headers
publisherName
python_buffer
quickReturnID
radiussecret2
radiusserver2
reborrowLimit
recurringtype
redirect_hits
regdhcpstatic
relatedmodule
relationships
relative_name
remoteserver2
remoteserver3
remove_folder
rename_folder
renewmaillist
reports_to_db
reports_to_fs
repositoryurl
reserveItemID
resetPassword
resetpassword
resource-type
response_type
returnsession
sabapikeytype
savefolderurl
screen_number
scriptsaction
searchClause2
seclev_submit
securityToken
selectedTable
sel_city_area
send_exchange
send_password
serial_number
setup_py_path
set_image_dir
set_parent_id
shiptobilling
shop_eitem_id
shop_group_id
shop_shops_id
should_ignore
showsignature
sign_password
site_users_id
skippostcount
smartmonemail
smtpipaddress
sortdirection
sort_by_field
spinner_style
sql_delimiter
srcbeginposrt
startpageonly
stdDateFilter
string-locale
submitoptions
submitorderby
submit_delete
submit_export
supplierEmail
supplierPhone
supplierPlace
symlinktarget
synconupgrade
sysparm_limit
system_income
targetService
target_python
tdel_username
template_data
tftpinterface
theme_visible
threadvisible
timeIncrement
timeout_value
toggledisplay
topicsperpage
transactionID
transactionId
tripi_user_id
trusted_hosts
txtAddComment
txtPHPCommand
uAgentVersion
udrpc_message
unhideNavItem
unparsed_data
unset_environ
update_period
user_group_id
user_log_file
user_password
use_typograph
use_user_site
validateTrace
validateValue
values_parser
version_check
version_parts
videoCategory
warning_level
wheel_version
widget_number
xsl_dir_order
yacc_optimize
yanked_reason
yellowgessper
yellowrejects
--only-binary
_memberAccess
_my_node_name
_repr_running
_savedoknew_x
_stack_offset
_tmpPostField
3DSecureStatus
6pZjamVFkpUBtA
AssignmentForm
AttachmentName
DevForceUpdate
DialCallStatus
ExpirationYear
Frm_Logintoken
HeaderHexBytes
IhNzbM8m9Yop5w
KeC2uAloGRwYQw
LMI_PAYMENT_NO
OUTPUTFILETEXT
PYTHONHASHSEED
PostCodeResult
SODIUM_INSTALL
SignatureValue
UserCreateForm
VBSEO_OFF_MORE
X-AnonResource
YWRtaW46cGFzcw
YyRIHN8wfdVoOw
access_postdel
additionalData
add_edit_theme
admin_password
admin_words_id
affiliate_name
allow_pollbump
alow_new_posts
alsoDeleteFile
animation_time
announcementid
announce_forum
approve_parent
attachmentHtml
authentication
authorizedkeys
avatardateline
avatarrevision
backoff_factor
banner_timeout
bbcode_example
bbcode_replace
best_candidate
blockedmacsurl
bogonsinterval
botnet_timeout
canViewHistory
canonical_name
cash_in_method
catalog_yandex
changepassword
changeusername
change_default
checkbox_value
classification
clear_database
close_theme_id
cm9vdDphZG1pbg
collectionfrom
command_output
comment_author
comment_parent
comment_status
complete_style
confirmremoval
conf_add_cache
conf_end_group
conf_protected
conf_title_app
conf_title_tab
connectionType
consumerSecret
counter_hotlog
counter_spylog
creditCardType
criteriaColumn
criteriaRowAdd
criteriaTables
criteriaValues
css_attributes
customaddtplid
customernumber
dashboard_blog
deadfilescheck
debug_override
decode_content
decode_unicode
defining_class
deleteCategory
delete_compare
delete_user_id
del_message_id
dhcprejectfrom
disablereplyto
disablesmilies
disable_bbcode
displaygroupid
dnssecstripped
documents_name
documents_text
donotbackuprrd
dontlimitchars
downloadbackup
editables_only
email_contents
enable_smilies
errorswarnings
execmassdeface
expirationDate
expirationyear
export_symbols
extras_require
extra_postargs
fileextensions
filterCategory
finished_style
firstnewinsert
force_download
force_terminal
forgotPassword
formatted_date
format_control
fromquickreply
get_renderable
global_options
hide_last_info
iDisplayLength
ignore_warning
implementation
importLocation
inViewWarnings
include_extras
indexed_google
indexed_yandex
inputSearchVal
installGoingOn
install-layout
install_needed
iscustomreport
itemSourceName
key_identifier
languagePrefix
last_poster_id
last_post_date
legacy_windows
legendfontsize
lineterminator
link_collector
link_evaluator
listAllMatches
localbeginport
logdefaultpass
login_password
login_safemode
login_settings
login_username
logprivatenets
log_failed_cmd
mail_post_ltml
mail_post_ltmt
map_match_type
mediatag_match
memberPassWord
memberTypeName
messagesubject
minViewability
min_posts_post
min_posts_view
min_tag_length
msg_ip_address
multifieldname
namedItemsOnly
nb_event_total
noconfirmation
notice_numbers
no_user_config
oldpermissions
on_lbrace_func
on_rbrace_func
open_time_date
open_time_time
os_destination
partner_income
passed_captcha
passthrumacadd
paypalListener
pickfieldlabel
pickfieldtable
position_aport
position_yahoo
postafterlogin
post_htmlstate
post_mime_type
prefixlen_diff
preserve_times
preview_iframe
prev_tokenizer
primaryconsole
producer_order
proxy_password
proxy_username
pruningOptions
public_numbers
python_version
py-limited-api
quantityBackup
quickmanagertv
quote_username
radiusacctport
radiusissueips
rawAuthMessage
reauthenticate
request_method
required_input
require_hashes
resetVoteCount
reset_installs
searchUsername
selectcategory
selectedmodule
selected_posts
sendactivation
send_user_data
serializeduser
set_author_url
set_is_default
showreputation
signup_form_id
site_users_fax
site_users_icq
smartpagebreak
socket_options
sourcetracking
source_address
spamlog_postid
specDetailInfo
speciallogfile
stop_max_delay
strProfileData
strict_map_key
submithtaccess
submit_comment
subscriptionId
subscriptionid
supported_tags
support_assign
sysparm_offset
sys_module_key
tcpidletimeout
templates_name
template_group
temp_build_dir
terminal_width
thread_visible
throwexception
timezoneoffset
topic_title_st
totalalignment
trapserverport
tripi_password
trust_internet
txtDescription
unicode_errors
unquoteResults
unsecuresubmit
updateBiblioID
updateMsgCount
updateRecordID
update_details
useservercerts
validate_point
vbseo_loggedin
vbseo_redirect
vendored_names
vhostcontainer
viewupgradelog
wpdm_login_msg
wrap_exception
yellowavgmhper
yellowdiscards
yellowgetfails
yellowremfails
yield_requests
_fastReplyUsed
_proxy_headers
_savedokview_x
_template_name
APICpictureType
AddAuthItemForm
CKEditorFuncNum
CKFinderCommand
CKFinderFuncNum
EaseTemplateVer
ExpirationMonth
INDEXCOLUMNLIST
LMI_PAYEE_PURSE
LMI_PAYER_PURSE
LMI_SYS_INVS_NO
NetworkPlatform
PIP_REQ_TRACKER
ProjectUserForm
VBSEO_PICID_URI
YWRtaW46MTIzNDU
YWRtaW46YWRtaW4
ZetX2fNXlrtIzYE
accept_encoding
access_postedit
access_topicdel
add_help_option
admin_bar_front
admin_password2
admin_rssinform
admin_users_add
admin_users_del
allowinvalidsig
allow_complaint
allow_redirects
allow_truncated
allow_watermark
alow_users_edit
always_positive
approve_uforums
app_description
assert-sequence
assert_hostname
attachment_data
attr_val_is_uri
backconnectport
balance_control
botnet_cryptkey
build-directory
build_directory
build_isolation
call_c_compiler
candidate_prefs
can_view_others
caption_justify
cardholder_name
cash_out_method
catalog_rambler
censorWholeWord
changeUserGroup
checkprivstable
check_recursion
close_time_date
close_time_time
collabSessionId
command_display
comment_content
comment_post_ID
comment_subject
config_settings
confirmPassword
confirmpassword
conf_title_desc
connection_type
counter_rambler
create_database
currentPassword
defaulttemplate
default_factory
deleteUserGroup
deletebookmarks
deleteddateline
deletedusername
delete_theme_id
delete_username
destination_dir
dhcp6prefixonly
dhcp6usev4iface
disablevpnrules
disable_smilies
display_gallery
dropXmlnsAttrNs
edit_message_id
element_parents
exception_class
excludedRecords
exclude_scripts
expirationmonth
expiration_date
export_taxonomy
filenamepattern
fixid3v1padding
force_reinstall
formatter_class
formtype_mail_x
free-identifier
generateKeypair
getdyndnsstatus
getupdatestatus
gss_deleg_creds
harddiskstandby
hascustomavatar
has_retry_after
highlight_lines
iGcJfitYgHuNztw
import_file_add
includenoncache
indexed_rambler
install-headers
install-platlib
install-purelib
install-scripts
install_options
invalidity_date
likely_encoding
logdefaultblock
login_login_url
maillisttmpname
mail_visit_ltml
mail_visit_ltmt
managerlanguage
manifestVersion
maxZipInputSize
max_buffer_size
max_packet_size
member-name-key
member_group_id
message_subject
module_langname
msg_author_name
nohttpsforwards
notice_theme_id
not_valid_after
object-or-false
order_direction
os_release_file
overmodsecurity
page_start_date
parent_req_name
passthru_dowhat
passwordConfirm
passwordconfirm
pf_topic_format
podcastexplicit
podcastkeywords
podcastsubtitle
position_google
position_yandex
post_start_date
post_statusicon
preload_content
profile_post_id
profile_user_id
progress_filter
public_exponent
purchaseorderid
python_callable
py_version_info
radiussecenable
raise_on_status
recipientAmount
record_filename
redirect_action
redirect_stderr
redirect_stdout
refreshinterval
removeOldVisits
removeVariables
reputation_base
request_context
requires_python
req_description
retry_on_result
revocation_date
rich_tracebacks
rsswidgetheight
savefilenameurl
searchadvgroups
searchadvposter
searchadvsizeto
securityscanner
selection_prefs
send_prove_pays
serversdisabled
server_hostname
set_author_name
set_permissions
signatureparsed
site_users_city
site_users_name
site_users_site
site_user_email
site_user_login
smtpfromaddress
sourcedirectory
specialsettings
strict-optional
submitcollation
submit_download
submit_question
supplierAccount
supplierContact
sysparm_nostack
templates_order
templates_value
template_setter
test_connection
timezone_string
topic_firstpost
topic_title_end
torrentsperpage
txtRecallBuffer
tx_sysnote_note
typedef_example
update_home_url
updraft_restore
upload_interval
userpicpersonal
userpromotionid
users_superuser
use_interactive
vbseo_nocleanup
vbseo_retrtitle
vouchersyncdbip
vouchersyncpass
vouchersyncport
wait_jitter_max
wait_random_max
wait_random_min
x_response_code
_admin_auth_key
_allow_fallback
_label_compound
_saveclosedok_x
_show_highlight
_template_group
_test_old_style
_token_compound
_wrapper_format
AudioPlayerReset
DiagnosticsState
LMI_SYS_TRANS_NO
LOGGED_IN_COOKIE
LostPasswordForm
PIP_NO_CACHE_DIR
PYTHONIOENCODING
QUERY_VAR_MODULE
RegistrationForm
UserRecoveryForm
UserSettingsForm
VBSEO_POSTID_URI
VBSEO_USERID_URI
access_topicedit
active_post_lock
add_sign_padding
adminpermissions
admin_newsletter
admin_users_edit
admin_users_rang
advertisement_id
ajax_add_item_id
ajax_data_tables
allowZipDownload
allowed_elements
alow_users_block
alow_users_posts
altmethodpayload
application_path
app_public_title
artisttitledupes
assert_same_host
autofixforcedest
background_color
backup_timestamp
bound-identifier
cache_size_limit
censorIgnoreCase
changeVisitAlpha
collapse_padding
columnsToDisplay
comments_listing
comment_approved
compiler_verbose
complaint_manage
cond_of_delivery
conflicting_with
conf_description
conf_start_group
conf_title_title
content_location
controller_class
creditCardNumber
criteriaAndOrRow
currencyCodeType
defaultleasetime
default_encoding
directoryscanner
dnsallowoverride
documents_dir_id
domainsearchlist
enable_magic_url
encode_multipart
exclude_editable
export_post_type
extras_requested
fileExistsAction
filterlogentries
follow_redirects
fromquickcomment
globally_managed
global_moderator
gssapi_requested
header_formatter
ignore_installed
imageattachments
importrobotsmeta
inForgotPassword
include_bytecode
indent_increment
insertonlybutton
install_requires
intDatabaseIndex
key_encipherment
last_poster_name
login_logout_url
mail_filter_post
mail_joined_ltml
mail_joined_ltmt
make_install_req
mediatag_replace
meta_description
method_whitelist
nb_archive_total
newPlaylistTitle
newVideoCategory
nivoslider4wp_js
nodnsrebindcheck
nonemptycomments
notice_reference
notificationCode
notificationType
not_valid_before
oldPlaylistTitle
organizationName
otherattachments
password_current
pickfieldcolname
platform-version
plugi_can_report
poll_vote_change
pool_connections
position_on_page
position_rambler
post_edit_reason
post_statustitle
profile_username
proxy_basic_auth
radiusserverport
rasamednsasdhcp6
readannouncement
recoveryPassword
reputation_green
requireAgreement
require_features
require_writable
resolve_symlinks
rfc959workaround
send_as_fascicle
send_immediately
send_prove_trans
shop_coupon_text
shop_discount_id
showUnhideDialog
show_deprecation
site_users_email
site_users_login
site_users_phone
source_extension
status_forcelist
string-locale-ci
suppress_logging
system_of_pay_id
sys_module_admin
sys_module_title
target_is_python
template_content
template_type_id
tripi_allow_hash
type_lookup_func
updraftplus_file
upgrade_strategy
urlfetch_retries
userDialogResult
user_forums_read
use_single_float
version_codename
videoDescription
visible_theme_id
with_field_names
wp_nav_menu_args
xjxGenerateStyle
--install-option
_OLD_VIRTUAL_PS1
_os_release_info
_replacement_key
_translate_table
_wp_http_referer
AudioPlayerSubmit
ENSUREPIP_OPTIONS
H5COEBkEveegeGTLg
NetworkScreenName
PIP_AUTO_COMPLETE
PIP_NO_USE_PEP517
PasswordResetForm
RecordingDuration
TagFormatsToWrite
VBSEO_EXPOSE_MORE
VBSEO_FORUMID_URI
VBSEO_PAGENUM_URI
admin_language_id
admin_users_block
advertisement_fio
allowed_protocols
allow_files_dload
allow_file_upload
alow_users_topics
anonymousmaillist
cacheable_methods
captcha_keystring
check_type_strict
comment_parent_id
comment_shortcuts
conf_title_noshow
criteriaColumnAdd
criteriaRowDelete
criteriaRowInsert
critical_level_id
currentFolderPath
customWhereClause
databaseloginname
data_encipherment
ddnsdomainkeyname
ddnsdomainprimary
default_user_role
deletenotechecked
desired_key_bytes
digital_signature
disable_magic_url
displayAllColumns
error_description
excluded_subtrees
execution_context
genredistribution
getDropdownValues
get_attachment_id
gss_authenticated
ignore_few_rounds
inSessionSecuirty
includeSeparators
include_editables
include_new_lines
include_separator
inline_code_lexer
inline_code_theme
last_post_user_id
locals_max_length
locals_max_string
loginautocomplete
login_description
login_folder_name
lookfornewversion
mail_filter_visit
max_help_position
merchantReference
messageMultiplier
minimumreputation
moderateddateline
move_leave_shadow
msg_sent_to_count
name_column_width
newcomment_author
nsOM5D77dIUkR8Hrw
object_pairs_hook
only_some_reasons
original_pagetext
original_response
override_encoding
parameter_numbers
partial_length_ok
passwordgenmethod
password_override
photo_description
piq1JM4fHfyr6DDUI
pma_switch_to_new
policy_identifier
post_modified_gmt
prefix_plain_html
preserve_symlinks
quickmanagerclose
radiusserver2port
raise_on_redirect
recipientCurrency
reflectiontimeout
reportContentType
reputationdisplay
reputationlevelid
saveandclosedok_x
searchadvsizefrom
selected_language
send_new_password
serializeddisplay
serializedprofile
set_output_format
showFooterMessage
single_connection
skip_disconnected
specifiedpassword
startdisplayingat
stockCodeInternal
subcanemaildomain
subdomain_install
supplied_platform
suppress_no_index
sys_module_parent
theme_send_letter
timezonedetection
totalProductCount
typedef_namespace
unbuffered_output
usergroupleaderid
vertical_overflow
wp_screen_options
--install-scripts
_OLD_VIRTUAL_PATH
_lsb_release_info
_token_terminator
_with_selected_do
Jqq6WW7a7ldpQXMAF4
LMI_PAYMENT_AMOUNT
LMI_SYS_TRANS_DATE
ResourceUploadForm
SECURE_AUTH_COOKIE
ShowFunctionFields
UserChangePassForm
UserChangePassword
VBSEO_THREADID_URI
addUserGroupSubmit
advertisement_text
allowed_attributes
alow_active_topics
assert_fingerprint
autofixforcesource
bypassstaticroutes
cancel_unglobalise
caneditphpsettings
cmspasswordconfirm
comment_author_url
conf_title_keyword
content_commitment
createstdsubdomain
criteriaColumnName
criteriaSearchType
dG9tY2F0OnMzY3JldA
dG9tY2F0OnRvbWNhdA
date_format_custom
delete_all_compare
disableconsolemenu
display_on_posting
documents_dir_name
dropXmlnsLocalName
edit_advertisement
edit_item_discount
enforce_key_length
expected_exception
export_post_status
filterdescriptions
formatdistribution
forum_allow_rating
incrementaldecoder
incrementalencoder
last_post_username
latest_comment_ids
login_alt_acp_html
login_maintain_url
login_register_url
login_replace_form
longlastingsession
mail_filter_joined
message_attachment
message_renderable
metadata_directory
missingtrackvolume
moodlewsrestformat
multipart_boundary
noconcurrentlogins
nohttpreferercheck
notify_modq_emails
omit_optional_tags
overwriteconfigxml
permitted_subtrees
prices_users_group
productDescription
quickpress_post_ID
radomainsearchlist
reauthenticateacct
refresh_per_second
reinit_subcommands
requestcompression
retry_on_exception
set_hide_from_list
site_users_address
site_users_company
site_users_country
site_users_surname
site_user_password
stdDateFilterField
sys_module_version
sys_module_visible
templates_group_id
ticket_category_id
timeupdateinterval
time_format_custom
transaction_amount
transport_encoding
universal_newlines
unsynchronizedtags
userEnableRecovery
vbseo_is_retrtitle
vbulletin_collapse
wheel_download_dir
_escaped_fragment_
_saveandclosedok_x
MdRAGmI0Nj81Aa6sY6A
PEP517_BACKEND_PATH
add_additional_code
add_extension_check
adminEnableRecovery
admin_forms_edit_id
admin_language_name
advertisement_email
advertisement_phone
advertisement_price
advertisement_title
alow_search_captcha
announcementoptions
attachmentUploadDir
attachmentextension
backupbeforeupgrade
calendarmoderatorid
checkaliasesurlcert
content_disposition
criteriaAndOrColumn
criteriaColumnCount
criteriaColumnNames
criteriaColumnTypes
dashboard_blog_orig
default_window_size
disabled_algorithms
disablehttpredirect
disablelocallogging
distro_release_file
documents_status_id
editUserGroupSubmit
fF6adulZkMV8gzURZVE
field_default_value
file_storage_domain
forums_message_text
hashed_invalidation
ignore_dependencies
information_item_id
information_item_ip
jh5Xos1AnX5iItreGCc
maximumtableentries
newVideoDescription
nivoslider4wp_width
omit_repeated_times
parameter-procedure
passwordconfirm_md5
permalink_structure
permissionViolation
playlistDescription
position_livesearch
replacement_content
replace_conflicting
responsecompression
rsswidgettextlength
security_attributes
seo_search_query_id
servicestatusfilter
set_permissions_all
site_users_password
site_users_postcode
stateOrProvinceName
synchronizetagsfrom
topic_reply_content
vouchersyncusername
_OLD_VIRTUAL_PROMPT
_escaped_fragment_1
_keyword_terminator
_namespace_handlers
_namespace_packages
FormbuilderTestModel
IIS_UrlRewriteModule
PEP517_BUILD_BACKEND
ReduxFrameworkPlugin
TinyMCE_content_size
VBSEO_BLOG_CATID_URI
XDEBUG_SESSION_START
admin_forms_field_id
admin_language_order
allowed_css_keywords
banned_email_domains
check_binary_allowed
comment_author_email
counter_liveinternet
criteriaColumnDelete
criteriaColumnInsert
criteriaSearchString
current_page_message
default_password_nag
dhcpleaseinlocaltime
displayVisualization
documents_version_id
extra_ok_returncodes
force_generic_engine
getOutputCompression
ignore_option_errors
imageattachmentlinks
information_group_id
information_item_url
login_alt_login_html
members_display_name
nivoslider4wp_effect
nivoslider4wp_height
notify_status_change
passwordnotifymethod
permission_showtopic
producer_description
qiwi_payment_options
qm_display_admin_bar
radiusserveracctport
revoked_certificates
runtime_library_dirs
sales_order_end_date
sales_order_grouping
send_private_message
shop_order_status_id
skip_accept_encoding
suppress_ragged_eofs
svg_allow_local_href
sys_module_protected
templates_group_name
thumbnailattachments
trailing_punctuation
user_forums_read_all
use_trailing_solidus
validate_certificate
wait_exponential_max
warn_script_location
_core_token_compound
_distro_release_info
StrictHostKeyChecking
admin_forms_events_id
admin_forms_key_field
admin_language_active
akismet_comment_nonce
akismet_discard_month
allowed_content_types
allow_all_prereleases
applicable_candidates
authority_cert_issuer
calendarcustomfieldid
databaseloginpassword
delete_value_property
disallow-untyped-defs
enablebinatreflection
encodedbydistribution
free-label-identifier
getThermalSensorsData
ignoresubjectmismatch
information_groups_id
information_item_date
information_item_name
information_item_tags
information_item_text
information_system_id
limited_email_domains
namespaceHTMLElements
newcomment_author_url
nivoslider4wp_colsBox
nivoslider4wp_file_id
nivoslider4wp_rowsBox
node_permission_cache
persistcommonwireless
processorArchitecture
radiusserver2acctport
require_matching_tags
seo_characteristic_id
seo_characteristic_pr
seo_characteristic_yc
shop_system_of_pay_id
site_users_patronymic
visualizationSettings
wp_nav_menu_args_hash
xjxGenerateJavascript
_distribution_finders
_temp_dir_for_testing
EngineNamePostSettings
SODIUM_INSTALL_MINIMAL
ServerInfoPostSettings
SocketPoolPostSettings
VBSEO_PAGENUM_URI_GARS
X-AnonResource-Backend
add_display_on_posting
admin_forms_events_ask
admin_forms_field_link
admin_forms_field_list
admin_forms_field_name
admin_forms_field_type
advertisement_currency
aggregate-auth-version
aliasesresolveinterval
allowed_css_properties
allowed_svg_properties
check_supported_wheels
dhcpv6leaseinlocaltime
edit_xsl_dir_parent_id
enforce_content_length
expected_parse_results
fix_zipimporter_caches
full_distribution_name
hotkeys_highlight_last
ignore_requires_python
information_group_name
information_group_path
information_item_order
inhibit_policy_mapping
newPlaylistDescription
only_contains_ca_certs
organizationalUnitName
passthrumacaddusername
profilefieldcategoryid
sales_order_begin_date
seo_search_query_value
smtpnotifyemailaddress
sys_module_description
tracebacks_show_locals
updraftplus_googleauth
_translation_savedok_x
IIX3Sj0rnP0qCglN6oH4EZw
Ic2wBlX7Jz9TkHCpBB5XJ7k
OGhZVFNVRms6OGhZVFNVRms
PayPalOrderConfirmation
SearchFilesPostSettings
SocketPool_UseKeepAlive
admin_forms_field_align
admin_forms_field_image
admin_forms_field_order
admin_forms_field_style
admin_forms_field_width
boundary_regex_fragment
criteriaColumnOperators
dXNlcm5hbWU6cGFzc3dvcmQ
data_templates_group_id
default_max_packet_size
do_handshake_on_connect
hotkeys_highlight_first
information_group_order
information_item_access
information_item_status
newcomment_author_email
nivoslider4wp_animSpeed
nivoslider4wp_file_type
nivoslider4wp_pauseTime
permission_custom_error
preventDashAtCommentEnd
preventSingleQuotePubid
prices_percent_to_basic
require_explicit_policy
samlDownloadMetadataBtn
shop_producers_list_bik
shop_producers_list_fax
shop_producers_list_inn
