 123
 admin
!
!!!
!!!111
!!!@@@
!!@@##$$%%^^&&**((
!1@2#3$4%5
!1@2#3$4%5^6&7
!2#4%6
!@
!@#
!@#!@#
!@#!@#!@#
!@#!@#qweqwe
!@#$
!@#$!@#$
!@#$%
!@#$%123
!@#$%1234
!@#$%12345
!@#$%123456
!@#$%54321
!@#$%67890
!@#$%QWE
!@#$%^
!@#$%^&
!@#$%^&*
!@#$%^&*(
!@#$%^&*()
!@#$%^&*()_+
!@#$%^123
!@#$%^1234
!@#$%^12345
!@#$%^123456
!@#$%^abcdef
!@#$%qwert
!@#$&*()
!@#$123
!@#$1234
!@#$12345
!@#$123456
!@#$5678
!@#$QWER
!@#$qwerASDF
!@#$qwerasdf
!@#$zxcv
!@#0000004
!@#123
!@#1234
!@#12345
!@#123456
!@#123456!@#
!@#123qwe
!@#123qweQWE
!@#19841010
!@#321
!@#59560955
!@#678
!@#ASDzxc
!@#QWE$%^
!@#abc123
!@#admin
!@#admin123
!@#ewq
!@#ewqasd
!@#qazwsxedc
!@#qwe123
!@#qwe123qwe
!@#qweasd
!@#qweasdqwe
!@#qweasdzxc
!@#qweqwe
!@123qwaszx
!@QWASZX
!@QWas
!Q2w
!Q2w#E4r
!Q2w#E4r%T
!Q2w3e4r5t6y
!Q@W
!Q@W#E
!Q@W#E$R%T
!Q@W3e4r
!QA2ws#ED
!QAZ!@
!QAZ2wsx
!QAZ2wsx#EDC
!QAZ2wsx#EDC4rfv
!QAZ2wsx3edc.
!QAZ3edc
!QAZ4esz
!QAZ@WSX
!QAZ@WSX#EDC
!QAZ@WSX123
!QAZXSW@
!QAZxsw2
!QAZxsw2#EDC
!QAZxsw23edc
!QAZzaq1
!agent!007
!faist52003
!mir@ninie
!null!
!q2w
!q2w2e
!q@w
!q@w#e
!q@w#e$r%t
!qa2ws3ed
!qa@ws#ed
!qa@ws3ed
!qaz
!qaz1qaz
!qaz2wsx#edc
!qaz@wsx
!qazxsw2
!qazxsw@
!root
!z@x#c
#22s3ks@liy
#@!123
#@!321
#@!ewq
#@*efnet#*&
#EDC2wsx
#EDC4rfv
#droplet#nouman@rplA09@
#xjace!!$@
$
$RFV4rfv
$upp0rt
%$
%$^@
%NULL%
%PHzW4yg9%9M
%null%
)
)&@#(&!$(@
)(*
)(*&^%$#@!
*
**3t3rn1ty
*^doarmata8210
*^doarmata86
++++++
,.
,80mag80`
-
--
-00000000
-pl,0okm
.
..
..-55
.......199
.......199@
..0
.369
.root.
/
0
0-p0-p0-p
0.123
0.1234
0.123456789
00
000
0000
00000
000000
00000000
000000000
0000000000
000000a
000111
0007
00112233
007007
0101
010101
01010101
010203
0102030405
01061983
0123
0123.
01230123
01233210
01234
012345
0123456
01234567
0123456789
0123456789!qaz
01234567890
0147
02
020799
0258
0321
03718ge5
0512tbc
0659SuhlSilce
0724939114
0727527122
0742840622
0744988265
0745811563
07736056123
091978
0987654321
098poi;lk
09po;l
0l0ctyQh243O63uD
0m9n8b
0o9i8u7y
0o9i8u7y6t
0okm(IJN
0okm9ijn
0okm9ijn8uhb
0okmnji9
0p9o8i7u
0p9o8t
0p;
0r4cl3
0r@cle
0racl39
0racl39i
0racle
0racle8i
0racle9
0racle9i
1
1+1+2
1+1=2
1,2,3,4,5,
1,2346E+127
1.2.3
1000
10000
100100
100191
100200
100200300
1006
10086
100senha
1010
101010
102030
10203040
1020304050
1022
1026
10261026
1029384756
10jqka
11
110
1101
110110
110110110
110120
110120112
110120130
111
111000
1111
11111
111111
1111111
11111111
111111111
1111111111
11111a
11112222
1111sa
111222
111222333
11185
111aaa
111qqq
111qqq!
111qqq!!!
111qqq...
112
1122
112211
11221122
11223
112233
11223344
1122334455
112233445566
112233aa
112233aabbcc
1123
112358
1123581321
114477114477
1166
119119
11qqaa22wwss
11qqaazz
11sa
12
12.34.56
120
1202091
1207
1209qwpo
121
1212
121212
121212*
12121212
1212123
121314
12131415
122.224
1221
1222222222
1223
1223334444
1224
123
123!@
123!@#
123!@#$
123!@#$%
123!@#$%^
123!@#qwe
123!@#qweQWE
123#@!
123$%^
123$%^&
123-abcd
123...
123.0
123.123
123.321
123.456
123.789+
123.COM
123.abc
123.asd
123.com
123.com.cn
123.qwe
1230
1230..
123000
12301230
123098qweoiu
123098qwepoi
1231
123111
123112233
123123
123123!@#
123123.0+
123123.com
123123123
123123412345
12312345
123123@abc
123123Abc
123123a
123123aa
123123ab
123123abc
123123q
123123qwe
123123sa
1231321
12321
123234
1232961
1233
1233123
123321
123321.
123333
1233333333
1234
1234!@#$
1234!@#$%
1234!@#$%^
1234!@#$qwer
1234#@!
1234$#@!
1234%$#@!
1234%^
1234%^&*
1234.com
1234000
12341234
12344321
1234457
12345
12345!
12345!@
12345!@#
12345!@#$%
12345#@!
12345$#@!
12345%$
12345%$#@!
12345-
1234512345
123454321
1234554321
123456
123456!
123456!@
123456!@#
123456!@#$
123456!@#$%
123456!@#$%^
123456!@#$%^&
123456#@!
123456$#@!
123456%$#@!
123456&*()
123456.0
123456.123.520
123456.a
123456.com
123456.q
1234560
123456111111
123456123
123456123456
123456456
1234566
1234567
1234567!@#$%^&
12345678
123456789
123456789!
123456789!@#
1234567890
1234567890-=
1234567890jgf
12345678910
123456789101112
1234567899
123456789987654321
123456789a
123456789a123
123456789a@
123456789q
123456789qq
123456789qwer
12345678a
12345678gf
12345679
1234567a
1234567b
1234567j
1234567q
1234567root
123456879
123456@
123456@Aa
123456@a
123456@aa
123456@abc
123456@qwe
123456@qwer
123456@qwert
123456@qwerty
123456@w
123456Aa
123456^%$#@!
123456a
123456a!
123456a?
123456a@
123456aA
123456aB
123456aa
123456abc
123456abc!@
123456admzxcvbnm!@#$%^&
123456as
123456asd
123456asdfgh
123456q
123456qaz
123456qq
123456qwe
123456qwer
123456qwert
123456qwerty
123456wsx
123456x
123456z
123457
12345@qwe
12345@qwer
12345@qwert
12345@qwerty
12345QWERT
12345^
12345^%$#@!
12345^&*()
12345a
12345abc
12345abcde
12345gh
12345q
12345qwe
12345qwer
12345qwert
12345qwerta
12345qwerty
12345tgb
12345x
12345zxcvb
1234@%^&*
1234@1234
1234@abc
1234@qwe
1234@qwer
1234@qwert
1234@qwerty
1234ASDFqwer
1234QWERasdf
1234Qwer
1234^%$#@!
1234a
1234aaaa
1234abc
1234abcd
1234abcd!
1234asdf
1234asdfQWER
1234asdfzxcv
1234qqqq
1234qwe
1234qweasz
1234qwer
1234qwer!@#$
1234qwerASDF
1234qwera
1234qwerasdf
1234qwerasdfzxcv
1234qwert
1234qwerty
1234rewq
1234sa
1234zzzz
1235
123546
123567
1235698
1236
123654
123654789
123654b
12369874
123789
123987
123@!@#
123@123
123@123!@#
123@123AA
123@123Aa
123@123Abc
123@123a
123@123aA
123@123aa
123@123abc
123@321
123@7x24
123@ASD
123@Aa
123@AbcAbc
123@Admin
123@Qwaszx
123@Root
123@aa
123@aaa
123@abc
123@abcabc
123@abcd
123@qaz
123@qwe
123@qweqwe
123@qwer
123@qwerqwer
123@qwert
123@qwerty
123ASDFqwer
123ASDasd
123Abcabc
123QWE
123QWE123qwe
123QWE456
123QWERasdf
123QWEasd
123QWEasdQWE
123QWEqwe
123QWErty
123a
123a123@
123a456
123aaa
123abc
123abc!@#
123abc@123
123abcabc
123admin
123administrador
123asd
123asd,./
123asd123
123asdasd
123asdfQWER
123asdfzxcv
123ertdfgcvb
123ewq
123ewqasd
123ewqasdcxz
123iopkl;,.
123mudar
123muie123
123qaz
123qaz!@#
123qazQAZ
123qazwsx
123qazwsxedc
123qazxswedc
123qw
123qwe
123qwe!@
123qwe!@#
123qwe!@#QWE
123qwe!@#qwe
123qwe,.
123qwe098poi
123qwe123
123qwe123qwe
123qwe456
123qweASDqwe
123qweAsd
123qweAsd*
123qweQWE
123qweasd
123qweasdQWE
123qweasdqwe
123qweasdzxc
123qweasdzxc123qweasdzxc
123qweqwe
123qwer
123qwerASDF
123qwerasdf
123qwerasdfg
123qwerqwer
123qwert
123qwerty
123qwertz456
123root
123root321
123sa
123tyughjbnm
123uiojklm,.
123vvv
123wersdfxcv
123wsx
123www
123yuihjknm,
123z123
123zxc
123zxc123
123zxcZXC
123zxcvbn
123zxczxc
124
124578
126.com
128314
12QWasZX
12qw!@QW
12qw09po
12qw12qw
12qw34er
12qwaszx
12qwaszx!@
12qwaszx3edc
12qwaszxcvbnm
12qweasdf
12qweasdfzxcvb
12wsDE34
1302
1313
131313
1314
13141314
1314520
1314521
1331
134679
13527380230
13579
1357913579
135792
135792468
1357924680
13579qetuo
13920225257
142536
142857
143143143
145236
147123
147147
147147147
147258
147258369
147369
147741
1478
147852369
1478963
147896321
147963
150270
151515
159159
159357
15936175
159753
15975321
159951
163202
163@zq163&
168900
172839
177@dg1
18602611
189532210113
1970
19720111
1978
19780421
1979
1981
19821982
1983
19831212
1983sa
19841020
1985121
1986
19861212
1987
19885510
1989
19900629
19901021
19901127
19920428
19920925
19940817
19980704
1999
1=2-30495867
1@3$5^&8(0
1Q2W3E!@#
1Q2W3E123
1Q2W3E4R
1Q2w3e123
1Q2w3e4r5t
1QAZ2WSX3EDC
1QAZ2WSX3EDC4RFV
1QAZ2wsx
1QAZXSW23EDC
1Qa2Ws3Ed
1QaZ2WsX
1QaZ2WsX!@#
1QaZ2WsX123
1QaZ2WsX3EdC
1Qaz2Wsx
1Qaz2Wsx!@#
1Qaz2Wsx3Edc
1Qaz2Wsx@123
1Samora4u
1a2a3a
1a2a3a4a
1a2b3c
1a2b3c4d
1a2b3c4d5e
1a2s3d
1a2s3d4f
1a2s3d4f5g6h
1az2sx3dc
1az2sx3dc4fv
1candoit
1i32bhyw
1l0v3y0u
1nt3rn3t
1oracle
1q1q1q
1q1q1q1q
1q1q1w1e
1q2a3z
1q2w
1q2w!Q@W
1q2w!q@w
1q2w!q@w#e
1q2w#E$R
1q2w1q2w
1q2w1q2w3e
1q2w3@e4r5t
1q2w3e
1q2w3e!@
1q2w3e!@#
1q2w3e!Q@W#E
1q2w3e$R%T^Y
1q2w3e,.
1q2w3e,./
1q2w3e,./?
1q2w3e,./? ><
1q2w3e123
1q2w3e4R
1q2w3e4r
1q2w3e4r!@#$
1q2w3e4r*
1q2w3e4r5
1q2w3e4r5T
1q2w3e4r5t
1q2w3e4r5t6y
1q2w3e4r5t6y7u
1q2w3e4r5t6y7u8i
1q2w3e4r5t6y7u8i9o
1q2w3e4r5t6y7u8i9o0p
1q2w3e4r5t~
1q2w3easd
1q3e5t
1q@W3e$R
1q@W3e$R5t
1q@w#e$r
1qA2wS3eD
1qa2ws
1qa2ws3ed
1qa2ws3ed4rf
1qa@WS3ed$RF
1qaSW@3ed
1qaZ2wsX
1qaZ2wsX!@#
1qaZ2wsX123
1qaZ2wsX3edC
1qasw2
1qasw23ed
1qay2wsx
1qayxsw2
1qaz
1qaz!@#
1qaz!QAZ
1qaz!QAZ2wsx@WSX
1qaz#EDC
1qaz#EDC5tgb
1qaz0okm
1qaz1qaz
1qaz1qaz1qaz
1qaz2WSX
1qaz2w
1qaz2ws
1qaz2wsX
1qaz2wsx
1qaz2wsx!@
1qaz2wsx!@#
1qaz2wsx!QAZ@WSX
1qaz2wsx#EDC
1qaz2wsx#EDC$RFV
1qaz2wsx1
1qaz2wsx123
1qaz2wsx3
1qaz2wsx3e
1qaz2wsx3ebc4rfv
1qaz2wsx3edc
1qaz2wsx3edc1
1qaz2wsx3edc4rfv
1qaz2wsx@
1qaz2wsx@123
1qaz2wsxcde3
1qaz2xsw
1qaz3edc
1qaz3edc5tgb
1qaz=
1qaz@2wsx
1qaz@WSX
1qaz@WSX#EDC
1qaz@WSX2wsx
1qaz@WSX3edc
1qaz@WSX3edc$RFV
1qaz@WSX3edc$RFV5tgb^YHN
1qaz@WSXcde3
1qaz@wsx
1qaz@wsx#edc
1qaz@wsx3edc
1qazXSW@
1qazXSW@#EDC
1qazXSW@2wsx
1qazXSW@3edc
1qazXSW@cde3
1qazXSW@xsw2
1qazZAQ!
1qazaq1
1qazse4
1qazse4rfv
1qazxcde32ws
1qazxcvb
1qazxcvbnm
1qazxcvbnmko0
1qazxdr5
1qazxsw2
1qazxsw2!QAZXSW@
1qazxsw2#EDC
1qazxsw22wsx
1qazxsw23
1qazxsw23edc
1qazxsw23edcvfr4
1qazxsw2cde3
1qazxsw2xsw2
1qw23e
1qw23er4
1qw23er45t
1qwe23
1qwe2asd3zxc
1qwer2asdf3zxcv
1qwerty7
1root
1sa
1stanbul
1w2q3e
1xcvbnm
1z2x3c
1z2x3c4v
1z2x3c4v5b6n7m
2
2000
2001
2002
2003
2009
2010
2011
2014
2015
2020
202020
21045
2112
212
212121
212121*
212121**
212224
213
213sugi213
2164823977newpass
2164823977newpass123
21idc.com
21vianet
21vianet.com
21wqsaxz
22
221011
2222
22222
222222
2222222
22222222
2222222222
223344
2255
225588
2321124
2323
232323
2323232323
2323456
2342w3e4r
23456
2345wersdx
234wersdfxcv
235689
23wesdxc
240653C9467E45
245.4765432!
2510
252525
258012
258258
2600
260310
27e5cbbf1cjp
290685
291090
2b0rn0t2b
2ma3p58v
2much4me
2secure4u
2w2w3e3e
2w3e4r5t
2ws3ed4rf
2wsx#EDC
2wsx2wsx
2wsx3edc
2wsx3edc4rfv
2wsx@WSX
2wsx@wsx
2wsxcft6
2wsxcv
2wsxcvb
2wsxdr5
2wsxdr567
2wsxxsw2
2wsxzaq1
3.1415
3.14159
3.1415926
30000
300197
303
314000
31415926
3203672
321
321!@#
321123
321321
321323244
321456
321654987
321ewqdsacxz
321qwe
323232
3232@wewe
326598
32ewdscx
33
332526qq
333
3333
33333
333333
3333333
33333333
333333333
3345678
336699
336699336699
33893389
34563e4r5t6y
3456ertdfc
345ertdfgcvb
34erdfcv
34erdfcv5tgb
35.com!@#
357159
357951
35com
35rert
35tbc
365obsserver!
369258147
369369
369963
382
392
395835961
3Edc2Wsx1Qaz
3H8IDC!!#
3H8IDC72sanhe000
3IIS
3com
3dc4fv5gb
3ed4rf5tg
3edc#EDC
3edc2wsx1qaz
3edc3edc
3edc4rfv
3edc4rfv5tgb
3edc@WSX1qaz
3edcVFR$5tgb
3edcXSW@zaq1
3edcft6
3edcft678
3edcvb
3edcvbn
3edcvfr4
3edcvgy7
3edcxsw21qaz
3rddf
40000
400tbc
4121284911e84cc8
4128
415263
422C#1x
4242
4321
432rewfdsvcx
4389437
43refdvc
4444
444444
4444444
444444444
445566
4533
454545
456123
456456
4567
45674567
4567rtyfgv
456852
456rtyfghvbn
45eter56
45rtfgvb
45rtfgvb6yhn
474747
4862
4867086
4Vs25FRQ
4dm1n
4eL24e3DsvmY42SMxM8Lu
4rfv$RFV
4rfv%TGB
4rfv4rfv
4rfv5tgb
4rfv5tgb6yhn
4rfvBGT%
4rfvbhu8
4rfvbn
4rfvbnm
4rfvgy7
4rfvgy789
4root4
5
5000
513tyml.com
51505150
520025
520123
5201314
5201314a
520520
5211314
521521521
54321
543tregfdbvc
5454klkjl
54e172662
54trgfbv
555
5555
55555
555555
5555555
5555588888
55558888
555888
55667
55667788
5656789
567%^&
56789sa
5678tyughb
567tyughjbnm
56tyghbn
56tyghbn7ujm
5960
5gb6hn7jm
5idfd9m566
5rdx4esz
5tg6yh7uj
5tgb%TGB
5tgb5tgb
5tgb6yhn
5tgb6yhn7ujm
5tgbhu8
5tgbhu890
5tgbnji9
5tgbnm
5tgbnm,
5up
6
60000
60b725f10c9c85c70d97880dfe8191b3
6504710shuazuan
654321
654321!@
6546456900
654ytrhgfnbv
65ythgnb
66118833
66123456
6621293
6625329a!
6625329a!123
6625329cdl
662766
663411584
666
6666
666666
666666!@#
6666666
666888
6695zx
66abcd
6789yuihjn
678yuihjknm,
67yuhjnm
67yuhjnm8ik,
68b329da9893e34099c7d8ad5cb9c940
6969
696969
6IUadIEVyHbz3iKf
6e136e9da8372bc94899ecef857c5405
6hn7jm8k,
6ksnEPFg3BBPmefJ
6tfc5rdx
6yh7uj8ik
6yhn5tgb
6yhn7ujm
706e642a056c7e894ed5a01e55700004
721521
7410
741852
741852963
741963
752883855.
753159
753951
75afaf6480ca5f9c214fabb6e3663813
7654321
76uyjhmn
77123456
7715123
771989
7758521
77585210
7758521123
7758521a
777
7777
777777
7777777
77777777
777777777
777sa
778888888
7788945
778899
7795502a
78
784512
789
7890uiojkm
789456
789456123
7895123
789654123
789789
791213
794613
7h4a5n9d0a2oiang@))*
7hur@y@t3am$#@!(*(
7iu45Perc887pW12c76Ecik88
7u8i9o
7u8i9o0p
7ujMko0admin
7ujMko0vizxv
7ujm,ki8
7ujm6yhn5tgb
7ujm8ik,
7ujm8ik,9ol.
7ujmko0
7ujmko0-=
7x24.com
7x24idc
7ygv6tfc
8080
84.208.199.65
850722
8520
85208520
852456
852799!!!
85Dfr33Fre3BZD
864978...adi
8675309
871025
87654321
88122345
8812345
88123456
882627.8
8877
888!@#
888!@#$
888777
888777666
8888
88888
888888
888888!@#
8888888
88888888
888888888
888888abcd
88889999
895623
8ik,*IK<
8ik,9ol.0p;
8owmpiyddyo
8uhb9ijn
900
90210
9090
90opl;.
951
951753
95217
95217189
9527999!!!
95313
953139.
963852
963852741
963963
963963369
9797
987321
987456321
987654
987654321
9876543210
987789
98oilk.,
98xw.com
99009900
990sf.net
9935net
995430aaa
995511
996633
998877
99887766
999
999888777
9999
999999
9999999
99999999
999999999
9999999999
99bobotw
9ijn0okm
9ijn8uhb7ygv
9ijnmko0
9n8b7v
9ocD@3M09
9ol.0p;
=1-203948576
=======================
?quickserv@min123
@
@!
@#$%&
@#$%^&
@#$%^&*!
@#$%^&amp;*!
@#$&*()
@#&*(
@#&amp;*(
@$$w0rd1
@1B2c#d4
@WSX2wsx
@admin
@admin123
@anonymous
@dm!n
@dm1n
@dmin
@dmin123
@wsx2wsx
A123123
A123456b
A1b2c3d4e5
A1s2d3f4
A@1234567
AA123123
AA123321
AA@123321
AA@12345
AAw123123
AB123123
AB123321
AB1234
AB12345
AB123456
AB@ab
ABC!@#
ABC!@#123
ABC!@#456
ABC12#
ABC12#$
ABC123
ABC123!@#
ABC123$
ABC123$%
ABC123$%^
ABC1234
ABC1234!@#$
ABC1234%
ABC1234%^
ABC1234%^&
ABC1234%^&*
ABC12345
ABC123456
ABC12345^
ABC12345^&
ABC12345^&*
ABCABC!@#
ABCABC#@!
ABCABC123
ABCABC123123
ABCABC123321
ABCD!@#
ABCD!@#$
ABCD!@#123
ABCD#@!
ABCD$#@!
ABCD123
ABCD123!@#
ABCD123123
ABCD123321
ABCD1234
ABCD12345
ABCD123456
ABCDEFGHIJ
ABCabc!@#
ABCabc#@!
ABCabc123
ABCabc123123
ABCabc123321
ADMIN
APPS
ASDF1234
ASDF1234!@#$
ASDFqwer
ASDFqwer1234
ASDQWE!@#
ASDqwerty
Aa111111
Aa123!@
Aa123123
Aa1234
Aa123456
Aa123456..
Aa12345619
Aa1234567
Aa123456789
Aa1234567890
Aa123@123
Aa@123123
Aa@123321
Aa@1234
Aa@12345
Aa@123456
Aa@12345678
Aa@123456789
Ab123123
Ab123321
Ab1234
Ab12345
Ab123456
Ab1234567
Ab12345678
Ab123456789
Ab@123123
Ab@123321
Ab@1234
Ab@12345
Ab@123456
Ab@1234567
Ab@12345678
Ab@123456789
Abc!123
Abc!1234
Abc!12345
Abc!123456
Abc!@#
Abc!@#$
Abc!@#$%
Abc!@#$%^
Abc!@#123
Abc!@#456
Abc1
Abc12#
Abc12#$
Abc123
Abc123!
Abc123!@#
Abc123$
Abc123$%
Abc123$%^
Abc123.
Abc123...
Abc123123
Abc123321
Abc1234
Abc1234!
Abc1234!@#$
Abc1234%
Abc1234%^
Abc1234%^&
Abc1234%^&*
Abc12345
Abc12345!
Abc123456
Abc123456!
Abc12345678
Abc123456789
Abc123456@
Abc12345@
Abc12345^
Abc12345^&
Abc12345^&*
Abc1234@
Abc123@
Abc123@123
Abc@123
Abc@123...
Abc@123123
Abc@123321
Abc@1234
Abc@12345
Abc@123456
AbcAbc123
AbcAbc@123
Abcd
Abcd!123
Abcd!1234
Abcd!12345
Abcd!123456
Abcd!@#
Abcd!@#$
Abcd!@#$%
Abcd!@#$%^
Abcd!@#123
Abcd!@#456
Abcd12#
Abcd12#$
Abcd123!
Abcd123!@#
Abcd123$
Abcd123$%
Abcd123$%^
Abcd123123
Abcd123321
Abcd1234
Abcd1234!
Abcd1234!@#$
Abcd1234%
Abcd1234%^
Abcd1234%^&
Abcd1234%^&*
Abcd12345
Abcd12345!
Abcd123456
Abcd123456!
Abcd123456@
Abcd12345@
Abcd12345^
Abcd12345^&
Abcd12345^&*
Abcd1234@
Abcd123@
Abcd@123
Abcd@123123
Abcd@123321
Abcd@1234
Abcd@12345
Abcd@123456
Abcd_123
Abcd_1234
Abcde@123
Account2017
Admin
Admin!123
Admin!1234
Admin!12345
Admin!123456
Admin!@#
Admin!@#$
Admin!@#$%
Admin!@#$%^
Admin!@#123
Admin!@#456
Admin!QAZ2wsx
Admin!QAZWSX
Admin!QAZXSW
Admin!QAZxsw2
Admin&quot;123
Admin12#
Admin12#$
Admin123
Admin123!
Admin123!@#
Admin123$
Admin123$%
Admin123$%^
Admin123123
Admin123321
Admin1234
Admin1234!
Admin1234!@#$
Admin1234%^&
Admin1234%^&*
Admin12345
Admin12345!
Admin123456
Admin123456!
Admin123456@
Admin12345@
Admin12345^
Admin12345^&
Admin12345^&*
Admin1234@
Admin123@
Admin1@3$
Admin1qaz1qaz
Admin1qaz2wsx
Admin1qazWSX
Admin1qazXSW
Admin1qazxsw2
Admin2012
Admin2015
Admin21
Admin21*
Admin666
Admin@!QAZ2wsx
Admin@!QAZ@WSX
Admin@!QAZxsw2
Admin@123
Admin@123$%^
Admin@123123
Admin@123321
Admin@1234
Admin@12345
Admin@123456
Admin@1234567
Admin@1qaz!QAZ
Admin@1qaz1qaz
Admin@1qaz2wsx
Admin@1qaz@WSX
Admin@1qazXSW@
Admin@1qazxsw2
Administrat0r
Amx1234!
Apache
Appl!@nce
Apple123
Apple123!@
Apple@123
Asd!@#$%^
Asd!@#123
Asd12#
Asd12#$
Asd123
Asd123!@#
Asd123$
Asd123$%
Asd123$%^
Asd123123
Asd123321
Asd1234
Asd12345^
Asd12345^&
Asd12345^&*
Asd@123
Asd@123123
Asd@123321
Asd@12345
Asd@123456
Asd@2019
Asdf!@#
Asdf!@#$
Asdf!@#$%^
Asdf!@#123
Asdf!@#456
Asdf12#
Asdf12#$
Asdf123
Asdf123!@#
Asdf123$
Asdf123$%
Asdf123$%^
Asdf123123
Asdf123321
Asdf1234
Asdf1234!@#$
Asdf1234%
Asdf12345^
Asdf12345^&
Asdf@123
Asdf@123123
Asdf@123321
Asdf@1234
Asdf@12345
Asdfg@456
Asdqwe123
B7E7PErQYjnDNfuj3Ux2phGg9
BUNdAS@#$RT%GQ~EQW#%^QW
BYROOT49
Bata
Bb@123
Ben
Bismillah
Bob13013
Bocloud@suzhou
Brown123
Bu1ldD4sH
Burton22
C2sTbmcmW5kT
COWBOY
Cache!@#123
Cache!@#456
Cache12#$
Cache123!@#
Cache@123
Cache@12345
CactiEZ
CangrejoDeRi0
Carol
Catherine
Cc123456789
Cedm7feb
Ch4ng3m3
Ch4ng3m3!
ChangeMe
Changeme123
Changeme_123
Chile
China
ChinaCache
Chinatelecom@2012
Chinatelecom@2013
Chinatelecom@2014
Chinatelecom@2015
Cisco
Cisco!@#
Cisco!@#123
Cisco123
Cisco123!@#
Cisco123$
Cisco1234
Cisco2015
Cisco@123
Cisco@1234
Cisco@123456
Clara
Client
Cloud!@#
Cloud12#$
Cloud123!@#
Cloud123$
Cloud123$%^
Cloud12345
Cloud123456
Cloud@123
Cloud@1234
Cloud@12345
Cloud@123456
CnWxX2j9rkSrVNf6PBb4j2JXf
Colocrossing123
Compaq
Computer1
Console
Control123
Crack8
D-Link
D00fus01
D13HH[
DUP
Database
Dell123
Destiny@123
Dinamo79buc
E@12
Editor123
Edu123
Enzo
Explorer
FAXWORKS
Fedora7
Filipino
FlIECHp0
FlIECHp0R
FlIECHp0R3
Freedom1
FuckYou!
Fujitsu
Gafrapn0
Galaxy@123
GamerGamer123!@
Genius@2017
GftRudW!!
Golden
Google!@#
Google!@#123
Google12#$
Google123
Google123!@#
Google123$
Google123$%^
Google1234
Google12345
Google2015
Google@123
Google@1234
Google@12345
HACKED
HJKJHJGKHJK
HK123COM
HPOFFICE
HUAWEI
HXEHana1
Harley
Hello@123
HelloWorld2021#!
Helpdesk
Heslo321
HuaWei@123
Huawei
Huawei12#$
Huawei123
Huawei1234
Huawei@123
I2KPwdC7
I2KPwdD4
Idc@123
Incapsula
India@2017
J@nroe
JaMqwdasdasnUASDHASDAS
Jana
Jay123
Jay56
Jaydell98
Jbmeiyoua
JiangXiLT
Jors110
Jupiter2017
K4tp0ng
Ki!l|iN6#Th3Ph03$%nix@NdR3b!irD
Kim@2017
King@123
KudGonBiok
L@k3s!d3
Letmein12
Liberty
Link@123
Login123$
Login1234
M
M8e@*r%c*
MCadmin
MLy8n4ftb5eHaxMS
MOTOROLA
Manager1234
Manager@123
Mexico123
Microsoft!@#
N0th1n9
NM1$88
NeiMengGuLT
Network
NicS16$$
Ninja123
Nopass@elong.com
NpointHost
OAOidc
OAOidc123
OAOidc123!@#
OkwKcECs8qJP2Z
Oracle123
Oracle@123
P4$$w0rd
P4rol4@1234
P4ssw0rd
P4ssword!
P4ssword2019
P@$$123
P@$$1234
P@$$WORD2018
P@$$w0rd
P@$$w0rd.123
P@$$w0rd123
P@$$w0rd2019
P@$$word
P@$$word1
P@$$word5
P@$$words
P@55w0rd!
P@55w0rd101
P@55w0rd22
P@55word
P@??w0rd12
P@ssw)rd
P@ssw0rd
P@ssw0rd!
P@ssw0rd!@#
P@ssw0rd!@#$
P@ssw0rd01
P@ssw0rd1
P@ssw0rd123!
P@ssw0rd1234
P@ssw0rd2
P@ssw0rd2015
P@ssw0rd9
P@ssw0rd@123
P@ssw0rdP@ssw0rd
P@ssw0rds
P@sswd@1234
P@ssword01
P@ssword1
P@ssword12
P@ssword123
P@ssword123456
PASS
PASSW0RD
PHOBOS
POIUYT
PRODDTA
PRt3st!ng
Pa$$w0rd
Pa$$w0rd!
Pa$$w0rd1
Pa$$w0rd12
Pa$$w0rd123
Pa$$w0rd4rfv
Pa$swOrd12
Pa55w0rd!
Pa55word
PaSSWORD
Pages123
Panas0n1c
Paras@srishti
Paris2016
Pass123
Pass123$
Pass123$%^
Pass123456!
Pass2017
Pass@1234
Pass@2018
PassWord
Passw0rd
Passw0rd!
Passw0rd!@
Passw0rd!@#
Passw0rd00
Passw0rd1
Passw0rd123
Passw0rd123!
Passw0rd1234
Passw0rd2019
Passw0rd2020
Password
Password!
Password!@#
Password01
Password01!
Password1
Password12
Password123
Password1234
Password12345
Password2016
Password789
Password@55
Password~
Paul
PlcmSpIp
PlcmSpIp123
Pr1vat3R00tSh3lL
Predictlabs4
Princess
Q!W@E#R$T%Y^
Q!w2E
QAZ!@
QAZ!@#
QAZ123
QAZwsx1234
QWE!@
QWE123!!
QWE2004927q
QWER!@
QWERT!@#$%
QWERTY!@#$
QWERTY!@#$%^
QWERTY123
QWERzzidc!@#$
QWEasdZXC
QWElong123
QWer!@34
Qa789654
Qaz@2020
Qazxsw22
QiRjPtCGW
Qq123456!
Qq12345678
Qq@123456789
Qs123123
Qw123123
Qwer!@#$%^
Qwer12345
Qwert!@#$
Qwert!@#$%^
Qwert@12345
Qwerty!@#$%^
Qwerty@123
Qwerty@123321
Qwerty@1234
Qwerty@12345
Qwerty@123456
Qwerty@2019
RDP
RM3JRVGMCC423835
RPM
Renato@321
Root123
Root123!
Root2017
Root@123456
Root@54321
RuiJiesmstor
SNSOFT
SQL
STUDENTS
Sam@123
Scorpion2017
Scorpions72
Secu4eSSHDAcc355
Server
Server2000
Server2015
Server@2019
Server_123
ShanghaiLT
Soccer
St@mpede2019
Start1234
Start@123
Stop@123
Sunday
Surfer
System32
TANDBERG
Talent123
Tan@123
TeIubescMonicutzaa
TeYub3sckMx11x134xx
Test1234
Test2018
Test@12345
TianJinDX
TnHoo15862380404
UTCfs2202
Up5BaRt6
Viktor
Vision2
WTTqianyingQ2002
WXTTqianyingQW2004
Wangsu@2016
Welcome02
Welcome1
Welcome123456
Welcome2
Welcome2015
Welcome@2019
Win)222
Winkel
Www2018
X7iV08
XK(025)uma
XSW@!QAZ
Y4yhl9t
YWIDC223
Y^T%R$E
Yafar321$
Yankees
YsoRim2oByGviuPGD670mAr
YunNanLT
Yunnandx
ZAQ!2wsx
ZAQ!xsw2
ZHONGGUO$#@!999@
ZJSXIDC123!@#
ZJlt
ZPt3KCe3aq5l
ZTE@uss100
Zf55hrN53k
ZhejiangDX
Zhejianglt
Zhu19740813
Zte521
Zxm10!@#$
[v3v3r1t4]
^%$#@!
_
``````````
a
a!b@c#
a!b@c#d$
a000000
a11111
a111111
a123
a123123
a123321
a12345
a123456
a123456!
a1234567
a12345678
a123456789
a123456a
a123456b
a123654
a123@123
a162a
a1a2a3a4a5
a1b1c3
a1b2c3
a1b2c3d4
a1b2c3d4e5
a1b2c3d4e5f6
a1s2d3
a1s2d3f4
a1s2d3f4g5
a3da50fb67a6ae5a06eca1364e2356a9
aA123123
aA1234
aA123456
aa
aa123123
aa1234
aa12345
aa123456
aa1234567
aa12345678
aa123456789
aa123@123
aaa
aaa111
aaa123
aaa123!@#
aaaa
aaaa1234
aaaaa
aaaaaa
aaaaaa.123
aaaaaaa8
aaaaaaaa
aaaaaaaaaaaaaaaaaaaaaaaaaaaaa
aaaaasa
aaaasa
aaaidc.com
aaasa
aaron
aaron123
aasa
aassdd
ab123456
abbadon
abbas123
abc
abc!123
abc!1234
abc!12345
abc!123456
abc!@#
abc!@#$
abc!@#$%
abc!@#$%^
abc!@#123
abc!@#456
abc!QAZWSX
abc!QAZXSW
abc!QAZxsw2
abc#@!
abc$#@!
abc*123
abc-123
abc.123
abc111
abc12#
abc12#$
abc123
abc123!
abc123!@
abc123!@#
abc123$
abc123$%
abc123$%^
abc123*
abc123,.
abc123.
abc123...
abc123123
abc123321
abc1234
abc1234!
abc1234!@#$
abc1234%
abc1234%^
abc1234%^&
abc1234%^&*
abc12345
abc12345!
abc123456
abc123456!
abc1234567
abc123456789
abc123456@
abc12345@
abc12345^
abc12345^&
abc12345^&*
abc1234@
abc123@
abc123@123
abc123@@
abc123@abc
abc123abc
abc1qaz!QAZ
abc1qaz1qaz
abc1qazWSX
abc1qazXSW
abc321
abc4321
abc54321
abc654321
abc999
abc@!QAZXSW@
abc@!QAZxsw2
abc@123
abc@123!
abc@123...
abc@123123
abc@123321
abc@1234
abc@12345
abc@123456
abc@1qaz!QAZ
abc@1qaz1qaz
abc@1qazXSW@
abc@2017
abcABC!@#
abcABC#@!
abcABC123
abcABC123123
abcABC123321
abc_123
abcabc
abcabc!@#
abcabc#@!
abcabc123
abcabc123123
abcabc123321
abcabc@123
abcabcd1234
abcd
abcd!123
abcd!1234
abcd!12345
abcd!123456
abcd!@#$
abcd!@#$%
abcd!@#$%^
abcd!@#123
abcd!@#456
abcd#@!
abcd$#@!
abcd+1234
abcd-1234
abcd.1234
abcd12#
abcd12#$
abcd123
abcd123!
abcd123!@#
abcd123$
abcd123$%^
abcd123123
abcd123321
abcd1234
abcd1234!
abcd1234!@#$
abcd1234#
abcd1234$
abcd1234%
abcd1234%^
abcd1234%^&
abcd1234%^&*
abcd12345
abcd12345!
abcd123456
abcd123456!
abcd123456@
abcd12345@
abcd12345^
abcd12345^&
abcd12345^&*
abcd1234@
abcd123@
abcd321
abcd36888
abcd4321
abcd54321
abcd654321
abcd@123
abcd@123123
abcd@123321
abcd@1234
abcd@12345
abcd@123456
abcdabcd
abcde
abcde!@#
abcde!@#$
abcde!@#$%
abcde!@#$%^
abcde!@#123
abcde!@#456
abcde12#
abcde12#$
abcde123
abcde123!@#
abcde123$
abcde123$%
abcde123$%^
abcde123123
abcde1234!@#$
abcde1234%
abcde1234%^
abcde1234%^&
abcde1234%^&*
abcde12345
abcde123456
abcde12345^
abcde12345^&
abcde12345^&*
abcde@123
abcde@123123
abcde@1234
abcde@12345
abcde@123456
abcdef
abcdef123456
abcdefg
abcdefg123
abcdefgh
abdou
abdul
abel
able1234
abmtn12
abmtn89
abmtn9
abracadabra
abraham
ac
acacia
acapulco13
access
accessdenied
account
accounting
accounts
aceptar
achilles
acorn
acs
acting
action
activar
activemq
ad123456
adalberto
adam
adamadam
adamy
adcdefg
add
ade
adelin
adgjmptw
adgjmptw1
adidas
adipan123
adkyushu123..
adm
adm1n
admin
admin!123
admin!1234
admin!12345
admin!123456
admin!@
admin!@#
admin!@#$
admin!@#$%
admin!@#$%^
admin!@#$%^&
admin!@#123
admin!@#456
admin!@#admin
admin!QAZ2wsx
admin!QAZWSX
admin!QAZXSW
admin!QAZxsw2
admin$
admin$123
admin001
admin007
admin00789
admin01
admin1
admin110
admin111
admin1111
admin11234
admin12
admin12#
admin12#$
admin123
admin123!
admin123!@#
admin123#
admin123$
admin123$%
admin123$%^
admin123123
admin123321
admin1234
admin1234!
admin1234!@#$
admin1234%
admin1234%^
admin1234%^&
admin1234%^&*
admin12345
admin12345!
admin123456
admin123456!
admin1234567
admin12345678
admin123456789
admin123456@
admin12345@
admin12345^
admin12345^&
admin12345^&*
admin1234@
admin123654
admin123@
admin123admin
admin1314
admin13906271234
admin17
admin1@
admin1qaz!QAZ
admin1qaz1qaz
admin1qaz2wsx
admin1qazWSX
admin1qazXSW
admin1qazxsw2
admin2
admin2010
admin2012
admin2014
admin2015
admin2019
admin234
admin256
admin32
admin321
admin4321
admin54321
admin654321
admin789
admin88
admin888
admin911
admin999
admin@!QAZ2wsx
admin@!QAZ@WSX
admin@!QAZXSW@
admin@!QAZxsw2
admin@001
admin@123
admin@123$%^
admin@123123
admin@123321
admin@1234
admin@12345
admin@123456
admin@123456789
admin@1qaz!QAZ
admin@1qaz1qaz
admin@1qaz2wsx
admin@1qaz@WSX
admin@1qazXSW@
admin@1qazxsw2
admin@2013
admin@2019
admin@321
admin@txt
admin_!@#
admin_123
admin_1234
admin_user
adminadmin
adminadminadmin
adminis
adminisc
administracion
administrador
administrateur
administration
administrator
administrator1
administrator123
administrator@12345
administrators
administre
adminme
adminn
adminnaja
adminpass
adminpass123
adminpassword
adminpaw
adminroot
admins
adminsys
admintest
adminttd
adminwebadmin
admon
adonix
adrian
adt123
advent
advocate
ae123
aerohive
afternoon
again
against
agesci
agree
ahffk18
ahmad
ahmed
aiculedssul
aicumine
aini1314
airport
aistar123<>!N
ajay
ajay123
ajiangzhanzhang
akash
akoska
akusayangkamu
al123
alain
alan
alan1010
alan1234
alanlee
alarm
albert
albert123
alberto
alcatel
aldair
alden
alemany
alen
alex
alex123
alex90
alexa
alexalex
alexander
alexandra
alexandru
alexis
alfa
alfred
ali
alias
alibaba
alice
alien
alin
all4one
allan
allen
alliance
allywll
alma123
almacen
almin
aloha123
alon
alpha
alpha001
alpha01
alpha1
alpha10
alphabeta
alpin
alpine
altavoces
altec
alumno
alupigus
alvin
alx123alx
alyssa123
am
aman
amanda
amateur
amazon
amber
america
american
ami
amigo
amigos
amin123
amit
amjad
ammon
amolah
amorn
amplifier
amssys
amssys123
amssys@123
anada325!@#
analog
analytics123
anamaria
ananda
anarchia
anat
anderson
andre
andrea
andreea
andrei
andrew
andrew1
andries
android
andromed
andromeda
andy
angel
angel123
angel23
angela
angelique
angelo
angels
angus
ania
animal
anita
anita123
ankesh
ankur
ankur123
ankur@123
anna123
anna1904
anne
annie123
anon
anonymous
another
ans#150
answer
anthony
anthony123
anthony@123
antoine
antolin
anton
antony
anurag123
any
anybody
anything
anywhere
aos
ap0ll0
apaajaboleh
apache
apache!@
apache!@#
apache!@#123
apache!@#456
apache!svn
apache12#$
apache123
apache123!@#
apache123$
apache123$%^
apache1234
apache12345
apache123456
apache2svn
apache@123
apache@1234
apache@12345
apache@123456
apacheds
apacheserver
apagar123
apc
apollo
apollo13
apoulain
apoulain123
apoulain@123
app
app1
app123
appadmin
appldev
apple
apple123
apple@123
applemac
applepie
apples
applmgr
appserver
appuser
april
aptproxy
aptx4869
aq1sw2
aq1sw2be3fr4
aq1sw2de3
aqswdefr
aqu
aqua
aquarius
aquila
ar
aragaz123
arash
arbeit
archive
archu
arcsight
area51
areyes
arie123
ariel2
arkark
arno
aron
around
arris
arrive
arron1
arssura
arthur
artica
articon
artifactory
artifactory123
artifactory@123
artist
artur
arun123
aruncs
as
as123456
asam
asbasb
asbf
asbfg
asbfghjk
ascend
asd
asd!@#
asd!@#$
asd!@#$%
asd!@#$%^
asd!@#123
asd!@#456
asd12#
asd12#$
asd123
asd123!
asd123!@#
asd123#@!
asd123$
asd123$%
asd123$%^
asd123123
asd123321
asd123333
asd1234
asd1234%^&
asd1234%^&*
asd12345
asd123456
asd123456789
asd12345^
asd123asd
asd123qwe
asd1zxc2
asd@123
asd@123123
asd@123321
asd@1234
asd@12345
asd@123456
asdQWERTY
asdasd
asdasd111
asdasd123
asdasdasd
asdcxz
asddsa
asdf
asdf!@#
asdf!@#$
asdf!@#$%
asdf!@#$%^
asdf!@#123
asdf!@#456
asdf12#$
asdf123
asdf123$%^
asdf123123
asdf123321
asdf1234
asdf1234%^
asdf1234%^&
asdf1234%^&*
asdf12345
asdf123456
asdf1234567
asdf12345^
asdf;lkj
asdf@123
asdf@123123
asdf@123321
asdf@1234
asdf@12345
asdf@123456
asdfQWER
asdfQWER1234
asdfasdf
asdfdsa
asdfg
asdfg!@#
asdfg!@#$
asdfg!@#$%
asdfg!@#$%^
asdfg!@#123
asdfg!@#456
asdfg12#
asdfg12#$
asdfg123
asdfg123!@#
asdfg123$
asdfg123$%
asdfg123$%^
asdfg123123
asdfg123321
asdfg1234
asdfg1234!@#$
asdfg123456
asdfg12345^
asdfg12345^&
asdfg12345^&*
asdfg@123
asdfg@123123
asdfg@123321
asdfg@1234
asdfg@123456
asdfgh
asdfgh123
asdfghj
asdfghjk
asdfghjkl
asdfghjkl1
asdfghjkl123
asdfghjkl;'
asdfjkl;
asdfqwer
asdfqwer1234
asdfzxcv
asdfzxcvbnm
asdjkl123
asdlkj
asdqwe
asdqwe123
asdqwerty
asdrubal
asdzxc
asdzxc123
asease
ashish
ashley
ashraf
ashutosh
asleep
asp
asp123
asshole
assistant
assw0rd
asterisk
asterisk1
asteriskftp
asterix
asu
asus
atavism
athena
athens
atila123
atlas
atomic
attika
attila
attitude
atul@123
auditor
august
aure
aure123
aure@123
austin
auth_rhosts2: clientuser %s hostname %s ipaddr %s
avanti
avila
avocent
avonline
axioma
ayda
azar123
azerty
azsxdc
azsxdcfv
azsxdcfvgbhn
azure
b
b'12qwaszx'
b'95217189'
b'anywhere'
b'huachen1258zz'
b0ll0x
b123123
b1n2m3
b1nt4n9
babak123
baby
bacana
back
backdoor
backup
backup01
backup123
backup2
backup;12qwaszx
backuppc
bad2bad
badboy
badguys
bagabu
baidu
baidu.com
baidu123
baikal
bailey
balaji123
balance
balinez
balinez123
balinez@123
balthazar
banan
banana
bananas
bandit
bandit123
bang
bangsat
baofeng
barbara
barbary
barney
bart
bas
baseball
bash
basket
basketball
bata
batch
batman
bazilevskaya
bb123445
bbbb
bbbbbb
bbs123
bbsroot
bcbc
bcbcbcbc
bcdefg
bds123
beach
beacon
bean
bear
beast
beat
beautiful
beauty123
beaver
because
become
bed
bedroom
beef
beer
before
begin
beginning
beheerder
behind
beijing!@#$
bell
below
ben
bene
benjamin
benny123
benoit
benson
bernard
berta
bertrand
beside
best
bestseller
beta
betelgeuse
betheone
better
betty
bg5nh6mj7
bhu8vgy7cft6
biba
biblioteca
big333
bigband
bigdaddy
bigdata
bigdick
bigdog
bigeyes
bigtits
bill
billy
bin
binet
bios
bird
birdie
bismillah123
bitbucket
bitch
bitch123
bitches
biteme
bitrix
bitrix123
bj123
bj123445
bkp
bl3rand,.
bla
blablabla
black
blackarch
blackbird
blackboard
blacksheepwall
blackturtle
blahblah
blahblah0
blahblah1
blahblah5
blank
bling
blink182
blonde
blondes
blouse
blow
blowhard
blowjob
blowme
blu3t00th
blubber
blue
blue91
bluebox
bluetooth
bnghty56
bnghty56mju7
bnmghjtyu567
boat
boating
bob
bob123
bobby
bobby123
bobo
body
bogdan
bogon
bogota
boguslaw
bohica
bois
bojan
bonafide
bond007
boner
boneym
bongi
bongo1
bonita
boobs
boogie
book
booking123
bookseller
bookshop
boom
boomer
boot
booty
boris
born
borrow
boss
boston
bot
both
bottle
bought
bouncer
bowl
box
boxapi
bpoint
br
brain
brandon
brandy
braves
brazil
bread
break
breakfast
breath
brenda
brett
brian
brice
bridge
bright
brightly
bring
bristol1
britain
broadway
broken
bronco
brook
broom
brother
brought
brown
bruce
brunette
bserver
btheminer11
btt
bubba
buffalo
buffy
bug
bugger
bughit123
build@123
bull123
bulldog
bureau
burger
burlap
buscador
business
buster
busy
butter
butthead
buxing
buxing11111
buxinga 
buzhidao
byr03k03
c
c3net
c89tg91fx12321
c8h10n4o2
ca123
cabbage
caca
cacacaca
cache!@#123
cache12#$
cache123
cache123!@#
cache123456
cache@123
cache@123456
cacti
cactiuser
cad
caesar
cage
caiwei
cake
caldera
californ
calimero
call
callcenter
calma555
calvin
cam
camaro
cameras
cameron
camila
campo
can't
canada
canada123
canadian
canal
candle
caniROOTER
cannon
caonidaye..
caonima
caonima123
caonima123456
caonimabi
caonimade
caontma
cap
capdeporc
capet0wn
capital
caps
caps1234
capslk
captain
captive
capture
car
caradonna
careful
carefully
carlos
carmen
carol
carolina
carpediem
carriage
carrot
carry
casa
casino
casper
cassie
cassiopeia
castis
cat
catch
catherine
cazzo
cb123
cbe3
cbj123
cc
ccc111
cccccc
ccfeng66131421  
cd3vf4bg5
cde34rfv
cdnadmin
ceadmin
cedric
celine
center
centos
centos123
centos6svm
centos6vm
centos7svm
centos7vm
centos@2018
central
cerberus
cesar1234
cft6xdr5zse4
cgi
cgs
ch3cooh
ch4ng3m3
ch@ng3m3
cha123
chalk
chandan123
chandler
chang3m3
change
changed
changeme
changeme!
changeme1
changeme123
changeme1234
changeme4321
changethis
channel
chanshecom
chaonimabi123456123
char
charles
charlie
charlie5
charliebrown
charlotte123
chase123
chat
chat6
chat6123445
chat6cn
che
che123
che@123
cheap
cheater
cheater123
cheater@123
checkout
cheese
chef
chelsea
chenbin
chenhao
chenhr
chenlin
chenltn
chenltng
chentk
chenwj
chenwn
chenyin
cherry
cheryl
chesnokov
chester
chevy
chevy2
chicago
chick
chicken
children
china
china@123
china@2000
chinacache
chinaidc!@#$%^&
chinait
chinalanxun
chinanet
chinatt10050
chinaunicom
chinayixun
chkdsk
chloe
chocolate
chopin
christian
christian123
christine
christmas
chtantbc2007
chtna123
chtna35
chtna35tbc
chtnafu
chtnafu123
chtnafunet
chtnamo
chtnamobtle
chtnatb
chtnatbc
chuck
cindy
cinema
ciro
cis
cisco
cisco!@#
cisco!@#123
cisco12#$
cisco123
cisco123!@#
cisco123$
cisco123$%^
cisco1234
cisco12345
cisco123456
cisco2015
cisco@123
cisco@123456
ciscoadmin
city
civilrights
cjak2@14
clarke
claro
class
classmate
classroom
claudia
claudia123
clean
cleaner
clear
clearly
clever
click1
client
client1
cliffburton
climb
clinica
clock
clone
close
closed
clothes
cloud
cloud!@#123
cloud12#$
cloud123
cloud123!@#
cloud12345
cloud123456
cloud2012
cloud@12345
cloud@123456
cloudcloud
cloudera
cloudflare
cloudtest
cloudy
clovis
cluster
cmsroot
cmt
cnbns
cnktu123321
cnktu123445
cnlink-sh
cnlinkadminsh
cno0l2013
coat
cobbler
cocacola
cock
coco
cocopuff
coffee
coke
cold
colin
colla
colorado
colour
columbia
com
com123
come
command
common
como
compaq
compass
compeng
computer
computer1
comrade
comune
conclave
conductor
confidential
config
congratulation
connect
connor
console
consulta
contab
contact
contacts
contam
content
contos
control
cook
cookie
cool
cooling
cooper
coppergoat
copy
copy123
core
corner
cornitor
cornitor123
cornitor@123
cosmo
cosmos123
cost
cotton
cough
could
count
counter
cowboy
cpe1704tks
cperez
cq123456
cqindex
cqlanyan
cqlanyanwl
cqly
cqsbw
cqsbwhtxgnet
cqtnbex
cqzr
craig
cream
creative
credif
creparola123parola123tzu
crftpw
crfvtgb
cristi123
cristiane
cristina
crom
crossfire
crossing
crow
crowd
crystal
cs
cs123
cs321
csgo1
csi
cturner
ctyun@321!
cubism
cubox-i
cubswin:)
cucubau
cuktu123
cusadmin
customer
cute
cvbdfgert345
cvdfer34
cvs
cvs123
cvsroot
cx123456
cxlinux
cxzdsa
cyclone
cyidc!@#
cyrus
czs
d
d.e.b.u.g
d1k0Braz
d1sc0ver
d3pl0y
d3pl0yer
d3ploy
d3v
d3v3l0p3r
d4v1d
da11ama
dab1thing
dabe
dabestmouse
dada
daemon
dahouzi110
daidamai
daisy
dakota
dallas
dam
damian
damien123
dan
danger
dangerous
dani
dani123
daniel
daniela
daniele
danielle
danny
danny123
dark
darkwind123
darkwindbos123
darragh
darwin
dasdec1
dashboard123
dasusr1
data
data123
database
date
daughter
daulamuie
dave
david
david123
davor
dawn
day
db2admin
db2as
db2das1
db2fenc1
db2fenc2
db2fenc3
db2inst1
db2inst1123
db2inst2
db2inst3
dbduser123$
dbuser
dbusr
dbusr123
dbusr@123
dckang
dckang123
dcollect
dcsclij
dcsclij123
dcsysh
dcsysh123
dd
ddd
ddd123
ddthanh
ddthanh123
ddweew23
dead
deamon
dear
deb123
debbie
debian
debian123
debug
december
decide
deea23@#
deep
deepak
deepak123
deeplearning
deeplearning_xsfd
deeplearning_xsfd123
deepserver
deepserver123
deepx
deepx123
default
deg
deg123
delfin
delicious
delivery
dell
dell123
delta
delta01
deluge
deluxe33
demo
demo123
demo3
demo@123
deneme
deng
deng123
dengbenli
dengbenli123
dengchangchun
dengchangchun123
dengchao
dengchao123
denghr
denghr123
denglonghui
denglonghui123
dengqinghai
dengqinghai123
dengwei
dengwei123
dengwt
dengwt123
dengxin
dengxin123
dengyongchang
dengyongchang123
dengyutian
dengyutian123
denied
denis
dennis
dennis123
deploy
deploy!@
deploy123
deploy@123
deploy@321
deployer
deployer123
deployop
deploypass
derek
dert
desactivar
design
designma
designma123
desk
deskjet
desktop
destiny
determined
dev
dev123
dev2012
dev321
devdev123
develop
developer
developer123
device
devman
devop
devops
devops123
devopsuser
devuser
dff
dfg
dfg123
dgr
dgslcx
dgslcx123
dhh
dhh123
dhr
dhr123
dhwei
dhwei123
diablo
diagram
dialogue
diamond
diana
diana123
diana4ever
diane123
diary
dick
dictation
dictionary
didi
dididi
die
diego
dietpi
difference
different
difficult
difficulty
dig
digital
digital1
digital1123
digital123
dildos
dimas
dinamic
dinamika
dingjialong
dingjialong123
dingjian
dingjian123
dingmengting
dingmengting123
dingo
dingqi.,
dingquan
dingquan123
dingsy
dingsy123
dingtengfei123
dingyu
dingyu123
dinhtta
dinhtta123
dinner
dino
dion
dion123
diqiang
diqiang123
director
dirty
dis
disco
disen
district9
djc
djc123
djm
djm123
djw
djw123
djy
djy123
dkf
dkf123
dl
dlatmdwns94
dlatmdwns94123
dlink
dlw
dlw123
dmdba
dmdba123
dml
dml123
dmq
dmq123
dmsjk
dmsjk123
dn213192
dn213192123
dnflskfk
dns.com
dns99+588
doc
docker
docker123
doctor
doctor123
document
dodi
dodi123
dog
doll
dollar
dolphin
dolphin1
dolphin12
dolphin17
dolphin1975
dolphins
domain
dominic1
dominik
domino
donald
donalt1
dondo
dong
dong123
donghong123
donghz123
dongjing
dongjing123
dongrz
dongrz123
dongxiang
dongxiang123
dongxiao
dongxiao123
dongyw
dongyw123
donna
donovan
dontxekme
door
doorbell
dorin1234dorin
dorsal
doruk
dos
dota2hunt.xyz
dottie
double
doudou
doug
dovecot
dovecot123
down
download
download1
downloads
downstairs
dp@123
dpcross
dprv25
dprv25123
dq
dq804123
dqms
dqms123
dragon
dragon123
dragons
draw
dream
dream123
dreambox
dreambox1
dreambox123
dreamer
dress
drink
drive
driver
drop
drowssap
drupal123
dsfdhjlkljkjhghfgdfdgjhkfdgfhghfgfgqqqqqqwwwwwwgqqqqqqwwwwww
dsfsdfsdfsd
dsp
dsp123
dspace
dssssss
dstorage
dstore
dstserver
dtstack
duan
duanmingyue
duanmingyue123
ducen123
ducencen
ducencen123
duck
duddusl0827
duddusl0827123
duhaili
duhaotong
duhaotong123
dujiahui
dujiahui123
dujiayou
dujiayou123
dujj
dujj123
dujn
dujn123
dumi
dumi123
dumpling
duncan
dup
dupa
dupa123
dupeng
dupeng123
dusan
dusan123
dushaomin
dushaomin123
dust
dutch
duzy
dvd
dvs
dwane
dwh
dwh001
dwh001123
dwh123
dwj_2017
dwj_2017123
dx
dx123
dxp
dxp123
dxwang
dxwang123
dy
dy123
dyd
dyd123
dyf
dyf123
dyj
dyj123
dym
dym123
dyqh
dyqh123
dyw01
dyw01123
dzpyerg9
dzq818
dzq818123
e
e t c
e3w2q1
e8c
eagle
eagle1
eagle777
eagles
earth
easton
easy
easyits
easylife
eawillia
ebruayvaz
ebruayvaz123
ec2-user
ec2-user123
echo
echo123
eclipse
ecshop
ecshop123
ed
edaeda20160918
edaeda20200224
edcrfv
eddie
edelene
edelweiss
edi
edison
editor1
edong!@#
edongidc
edu
edu01
education
edward
ee48900851
eexjzhao
eexjzhao123
efemena
egarcia
eggdrop
eggdrop123
eggy
egk
egor
eight
eighteen
eighth
eighty
einstein
either
ejgongfan
ekp
el
el123
ela
elastic
elastic123456789
elasticsearch
elasticsearch123
elastix
element
elemental
elena
elephant
eleven
elewltd
elewltd123
elias
eliott
elisa
elite
elizabeth
elk
elk123
elliot
else
elsearch
elsearch123
elsje
elvin
elvin123
elvis
elvis123
email
email!@#123
email12#$
email123
email123!@#
email123$
email12345
email123456
email@123
email@12345
emerald
emily
emilychen
emilychen123
eminem
emma
emma123
emma1234
emmacre
emmacre123
emmanuel
emosfeedback
empty
emqx
emqx123
emre
emre123
enable
end
energy
engin
england
english
englishman
englishmen
eni
enisenes12
enjoy
enjoyable
enough
enshi
enshi123
enter
enterprise
entinux
entrance
epadmin
epicrouter
eployhq
eployhq123
eraser
erdfcv#$
erdfcv123
erdfcv34
eric
eric123
ericsson
erik
ernest
ernest123
erotic
ertdfgcvb
ertdfgcvb123
ertydfghcvbn
eruption
erwin123
es
es@123
esadmin
escape
eshaka
eshaka123
esin888
esincs
esperanza
est
estelle
et123456
ethan
etl
etl123
etlds
etluser
eugene
europe
evangeline
eve
evelyn
even
evening
ever
eversec
eversec123
every
everyone
everything
everywhere
evildead
evytte
evytte123
ewp
exam
example
except
exchange
exciting
exit
exit123
expel
exploit
explorer
exqus4482
exqus4482123
extreme
extrim
ezbj
ezbj123
ezequiel123
f
f1
f123456
f4ct0r10
fa
fabiana123
fabio
facebook.com
facepro
facepro123
factcat1
factorio
faheem
faheem123
fai
faisal
fake
fakermask
fakermask123
falcon
famille
family
famu2
famu2123
fanbing123
fanbohao
fanbohao123
fancong
fancong123
fang
fang123
fangdaohong
fangdaohong123
fangfang
fangfang123
fangh
fangh123
fanghui
fanghui123
fangli
fangnan
fangnan123
fangp
fangp123
fangy
fangy123
fanhezheng
fanhezheng123
fankaixuan
fankaixuan123
fanshunli
fanxh
fanxh123
fanxilong123
fanxl
fanxl123
fanyh
faqiang
faqiang123
far
farhan
farm
farmacia
faro
fast
fastweb
fatispocs35
fauzi123
fava
favorit
fax
fax123
fbs
fbs123
fbsa
fbsazxcvqwer
fc
fc123
fdsffdhkdfi32io4334234
fedora
fedoracore
feihao
feihao123
feiluo
feiluo_s
feiluo_s123
feiyi
feiyi123
feliks
felipe
felix
femas
fender
fendouai
fendouai123
feng
fengch
fengch123
fengcong
fengcong123
fengguo
fengguo123
fengh
fengh123
fengkai
fengkai123
fengss
fengss123
fengw666
fengw666123
fengwenfan
fengwenfan123
fengxin
fengxin123
fenxiang
ferara
ferenc
fernando123
ferrari
ferre
ferri
fesian
fesian123
ff123456
fffffff
ffna
ffna123
ffzhou
ffzhou123
fg
fg123
fghjklqwe
fghzxcvbn
fgw01
fgw01123
fhfh
fhx123
fi
fibranne
file123
filter
finder
findus
fiona
fiore
fireball
firebird
firefox
fireplace
firewall
firewire
first
fish
fish123
fishcat
fisher
fishing
fitza123
fjc
fjc123
fjl
fjl123
fjq
fl
fl123
flb
flb123
flfthdxk
floo4all
flora
florence
florian
florida
flower
fluffy
fly123
flyers
flying
fmaster
fmz
fmz123
fnm123
fong
foobar
football
force
ford
forensics
forget
forgetful
form
former
fortigate
forty
found
found123
four
fourteen
fourth
fox
fp
fq
fq123
fqc
fqc123
fr
fr13nd
fr33bsd
fr33d0m
fr4gt5hy6
fragile
france
francis
francis123
francisco
francisco123
frank
frank1
frankie
franklin
frbgtnhymju
fred
freda
fredalin
fredalin123
freddy
frederik
fredfsd
free
freebsd
freedom
freenas
french
frenchman
friday
fridge
fried
friedrich
friend
friendly
friends
frisbee
frodo
frog
from
front
frontier
froze
frpuser
frpuser123
fruit
fsc
fsgy
fsgy123
fsj
fsx
fsx123
ft
ft123
ftp
ftp01
ftp1
ftp123
ftp123123
ftp1234
ftp123456
ftp@123
ftp_test
ftpadm
ftppass
ftppass@123
ftpsecure
ftptest
ftptest123
ftptest@123
ftpupload
ftpuser
ftpuser1
ftpuser123
ftpuser2
ftpuser2123
ftpuser3
ftpuser3123
ftpuser@123
fu
fuck
fucked
fucker
fuckin
fucking
fuckme
fuckoff
fuckth1s
fucky0u
fuckyou
fuckyou123
fuckyou22
fuhan
fuhan123
fuhang
fuhang123
fuji
fuji123
fujimoto
fujitsu
fulgercsmode123
fuser
future
fuwanzeng
fuwanzeng123
fuwuqi
fuying
fuying123
fuyong
fuyp
fuyp123
fyao
fyao123
fyc
fyc123
fyh
fyh123
fymei
fymei123
fys
fys123
fzeng
fzeng123
g00gl3
g09
g09123
g0df0r3v3r
g30123-+
g4902jk1k
gR@p3Ap3
ga
gabi
gabriel
gading
gadmon
gaiyifu
gaiyifu123
gal
galaxy
galaxy123
gale
gale123
gallina
games
games123
gandalf
ganesh
ganesh123
ganhaiyang
ganhaiyang123
ganrundong
ganrundong123
ganwei
ganwei123
gao
gao123
gaobo
gaobo123
gaoboyu123
gaochenhao
gaochenhao123
gaofeng
gaofeng123
gaohao
gaohao123
gaojie
gaojie123
gaojte
gaojun
gaojun123
gaojz
gaojz123
gaoll
gaoll123
gaosida
gaoxq17
gaoxuefeng
gaoxuefeng123
gaoyiqi
gaoyiqi123
gaoyong
gaoyong123
gaoziqiang
gaoziqiang123
gaozw
garage
garden
garfield
gary
garyng
garyng123
gas
gast
gast123
gate
gateway
gators
gauss
gauss123
gaussadmin
gaussadmin123
gbl123!@#
gc5k
gczhangj
gczhangj123
gd123456
gdc
gdc123
gdm
gdsun
gdsun123
ge0rge
gecongcong123
gedingfeng1102888
geek
gejian
gemini
gene
genesis
gengx
gengx123
geni5ses9
genius
gentai
gentai123
geoffrey
geography
george
georgia
geoserver
gerald
gerente
geri
geri123
geri@123
germ280fact848
german
germany
geshuang
geshuang123
gespring
gespring123
get
getlost
getmoney1
gf
gfbsa
gfgfgf
gfhjkm
gfi
ggghhh
ghani
ghbdtnbr
ghghjkl
ghost
ghostboy
ghtxgnet
ghuang
giannina
giants
gibson
gigi
ginger
giordano
girl
girls
git
git123
git123!@
git123456
git123git
git@123
git_password
gitadm
gitolite
gituser@123
give
given
gjbcqwqsrqrg
gl0b@L
glad
glass
glasses
gloria
goatgoat
gobbler
goblin
gocubsgo
god
godlyn
godzilla
goflex
gogs123
golf
golfer
goliath
good
good168dns
goodluck
goodness
google
google!@#
google!@#123
google!@#456
google.com
google12#$
google123
google123!@#
google123$
google123$%^
google1234
google12345
google123456
google2015
google@123
google@1234
google@12345
google@123456
gopher
gordon24
gottstein
gould
gpadmin
grace
grade
grand
grandma
grandpa
grant
grb
great
green
greg
greg123
gregory
grid
grieco
gsm
gu
gu3st
guess
guest
guest01
guest1
guest10
guest123
guest123!@#
guest2014
guestguest
gui123
guillerm
guitar
gunner
guweimin
gx123456
gyg0sd@GYGNBD
gzp
h0st1ng
h123445
h@1234
h@d00p
hackandy
hacked
hackedbyflux
hacker
hacker123
had
hadoop
hadoop123
hadoop899
hadoop@123
hafizah
hair
hakim
half
halflife
hallo
halt
hamish123
hammer
hamster
hanbing
hand
handbag
handel
handwriting
hang
hangjie987
hangzhou
hangzhoutbc
hannah
hans
hansen
hansolo
hansz
hansz123
hansz@123
hao
hao123
hao123.com
happen
happily
happy
happy123
happyday
hard
hardcore
hardly
hare
harry
harrypotter
harvest
hasan
hassan
hatang@2014
hate
hawk
haxsislo
hayabuza
hayes
hbgug7800
hc123456987
hdfs
hdu
he
health
heather
heaven
heisenberg
helen
hell05a
hello
hello!@#456
hello1
hello123
hello1234
hello12345
hello123456
hello2015
hello@1234
hello@12345
hello@123456
hellokitty
helloworld
help
helpdesk
helpme
heng
henry
henry123
hentai
hercules
herman
hex
hi3518
hik12345+
hill
hill123
himanshu
hipchat
hja
hjc
hjgh@21
hlL0mlNAabiR
hlwj0519-1205.jf
hm
hmhm
hmsftp
hobbit
hockey
hockey26
hola1234
holahola
home
homework
hongtao
hooray
hooters
hope
hopkins
horse
hospital
host!@#
host!@#456
host12#$
host123!@#
host123$
host123$%^
host@1234
hosting
hot
hot123
hotdog
hotsummer
hour
house
housework
how
hp
hpinvent
hppavilion
hq6k2qpc42
hsta
hsvyxgvq
hts
hts123
hts@123
htt
http
httpd
huachen1258zz
huai
huaiyukeji115
huangbing
huangbtn
huangbtng
huangdaxian..
huangyy
huashu
huawe@123
huawei
huawei!@#
huawei123
huawei123456
huawei@123
huawei@123456
huawei@admin
huaweicncnet
huaweiosta
huaweitest
hub
hubengnet
hucgynxz!&#IT
huiqi
hundred
hungry
hunter
hurry
hurt
husband
hustle2live
hwang
hwiptv
hxhtftp
hy123
hy6ju7ki8
hy878
hychenwei0130
hydrogen
hyl
hzcnc_enable
hzhostcom
hztbc2007
hztbc2008
iDirect
iJ93MnFj4VnWf0sA78gCx
iamhacker22
iamroot
iamsemon
iamthebest
ibis
ibm
ibrahim
ice12345
icecast
iceland
iceman
ichig0
id
idbteam
idc!@
idc!@#
idc.com
idc0.01
idc0.1
idc0001
idc0123
idc0123.0
idc0514
idc11
idc123
idc123!@#
idc123&123
idc1234%^&*
idc12345
idc123456
idc123qwe
idc2010
idc46121
idc482011
idc800888
idc925111
idc9aewr42
idc@123
idcez
idcez123
idcfo123
idcidc
idcidcok
idcji.com
idcji2010
idctest
idcuser
idczl2008
idontknow
ignite
iii
ikwb
iloveace
ilovechina
ilovemyself
iloveterry
iloveyou
imadmin
imam
imprime
incoming
india123
india@123
indigo
indonesiamerdeka
indu
ines12345
infinit
infinity
info
info1
info123
info1234
info123456
info2004
info3
info321
info@123
informix
infra
inge
innosilicon
innot1t2
insane
insecure
insight
install
instant
integral
intel
inter
interface
internet
into
invent
invention
inventor
invite
ionut
iphone
ips
ipscan
iptv!@#123
iptv123!@#
iptv123$
iptv123$%^
iptv1234
iptv12345
iptv@123
iptv@1234
iptv@12345
ir
irc
ircd123
irene123
isaac
isabella
isabelle
isar123
isbn8387
ishiyama
iskren
iskren123
iskren@123
island
iso4144
it
itself
itsupport
iulia
iuuuuSAS@12
ivan
ives
ivory
iwang
iwantu
iwish
iyshin
j
j4**9c+p
j8LrZjtyudgwUkz
jabber
jabberwocky
jacare
jack
jackie
jackjack
jackshit
jackson
jader123
jae
jaguar
jaime123
jake
jake123
jalali
jamal
jamel
james
james1
james123
jamesm
jan
jane123
janice123
japan
jared
jasmin
jasmine
jason
jason1
jason123
jasper
java
javascript
javier
javin
jawabarat
jay
jazbec
jbmeiyoua
jboss
jboss123
jbossjboss
jc
jddc
jean
jeff
jene
jenkins
jenkins123
jenkins@123
jenkinspass
jennifer
jenny
jenny123
jerald
jerbi
jeremy
jeremy123
jerome
jerry
jesa
jesse@123
jessica
jester
jesus
jesus101
jet123
jg
jghjhgjhgj
jhdx123456
jhhoijio
jhksdfsd
jiabiaokun
jiahuo1111
jianglh
jianglq
jiangxiuhao
jiangyiao
jiayuan
jie123
jielong
jiljil
jim
jing
jing123
jinggangshan
jiugui
jiwoo!@#
jj@123456
jjj!@#$%^&
jjwlkj
jkjkjkjkjkjk
jkjljlkjljk
jkliwasd@9906
jlk;lkj;l
jlqH0AUzWCoPO9qa
jo
joa
joao
joao123
jobs
joe
joerg
john
john1
john123
john316
johnny
joint
jojo
joker
jonathan
jones
jonny
jony22204
jordan
jordan87
jorge
joseluis
joseph
joseph1
josephine
josh
josh123
joshua
joshua1234
joyce
jozef
jsidc
jspower.com
jspower123.0
jt
jtidc-1346
jtsai
jtyutytyuty
juan
juanda
juice
juju
julia
juliane
julien123
juliette
july1983
jun123
jungle
junior
juniper
junk
jupiter
jupyter123
justdoit
justin
juventus
jwshin
jx56781234
jxkj
jywl8888
jyzhang
k
k!r@^Ku!@#
k1ckdrum
k23.cn
kafka
kafka123
kagome
kai123456
kaixin001
kaka
kaktus.zxc
kaliber44
kalimantan
kamal
kanisa
kannel
kaossh88
kappa
kara
karen
karin
kasa1
kashani
katie
katrina
kawa
kawasaki
kbe
kd
kd@123
kdj
kdk
kedacom
keepout
keinariza2230
kelly
ken123
kenneth
kenwood
kernel
kerstin
kevin
kevin!
key
kids
kids123
killer
kilometre
kim
kin
kind
kindly
king
kingkong
kingsoft
kiskacsa
kitchen
kite
kitty
kjjjjjjjj
kkk123
kline
klio89
klm123
klv1234
kmi
kmy
knife
knight
knock
know
knowledge
kodi
kodiak
kodiak1
komine
kondor
konrad
kowal
koxr
koxr123445
kramer
kristine
kristy
kritchel123
kritika
kruger
ksh
kuai
kula
kultura
kumar
kv123
kwan
l0ckd0wn
l1nux
l3tm31n
l3tm3in
lab
lab123
lab314
lab314123
lad
lad123
ladder
ladies
laila
laiys
lake
lakers
lal
lal123
lala
lala123
lalala
land
lange
lange123
language
lanto
lanyue
lap
large
last
lastmile
latitude
laura
lauren
laurence123
laurent
laury
law
layout1
layout1123
layout2
layout2123
layout3
layout3123
layout4
layout4123
layout5
layout5123
layout6
layout6123
lbfu
lbfu123
lbio233
lbio233123
lbq
lbq123
lby
lby123
lc
lcc
lcc123
lcf
lchang123
lchen
lchen123
lcj
lcj123
lclan
lcmodel
lcmodel123
lcr
lcr123
lcx
lcx123
ld
ld123
ldap
ldapuser1
ldapuser1123
ldc
ldc123
ldl
ldl123
ldli
ldm
ldnext
ldnxet123
ldnxet123456
ldx
ldx123
leaber
leander
leather
lee
lee123
leehao
leehao123
legalpg
leijiez
leijiez123
leinad
leipeipei
leipeipei123
leiwh
leiwh123
leiyu
leiyu123
leiyue
leiyue123
lek
lend
lengxianlin
lengxianlin123
lenin
lennon
lenovo
lenovo123
leo
leo123
leon
leon123
leonard
leonardo
leostream
less
lesson
let
letacla
leticia
letme1n
letmein
letmein!
letmein123
letswin
letter
lewis
lf
lf123
lfl
lfs
lfy
lfy123
lgcznb
lgcznb123
lgd
lgd123
lgk
lgx123
lh
lh123
lh222
lhanaf
lhanaf123
lhidc
lhj
lhl
lhq
lhq123
lhy
lhz
lhz123
liams
lianchen
liangconglian
liangconglian123
liangjie
liangjie123
lianglurong
liangpeng123
liangsw
liangsw123
liaobaosheng
liaobaosheng123
liaobin
liaobin123
liaoqiuping
liaoshangxian
liaozhipeng
liaozhipeng123
libobo
libobo123
libochen
library
library123
libreelec
libsys
licc
licc123
licence
lichong123
lidali
lidali123
lidehua
lidong
lidong123
lidongwen
lidongwen123
lidouzhe
lidouzhe123
lie
liebing
life
lifei
lifei123
lifeifei
liferay
lift
light
lighthouse
liguangli
liguangli123
liguoliang
lihai
lihai123
lihan
lihan123
lihao023..
lihaozhe
lihaozhe123
lihb
lihb123
lihe
liheyuan
liheyuan123
lihuan
lihuan123
lihui
lihui123
lihui@123
lihuihui
lihuihui123
lijh
lijh123
lijiajia
lijiajia123
lijian
lijian123
lijianzheng
lijianzheng123
lijiawei
lijiawei123
lijinming
lijinming123
lijk
lijk123
lijun
lijun123
likuilin
likuilin123
lilang
lilang123
lilei
lilei123
lilin
lilin123
lill
lill123
lilu
lilu123
limeiqi
limeiqi123
liminghao
liminghao123
limingjie
limingjie123
limingqian123
limingyan
limingyan123
lina
lina123
linchenxing
linchenxing123
linda
lindy
linf
linfei
linfei123
linga
lingan
lingjian
lingjian123
lingna
lingna123
linhaoxing
linhaoxing123
linhongbin
linhongbin123
linjiahua
linjiahua123
linjiaye
linjiaye123
linode123
linqian
linqian123
linrm
linrm123
lins
lins123
linsn
linucswindows
linux
linux01
linux123
linux12345
linux2013
linux520
linux8
linux@123
linuxlinux
linuxroot
linxiaofei
linxiaofei123
lionel
lionking
liping
liping123
liq
liq123
liqi464866447
liqiang97
liquid
liquid123
lirun
lirunxin123
lisa
lishijun
lishijun123
lishuai
lishuai123
lisirui
lisirui123
lisishang
lisishang123
lisiyi
lisiyi123
listen
litao
litao123
litf
litf123
litingyao
litingyao123
little
lituobestsanmao
liu
liu123
liu@123
liuchen
liuchen123
liucong
liucong123
liudan
liudan123
liudingbo
liudingbo123
liufa
liufa123
liufang
liufang123
liufb
liufb123
liufy
liufy123
liugf
liugf123
liuguangyuan0532
liuguangyuan0532123
liuguichun123
liuhao
liuhao123
liuheng
liuheng123
liuhl
liuhongji
liuhongji123
liuhui
liuhui123
liujh
liujh123
liujia
liujia123
liujiang
liujiang123
liujiangang
liujiangang123
liujinag
liujinag123
liujing
liujinhua
liujinhua123
liujj
liukanglong
liukanglong123
liuli
liuli123
liulian
liulian123
liumin
liumin123
liuminge
liuminge123
liuminghui
liuminghui123
liuning
liuning123
liuqi
liuqi123
liuqm
liuqm123
liuruhan
liuruhan123
liurui
liushuai
liushuai123
liutaocaonima
liutt
liutt123
liutw
liutw123
liuwei
liuwei123
liuwj
liuwj123
liuxiaofei
liuxiaofei123
liuxiaohui
liuxiaohui123
liuxiaowei
liuxiaowei123
liuxin
liuxu
liuxu123
liuxueliang
liuxueliang123
liuxy
liuxy123
liuya
liuyang
liuyang123
liuyangtf
liuyangtf123
liuyi
liuyi123
liuyijiang
liuyijiang123
liuying
liuying123
liuyl
liuyl123
liuyu
liuyu123
liuyuanchang
liuyuanchang123
liuyuanchao
liuyuanchao123
liuyuanyuan
liuyuanyuan123
liuyucong
liuyucong123
liuyunqi
liuyunqi123
liuyuqing
liuyuqing123
liuyuyao
liuyuyao123
liuzexu
liuzexu123
liuzhangzi1988
liuzhiping
liuzhiping123
liuziyu
liuziyu123
liuzj
liuzj123
liuzulong
liuzulong123
liuzy
liuzy123
live
live123
liverpoo
liverpool
liwei
liwen
liwen123
liwzh
liwzh123
lix
lix123
lixiangpeng123
lixiaodian123
lixiaohong
lixiaojuan
lixiaojuan123
lixiaopeng123
lixiaoqing
lixiaoqing123
lixin
lixin123
lixinyu
lixinyu123
lixiuyang
lixiuyang123
lixn
lixn123
lixuefei
lixy
lixy123
liy
liy123
liyanjun
liyanjun123
liyaofeng
liyaqin
liyaqin123
liying123
liyl
liyl123
liyou
liyou123
liyu
liyu123
liyuan
liyuan123
liyuankun
liyuankun123
liyun
liyun123
liyunheng
liyuqing
liyuqing123
liza
lizepeng
lizepeng123
lizeying
lizeying123
lizhangming
lizhaokun
lizhaokun123
lizhengdan
lizhengdan123
lizhiyong
lizhiyong123
lizhonghua
lizhonghua123
lizhuo
lizhuo123
lizhuolin
lizhuolin123
lizhuoyun
lizhuoyun123
lizimeng123
lizx
lizx123
lizy
lizy123
lizy16
lizy16123
lj
lj123
ljf123
ljh
ljh123
ljj
ljj123
ljkl8089
ljli123
ljm
ljm123
ljn
ljn123
ljoa
ljoa123
ljs
ljs123
ljt
ljt123
ljtest
ljtest123
ljx
ljx123
ljxu
ljxu123
ljy
ljy123
lk
lkjhgfdsa
lksy0217
lksy0217123
ll
llama
llama123
llbo
llbo123
lliuer
lliuer123
llj
llj123
lll
lll123
llllllll
lmanlai
lmanlai123
lmc
lmc123
lmf
lmf123
lmh
lmh123
lmr
lmr123
lms
lmx123
ln123456
loadbalancer
local
localadmin
localhost
locust
locy
locy123
log
logan
logic
login
login!@#
login!@#123
login123
login123!@#
login123456
login@123
login@123456
loginuser
logitech
logout
loguser
loguser123
logviewer
logz
lol
lol123
loler11q
lolopc
london
lonely
long
long123
longhao123
look
loop
loren
lorena
loro
losts123
loudspeaker
loulou
lourdes
love
love06
love123
love9800
love9800123
lovelove
lover
lovers
lovesean
loveyou
low
loyal123
lp
lp123
lpc
lpc123
lqt
lqt123
lqx
lqx123
lr
lr123
lrdong
lrdong123
lrm
lrn
lrn123
lrq
lrq123
lrxbtx
lrxbtx123
lry0539
lry0539123
ls
lsc
lsc123
lsfadmin
lsfadmin123
lsj
lsj123
lst
lst123
lsy
lsy123
lt
lt123
ltb
ltb123
lth
lthpc
lthpc123
ltj
ltj123
ltm
ltm123
ltnkhtxg
ltt
ltt123
lttsv7
lttsv7123
ltw
ltw123
lu
lu123
lu_777
lu_777123
luanyizhao123
luanyuxin
luanyuxin123
luca123
lucas
lucio123
lucjan
lucjanw
luck
luckily
lucky
luhualing
luhualing123
luis
luis123
lukas
lukas123
lukasz123
lulu
lulu123
lumeiqi
lumeiqi123
luna
lunch
lundi
luo
luo123
luochewei
luochewei123
luofei
luofei520!@#123
luohaoxin
luohaoxin123
luoqiang
luoqiang123
luowang
luowang123
luoxizhi
luoxizhi123
luoyi
luoyi123
luoyj
luoyj123
luoyongheng
luoyongheng123
luoyu
luoyu123
luoyuxuan
luoyuxuan123
luoyx66
luoyx66123
luozhihao
luozhihao123
lurz
luvision
luvision123
luweinan
luweinan123
luweiqiang
luweiqiang123
luwen
luwen123
luxiang
luxiang123
luxp
luxp123
luyahui
luyahui123
luyf
luyf123
luyou1
luyouqi
luzhonggui
luzhonggui123
lvboxin
lvboxin123
lvchen
lvchen123
lvqiao
lvqiao123
lvs
lvxingfeng
lvxingfeng123
lvxinyu
lvxinyu123
lwang
lwang123
lweng_gpu
lweng_gpu123
lws
lws123
lwt
lwt123
lwxat445405
lx
lx123
lxc123
lxf
lxf123
lxh
lxh123
lxhspc
lxhspc123
lxj
lxj123
lxl
lxl123
lxm
lxm123
lxp
lxp123
lxx
lxx123
lxy
ly123
ly16
ly16123
ly_jlu2017
ly_jlu2017123
lydia
lydwww
lydwww123
lyh
lyh123
lyj
lyj_0505
lyj_0505123
lync
lynch
lynyrd
lyp
lyp123
lyq
lyq123
lys
lys123
lytest
lytest123
lyuan
lyuan123
lyw
lyw123
lywl
lyx
lyx123
lyy
lyy123
lyz
lyz123
lz
lz1126
lz1126123
lz123
lzb123
lzd
lzd123
lzh
lzh123
lzhang
lzhang123
lzhuoyan
lzhuoyan123
lzl
lzl123
lzn
lzp1
lzp1123
lzp2
lzp2123
lzp3
lzp3123
lzp4
lzp4123
lzq
lzq123
lzx
lzx123
lzy
lzy123
m00nl1ght
m123456
m1n3craft
m1necraft
m202
m3phist0
m4st3r
m7
m7123
m9n8b7v6
ma1ls3rv3r
ma_wu
ma_wu123
mabel
mac
macal
macal123
machine
macman
macoco
mad12u13
madam
maddog
madoareinpula
madrid
magazine
magda123
magento
magento123
maggi
maggie
magic
magic123
magician
magno123
mahailong
mahefa
mai7123
mail
mail-43*
mail1
mailman
mailpass
mailreport
mailreport123
mailserver
mailtest123
mainstreet
maint
maintain
maison
maitrii
maitrii123
major
mak
maksim
maksym
malakia
malik
malika
malika123
malinan
malinan123
malu
malu123
mamingrui
mamingrui123
man
mana
manager
manager1
manager123
manager19
mancheste
manchester
manchester1
manchesterunited
mandragora
mandrake
manfred
manish123
manna
manu
manutd
maochaoli
maochaoli123
maomao
maomaosjtu
maomaosjtu123
mapred
mapred123
maqb
maqb123
mara
maradona
marc
marcel
marcel123
marcela
marcella
marcio
marco
marconi
marcos123
marcus
marcus123
marek
mari
maria
mariadb
mariadb123
mariah
marian
mariano
maribel
marie
marie123
marina
marine
mario
mario123
marius
mark
mark123
markchoo
markchoo123
markd
markelon
markelon123
marketing
marketing123
marko
marko123
markus
marlb0r0
marlboro
mars123
martin
martin01
marvel
marvin
maryam
master
master123
master97
master@123
masterjay
masterkey
masukaja
mata23
matamata
mateisen008
matlhtxg
matrix
matrix2000
matt
matt1234
matthew
maundy
maureen
maury
maverick
max
max2play
maxcdn
maximus
maxwell
maxxmaxx
maya
maya0769
maya0769com
mayamaya
maybe
mc
mcP@ssw0rd
md@123
mduadmin
meV0ooli
med
medfat_4_8
media
mediaexcel
mediagoblin
mediagoblin123
mega@123
megaloman
meiyoumima
melanie
melanie123
melissa
melody
member
meme
memory
men
menu
meow
mercedes
merci
mercury
mercury1
merlin
merrit
metal
metalica
metallica
meteor
mfs
mhm
miami13
michael
michal
michel
michelle
mickey
mico
microbusiness
microsoft
mid-autumn
middle
midnight
miguel
mihai2011
mihai20baufut1
mike
miki123
milk
millenium
miller
million
milo
mima123
mima123456
mimacuowu
mind
minda
mindthegap
mine
minecraft
minecraft1
minecraft123
minecraftserver
miner1
ming
mingus
mininet
mining
miniroot
minute
miracle
miriam
mirror
misha
misiek
miss
mission
mistake
mister
mistress
mitchell123
mitel
mj123
mk
mm1237
mmm
mmpOS
mms
mnbvcxz
mo
model
modern
mohamed
mohammad
mohanraj
moises
moment
mona
mongkol
mongoman
monica
monique
monitor
monkey
mons622#
monster
montreal
more
morgan
morgan123
mos
mosquitto
motdepasse
mother
motive
motorola
mountain
mouth
move
movie
mozart
mpiuser
mq
mqm123
mrs
ms
msf
msmith
msos
much
mucleus.caca.root
mudar123
muddu
muffin
muhammad
muie
muielake123
muiema
muiematiima
muiemuie
mukesh
multi123
mum
mummy
murphy
museum
music
music123
music@123
musica
must
mustang
muster
mustn't
mutton
mxintadm
my
mycat
myhost
myhotservi
mylove
mymagicpass228
mypass
mypassword
myroot
myself
mysql
mysql123
mysql123456
mythtv
n3tw0rk
n3wp4ss
n@g!0s
n@g10s
n@gios
nacho
nadarajah
nadim123
nag!os
nag10s
nagios
nagios1
nagios12
nagios123
nagiosxi
nairamloco.000.000.002
naked
name
nancy
nanotech
nao
nareng
narrow
nas
nas123
nas4free
nasadmin
nash123
natasha
nathan
national
naufal
naveed
navi
ncc-1701
ncc1701
ncc1701b
ncc1701d
near
nearby
nearly
neck
need
neeraj@123
neither
nellie
nelson
nemesis
neo
nestor
net
net321net
netadmin
netas
netcore
netgear1
netman
netscape
netscreen
network
never
new
new123
new@123
newpass
newpass123
newpassword
newport20
newroot
news
newserver1024
newsletter
newtest
newuser
newworld
newyork
nexus
nfsnobody
ng
ngan
nginx
ngocanh
nicholas
nick
nicole
nicole123
nicolli
nidaye
nigger
night123
nihao.123
nihao123
nihao123!
nikita
nikolas
nikolay
nimda
nimda123
nimda123456
nintendo
nipple
niresh
nirvana
njccs7
nji90okm
nnnnn
no23@123
nobody
nobody123
noc123
nochance
node123
noguchi
nohack
noise
noisily
noisy
nokia
nologin
nomeacuerdo
nominatim
none
noodle
noon
nopass
nopasswd
nopassword
nopassword123
nor
nosoup4u
notebook
notes
nothing
notmypassword
notused
novell
november
now.cn123
nowvps@123
nproc
nq123
nuebun
nuevo
nuha
nuha123
nuha@123
nul
null
number
nurse
nut
nvidia
nvidia123
o0i9u8
o0i9u8y7
o0i9u8y7t6
o12nu27
o2UpVWW1R0
oTT@2016#Ott
observer
ocean
ocnc123
odoo
odoo2017
odroid
oelinux1
oelinux123
of!@#$%^
office
office1
office1234
ofni
ogoh
ogrb2308
ogura
ohC8Famohool
ohlord
ok
okxr123
okxr123123
okxr654321
okzj123
okzj123445
olimex
oliver
olivia
olivier
omar
omega321
omni
oncall
one4all
onelove
onepiece
onewaygate
online
only
ooo000
oooooo
op
op3nd00r
open123
openelec
openerp
openerp123
openerp@123
openhabian
openmediavault
openssh!execute
openssh-portable-com
openstack
openvpn
openvpnas
oper
operador123
operations
operator
operator123
operpass
opklm,.
oprofile
opscode
opt-D3iN
oracle
oracle!@#
oracle1
oracle11g
oracle12
oracle123
oracle123!@#
oracle1234
oracle123456
oracle2012
oracle2018
oracle2020
oracle321
oracle9i
oracle@123
oracleroot
oracolo
orange
orange1
orangepi
os
os10+ZTE
osa
osbash
osboxes.org
oscar
oscommerce
osiris
osmc
ou812
ouc
oussama
over
owen
own
owner
oz
ozzy123
p
p0o9i8u7
p0o9i8u7y6
p0o9i8u7y6t5r4e3w2q1
p0stgr3s
p2puser
p2puser123
p2puser@123
p4$$w0rd
p4$$word
p455w0rD
p455w0rd
p4ssw0rd
p4ssword
p8ssw0rd
p@$$w0rd
p@$$w0rd1
p@$sw0rd!
p@55w0rd
p@55word
p@assw0rd
p@ck3tf3nc3
p@ss1234
p@ss@123
p@ssw0rd
p@ssw0rd!
p@ssw0rd!@#456
p@ssw0rd1
p@ssw0rd1!
p@ssw0rd12
p@ssw0rd123
p@sswd123$
p@ssword
p@ssword1
p@ssword123
p@ssword123456
p@ssword789
pa
pa$$w0rd
pa$$w0rd1
pa$$word
pa$word
pa55w0rd
pa55word
pa55word123
pa5sw0rd
pacific
package
packers
pacs
pacz
page
pain
pair
pajaro
pakistan
palace
paloma
palomino
palomito
palosanto
pamela
pamela7
pan
panama
panasonic
panda
pandora
pankaj
panties
paper
pardon
parent
parents
paris
parola
parolamea
pascal
pascal123
pass
pass!@
pass1
pass12
pass123
pass123$
pass1234
pass12345
pass123456
pass12345678
pass2word
pass3
pass@123
pass@word!
pass@word1
passWord*
passpass
passport
passroot
passw0rd
passw0rd1
passw0rd123
passwd
passwd1
passwd123
passwd123!@#
passwd1234
passwd12345
passwd123456
passwd321
passworb
password
password!
password!@
password.1
password01
password01!
password1
password1!
password12
password123
password123.
password1234
password123456
password123456789
password2
password2009
password2014
password321
password8888
password@#
password@1
password@123
passwordroot
passwords04
passwort
patrick
patrol
paul
pavbras123
pb
pbsdata
pbxk1064
pc
pd
pdv
pdx
peaches
peanut
pearson
penguin
penis
penis123
pentruspaniolu
peoples
pepper
permit
personal
peter
petey
petra
pfsense
pg
pgsql
ph123
phantom1
philip
phoenix
phoenixx
photos
physics
pi
pia
piaoliang
picasso
pico9182
picture
pieter
pikachu
pinguin
pingwin
pioneer
pippin
pippo
pixadmin
pjk
pk2008cs
pkinsella
pkl
pl3x
plano
platinum
playboy
player
player123
please
plenabbi2007
plesk
plex
plm
plmoknijb
poire
poison
poiuyt
poiuytrewq
pol
polaris
police
pollyO0O!#%&
polska
ponorogo
pop
poptarts
por
porn
porno
porsche
port %d
portal
poseidon
posta
postfix
postgres
postgres2014
postgres@123
postgres@321
postgresff
postgrespass
postgresql
postmaster
potatohead
power
power.com
power.liu
power.yu
power.zhao
power0.123
power123
power123.0
powerapp
pp123
ppp
pppppp
pr0xy
pracownik
pramod@123
pratibha
presentation
presto
prince
princess
printer
prison
private
privet
proba
process
prod
product
professor123
profile123
proftpd
program
progress
prometheus
prova
proxy
proxy123
prueba
ps
ptf
pty
public
publicpass
publish
publisher
pulamea
pulamea1
pulatazxdc!@
pup87Nog$
puppet
puppeteer
purple
purple123
pussy
pwd@123456
pwpw2012
pyramide
python
python123
q
q1
q111111111
q123456
q1q1q1q1
q1q2q3q4
q1w2e3
q1w2e3q1w2e3
q1w2e3r4
q1w2e3r4q1w2e3r4
q1w2e3r4t5
q1w2e3r4t5y6
q1w2e3r4t5y6u7i8o9
q2w3e4r5
qaswed!@#
qaws
qawsed
qawsedrf
qaz
qaz!@#123
qaz123
qaz1234
qaz12345
qaz123456
qaz123wsx
qaz123wsx456
qaz2wsx
qaz789
qaz789!@#
qaz888
qaz@wsx
qazWSXedc123!@#
qazqaz
qazqaz123
qazwsx
qazwsx!@
qazwsx12
qazwsx123
qazwsx1234
qazwsx321
qazwsxeb
qazwsxebc
qazwsxebcsa
qazwsxedc
qazwsxedc!@#
qazwsxedc123
qazwsxedcrfv
qazxsw
qazxsw123
qazxswedc
qc
qcubic
qimo118com
qinxiang
qm
qmailq
qmails
qpal
qpwo1029
qpwoeiruty
qq123.com
qq123123
qq123456
qq123456789qq
qq1314520
qq313994716.
qq5201314
qqaazz
qqii
qqpp
qqq
qqq111
qqq123
qqqq
qqqq1111
qqqqqq
qqqwww
qrwe1423
qs
qsax
qsx6059410172.
qsxesz
qttbc
quan
quanta
qw
qw123456
qw@12
qwasyx21
qwaszx
qwaszx123
qwe
qwe!@#
qwe!@#$
qwe!@#$%^
qwe!@#123qwe
qwe!@#456
qwe!@#QWE
qwe!@#QWE!@#
qwe!@#QWE123
qwe123
qwe123!
qwe123!@
qwe123!@#
qwe123!@#QWE
qwe123$%^
qwe123..
qwe123123
qwe123321
qwe1234
qwe12345
qwe123456
qwe123asd
qwe123qwe
qwe123qwe!@#
qwe321
qwe@123
qwe@123123
qwe@1234
qwe@12345
qwe@123456
qweQWE123
qweasb
qweasd
qweasd!@#
qweasd123
qweasd@123
qweasdqwe
qweasdqwe!@#
qweasdqwe123
qweasdzxc
qweasdzxc!@
qweasdzxc..
qweasdzxc123
qweqwe
qweqwe!@#
qweqwe123
qweqweqwe
qwer
qwer!@#
qwer!@#123
qwer!@#456
qwer123
qwer123$
qwer123$%^
qwer123123
qwer123321
qwer1234
qwer12345
qwer@123
qwer@123123
qwer@123321
qwer@1234
qwer@12345
qwer@123456
qwerasdf
qwerasdf!@#$
qwerasdf1234
qwerasdfzxcv
qwerqwer
qwert
qwert!@#
qwert!@#456
qwert123
qwert123$%^
qwert123123
qwert123321
qwert1234
qwert12345
qwert123456
qwert@123
qwert@123123
qwert@123321
qwert@1234
qwert@12345
qwert@123456
qwertgbvcxz
qwerty
qwerty!@#
qwerty!@#$%
qwerty!@#$%^
qwerty!@#456
qwerty1
qwerty11
qwerty111111
qwerty12
qwerty123
qwerty123!
qwerty123$%^
qwerty123123
qwerty123321
qwerty1234
qwerty12345
qwerty123456
qwerty78
qwerty@123
qwerty@123123
qwertyas
qwertybl
qwertyqwerty
qwertyu
qwertyui
qwertyuiop
qwertyutop
qwertyutopa
qwertz
qwerzxcv
qwezxc
qxcommsupport
qy123123
qy1234457
qy123654
qy321321
qy654789
qytbc
qytbc2007
qyweb
qywebbooL
qywl
r00t
r00t123
r00t1234567890
r00tb33r
r00tm3
r00tme
r00tpassw0rd
r00tr00t
r00tr00tr00t
r0s1T9g0n
r0x0r4g3
r123456
r2d2
r4e3w2q1
rabmtn
rachel
racing
rack123
radhat7
radio
radio123
radius
radmin
raiders
rails
rainbow
raja123
rajesh
ram123
ramesh
ramneet
ramu
ran123
rancher
randal
random
ranger
ranglm123456
ranjbar
ranjit
rapadura
raquel
rashmi
raspberry
raspberry@123
raspberrypi
raspberryraspberry993311
rasplex
rastafari
ratoncito
ravello
raymon
raymond
razdvatri
razor123
rce
rd
read_AU
realtek
reasonable
rebecca
reboot
record
recovery
red
red123
reddy
redhat
redhat123
redhat@123
redhat@2019
redhat@2020
redirecte
redirecte123
redis1234
redmine
redmine1
redroot
redskins
redsox
redwings
reg
rego
remember
remote
remote123
remoto
remotos
renault
renee
renz
replicator
reset
retail
retsam
reverse
rewq
rey
rfvtgbyhn
rgb
rh
rich
richard
rick123
rio
ripper
risk
risto
rizky
rkb
rkqldk
robert
roberto
robinson
rocca
rochid164451
rock
rockstar
rocky123
rodrigo
rokos
rola
roland
roland123
roma
roman
ronald0
ronald123
rool
root
root!!
root!123
root!1234
root!12345
root!123456
root!@
root!@#
root!@#$
root!@#123
root#
root-123
root.
root00
root001
root01
root012
root1
root11
root1122
root112233
root12
root12#
root12#$
root123
root123!@#
root123$
root123$%
root123$%^
root123123
root123321
root1234
root1234!
root1234!@#$
root1234%
root1234%^
root1234%^&
root1234%^&*
root12345
root12345!
root123456
root123456!
root1234567
root12345678
root123456789
root123456@
root12345@
root12345^
root12345^&
root12345^&*
root1234@
root123@
root1qaz!QAZ
root1qaz1qaz
root1qaz2wsx
root1qazWSX
root1qazXSW
root2
root2008
root2010
root2012
root2013
root2014
root2014bisu
root2015
root21
root22
root2222
root321
root4321
root5
root654321
root66
root@!QAZxsw2
root@1
root@12
root@123
root@123123
root@123321
root@1234
root@12345
root@123456
root@1qaz!QAZ
root@1qaz1qaz
root@1qazXSW@
root@321
root@4321
root@54321
root@654321
root@root
roota
rootadm
rootadmin
rootadmin123
rooted
rooter
rooters
rootlinux
rootme
rootpass
rootpasswd
rootpassword
rootpw
rootpwd
rootr00t
rootroot
rootroot123456
rootrootroot
roottoor
rootuser
rosebud
roundcube
router
roy123
roygbiv
rpcuser
rpi
rpm
rs
rsl
rst_login
rstudio
rstudio123
rts
rtyuiop
rubilee
rus
rush2112
rv
ry
ryan
rybaz
rzx!@!*baizhao
s
s0p0rte
s123456
s4ndf0rd
sa
sa0987654321
sa1
sa11
sa111
sa1111
sa11111
sa1111asas
sa12
sa123
sa123456
sa1234567
sa12345678
sa147258369
sa1979
sa1980
sa1981
sa1982
sa1983
sa1984
sa1985
sa1986
sa1987
sa1988
sa1989
sa2000
sa2005
sa2006
sa2007
sa2008
sa222
sa22222
sa222222
sa258
sa369
sa444
sa4444
sa666
sa6666
sa666666
sa7
sa777
sa777777
sa7777777
sa888
sa8888
sa88888
sa88888888
sa987654321
saaaaaaa
saaaaaaaa
saaaaaaaaa
saba7861
sabrina
sacred
sad
safety
sage123
sahil123
saimisugipula
sakamoto
sakura
sales
salespass
salman
salman@123
sam
samantha
samart
samba
sambauser
samira
sammy
sammysammy
samson
samsung
samsung123
samurai
san
san123
sandberg
sandeep
sandra
sandra123
sangoma
sanhe000~!@#  
sanhe123
sanjay
santacruz
santana
santiago
santini
santos
santosh
saqaz123
sara
sarah
sasa
sasasasasa
sasha
sasql
satp
saturn
saturnino
saulo
sault
sausalito
sayang
sbfgzxcvb
sbfzxcv
sc123445
scan
scaner123
scanner
scans
sccs
schmidt
school1
scictd9821622
scilly
scooby
scooter
scorpio
scorpion
scott
screencast
sctbc123123
sctbc147258
sdflkj
sdwer
sdwer123
sean
search
seba
sebastian
secret
secret01
secret12345
secret123456
secure
security
sefploiesti123q
segreteria
seitz
self
sem
send123
senha
senha1
senha123
senior
senlinyan
senlinyan$
serch
sergei
sergey
sergio
sergio123
serial
server
server!@#
server!@#123
server!@#456
server.!"#$%&
server1
server12
server123
server123!@#
server123$%^
server123123
server1234
server12345
server123456
server2
server2000
server2013
server2014
server2015
server2015*
server@123
server_password
serveroot
serversa
serverxp
serveur
service
service42
servidor
sesam
sesamo
sesuser
setup
sexmashine
sexsex
seymour
sftbc
sftp@123
shadow
shadow91
shadow@@@ubyta336331jum
shadow@@@ubyta336331jumjum
shahrin
shakeme
shangdi
shanghai
shanghai123
shanghai2009admin
shanghattbc
shannon
shanshan
shanzae
shao123
sharad
share
sharon
sharp
shashank
shawn123
shell
sheng
shenzhentbc
sheryy
shirley
shisp.com
shisp.net
shit
shock
shop
shotgun
shoutcast
shu
shutdown
shutt
shzyc
siemens
sig@jstt
signal
sih
silver
silvestre
silvia
similikiti
simon
simon123
simple
simplepass
simpsons
sinusbot123
sion
sips
sipwise
siri
sirius
sistem
sistema
sistema123
sistemas
site@123
siteadmin
siti
siva
sixaola
sjy
skan
skippy
sky
skywalker
slartibartfast
slayer
slcinc
slin
slow
slurm
slut
sm
small
smart
smart123
smbguest
smcadmin
smile
smiling
smirnoff
smith
smmsp
smokey
sms2010
sn
snake
sniffR)(oXo)T9x199!
sniffer
sniknej
snoopy
snowball
so724yntx1
so8111
soccer
soccer5
soeusei
soft
software
sohel123
soho
soi
solange
solaris
solera
solr
somebody
somebody123
sonar123
sonia
sonny2hack
sonos
soo
sooknanan
sophie
soporte
sor123in
sora
sorin
souaaz
soupnazi
spadmin
spam
spammer
spark
sparky
spc
spectrum
speed
spencer
spider
spiderman
splender
sport123
spring123
sputnik
sqinzeng
sql
sqlidc
sqlsa
sqoop
square
squid
sr1234
srinivas
ssh
ssh123456
sshd
sshuser
ssingh
ssladmin
sss
ssssss
ssssssssss
st34m
stack
stackato
staf
staff
stage
stanislav
stanley
star
star123
starcraft
stargate
starhub123
stark
starling
start
start123
startrek
starwars
starxVan
station
status
stcsis
steam1234
steelers
stefan
stella
stephanie
stephen
steven
stfu_and_make_deep_breathe
stfu_and_tryhard
stm
stock
stolen
stones
storage
store
storm
story
stream123
strech
stres123
strike
student
student02
student06
student07
student1
student10
student123456
student2
student6
student_password
study
stuff
stunnel4
stupid
stxadmin
su
success
suckit
suckmydick
sucram
sudden
sudo1
sugipula
suja
sulu
summer
sun
sun123
sunday
sunny
sunshine
supachai
super
super1234
superboy
superman
supernic.cn
supersize
superuser
supervisor
suporte
suporte123
supp0rt
support
support!
support.26
support02
support123
support1234
support172
surf
surface
susan
sushi!r0cks
suxiu
sv123
svctag
svn
svnuser
svt
sw0rdf1sh
swimming
switch
swordfish
sxm
sybase
sydney
syftp
sylvain
symantec
symbol
sync
synnet
synopass
sys
sysadm
sysadmin
sysop
system
system123
system32
systems
szilard
t0talc0ntr0l4!
t123445
t1t2t3a5
t3st
tPsa
taguchi
taiwan
talent
tamara
tams
tan123456
tanguy
tangxinyu
tarantella
taras_password
target
tarta13
tas
tatung
tax
taylor
tbc12344578
tbc123445789
tbc1234457890
tbc123qweasbzxc
tbc1q2w3e
tbc1q2w3e4r5t
tbc1qaz2wsx
tbc1qazxsw2
tbc1qazxsw23ebc
tbc520520
tbccom
tbchangzhou
tbcq1w2e3
tbcq1w2e3r4t5
tbcqwaszx
tbcqwerasbfzxcv
tbcqwertyutop
tbcserver
tbctbc
tbcwenzhou
tbczaq1xsw2cbe3
tbs
tcuser
teamspeak
teamspeak3
tec123
tech
tech1
techie
techno02srv
techsupport
tecmint
tecnica
tecnico
tedorescalexa
teens
teeth
telecom
teledata
telefono
telnet
temp
temp1
temp123
temp1234
temp12345
temp123temp
temp4now
tempadmin
temporal
temppass
temppwd
temproot
tennis
teo123
tep
teresa
terminal
terminator
terra
terry
tess
tess1234
test
test!@#
test0
test001
test01
test1
test101
test12
test123
test123!@#
test123123
test1234
test12345
test123456
test2
test2test2
test3
test4
test99
test@123
test@123456
testa
testadmin
testbed
testbelkofsi
teste
teste1
teste123
teste@123
tester
tester123
tester1234
tester2
tester321
testftppass
testi
testing
testing1
testing123
testlab
testmail
testpass
testserver
testtest
testuser
testusertestuser
testа
tewodros
tez
tfarcenim
tftp
tg
thanks
theman
thibault
thingone
thinkgreen
third
this
thisisatest
thisismypassword
thomas
thoughtpolice
thremmy
thunder
thx1138
tianbo
tiantian
tianyong123
tibero123
tiffany
tiger
tigger
tim
time
times
timeserver
timmy123
tina
tits
tju1
tkggja850518`1
tmash@1989
tmc
tmp123
tmpw0rd
tnbex
tobesa
tocayo
toe
token
tokyo
tom
tom123
tom12345
toma0215
tomcat
tomcat7
tomcat9
tominaga
tomoiaga1000
tomtom
tomy
toni123
tony
toor
toor123
toortoor
topgun
topomaps123
topspin
toptbc123
tor
toro
torrent
toshiba
toto
toto123
tototo
toyota
tps
tpsa
tq
tqc1991
tr
trade123
trafford
train123
training
trans
transfer
transmission
trash
trator
travis
treetop
trent
trevor
triage
trial
tricia
trimble
trinity
triskelion
trista188#**
tristan
trouble
trustme8
trustno1
trygve74
ts
ts123456
ts3
ts321
ts3srv
ts3ts3
tset
tseug
tsinghua
tslinux
ttcom
ttnet
tttserver
ttttt
tucker
tucker123
tun123
turtl3
turtle
turtles7
tweety
twrj7732tw
tx
tyidc
tyinfo
tyler
tymczasowe
tytyty
tyuighjkbnm,
tzhang
u$u4r10
uClinux
ub3rl33t
ubnt
ubnt123
ubuntu
ubuntu123
ubuntu12345
ubuntu1404
ubuntu@2017
ubuntu_password
uday
udp
uftp12
uftp@123
ui
uitecineestec0cac0calar!
uj
unique
unisolv
united
united11
unitrends1
unknown
unknown9
unlock
uno8
unter
unturned
upload
upload123
uploader
urbackup
us
us3r
usa
user
user01
user02
user03
user1
user100
user1123
user123
user123321
user1234
user12345
user2
user2017
user21
user3
user5
user7
user@1234
user_password
userftp
username
username123
username1234
userpe
users
usuario
usuario123
usuario1234
usuariopass
utopia
utumporn
uucp
uzer
uzi
v123
vagina
vagrant
vagrantA
valda
valentin
valeria
valerie
vandam2432462
vandidei12
varnish123
varza
vazquez
vcxz
vds12580
veer
venta
vera
veronique
versa
version
vertex25
vfr43edcxsw2
vftp
vicente
vicidialnow
vicktor
vicky2
victor
victoria
victory
video
video123
viewsonic
viewsonic3
vijlie
viking
viking123
village
vinay
vincent
vincenzo
viper
viphacker
vipnew
virgen
virginia
virtual
virus
vision
visual
vivien
vixen
vkvadaclasa
vl
vlad
vlc
vlcvlc
vmail
vmailpass
vmw@re
vmware
vnc
vncvnc
vodafone
voicepower
voip
volcano
volumio
von
voodoo
voyage
voyager
vpn
vps
vps123
vr
vserver
vtcbikes123
vyatta
vyos
vz
w
w,j
w.tools
w00kie
w111111111
w3b4dm1n
w3lc0m3
wa
waf
walter
wang@123456
wangbin
wangct
wanghaonan
wanghq
wangjin
wangmengze
wangnd
wangshuai
wangsz
wangtd
wangy
wangzheng
wanker
wantian##*(
warcraft
ward
wargame
warrior
was123
wasadmin
wasd
water123
wave
wazuh
wealthy1
weather
web
web!@#$%^&
web123
web123dev
web3
web@123
webabmtn
webabmtn123
webabmtn123445
webabmtn321
webaccess
webadmin
webin
webline
weblogic
weblogic123456
webmail
webmaster
webmin1234
webmo
webroot
webrun
webserver
websphere
webuser
webuser123
wei123
welc0me
welcome
welcome!@#
welcome!@#123
welcome1
welcome123
welcome123!@#
welcome1234
welcome123456
welcome2
welcome2015
welcome3
welcome@123
welcome@123456
wellcome
wellness
wen
wenbin
wenzhou2007
wenzhou2008
wenzhoutbc
wenzhoutbc2007
wenzhoutbc2008
wer1234
wetbc35com
wetbccom
wf
wfli
wget
whatever
whispering
white
whoami
whois
whx
whyu
will
william
willie
willie123
wilson
win1212
window
windows
windows7
windows@1
wink
winko
winner
winston
winter
wisnu
wizard
wms
wmsadmin
wn
woaini
woaini12
woaini520
woaini521
woani520
wodemima
woju
wolf
wolf1234
wolfgang
wolverine
woofwoof
wookie
wordpass
wordpress
work
world2012715
worlddomination
wow
wpuser
wpyan
wpyan123
wq123
wqh
wsad
wsx123
wtfguynet
wtnbows200
wtnbows2003
wtnwebmatl
wubao
wuhusihairy10
wut
wvhlyf
ww
wwe12345
www
www-data
www.7x24.cn
www.999.com
www.baidu.com
www.google.com
www.txwscx.comsritgyxf2sxy19831122zx
www12
www123
www@123
www@1234
wwwqqq
wwwrun
wwww
wwwwww
wwwxxx
wy
wy123123
wy123445789
wy123654
wy654123
wyse
wywl123
wywl123445
wz
wz123
wz1234567
wz12345678
wz1234567890
wz12345689
wz2007
wz2008
wz2654321
wztbc12345678
wztbc123467
wztbc123789
wztbc2007
x
x123456
xavier
xbian
xbmc
xbox
xbox360
xc3511
xd
xensystem
xerox
xfs
xiao123
xiao123456
xiaobai521
xiaoniao
xiaoyili
xie
xies
xinjingxue
xirang@123
xl
xmidc!@
xoa
xray
xshi
xsw21qaz
xu123456
xu15817079919
xuelp123
xuewei_stu
xuju
xutao
xvh
xx
xxllcc
xxx
xxx123
xxxx
xxxxx
xxxxxx
xxz
xyidc_2006
xyz
y
y4yhl9t
yac
yahoo
yahoo123
yamaha
yangchao
yangfan
yangming
yangxq
yanjin0429
yankees
yao123456
yarn
yaroslav
yash
yatin
yaya
ycot
ydadmin
year2010
yellow
yenting
yes
yh123
yhnujm
yi
yj
ykwang
ylliu
ym
ynwang
yoder
yolped
yoshi123
you
young
yourmom
youyou
yoyo
yq@123
ys123456
ytz
yugang2008
yui
yuliang
yvx
yxzhang
yyg
yyyy
yyyysa
yyyyyy
yyyyyyyyy
z
z123456
z12xc3
z1a1q1
z1x2
z1x2c3
z1x2c3v4
z321321
zHeI5LiK3p4rTy@vEr
zabbix
zabbix123
zabbix@123
zach
zack
zahid
zahn
zaq123
zaq12wsx
zaq12wsxcde3
zaq17890
zaq1@WSX
zaq1@wsx
zaq1XSW@cde3
zaq1ZAQ!
zaq1xsw2
zaq1xsw2cde3
zaq1zaq1
zaqwsx
zaqwsxcde
zaqxsw
zaqxswcbe
zaqxswcbev
zaqxswcbevfr
zaqxswcde
zaqxswcde1472583
zaqxswcdevfr
zaxscdvf
zby
zelalem
zen
zenoss
zero0000
zh3I5Lik3P4rtY@v3r
zhang
zhang123
zhang123456
zhangcw
zhangft
zhanghao
zhangjiayi
zhangmz
zhangqian
zhangqiang
zhangsong
zhangwb
zhangwei
zhangww
zhangyk
zhangznw
zhao1234
zhaoguang
zhaojia
zhaoqi
zhejtang
zhejtangtbc
zhejtangwenzhou
zheng123
zhengui
zhoushenao
zhouy
zhu88jie
zhuzhu
zip
zj
zj!@#$%^&
zj123
zj123456789
zjDX
zjchen
zjdx
zjtbc2007
zjwenzhoutbc
zjwz2008
zjwztbc
zjwztbc123
zjwztbc123456789
zjwztbc2007
zjwztbc2008
zjwztbc654321
zkeldh2018!
zl0passw0rd
zlxx.
zmxncbv
znc
znc-admin
zobiya
zodiac
zoondia
zorro
zp123
zpli
zpsserver
zrz
zsexdr
zsoltidwa@
zt
zte2013
zte@epon
ztlogin
zvh
zxasqw12
zxc
zxc123
zxc1234
zxc123456
zxc321
zxcasb
zxcasd
zxcasdqwe
zxcasdqwe123
zxcdsaqwe321
zxcv
zxcv!@
zxcv12
zxcv1234
zxcv4321
zxcvasbfq
zxcvasdf
zxcvasdfqwer
zxcvb
zxcvb12345
zxcvbn
zxcvbnm
zxcvbnm,.
zxcvbnm123
zxcvzxcv
zxczxc
zxin10
zxiptv
zxm10
zxscgdb
zxsj
zy1sJ9X94hmRtkO6FqOM
zyad1234
zysjk)#@)@scuta.cn
zywang
zzhang
zzidc!@#153150
zzidc!@#211231
zzw
zzz
zzzxxx
zzzzz
zzzzzz
zzzzzzzz
~!@#$%^&
~!@#$%^&amp;
пустой
﻿!@