!root
#Edc%Rdx
#huanghy
(none)
.syslog
0
00
000
0000
0101
02
0racl3
1
10
101
1024
1111
111111
11111111
123
123321
1234
12345
12345678
123go
1db2admin
1ntps
1qaz
1supporte
1tomcat
1webdev
1webmaster
2
201682065
22
254
2Wire
2checkout
2g
2wsx
33
333
35test
3comcso
3g
41732hang
4dm1n
5
500
6
62.210.84.140
66
666666
8
9
@admin
@dm!n0123
@dm1n@123
@user
ADM
ADMIN
ADMN
AGV
AI
ANJU
API
APPS
ASTA_Website
Abc1234
Abc@das123
Abcde@12345
Adm
Adm1n1
Admin
Admin!@#$%^
Administration
Administrator
Administrator1
Akuma
Alex
Alumno11
Anchor
Andromeda
App
Apps
Arditi123
B404
Bjarne
Bot
CAD409
CAT
CDL
CLOUD
CMS
CSS
Cat
Cat1
Cld
Cloud
CoCo
ConfBack_user
Cruises
D-Link
DATASET_PUBLIC
DL938113
DOCKER
DOCSIS_APP
DUP
DaisyZhang
Davide
Dawn
Debian-exim
Diamond
Doc
Dock
Docker
Duck
ES
ETH
Ecom
Engineer
Es
Eth
FAXWORKS
FIELD
FPUSER
FTP
FadeCommunity
Fank
Froschi
Ftp
GLN
GPUManager
GRID
GeForce
Git
Git1
Grid
Guest
Guide
HK
HQ
HTML
Hangfsh
Houjian
Huangzh
HustAstro
HwHiAiUser
Incapsula
JDE
JOE
JXL
Jakub
Jboss
JiangJJ
JinLingzi
Joe
John
Jonny
Jony
Joshua
Justin
Kepler
Kernel
LAB
LILIN
LOI
LXH
Lee
Legion
Levi
LiLin
LiZeyang
Liguo-Huang
Lingqingzhao
MAXIM
MGR
MSO
MaHan
Manager
Marte
MasterFeng
Matlab
MikroTik
Mingrui-Chen
NIS
Neptun
NetLinx
Nvidia
ODOO
ODROID
OPERATOR
ORACLE
OVH
Odoo
Odroid
Op3r@t0r
Operator
Oracle
Orlando123
Owner12345!
P4$$W0RD
P4ssw0rd125
P@$$w0rdp321
P@$$wort12#
P@ss@Word
PA55word@123
PFCUser
PRODDTA
PSp2Emw
Pa55w0rd.123
Pa55w0rd03
PaX
Password
Password!@#x
Password11
Password=
PclmSpIp
Pinnacle
PlcmSpIp
Portal
Postgres
Postgres01
Pure
QCC
Qa258/*963
R00T
RDP
REDIS
RG
RO
RPM
Robert
RuiJiesmstor
Rupesh
SSH-2.0-OpenSSH_6.7p1
SUPERVISOR
SUPPORT
SYH
SYSADM
SaaS
Saturn
Shovan
SinusBot
Staff
Sunnyoy
Support
Sysadm
System
T1m4dm
TEST2
TEST3
TEST4
TEST6
TESTUSER
TFS
TMM99
TangRoubing
Test
TianhengZhao
Tmax
Tom
Tomcat
Tomcat1
USER
USERID
Ubuntu
User
User1
User2
User3
Username
VAGRANT
VM
Volunteer
WEBADMIN
WL
Wallet
WebAdmin
WebEx
Webadmin
Wechat
Well
Www
XIA
XIAJINGSONG
Xiaoyu-Liu
XuLinLing
XuQian
YanBin
Yanghuimin
Yuexf
ZARD
ZDK
Zabbbix
ZhaoJH
ZooKeeper
\n
a
a1
a123
a1b2c3
a2
a207
aa
aaa
aaaaaa
aaai2020
aaliyah
aamir
aaren
aaron
aatul
ab
abas
abc
abc1
abc12345
abc@1qazxsw2
abcd
abcd123
abcdefghi
abcs
abdueziz
abdul
abdull
abel
abhishek
abies
abigail
abm
abnex
abortone
abourehab
abraham
abrar
abuse
abuseio
academia
academy
acap
acbordel
acc
accademia
accelrys
account
accountant
accounting
accounts
acct
acctbds
accting
acctmanm
acctmanm2
accumulo
acer
aceuser
acezhc
achasov
achinta
ackron
acronyms
acs
acs01
act
act-test-baseline
act1
activemq
activity
actualizar
acunetix
acusu567
ad
ada
adabas
adam
adam1
adamadam
adamb
adamb123456\n
adams
adc
addetto
address
adelaide
adeline
adey
adfexc
adh
adishopfr
aditya
adixix
adldemo
adm
adm02
adm1
adm1n1
admin
admin&lt;&gt;?
admin-1
admin-x
admin01
admin02
admin1
admin1000
admin101
admin11
admin12
admin123
admin2
admin2002
admin2005
admin2021
admin21
admin3
admin4
admin777
admin_app
admin_default
admin_dev
admin_user
admindev
admingui
administradom
administrador
administranto
administrateur
administration
administrator
administratör
administrues
adminpldt
admins
adminttd
adminuser
admission
admissions
admwizzbe
adobe1
adolfo
adonis
adoo
adrc
adrian
adriana
adrienn005
adsl
advertise
ae
aee
aegis
aelfassi
aero
aerospace
af1n
afcadmin
afcinst
afone
africa
afsah
afterschool
aftp
ag
agathe
age
agent
agentzh
agilman
agnes
agood
ahavi
ahccadmin
ahe
ahl
ahm
ahmad
ahmed
ai
ai_chenzhiyang
ai_guolongteng
ai_huyu
ai_liuhaowei
ai_liujiawei
ai_tumingfei
ai_wuhao
ai_zhubingke
ai_zhuxinxin
aicg
aimable
airadmin
airdrops
airflow
aisino
aitical
aixc
aizql
ajay
ajithk
ak
ak47
akatana
akhan
akiba
akihoro
akim
akira913cats
aktiv
akuo
al
alan
alarm
alban
albaproject
albayrak
albert
albertha
alberto
albk
aldo
ale
alec
aleksandar
alem
ales
alessandro
alex
alex1
alexa
alexadra
alexander
alexandra
alexandre
alexis
alexjschuy
alexk
alexl
alfa
alfons
alfred
alfredcao
alhro
alhrw
ali
alias
aliberti
alice
alicia
alikes
alin
aline
aliraza
alison
allan
alle
allegra
allen
alles
allu
alluser
almacen
almin
alok
aloko
alone
alonso
alr
altex
altibase
altislife
alumni
alvaro
alveos
alvin
alyson
alyssa
am
ama
amador
amaina
aman
amanda
amanda1
amandabackup
amano
amar
amarco
amark
amavis
amavis1
amavis2
amax
amazon
ambari
ambari-qa
amber
amber1
amd
amd-2
amelie
amember
america
american
amethystar
amexbta
ami
amir
amit
amitdeb
amitra
amitraahul
amk
amlevin
amma
ammin
amministratore
amministrazione
amorn
amos
amrita
ams
amsftp
amsmc
amssys
amstest
amuiruri
amv
amwambogo
amx
amy
amyk
an
ana
anaconda
anaesthesie
anaheim
analyst
analytics
analyzer
anan
anatael
anci
anda
anderson
andi
andor
andor445
andras
andrea
andream
andreas
andrei
andreia
andrew
android
andromeda
andronico
andy
anff
anfp
angel
angel1
angela
angelina
angelo
angers
angie
angp
anil
anish
anita
anitra
anjana
anke
ankesh
ankit
ankun
ankur
anmol
anna
anne
annegrethe
anon
anonymous
anoop
ansibible
ansible
ansibleuser
anthony
anthony_wu
anti
antiq
antivirus
antonio
anukis
anurag
anwar
anyw
anzheng
anzhenwei
ao
aodong
aodongzou
aogola
aoko
aokusawa
aombeva
aoseko
aoyule
ap
ap-hadoop
apache
apache1
apache2
apacher
apagar
apc
apex
aphics
api
apitest
aplicacao
app
app1
app2
appadmin
appdev
appldev
apple
applic
applmgr
applorig
applsys
applsyspub
appltest
appluat
applysyspub
appman
apps
appserver
appuser
april
apt-mirror
aptproxy
aq
aqdemo
aqjava
aquser
ar
ara
aranganathan
arcgis
archuser
argox
argus
ari
arief
ariel
arif
arisu
arita
arjun
ark
arkserver
arkuser
arm
arma
arma1
arma2
arma3
arma3server
arma3sync
armin
arne
arnold
aron
arris
arslan
art
art1
artPassU
arthur
artisan
artur
aruba
aruga
arul
arun
as
asap
asbjorno
asd
asdf
asf
ash
ashish
ashok
ashton
ask
askaban
asl
asmr
asos
asp
aspera
aspiezia
ass-user
assistant
ast
asterisk
aston
astro
astrolxw
asus
aszell
at
at4400
atalasadm
atan
atec
atendimento
atifact
atlas
atlasmaritime
ato
atom
atscale
attila
attila238
attila589
attorney
atx
audi
audio
audiouser
auditadm
auditor
auditoria
aug
august
aurora$jis$utility$
auroraofsc
auser
austin
auth
auto
autograph
automak
automation
autoworld
auxiliar
avahi
avahi-autoipd
avarius.net
ave
aviation
aviator
avis
avrille
awanjiru
away
awharton
awin
aws
ax
axa
axel
axfrdns
axin
axis
axq
ayaya
ayc
az
azhemchugov
azure
azureuser
azywait
b
b0ef
b1
b1b
b2
b2g
b3
b404
ba
baasansuren
baby
back
backdrum
backup
backup1
backup2
backupadmin
backupdb
backupdb140
backuppc
backups
bacula
bad
bagel
bahamas
baiciank
baifan
baij
baijing
baijunjie
baikal
bailei
bairuina
baisha
baison
baixh
baiya
baiyang
baiyu
bajanka
bakosgergo
baksaybernadett
bala
balaji
baldoncini
balintbalazs
balintcsabi
balossino
bamboo
bamby
ban
bananapi
bandwidth
bang
banjob
banker
banking
banszkinetilona
banzhl
banzragch
baodi
baoxiaoan
baoxiaomin
baoyl
bara
barbara
bark
barling
barra
barreto
barry
bart
barta
bartek
bartender
base
bash
basic
basil
bastian
batchService
batman
batuhan
bau
baun
baussan
bayy
bazilevskaya
bazy02
bb
bb2server
bbartok
bbb
bbernhar
bbj
bbmp
bbs
bbuser
bcapp
bcjiang
bcm
bd
bdc
bdos
bea
beach2
beam
beatriz
bebe
beeperman
beethoven
beizhenhu
bel
belgin
belle2dirac
belltcg
bellum
ben
ben10
benda.xu
beng
benhaotang
benny
benoit
benson
benten
bentley
benutzer
benyuan
berkly
bernie
bert
bertani
bertella
berthold
berwin
bes3cal
bes3public
best
bestcoach3
bestyrer
beta
beyond
bf1942server
bfeng
bg
bgh
bgt
bh
bhagirath
bhalgarh
bharat
bhuang
bhupeshk
biable
bianca
bianmanlin
bianshuangyu
biantj
bianyuzhe
biao
bie
bigblue
bigbluebutton
bigby
bigcommerce
bigdata_audit
bigdata_da
bigdiawusr
bil
bill
billie
billing
billy
bim
bin
bin1
bin3
binbo
bind
bindongx
bing
bingli
bingo
bingoadm
binwang
binzhou
biology
bird
biru_gupta
bis
bishai
bishe
bishop
bit
bitbirdmusic
bitch
bitcoin
bitnami
bitrix
biv
bix
biyishuang
biz
bja_cl
bjli
bk
bkeepers
bkloss
bkp
bkpuser
bkroot
black
blackero
blackhat
blacksea
blake
blank
block
block1
blog
blondstallion
bmaina
bmdmserver
bmis
bmm
bmueni
bng
bng3
bng5
bng6
bng7
bng8
bng9
bnjoroge
bo
bo.chen
boa
bob
bobby
bochun
bocloud
bodailaci
boli
bolt
bom
bombardier
boomer
bordereauc
boris
boserver
bosn
boststrap
bot
bot1
bot2
bot4
bot5
botadd
botanical
botaoguo
botiss
botmaster
botradio
bots
bottcher
botuser
boutique
bow
bowes
box
box1
boy
boyao
boyken
bpadmin
bpgong
bpk
bpoint
bpwf
bqq
bqx
br
brad
bradley
brain
brandon
braun
brayden
brechtie
brenda
brett
brettlv
breuter
brexchecker
brian
brightcorea
bronic
brown
browser
bruce
brugernavn
brukernavn
bruno
brx
bryan
bryant210824
bsc
bsd
bseilhan
bserver
bsimzer
bsjungblue
bsnl
bss
bssh
bst
bszabolcs
bt
btc
bu
buaa
buaase
bucket
bud
bude
budemysql
buero
bug
bug_reports
bugingo
bugzilla
build
buildbot
builder
builduser
built
buizza
buke
bulletin
bunny
bupt
buradrc
bureau
burin
burninuser
bus
busa
businessman
businesswoman
buster
butter
butterfly
buy
buyback
buyside
buyuqi
bv
bwadmin
bwanjiru
bwonsak
bwxiong
byang
byj
byli
byte
bytes
byu
c
c2
c4
c4t
c_sarda
ca
cabin
cache
cacti
cactiuser
cad
cad409-1
cad409-2
caeb02u1
caeb02u2
cafe24
cafeuser
cahaya
caichuang
caihb
caihengyi
caihong
caile
cairui
caishiyu
caitriana
caixa
caixinyi
caixj
caixun
caiyanting
caiye
caiyf
caiyiming1993321
caiyun
caiyy17
caizhi
caizy
caja
caja2
cal
caldera
caleb
calm
calma555
cam
cambricon
camden
camel
camera
camera0
camera23
cameras
cameronm
camille
camilo
campus
campusapp
camscan
can
canal
cang
cao
caobingjie
caocf
caocy
caodemin
caodw
caogf
caojian
caojinxin
caojunfeng
caojunyi
caowei
caowy
caoxin
caoxl
caoyong
caoyq
caoys
caozh
capitol
caplatform
car
cara
card
careers
carl
carla
carlos
carlson
carlton
carmella
carmen
carol
carolina
caroline
carolyn
carpenter
carraslo
carrerasoft
cart
cas
casa
cascella
case
cash
cashier
casino
cassandra
castgin
castis
castle
cat
cat1
cat2
cat3
catego
catfish
cats
catti
cavi
cawu
cb
cbo
cbrown
cbs
cbwx
cc
cca
cca_admin
ccb
ccjy
ccl
ccp
ccserver
cct
cctemp03
cctemp18
ccv
cczz
cd
cd8114
cdb
cdc
cdemo82
cdemorid
cdemoucb
cdg
cdiptv
cdouglas
cdr
ce
ceastwood
cebfc
cebinterface
cebron
cecilia
cedric
cee
cehost
cel
cele
celeflame
celery
celia
celine
cemergen
cen
cent
center
centor
centos
central
centric
cenwr
ceo
cepcoffline
cepcpub
cepctmp01
cepctmp02
cepctmp03
ceph
cephuser
cereal
certificat
certification
ces
cesar
cezar
cf
cfabllc
cfdm
cfenguiuc
cflou
cfritzsch
cgadmin
cgencosmic
cgenster
cggong
cgi
cgw
cgy
ch
cha
chad
chai
chaimengxin
chaitra
chaixy19
chaiyating
chaiyd
chan
chandao
chandimal
chandra
chanfun
chang
changem
changhzh
changj
changjinxin
changjl
changmx
changqiaoli67
changweiwei
changwl
changyicong
chanon
chao
chaohui
chaoli
chaoxutao
chaoyang
chaozhang
charcoal
charity
charles
charleslin
charlie
chart
chase
chat
che
check_mk
checker
chef
chekanov
chem
chemical
chen
chenbin
chenbinghan
chenbm
chenbz
chenc
chencanwen
chenchao
chencheng
chencheng.han
chenchenghan
chenfy
cheng
chengaoxun
chengbin
chengchengzhao
chengdl
chengfeng
chenghaolin
chengj
chengjialiang
chengk
chengliang
chenglina
chenglong
chengm
chengning
chengqian
chengqiang
chengtao
chengty
chengwei
chengwenlong
chengx
chengxj14
chengy
chengyequn
chengyp
chengyue.wang
chengzhi
chenh
chenhao
chenhaopeng
chenhaoyu
chenhr
chenhs
chenhuili
chenhuiting
chenhx
chenhy2
chenjiatao
chenjinlin
chenjuan
chenjufeng
chenkai
chenlei
chenlh
chenliang
chenlin
chenlj
chenll
chenlong
chenminbo
chenn
chenpan
chenpl
chenpoan
chenpy
chenq
chenqh
chenqi
chenqian
chenqiang
chenqin
chenqiuliang
chenqiuzhu
chens
chensen
chenshanhong
chenshijian
chenshuang
chensihan
chenss
chensuh
chensy
chensz
chent
chentao98
chentk
chentm
chenw
chenwei
chenweicai
chenwen
chenwendong
chenwenkai
chenwenze
chenwj
chenwn
chenxh
chenxi
chenxin
chenxingsheng
chenxiulin
chenxl
chenxu
chenyang
chenye94
chenyf
chenyin
chenying
chenyitao
chenyiyuan
chenyj
chenym
chenyongqing
chenyp
chenyu
chenyuantao
chenyuce
chenyufeng
chenyuxuan
chenz
chenzanliang
chenzerui
chenzhb
chenzheng
chenzhiyuan
chenziqiang
chenziyun
chenzy
chester
cheyuzhi
chhu
chi
chicago
chicken
chief
chihaizhang
chijun
chile
chimistry
chinarb
ching
chivalry
chm
chnn
cholet
chong
choopa
chorist
chou
chouji
chris
christa
christian
christina
christine
christof
christophe
chromolly
chrony
chtt2020
chu
chuai
chuan
chuang
chuck
chucky
chui
chun
chuo
chutao
chuxiao
chuxiaojie
chuyong
chw
chx
chymic
ci
ciarpame
cibinett
cids
cihai
cinema
cinnamon
cinstall
cipa
cirros
cis
cisco
cisinfo
cjen
cjh
cjj
cjjing
cjld
cjohnson
cjslin
cjw
ckb
ckl
ckm
ckobia
ckodhek
ckutp
ckwan
cl
claim
claire
clamav
clamav1
clamavclamav
clamupdate
clan
clara
clark
class2004
claudia
claudio
clbus
cld
clean
clear
clerk
clewis
client
client002
client003
client004
client1
clientarea
cliente
clientssl
cliff
clips
clj
cljiang
clli
clobotics
clone
cloud
cloud-user
cloudK
cloud_user
cloudadmin
cloudansys
cloudera
cloudera-scm
clouderauser
cloudflare
cloudoa
cloudroot
clouduser
cloudwalk
cloudweb
clr
cluster
cma
cmd
cmdb
cmddb
cmertes
cmf
cmg
cmhealth
cmk
cms
cmschef
cmsftp
cmshgcal
cmsp
cmspmn
cmt
cmxi
cn
cnavas
cndunda
cniac
cns
cnsadm
cnsystems_scp
coach
coco
cod
cod2
cod4
cod4server
code
code87
codecurlyfu
codelyoko-sftp-shared
codwawserver
cody
coeadrc
cognitive
cognos
coin
coke
col
colab
colin
collina
collins
colord
columbus
com
com1
combo
comcast
comcn
comercial
cometoffline
committer
common
company
companyboard
compiere
composer
compras
compress
compta
computer
comsyl
comut
conan
concrete5
conda
condor
conectar
confa
config
configure
confluence
cong
conglomerate
congyang
congyezhen
connecs
connect
connor
console
consul
consult
consulta
consultant
contab
contabil
contabilidad
contabilitate
contact
contador
contao
content
control
controller
cooper
cooperation
cop
copier
copy
cora
core
coredns
coremail
corerain
corrina
cos
cosinus
cosmo
cosmos
cost
couchdb
course
court
covid
cox
cpanel
cpanel1
cpanelcpanel
cpanelsammy
cpd
cpe
cpl19
cpsrvsid
cpunks
cpzxftp
cqc
cqs2
cqschemauser
cqtest
cquserdbuser
cqwang
cr
crack
craft
craig
crawler
crbt
createvic
creationix
credit
creditmysql
cristian
cristiane
cristiano
cristina
criszti
crisztian
crizen
crj
crm
crm1
cron
crond
crp
crystal
cs
cs-go
cs2020
csap1
csbcs
cscg
cscg_lzn
cschnier
csczserver
cse
cserep
csgo
csgo-server
csgo1
csgoserver
csgoserver1
csgoserver2
csgoserver78
csgoserverawp
csgosrv
csh
csi
csikos
csj2001727
csjiang
csl
csmi
csmig
css
csserver
cssserver
cst
cstrike
csucsi
csy
ct
ctaggart
ctc
ctest
ctmag
ctmonitor
ctr
ctreport
ctrls
ctrmax
ctxsys
cty
cu
cua
cuan
cubecart
cubrid
cuda
cudacudnn
cuf
cui
cuicx
cuijiajia
cuilinghe
cuisw
cuiww
cuixf
cuixh
cuiy
cuiyd
cuiyili
cuiyueer960210
cuizw
cukoo
cultural
cunchu
cup
cups
cups-pk-helper
curtis
cus
cusadmin
cuser
customc
customer
customer1
customercustomer
customers
customs
cv
cvda
cveks
cvs
cvs1
cvs2
cvs3
cvs4
cvs5
cvsadmin
cvscvs
cvsroot
cwenzel
cwgong
cwwang
cwz
cxc
cxchen
cxd
cxdz
cxh
cxist
cxj
cxjyxx_me
cxl
cxlan
cxs
cxz
cyber
cyberftp
cyberghost
cyberssh.com-19920
cyberuser
cyc
cychen
cyj
cym
cyndi
cyril
cyrus
cyrus1
cys
cyx
cyxu
cyyang
cyz
cyzdftp
cz
czhang
czk
czl
czm
czr
czs
czwu
d
dadmin
dados
daemon
dai
daiana
daichuqu
daicj
daicong
daidamai
daidq
daifei
daihe
dailing
daisyzg
daiwc
daixc
daiyong
daizl
daj
dakai
dakota
dal
dales
dalia
dalong
damian
damn
damon
dan
dana
dandwyer
dang
dangwanting
dani
daniel
daniel01
daniela
daniella
danilete
danniwang
danny
danny.kwan
danran
dante
danteacc
danteuser
dany
dao
dao77
darcy
daren
dario
darker89
darkman
darksida
darren
darui
daruibio
darwin
daryl
dasuser
dasusr
dasusr1
dat
data
database
databasespy
databse
dataentry
datafeedadm
datamanager
dataspace
dator
datou
dave
davea
david
davinder
davis69
dayz
db
db1
db2
db2admin
db2fenc
db2fenc1
db2fenc3
db2inst
db2inst1
db2inst1123
db2inst3
db2instl
db2usr
db_oj
dba
dbadmin
dbgrouper
dbi
dbmaker
dbroer
dbseller
dbsnmp
dbus
dbuser
dbvision
dbxiao
dby
dcadmin
dcc
dcfreenet
dckang
dcm
dcmadmin
dcmtk
dcnpro
dcollect
dcq
dcsclij
dcsysh
dcy
ddd
ddedovich
ddic
ddo
ddos
ddr
ddthanh
de
deamon
deb
debian
debian-exim
debian-spamd
debian1
deboer
deborah
debuf
debug
december
decoder
dedrick
deedawar
deepak
deepfake
deepin
deepl
deeplearning_xsfd
deepserver
deepx
def
default
defence
deg
dehua
dei
dekait
delete
delgado
delhi4
delhi5
delhi6
delhi7
delhi8
delhi9
delivery1
dell
dell2021
dell3
dellavd
delphine
delta
deluge
demo
demo1
demo3
demo9
demori
demouser
den
deng
dengbenli
dengchangchun
dengchao
dengf
dengfeng
dengguowei
denghonghui
denghr
dengjiachen
dengliyuan
denglonghui
dengqinghai
dengshuang
dengwei
dengwt
dengxin
dengyongchang
dengyutian
denies
denig
denis
denisz
dennis
dentar
dentist
denzel
deploy
deploy1
deploy3
deploy4
deploy5
deployer
deployhq
deployment
deployop
derek
des
des2k
desadm
desarrollo
desco
desenv
design
design1
designer
designhet
designma
desk
desktop
desliga
desop
det
dev
dev001
dev01
dev02
dev1
dev2
dev2000_demos
dev3
devann
devaru
devbot
devdata
devdent
develop
developer
device
devieira
devil
devman
devmin
devontrez
devops
devopsuser
devuser
devweb
devzsolt
dewan
dexter
dffan
dfg
dfzhao
dg
dgoldes
dgslcx
dharmara
dhcpx
dheyse
dhh
dhis
dhr
dhwei
dhy_cl
di
diag
diamond
dian
diana
diane
dianyrev
diao
dibinda
didonglin
diefenba
diego
diella
dietician
digital
digital1
digitalocean
dikdik
dilj
dimas
dimitri
dina
dinesh
ding
dingd
dingdong
dingjialong
dingjian
dingk
dinglk
dinglong
dingmengting
dingpeigeng
dingquan
dingrunyu
dingsy
dingtengfei
dingtong1996
dingweitian
dingwm
dingxh
dingxiang
dingxiaohan
dingxx
dingyu
dingzhen
dinhtta
dino
dion
dip
diqiang
dir.reiter
dirac
direccion
directmail
director
directory
direktor
dis
discord
discordbot
discover
disen
disk
diskbook
diu
diuqs
diwang
dj
djaffe
django
djangouser
djc
djlhc111com
djm
djw
djy
dk
dkf
dkw
dl
dlatmdwns94
dlew
dling
dliu
dll
dlw
dlzg
dlzhu
dm
dm80
dmakena
dmall
dmbase
dmc
dmdba
dmin2
dmitry
dmkim
dmkoko
dml
dmohapat
dmq
dms
dmsjk
dmsys
dmy
dn213192
dnaumov
dndc
dndichu
dnet
dnitali
dnjenga
dnn
dns
dns1
dnsadrc
dnscache
dnslog
dnsmasq
dnyakundi
do
doc
dock
dock2
dockbox
docker
docker1
dockeradmin
dockerdev
dockerroot
dockeruser
doctor
dod
dodi
dodo
dodonye
dodsserver
dog
doi
doiserver
dojo
doll
dolph
dolphin
dom
domeke
domenic
domesh
dominic
dominique
donald
donavan
dondo
dong
donganlan
dongc
dongchenzhi
donghong
donghz
dongj
dongjiajie
dongjianheng
dongjing
donglianxu
dongly
dongqf
dongrz
dongwj
dongx
dongx12
dongxiang
dongxiao
dongxq
dongxu
dongyw
dongzy
donna
donnie
donny
donofrioadele
donovan
dor
dotproject
doug
douzl
dovecot
dovecot1
dovenull
dovi
download
download1
downloader
dpcross
dpli
dpn
dprv25
dptest
dpx
dq
dq804
dqa
dqm
dqms
dqzheng
drMax
dragon
dragonfly
drama
draytek
drcom
drcomadmin
dream
dreambase
drept
drifter
drill
drive
drleo
drmax
drnic
drnyergesandras
dropbox
dropshipping
drq
drupal
ds
dsa
dsadm
dsgadmin
dsgateway
dsh
dsj
dsk
dsp
dspace
dsq
dssys
dstipp
dstorage
dstore
dsware
dtedrick
dteng
dtj
dts
dtsp
dtstack
dtv_bugzilla
du
duan
duangc
duanjp
duanmingyue
duansh
duansiyu
duanxihui
duanyw
duanz
duanzhuohua
ducc
ducen
ducencen
duckwater
duckwater1
duddusl0827
dude
dudley
duhaili
duhaotong
dui
dujiahui
dujiayou
dujj
dujn
dumi
dummy
dunacsarda
duncanleg
duni
duolee
duomo
dup
dupeng
duran
dusan
duser
dushaomin
dusini
dustin
dusx
dusy
duwy
duyy
duyy123
duzy
dvd
dvp
dvs
dvshur
dvt
dw
dwairiuko
dwang
dwarf
dwbennet
dwdev
dwdevnet
dwh
dwh001
dwj
dwj_2017
dx
dxadmin
dxc
dxp
dxuser
dxwang
dxx
dxy
dy
dybbkk
dybdq
dyc
dyd
dyf
dyj
dylan
dyliu
dym
dyq
dyqh
dyw01
dz
dzhou
dzq818
dzy
e
e-procurement
e01
e191565
ea
eaa
eachbytr
eagle
eas
east
easy
easyidc2008
easyits
easyops
ebruayvaz
ec
ec2
ec2-user
eccv
echo
echs
eco
ecom
ecomm
economist
ecosystem
ecqadmin
ecqusers
ecshop
ecsys
ectrip
ecx
ed
eda
eddie
ede
edgar
edi
edit
edith
edo
eds
edu
eduardo
eduis
edward
edwards
edwin
edy
ee
eedsconsole
eee
eeeeee
eexjzhao
effiepi
efsuser
egarcia
eggdrop
egi
egou
egriviragnagyker
ehoutai
ehsan
eillen
ejabberd
ejb
ejsadmin
ejzhou
ekamau
ekimunyu
ekoinzynier
ekp
ekundo
el
ela
elaine
elastic
elasticsearch
elcaro
elecshin
elecsign
electrician
element
elemental
elena
eleven
elewltd
eli
elias
elijah
eliot
elisa
elision
elite
elizabethhalper
elk
ellen
ellie
elliott
elmessza
elpa
elsa
elsearch
elvin
elvira
elvis
email
emanono
embdteamer
embugua
emcadm
emde
emecha
emerg
emerson
emilio
emily
emilychen
eml
eml12
eml13
eml14
eml16
eml19
eml20
eml21
emma
emmacre
emosfeedback
emp
empleado
employer
emqx
emre
ems
emuchesia
emuser
en
ena
enable
enaplo
eng
enganga
engineer
engineering
english
eni
enigma
enrico
enrique
enshi
enter
enwang
enzo
eo
eoffice
eombuki
epadmin
epg
epicor
episerver
eployhq
epos
erato
erdefault
ere
eric
erical
erick
erika
erikdj
erin
erivera
erkus
ername
ernest
erno
erp
erp1
erpnext
err
ert
erumakhtar
eryn
es
esadmin
esbuser
escaner
escort
escrow
esearch
eshaka
esmech
esteban
estoreuser
esuser
etcd
etcprouser
eth
ethan
etherium
ethernet
ethos
etl
etlds
eu
eugene
eunmi77park
european
eva
evapi
eve
evelina
event
everdata
everett
eversec
evmvod
evo
evytte
ew
ewelina
ewq
exfsys
exit
exosw
expert
explore
export
exporting
exprand
express
exqus4482
extdemo
extdemo2
external
eymail
ez
ezalor
ezbj
eze
ezra
f
f1
f3
fa
fabian
fabien
fabio
fabiocossio
fabiolucio
fabric
fabrice
fabrizio
fac
facade
facai
face
facebook
facepro
factcat1
factoring
factorio
factory
facturacion
faculty
faheem
fahmed
fair
fairoja
fake
fakermask
falcon
falko
family
famu2
fan
fanbing
fanbohao
fanc
fancong
fang
fangdaohong
fangfang
fangguan
fangh
fanghui
fangj
fangkebang
fangli
fanglingfei
fangnan
fangp
fangqj
fangss
fangxiao
fangxu
fangy
fangyiwei
fangyl
fangyq
fangyuan
fangzhe
fanhaoyi
fanhezheng
fanju
fanjw
fankaixuan
fanmingwei
fanrr
fanshunli
fansn
fanxh
fanxilong
fanxinyue
fanxl
fanyh
fanyl
fanyuying
fanyw
fanzheheng
fanzhongjie
fapp
faqiang
farhan
farm
farmacia
farmhouse
farmuser
farrell
farzana
fastdfs
fastestmirror
fastuser
fatih
fatimac
fax
faza
fazekassandor
fbasjprof
fbh
fbs
fc
fc_stattegg
fcaps
fcar
fctrserver
fcweb
fdl
fds
fdse
february
fec
feco
federation
federica
fedor
fedora
fedorov
fei
feihao
feiluo
feiluo_s
feiyi
felic
felicia
felipe
felomina
femas
fen
fendouai
feng
fengcf
fengch
fengcong
fengdi
fengguo
fengh
fengje
fengjh
fengjiakai
fengjie
fengkai
fengl
fengleicao
fengm
fengnx
fengss
fengw666
fengwenfan
fengxin
fengyuqing
fengyutong
fengzuke
fengzy
fenxiang
fepbytr
ferarg
ferencilaszlo
fereydoo
fermix
fernando
fesian
fff
ffna
fft
ffwang
ffzhou
fg
fgs
fgw01
fhf
fhsd163yx
fhx
figures
fii
file
filecopyapp
filecoupon
fileftp
fileserver
fileshare
filetransferapp
filip
filippomarini
filmlight
filmmaker
filter
finance
financeiro
fincasbiar
fink
finprod
fip
firefart
firewall
first
fis
fiscal
fish
fishhao
fishing
fit
fivem
fix
fjc
fjl
fjq
fk
fl
flag
flanamacca
flappy
flash
flavor
flb
fleawort
flex
flink
flinkprod
float
flora
florentina
florida1
florin
flower
flume
flw
fly
fm
fmaster
fmsys01
fmz
fncnadm
fnd
fnjenga
fnjoroge
fnm
fo
focuz
fofserver
foo
foodrightnow
football
footer
fordlane
forevermd
foristkirito
formation
former
formozov
forum
fossil
found
founder
four
fourjs
fox
fpl
fpt
fptuser3
fpuser
fq
fqc
fqchen
fqmeng
fr
framework
fran
france
francis
francisco
franck
franco
frank
franklin
frappe
fred
fredalin
free
freebsd
freeswitch
freeway
freeze
frei
freund
freyna
friend
fritz
frm
frodo
front
frontdesk
frontrow
frosty
frpuser
fs
fs2016
fsai
fsfire
fsgy
fsj
fss_sait
fsx
fsy
ft
ft19
ftb
ftn
ftp
ftp-user
ftp01
ftp1
ftp123
ftp2
ftp_dms
ftp_id
ftp_test
ftp_user
ftpadm
ftpadmin
ftpbackup
ftpd
ftpfile
ftpguest
ftpsecure
ftpserver
ftptest
ftpupload
ftpuser
ftpuser1
ftpuser2
ftpuser3
fty19
fubiao
fucb
fucd
fuckyou
fudawei
fuhan
fuhang
fuji
fujipeng
fujita
fujl
fujun
fullstack
fumt
funk
furukawa
fuser
fusm
fusy
future
fuwanzeng
fuweijie
fuyahui
fuyanjie
fuyao
fuying
fuyingjian
fuyong
fuyp
fuys
fv
fwong
fxcheng
fxli
fxr
fxs
fxy2001733
fy
fyan
fyao
fyb
fyc
fyh
fym
fymei
fys
fys007jd
fzeng
g
g09
g_word
ga
gaap
gabi
gabirel
gaborg
gabriel
gabriell
gadmon
gaetan
gai
gaiyifu
galaxy
gale
gallagher
gallery
galnodias
gambaa
gambam
gambling
game
games
games1
gameserver
gaming
gan
ganhaiyang
ganhm
ganrundong
gansta
ganwei
gao
gaobb
gaobo
gaoboyu
gaobs_exp
gaocaiyue
gaocd
gaochenhao
gaofeng
gaofengkun
gaog
gaoguofu
gaohan
gaohao
gaohong193
gaojialu
gaojie
gaojinghan
gaojun
gaojz
gaoli
gaoll
gaoq
gaoqi
gaoshen
gaoshuaibo
gaosida
gaotongchao
gaowd
gaowk
gaowk1
gaoxf
gaoxiang
gaoxj
gaoxl
gaoxq17
gaoxu
gaoxuefeng
gaoxuejiao
gaoya
gaoyg
gaoyiqi
gaoyong
gaoyu94
gaoyuan
gaoyuchao
gaozhe
gaozhiwei
gaoziqiang
gaozongliang
gaozw
garage
gardenUser
garillon
garret
garry
gary
garyng
gasiago
gasse
gast
gateway
gator
gau
gaurav
gauss
gaussadmin
gavelock
gavin
gaya
gaynor
gazelle12
gazics
gb
gc
gc5k
gchristoche
gcj
gcjtcl
gck
gcl
gcp
gcuser01
gczhangj
gd
gdc
gdesigns
gdh1995
gdm
gdp
gdpmts
gdr
gdsun
gdt
gebf
gecampayload
gece
gecongcong
geek
geeta
geetha
geforce
gei
gejian
gemini
gemy
gen
generalmanager
geng
gengchuanhui196
genghp
gengjiangfei
gengls
gengrushan
gengtaijia
gengx
gengz
geno
gentai
gentoo
geoclue
geoeast
geofizikaman
geometry
georg
george
geou2
geou4
gepeng
gera
geral
geraldo
gerda
gerencia
geronimo
gerrard
gerrit
gerry
ges
geshuang
gespring
gesserver
geyao
geys
gf
gfs1
gg
ggitau
gh
ghc
ghici
ghm
ghosh
ghost
ghostos
ghosts
ghostuser
ghr
ghuang
ghy
gia
gibson
gif
gigi
gim
gimmig
ginger
giovanni
gipsy
girik
gis
gis-user
git
git1
git2
git20
git3
git4
git5
git_1
git_2
git_user
gitbak
gitblit
gitdaemon
giter
github
gitio
gitlab
gitlab-psql
gitlab-redis
gitlab-runner
gitolite
gitolite3
gitosis
gitrepo
gitrun
gitsh
gituser
gj
gjinjing
gjl
gjw
gk
gkl
gl
glassfish
glassfish1
glassfish3
glb
glee
glenn
glm01
global
globalflash
globus
glossary
gluster
gly
gm_prop
gma
gmd
gme
gmf
gmi
gmike
gml
gmod
gmodserver
gmodserver2
gmodserver3
gmodserver4
gmodserveur
gmp
gms
gmxiang
gmy
gnats
gnuworld
go
god
gogs
gold
golden
goldenwifi
goldmine
gong
gong.chen
gongcheng
gongchenyang
gonggd
gonghaihua
gongk
gongweijia
gongx
gongyf
gongyunfei
gongyuxin
gongzhen
goober
good
gooderp
google
gop
gopher
gopi
gorilla
gottstein
gouqb
gozfidan
gp
gpadmin
gpfd
gpld
gpu
gpu02
gpu1
gpu2
gpuadmin
gpuminer
gpuplay
gpupwacvs
gqli
gr
grace
graciani
graduate
grafana
grandma
graphical
graphicdesign
gray
grbana
greatofdream
greeksoft
green
greenplum
greg
gregg
gregor
gregory
gretta
grhxt
grid
griff
griffin
grigoryan
grin-29
group
group1
group10
grownchan
grp
grupo
grupo1
gs
gsoc
gsq
gssc
gta
gtafivem
gtekautomation
gtokesi
gts
gtt
gty
gu
guai
guan
guancy
guang
guangshuai
guanhaotian
guanhuihua
guanj
guanjr
guanlin
guanweibo
guanxin
guany
guanz
guara
guard
guardian
gubatamas
guess
guest
guest-hizx6w
guest-jpmcqy
guest-jyrBKL
guest-nrBJOY
guest-wpdSG2
guest01
guest1
guest123
guest2
guest3
guest4
guest7
guest_001
guest_1
guest_2
guhch
guichangqing
guide
guido
guillaume
guillermo
guimaraes
gujiayan
gujionghong
gujy
gulriz
gulvir
gun
guo
guoaq
guocj20
guocong
guofang
guofengyu
guoguo
guohao
guohongbin
guohongyu
guojh
guojinchang
guojinshan
guojl
guojm
guol
guolili
guolipeng
guomenghao
guomingliu
guomj
guoningyan
guopeng
guopingchu
guoqi
guoql
guoqy
guorp
guorui
guoshaotong
guoshu
guot
guote
guow
guowc
guowl
guoxh
guoxianghua
guoxianzhuang
guoxiaoyang
guoxw
guoy
guoyange
guoyf
guoyh
guoyicong
guoyj
guoyp
guoyt
guoyunyan
guoyx_exp
guozhongqing
guozihao
guoziyang
guozj
gurmaicsilla
gusd
gushan
gusr
gustavo
guweimin
guwen
guy
gv1
gvilia
gwl
gxf
gxj
gxlai
gxliu
gxy
gxzeng
gy
gyc
gyf
gyj
gyoki
gyuro
gyx
gyx1991
gz
gzd
gzm
gzw
h
h5qy1
ha
hacker
hacluster
had
hades
hadi
hadoop
hadoop-user
hadoopuser
haha
hahaha
hai
haibo
haifengwang
hailey
haitang
haiyan
hajime
haladit
haldaemon
hallintomies
hallo
halt
halts
hama
hamza
han
hana-mts
hanbw
hance
hancj
handshake
hangchen
hangh
hanguofeng
hangyuwei
hanjf
hanjiale
hanjin
hank
hanliangliang12
hanp_exp
hanr
hanshu
hansq
hansuo
hantang
hantt
hanwang
hanwq
hanx
hanxiao
hanyb
hanyl
hao
haodongliusdu
haoliang
haotianxiang
haowen
haoxiupeng
haoxq
haoyl
haoyu
happy7627
happyuser
haproxy
harbor
hardaker
hari
harish
harriet
harriett
harrypotter
harvard
harvey
hasegawa
haslo
hason
hatang
hate
hb
hbase
hbcscan
hbliao
hbq
hbyang
hbzfcloud
hbzhao
hc
hcat
hcftp
hchen
hchenscut
hci
hcicloud
hcicloudta
hcieight
hcp
hcpark
hcw
hdata
hdcbldsrv
hdd
hdduser
hdeng
hdf
hdfs
hdoop
hdpc
hdpuser
hdu
hdu-127
hduser
he
hebdt
hechifeng
hecl
hegi
hegyhatiskola
hehaiying
hehuazhong
hei
heijira
heis
hej
hejc
hejianhang
hejianjian
hejiasheng
hejie
hejn
hejun
hekaikai
hekl
hekunming
hel
held
helena
heliang
hellmood
hello
help
helpadmin
helpdesk
helpdesk-ho
helpdesk1
hem
hemengxia
hemulin
hen
heng
hengne
hengyi19
hennessy
henry
heqk
hera
herc
hercule
herrmann
heshuai
hesiyu1
hetao
hewen
hex
hexb711
hexingjian
hexk
heyb19
heyu
heyujy
hezhaoliang
hezhilang
hezy
hfeng
hfl
hfy
hg
hgdkim2
hgh
hgikonyo
hh
hha
hhan
hhchen
hhj
hhw
hhxie
hhy
hhyou
hhz
hiawatha
hik
hill
hilworks
himmelreich
hiper
hirayama
hiroki
hisol
hispanic
history
hisw
hive
hive1
hive2
hiveos
hj
hjb
hjf
hjh
hjli
hjw1052
hjz
hk
hkj
hksa
hl
hldms
hldmserver
hlds
hliu
hllu
hlw
hly
hmdx
hmingzhang
hmn
hmsftp
hmspasswd
hmsun
hmtl
hmugo
hmz
hnlin
hoge
hollo
holocaust
home
homepage
homes
honda
hong
hongbin
hongwb
hongwei
horiguchi
host
hosting
hostmaster
hou
houbowen
hougy
houhan
houj
hourj
hours
house
houx
houxiaonan
houyy
howell
hp
hpbian
hpl
hplip
hpwang
hpyan
hqchen
hqs
hr
hrback
hri
hrqi
hrx
hsazak
hsb
hsc
hscroot
hsf
hsl
hsli
hsm
hsq
hsqldb
hsta
hsy
ht
htl
html
html5
htong
hts
http
httpd
httpfs
hu
hu.qb
hua
huacf
huafengxu
huahl
huaizepeng
huajia
hualian
hualixu
huan
huang
huangb
huangbo
huangchh
huangdz
huangfei
huangg
huanggs
huangguisu
huanghai
huanghaibin
huanghaomian
huanghaoxuan
huanghx
huangjianbo
huangjing
huangjinh
huangjipeng
huanglq
huangmx
huangpeiwu
huangps
huangpu
huangqiuyu
huangql
huangqm
huangrq
huangshihan
huangshuqin
huangwei
huangwy
huangxiaoma
huangxiaotao810
huangxiaoyu
huangy_exp
huangyi
huangying
huangyl
huangyp
huangyue
huangyy
huangzc01
huangzhen
huangzhenxiu
huangzq
huangzushu
huanyu
huanyuan
huawei
huazhenli
hub
hubcio
hubeizhe
hucg
huchen
hue
huercal
hugo
huh
huhao
huhaonan
huhb
huhj
huhm
huijiaqi
huil
huili
huiwang
huixiang
huiztech
hujf
hujiajie
hujianrun
hujingxuan
hujl
hulf
human
humberto
humeng
hung
huniko
hunter
huo
huodongxu
huoj_exp
hupeng
huqb
huqbtest
huquan
huqx
hur
hushicong
hushy
husy
huw_exp
huwh
huxf
huxf2
huxiaom
huxuejiao
huyf
huyuxiang
huzeting
huzheng
huzhou
huzl
huzparkpro
hvst
hw
hwang
hwding
hwj
hwkim
hwserver
hxc
hxeadm
hxf
hxht
hxhtadmin
hxhtftp
hxhttp
hxing
hxm
hxmtadm
hxmtdata
hxmtsoft
hxmtsoft2
hxmttest02
hxmttest03
hxmttest04
hxmttest05
hxt
hxx
hxy
hxz
hxzhang
hy
hy5
hyg
hyh
hyh19
hyl
hype
hyperic
hypervisor
hypo
hysang
hytts
hyunsuk
hyy
hzb
hzc
hzj
hzn
hzoo
hzx
hzzm
i
i-heart
i2b2demodata
i2b2metadata2
iQ
ian
iba
ibatch
ibe
ibeck
ibi
ibm
ibmadrc
iboyko
ibp
ibrl
ibu
iby
icandb
icdbown
icecast2
icinga
icosftp
icpuser
icstpie
ict
icx
idc
ideal
idemo_user
idempiere
ido
iec
iel
ielectronics
iemergen
ieo
iewauh
iex
ifconfig
ifssys
igf
igi
ignite
igs
iie
iiilinux
iinstall
iisrsanjeev
ikeda
iki
ildi
ileana
ilisa
illustrator
ilog
image
imageuser
imai
imapuser
imedia
imp
impala
imperial
imperio
import
importing
in
in-box
inb
include
incoming
india
indra
industry
infinitedwell
influxdb
info
info1
info2
infoani
infocbe
infomanm
informatica
information
informax
informix
informix1
infotipp
infra
ingo
ingoheller
ininsys
inisoft
ink
inmate
inn
input
ins
insipur
inspir
inspur
insserver
install
installer
int
intel
intelinside
intellis
interadmin
interface
intern
internal
internet
internet1
interview
intp
intranet
intro
introadm
inv
invite
invoice
invoice1
invoice2
invoicecart
invoices
inwest
inx
io
iodine
iolee
ion
ionadmin
ios
iot
ip
ipd
iphone
ips
iptv
iptvtest
iqac
ir
ira
irc
ircbot
ircd
ircirc
ircop
ire
iredadmin
irina
irine
iris
iro
irobot
iron
isaac
isabel
isabelita
isabell
isabelle
isadmin
isc
iserver
ishida
ishimaki
iskren
isla
island
iso
isol
isp
israsamad
istall
it
it1
itadmin
italy
itapan
itcs
itg
ithelp
ithrytec
itkrd
itm0an
ito
its
itsm
itsupport
iuser
ivan
ivanofrankivsk
iversn
ivory
iwang
ix
iyshin
iyuge2
izv
j
j2deployer
ja
jace
jacek
jack
jackchou
jackie
jackson
jacky
jackzhu
jacob
jacques
jad
jaden
jaelee24
jaf
jaime
jainlinc
jairo
jakarta
jake
jalal
jalbert
james
jamesxu
jamey
jamie
jan
jang
janitor
jankm
jansch
jaquilante
jarbiv
jaskirat
jason
jasonl
jasper
jatema
jatten
jav
java
jaxson
jay
jaya
jayme
jbd
jboss
jboss1
jbrandons
jbwu
jc2
jc2server
jc3
jc3server
jca
jccai
jcfszxc
jche
jcseg
jcseg-server
jd
jddc
jdeleon
jdk
jdkim
jdli
jdn
jdwu
je
jean
jeanata
jed
jeff
jefferson
jeffrey
jeffzhu
jemmons
jenifer
jenison
jenkins
jenn
jenns
jenny
jeo
jeonghoon
jep
jeremiah
jeremy
jericho
jerrard
jerry
jerry916
jesica
jesse
jesseoak
jessica
jessie
jet
jetflow
jetter
jetty
jeus
jeweler
jf
jfchen
jfedu
jfedu1
jfedu2
jfedu3
jfqiao
jfrech
jfwang
jfyu
jg
jgdl
jgk
jh
jh2173kim
jhchen
jhesrhel
jhg
jhj
jhli
jhlin
jhon
jhpay
jhua
jhwang
jhweb
jhxyk
ji
jiabaonan
jiabin
jiadayu
jiahaihong
jiahuachen
jialianchen
jialiang
jialin
jialinhu
jialiu
jiaming
jiamo
jian
jiang
jiangbw
jiangcq
jiangdy
jiangguanhua
jiangguifan
jianghao98
jianghb
jianglh
jiangll
jianglq
jiangmingliang
jiangp
jiangpc84
jiangpengfei
jiangqf
jiangwc
jiangwy
jiangxiaowei
jiangxinyi
jiangxiuhao
jiangxue
jiangyiao
jiangyiheng
jiangyu
jiangyumeng
jiangyutong
jiangzite
jiangzj
jiangzw
jiannan
jiao
jiaohengwu
jiaojb
jiaojinlong
jiaowenbin
jiaoy
jiaoyutao
jiar
jiasheng
jiashuai
jiaweiping
jiaxing
jiay
jiayi
jiayi20
jiayuanyang
jiazh
jiazhan
jiazhen
jiazizhou
jiazk
jibo
jibril
jichupz
jicofo
jics
jie
jielong
jiezhang
jif
jigo
jigoshop
jihf
jijunpeng
jike
jilisa
jill
jim
jimchen
jimdi
jimmy
jin
jinbo
jinc
jincy
jindp
jing
jingbao
jingchao
jinght
jingkai
jingli
jingqi
jingranxiang_exp
jingwan
jingyq
jingyu
jinhan
jinhongxincehng
jinjiang
jinjun
jinkun
jinliu
jinlongw
jinmin
jins
jinshuoxue
jinsl
jintao
jinwei
jinyang
jinyanli
jinyi
jinyuan
jinzhenj
jiong
jiqingping
jira
jira1
jirongmao
jishuyi
jiwoo
jixb
jixl
jiyin
jiyugang
jj
jjc
jjg
jjhu
jjk
jjli
jjs
jjw
jjz
jjzx
jk
jkamende
jkarimi
jl
jlang
jli
jlondono
jlsong
jlwu
jlzhang
jm
jman
jmduan
jmj
jms_admin
jms_model
jmuaia
jmuli
jmuser
jmusicbot
jmuthama
jmuthusi
jmwangi
jmx
jnliu
jo
joan
joanne
joao
joaquin
job
job1
jobs
jobsubmit
jocelyn79
jockey
jodie
joe
joel
joepccw1234
joey
joey_tian
jof
joggle
johan
johannes
john
john_romul
johnathandg
jok
joke
joker
jollet
jomaia
jon
jonah
jonas
jonathan
jones
jonny
jony
jonyimbo
joomla
joomlatest
jordan
jordi
jorge
jortiz
jose
josh
joshanoid
joshua
joshuashine
joshuha
josiah
journal
jowoojun
joyce
joyli
jozef
jp
jpandre
jpg
jpochoa
jpsigroup
jq
jquery
jr
jrn123
jrockr
js
jsclient
jshi
jsserver
jstorm
jsuser
jt
jtakavadini
jtamaska
jtf
jthomasw
jtlu
jtm
jtpotato
jts
jtsai
ju
juan
judgescala
judy
juli
julia
julian
julie
julien
juliet
julio
julius
jumam
jump
june
jung
junhan
junior
junjian
junjijia
junk
junoprototype
junopublic
junopublic1
junopublic3
junopublic4
junopublic5
junospmt
junotemp001
junotemp002
junotemp003
junotemp004
jurgen
justbob
justice
justin
justine
jutka
juxd
juzici
jvb
jw
jwagner2005
jwanza
jward
jwcui
jwliu
jwshin
jx19
jxcheng
jxj4869
jxn
jxq
jxwang
jxz
jy
jycai
jyhong
jyl
jyl_cl
jyliu
jyq
jyshi
jyzhang
jzc
jzfan
jzhang
jzhq
jzp
jzw
k
k8s
ka
kabincha
kac06
kacs
kadah
kadmin
kaela
kafka
kai
kailiang
kain
kainlu
kaitlyn
kaiyiyik
kaja
kali
kalilinux
kamal
kamel
kamiya
kampmann
kampret
kampu
kan
kanbw
kang
kang-y
kangchen
kangdang
kanghh
kangjh
kangjw
kangye
kanwar
kanwx
kao
kapoor
karen
karin
karina
karol
karsten
kart
kasim
kasseroler
kat
kate
kathi
kathleen
kathy
katie
kato
kausar
kav
kaws
kawsdev
kay
kaz
kbe
kcst
kdb
kdb_p
kdbnbutest
kdbs
kdeng
kdk
kdw
ke
kebwaro
kedit
kei
keisha
keith
keiv
kelly
kelvin
ken
kendal
keng
kennedy
kent
kenyan
keohane
keptelen
kerapetse
kermit
kernel
kernoops
kerry
keshk
kethari
kettle
kevin
kevinsu
kevint
keyanchu
kezhende
kezj
kf2server
kfdong
kfj
kfk
kfserver
khli
khomdet
khurelbaatar
kibana
kicyvn
kidmart
kiese
kiga
kihf
kim
kimberly
kimmo
kinfai
king
kingbase
kiosk
kipl
kiran
kirk
kiss
kissa
kiuchi
kivakin
kk
kkariuki
kkl
klaudiu
klaus
klausur
klf
klh
kluser
km
km2a
km2amc
kmaina
kmfunyi
kmiller
kmoriya
kmrczxcom
kms
knilesh
knowhow
knowledge
knowlegene
knus
ko
koala
kobe
kochieng
kocsor
kodi
koenig
koha
kok
kolla
komada
komondi
kong
kongcf
kongcy
kongdeqian
kongdetai
konghao
kongsw_exp
kongsys
kongxx
konyi
kornelius
koszegibalazs
kot
kou
kouhj
koyoto
kpam
kpark
kraps
krea
krebsza
kreeves
krepsjan
krishna
kristen
kriszta83
kriszti
krisztina
krittin
krizsanlevente
ksekine
ksffc
ksgdb
ksh
ksj
kthrp
ktian
kua
kuaibo
kuangyaming
kub
kube
kubeadm
kudu
kuehwi
kui
kuixian15
kuku
kula
kumar
kun
kunshi
kunshiweb
kuo
kurt
kusanagi
kvi
kvo
kwalker
kwh
kwongj
kwx
kx
kxqiu
kyi
kyweb
kywebdev
kzxuan
l
l1314435521
l2
l3tv_kaon
l4d
l4d2
l4d2server
la
lab
lab314
labolg
labor
laboratorio
laboratory
labour
labs
labuser
lad
ladev
lagal
lai
laishuli
laiweihao
laiys
lakeadmin
lakeg
lakshmi
lal
lamp
lan
lanby
lance
landon
landscape
lanet
lang
langchao
lange
lankacom
lansing
lant
lanxiaozhi
lao
lao101
laoshao
laoshi
laowo
laowu
laozhao
laraht
larry
lasimu
lassi
last
lati
latronce
laura
lauren
laurence
laurent
lava2
lavanderia
lavanderia1
law
law2019
lawer
lawrence
lay
layout1
layout2
layout3
layout4
layout5
layout6
lb
lbacsys
lbchao
lbchen
lbfu
lbio233
lbitcku
lbj
lbq
lbw
lby
lby19
lc
lcadmin
lcap_oracle
lcc
lcf
lcgui
lch
lchang
lchen
lcj
lclan
lcm_111
lcmodel
lcr
lcx
lcy
lcz
lczheng
ld
ldap
ldapsun
ldapuser1
ldc
ldl
ldli
ldnext
ldq
ldr
lds
ldx
le
leah
leandro
leb
lee
leehao
leehd
leeyue
legal
legal1
legal2
legal3
legalpg
legend
leggett
legion
leib
leidiitaas
leihaojie
leijiez
leipeipei
leirui
leiwh
leixc
leixf
leiyu
leiyue
leizh
lekhraj
lelki
len
lena
leng
lengxianlin
leni
lenny
lenovo
lenvovo
lenz
leo
leo591653959
leon
leonard
leonidas
leonie
leorain
leslie
let
leticia
lev258
level3
lewar
lewis
lex
lextend
ley
lf
lfguan
lfj
lfp
lfwei
lfy
lg
lgc
lgcznb
lgd
lgdsys
lgk
lgsm
lgu
lgx
lgy
lgz
lh
lhaasomd
lhaasospade
lhan
lhanaf
lhao
lhasoft
lhb
lhf
lhftp2
lhl
lhm
lhq
lhr
lhx
lhy
lhz
li
li126
lia
liaifeng
liam
liams
lian
lianchen
liane
liang
liangbohan
liangchen
liangconglian
liangh
liangjie
lianglurong
liangmj
liangpeng
liangpf
liangqiming
liangrz
liangs
liangshuang
liangshy23
liangsw
liangsx_exp
liangt
liangtr
liangwei
liangwh17
liangxin
liangxz
liangyi
liangyn
liangyt
liangyuan
liangyun
liangyurong
liangyusheng
liangzh
liangzj
liangzt
lianll
liant
lianyuan
lianzheng
lianzhou
liao
liaobaosheng
liaobin
liaocl
liaohb
liaojy
liaopeng
liaoqiuping
liaoshan
liaoshangxian
liaotao
liaowy
liaoxt
liaoyp
liaoyuanping
liaozhipeng
libby
libero
libing
libingbing
libo
libobo
libochen
librarian
library
library1
librient
libstoragemgmt
libsys
libuuid
lic
licc
lich
lichao95
lichaoqun
lichen
lichf
lichong
lick
licong
licongcong
liconglicong
licq
lics
licy19
lidali
lidong
lidongbo
lidongwen
lidouzhe
lidx
lidz
lie
liebing
liezhisheng
lifa
lifan_exp
lifangyuan
lifei
lifeifei
lifengou
liferay
lifh
lify
lige
ligh
lightdm
lighthouse
ligj
ligs
liguangli
liguoliang
ligx
ligy
lihai
lihairu
lihan
lihan2018
lihaoda
lihaozhe
lihb
lihc
lihe
liheyuan
lihf
lihongliang
lihua
lihuairui
lihuan
lihuangguo
lihuayang
lihui
lihuihui
lihuiling
lihy
lij
lij98
lijh
lijia
lijiahang
lijiajia
lijiaming
lijian
lijiansong
lijianzheng
lijiawei
lijiayue_exp
lijiguang
lijin
lijin2
lijing
lijinming
lijinsong
lijk
lijn
lijs
lijuan
lijun
lijunjie
lijunwei
lijunyu
lijw
lijy
lijy_exp
lijzh
lik
likai
likc
like
likefeng
likuilin
likw
lil
lila
lilang
lilanxing
lilei
lili
lilijiang
lilin
liling
lilinjian
lilinye
lilk
lill
lillian
lilly
lilq
lilq_123
lilu
lilycity
lim
limeiqi
limeng
limin93
liming
liminghao
limingjie
limingqian
limingu
limingxuan
limingyan
limingzhang
limr
limx
limy
lin
lina
linadm
linan
linan90
linaro
linb
linchenxing
linct
linda
lindsay
lindx
lineadolce
lines
linf
linfei
lingan
lingbo
linghc
lingjian
lingling
lingna
lingp
lingwei
lingzhang
linhang
linhaojie
linhaoxing
linhongbin
linhu
lining
linjiahua
linjiaxin
linjiaye
linminxuan
linode
linpeixuan
linpy
linqian
linrm
lins
linshan
linshideng
linsm
linsn
linsy
lint
linux
linux1
linuxacademy
linuxprobe
linuxtest
linwang
linxd14
linxiaofei
linxin
liny
linyi
linzhu19
lion
lionel
liping
lipl
lipo
lipr
liprod
liq
liqh
liqian
liqiang
liqingsong
liquan
liquid
liqx
lirenjie
lirui
lirui87
lirun
lirunxin
lisa
lisa.holsinger
lisa1
lisangya
lisc
lise
lisg
lisha
lishanglin
lishengjie
lishenglan
lishengyan
lishijun
lishiqi
lishuai
lishujuan
lishun
lishy
lisi
lisiqi
lisirui
lisishang
lisixuan18
lisiyi
lisj
lisl
liss
list
list1
listd
listlist
lisw
lisx
litang
litao
liteng
litf
lith
litianyang
liting
litingyao
litl
litm
litong
liu
liuag
liub
liubei
liubenshan
liubin
liubingyangqx
liubiren
liubq
liuc
liuchang
liuchen
liuchuanyang
liuchunlei
liucong
liucx
liucy
liudan
liudingbo
liudy
liufa
liufang
liufb
liufy
liugf
liuguangyuan0532
liuguichun
liuhai
liuhao
liuhaowei
liuhaoyuan
liuhb
liuhd
liuheng
liuhengguang
liuhh
liuhl
liuhongji
liuhr2001
liuht
liuhui
liuhuijie
liuhulu
liuhw
liuhz
liuj
liujb
liujh
liujia
liujiang
liujiangang
liujiaxi16
liujiaxin
liujiaxing
liujie
liujinag
liujinc
liujing
liujinhua
liujj
liujk
liujl
liujs
liujunyu
liujy
liukanglong
liuke
liuld
liuli
liulian
liulr
liumeihong
liumeng
liumh
liumin
liuminge
liuminghui
liumingliu
liumy
liuning
liuq
liuqh
liuqi
liuqiaoyan
liuqing
liuqing1
liuqj
liuqm
liuqy
liuruhan
liurui
lius
liush
liushaofei
liushuai
liushuang
liusm1119
liusq
liusz
liutang
liutong2016
liutt
liutw
liuwang
liuwanlin
liuwei
liuwei02
liuweike
liuwh
liuwj
liuwz
liux
liuxi
liuxiaofei
liuxiaohui
liuxiaowei
liuxin
liuxinchen
liuxinhai
liuxinshuang
liuxinyu
liuxiwen190
liuxs
liuxu
liuxueliang
liuxy
liuyan
liuyang
liuyanghu
liuyangtf
liuyao
liuyh
liuyi
liuyichang
liuyijiang
liuyili
liuyin
liuying
liuyj
liuyl
liuyong
liuyu
liuyuanchang
liuyuanchao
liuyuanyuan
liuyucong
liuyuezhangadam
liuyufan
liuyuhao
liuyulong
liuyunqi
liuyuqing
liuyuxiao
liuyuyao
liuyy1996
liuza
liuzexu
liuzhentao
liuzhicong
liuzhiping
liuzhiwei
liuzhou
liuzhq
liuziyu
liuziyu_exp
liuzj
liuzu
liuzulong
liuzy
live
livia
living
livy
liwd
liweitao
liwen
liwp
liwzh
lix
lixg
lixia
lixiang
lixiang97
lixiangpeng
lixiaodian
lixiaohong
lixiaojuan
lixiaolei
lixiaona
lixiaopan
lixiaopeng
lixiaoqing
lixiaowen
lixiaoyutmp
lixin
lixinjian
lixinyu
lixiuyang
lixiuying
lixizhang
lixk
lixn
lixq
lixr
lixuanjie
lixue
lixuefei
lixx
lixy
lixz8
liy
liyan
liyang
liyanjun
liyanrong
liyaofeng
liyaqin
liyc
liyif
liyifei
liyilin
liyiming
liying
liyj
liyk
liyl
liyongkun
liyou
liyp
liyt
liyu
liyuan
liyuankun
liyue
liyufeng
liyuhao
liyun
liyunhao14
liyunheng
liyuqing
liyw
liyx
liyy
liz
lizb_exp
lizepeng
lizette
lizeying
lizhan
lizhangming
lizhao_exp
lizhaohan
lizhaokun
lizhaowen
lizhe
lizheng
lizhengdan
lizhengfeng
lizhengheng
lizhi
lizhiqi
lizhiyong
lizhiyuan
lizhj37
lizhonghua
lizhongjie
lizhou
lizhuang
lizhucong
lizhuo
lizhuolin
lizhuoyun
liziere
lizihan
lizimeng
lizisen
lizj_exp
lizx
lizy
lizy122
lizy16
lj
lj1871535
ljcc
ljf
ljh
ljj
ljli
ljm
ljn
ljoa
ljr
ljs
ljt
ljtest
ljw
ljx
ljxu
ljy
ljy2001762
lk
lkf
lkihara
lkk
lkoch
lkp
lks
lksy0217
lky
ll
llama
llbo
llc163mail
lld
llh
lliu
lliuer
llj
llk
lll
lllxxxggg
llma
lloyd
lltest
lly
llyops2018
llzheng
lm
lmanlai
lmc
lmf
lmg
lmh
lmh_cl
lmj
lmk
lml
lmr
lmt
lmwamburi
lmwangi
lmx
lmy
lmz
ln
lnj
lo
loadrunner
loan
local
localadmin
localhost
localuser
locomotion
locy
log
log-in
logan
logger
logic
login
loginarea
logout
logs
loguser
logviewer
logz
lohman
loldfcv
lolo
london
long
longbiao
longhao
longrj
longx_exp
longyf
longzk
look
looque
lora
lorainne
lorena
lorene
lorenzo
lost
lost+found
lottis
lotto
lotus
louis
louise
louisk
louisw
lounge
lourdes
love
love9800
lovemba
low
lowping
loyal
lp
lp19
lpa
lpc
lpchao
lpearson
lq
lqin
lqli
lqt
lqx
lqx370830456
lqzhao
lr
lrc
lrdong
lrioland
lrn
lroos
lrq
lrxbtx
lry0539
lrz
ls
lsc
lsfadmin
lsh
lsj
lssong
lst
lsuarez
lsy
lt
ltb
ltc
ltd
ltelles
lthpc
ltj
ltm
ltr
ltt
lttsv7
ltw
lty
ltyang
lu
lu_777
luan
luanshd
luanyizhao
luanyuxin
lubengyuan
luc
luca
lucas
luchao
lucia
lucian
luciana
luciano
lucifer
lucio
lucjanw
luckyren20
lucr
lud
lue
lufan
lufx
luhj
luhn
luhualing
luigi
luis
luiyz
lujd
lujiangang
lujianwen
lujiaxin
lujsh
lujunlong
lukaiyi
lukas
luke
lulu
lum
lumeiqi
lumingyan
lumx_exp
lun
luo
luobf
luobinjun
luoc
luochewei
luofei
luofeng
luog
luohaotian
luohaoxin
luojf
luojy
luoliangchen
luomeng
luomf
luonianzu
luopw
luoq
luoqi
luoqiang
luoshengjie
luosuchang
luot
luowang
luowj
luowt
luoxiaojie
luoxizhi
luoxm
luoy
luoyawen
luoyi
luoyj
luoyongheng
luoyonglong
luoyu
luoyuxuan
luoyuyu
luoyw
luoyx66
luozhi
luozhihao
luozhil
lup
lur
lurui
lurz
luser
luvision
luweinan
luweiqiang
luwen
luxf
luxiang
luxiaoqin
luxl
luxp
luy
luyahui
luyf
luyilin
luyp
luyu_exp
luyufan
luzh
luzhe
luzhi
luzhonggui
lvboxin
lvchen
lvchengtao
lvcx
lvhaochen
lvhk
lviv
lvjf20
lvlongbo
lvmengyao
lvmx
lvpos
lvqiao
lvqw
lvsixu
lvsong
lvsuidong
lvxd
lvxiaojie
lvxiaoyun
lvxingfeng
lvxinyu
lvxr
lvy
lvyongjie
lw
lwang
lwei
lweng_gpu
lwj
lwm
lwming
lws
lwt
lx
lxc
lxd
lxf
lxh
lxhspc
lxi
lxj
lxk
lxl
lxm
lxp
lxq
lxr
lxs
lxsun
lxx
lxy
ly
ly16
ly_jlu2017
lyb
lyc
lydia
lydwww
lyf
lyh
lyj
lyj_0505
lyl
lym
lync
lynn
lyp
lyp20
lyq
lyr
lyrshaoyangchen
lys
lyt
lytest
lyuan
lyuwang
lyuyifeng
lyw
lyx
lyy
lyz
lz
lz1126
lza
lzb
lzbian
lzd
lzf
lzh
lzh19
lzhang
lzhuoyan
lzj
lzl
lzn
lzp1
lzp2
lzp3
lzp4
lzq
lztscs
lzx
lzy
m
m0nk3y
m1
m202
m7
m8
ma
ma_wu
maas
mabinyuan
mablikim
mabz
mac
macadmin
macal
macallister
machao
machen
macintosh
macong
macro2
macy
mad
madison
madman
madonna
madrid
madzia
mafia
mag.egger
magenta
magento
magento2dev
magic
magic1
magneto
magnos
magyarpeterx
mahailong
mahdi
mahefa
mahesh
mahuizhi
mai7
maicher
mail
mail1
mailadmin
mailcom
mailing-list
maill
mailman
mailman1
mailnull
mailreport
mailserver
mailtest
mailto
main
maint
maitrii
major
majordom
majordom1
majordomo
majordomo1
majordomo2
majordomomajordomo
majsan
mak
maksim
maksym
maldaner
malika
malinan
mals
malt3
malte
malu
malviya
malx
mama
mamige
mamingrui
mamm
mamors
mamz
man
man1
man2
manage
manager
manager1
mang
mangalica
mangeto2
mangeto2test
mani
maniaplanet
manifest
manish
manlara
manliping
manoj
manoussos
manprod
mansion
manu
manuel
manufacture
mao
maobinjie
maochaoli
maoh
maomaosjtu
maoq
maox
maoyj
maozp
maozx
map
mapix
mapp
mapr
mapred
maps
maqb
maqm
mara
marc
marcel
marcela
marcello
marcelo
marcin
marcio
marco
marcos
marcus
marge
margo
mari
maria
mariadb
mariagul
mariah
marie
marilena
marina
marine
mario
marios
mariot
marisa
marissa
maritime
marius
marjorie
mark
markchoo
markelon
market
marketing
marketing1
marketing2
marketuser
markh
marko
markp
markus
marlon
marry
mars
marshall
marta
martellini
martha
martin
martina
marui
maruican
maruixiang
marvin
mary
marylee
marzsenka
mas
mascarm
mashahzad
mashby
mashephe
mashuaibing
mashuming
mask
massimo
master
master1
master2
masterjay
masteroff
masy
mat
mata
matchbox
mateng
math
mathml
matian
matias
matlab
matrix
matsui
matt
matteo
mattermost
mattes
matthew
matyas
maud
maundy
maura
mauricio
mauricio.rosa
maury
maverick
mawencheng
mawenqi
max
max01
maxcdn
maxdamage
maxh
maxiaobing
maxiaotian
maximo
maxinhong
maxintao18
maxiu
maxn
maxplus
maxx
may
maya
mayday
mayiping
mayiwei
maym
mayq
maze
mazhj
mazj
mazt
mb
mbackwinkel
mbb
mbett
mbo
mbp
mc
mc2
mc3
mcadmin
mcc
mcc2
mcgettrick
mcguitaruser
mckenzie
mcm
mcserv
mcserver
mcserveur
mcserveur1
mcx
mda1
mda2
mdccal
mdcu
mddemo
mddemo_clerk
mddemo_mgr
mding
mdnsd
mdpi
mduan
mdy
mdzhou
meadow
med
media
mediafire
mediawiki
medicusuniversalis
medieval
medina
megafile
mehdi
meil
meimei
mel
melinda
melisa
melissa
melvin
melyna
memcached
men
meng
mengb
menghenting
menglan
menglingzhong
mengwang
mengxiangbo
mengxw
mengzw
mengzx
menu
mercedes
merchant
merit
meritdata
merrypark3
meso
mesos
messagebus
meta
metadata
meteor
methexp
methode
methode-git
metin
metro
metser
mexal
mexico
mfd
mfe
mferjancic
mff
mfg
mg1922020
mg20220135
mgattone
mgeweb
mgithinji
mgmt
mgr
mgr446
mgursch
mgwuser
mharm
mhb
mhchu
mhg
mhlee
mhr
mhs
mhwei
mhy
mi
mia
mian
mianfei
miaohan
miaojy
miaoyongwei
miaozac
mic
micha
michael
michal
michals
michel
michela
michele
michelle
microservices
microsoft
middle
midgear
mie
migrate
miguel
mihai
mikael
mike
mikey
mikhails
mil
milady
milan
milap
miles
miller
milo
milyao
min
minar
mind
mine
minecraft
minecraft1
minecraft3
minecraftserver
miner
minera
minergate
minerstat
minerva
mingjie
mingrui
mingw
mingxu
mini
minibill
mininet
mining
miniroot
minkcho
minkow
mintj
minz
mir
mira
miracle
miranda
mirc
miriam
miriamk
miroslav
mirror
mirsad
mis
misha
misi1989
misp
mission
mita
mitchell
mitegyesulet
mitra
miu
miura
miusuario
miva
mix
mjfz
mjg
mjm
mju
mjuma
mjw
mjxu
mk
mkamau
mkangethe
mkariuki
mkhtu
mkiprotich
mko
mkuessner
mkurth
ml
mlf
mllin
mlp
mm
mmathenge
mmcgowan
mmeye4
mmi
mmk
mmm
mmn
mmo2
mms
mmsi
mmuiruri
mmuthuri
mmx
mnb
mnfarm
mnm
mo
mo360
mob
mobile
moblox
moc
mock
modest
modtest
moe
moha
mohamad
mohammad
moises
mojo
moked
mokit
molestif
molunqi
mom
momay
momin
mondal
monero
mongo
mongod
mongodb
mongouser
monica
monitor
monitoring
monkey
monkeyserver
mono
montor
moodle
moon
mor
morag
moreau
morgan
moritz
morris
mos
mosquitto
mostafa
motconfig
mother
motion
motogp
mou
mourninghouse
mov
moveup
movie
movies
moxin
moy20
moyj
mp
mp3
mpadmin
mpiuser
mpws
mpy
mq
mqm
mqtt
mr
mrbai
mrh
mrluoyq
mrp
mrpc
mrzhang
mrzhou
msd
msf
msfadmin
mshj
msi
msli
msmk
mso
msr
mssb
mssdev
mssql
mstewart
mtaserver
mtc
mtcl
mthuang
mtl
mtplat
mts_user
mtssys
mtsz
mtx
mucg
much
muchnoi
mudit
mueller
mufengjun260
muhj
muie
mujing
mukesh
muliao
mullrich
multimedia
mumbleserver
munkanaplo
murali
murray
mus
museeum
museo
museummondsee
mushraf
music
music1
musicbot
musicbot1
musicbot3
musicmusic
musicyxy
musikbot
muthu
mux
muy
muyuewen
muyw
mv
mwang
mwc
mwells
mwerk
mwkamau
mwx
mwzhang
mxa
mxagent
mxiao
mxl
mxx
mxy
my
myaccount
myadm
myapn_cen
mycat
myes
myf
myfarm
myfile
myftp
myh
myhadoop
myj
myk
myndy
myrig
myroot
mysftp
myshake
myskety
mysql
mysql1
mysql123
mysql2
mysqladmin
mysqldata
mysqler
mysqlmanager
mystudhh
myt
mythtv
myuser
myuser1
myuser4
myvi
myworkingcrack
myx
myzhao
mz
mzd
mzl101
n
n-vidia
n0b0dy
n_hues
na
nacos
nagios
nagios1
nagios2
nagios3
nagios4
nagiosadmin
nagiosuser
nagykrisztina
nagymelinda89
nai
naivehb
nakao
nakatsu
nakhoul
named
names
nan
nancy
nandi
nang
nano
nao
naomi
nap
napfenyjohnny
naples
naresh
nas
nasa
naseej
nassau
nassima
nate
nathalie
nathan
nathaniel
nation
nationwide
navratilzoltan
navy
nazim
nberger
nbpmon
nbsuser
nc
ncim
ncs
neda
neelam
neeraj
neetha
neh
nehc
nei
neil
nelslip
nelson
nemo
nen
neng
nengxin
neo
neo4j
neotix_sys
neptun
nesus
net
netadmin
netapp
netbeans
netdiag
netdump
netdump1
netgear
netinfo
netman
netom
netrouting
netscreen
netsuite
netweaver
network
network3
new
newUser
newUser1
new_paco
newadmin
newflex
newgit
newharmony1
newrelic
news
news-crawler
newskin
newsletter
newterm
newtermsys
newuser
newuser1
newyc
next
nextcloud
nexthink
nextomics
nexus
nfsnobody
ngatwiri
ngdc
nginx
nginx-user
nguler
nguyenminhthuan
nh
nhammler
nhn
nhy
nian
niang
niao
nic
nicholas
nick
nickeminizer
nicki
nicola
nicolas
nicole
nie
niehao
nieke
nielong
nielsen
niexb
niexin
niexing
niey_exp
nigger
nightski
nike
nikhil
niklas
niknik
nikolaev
nikolay
nimdabew
nimeng
nimved
nin
nina
ninde01
ning
ning.qin
ningfp
ningsen
ningxiangmei
ningzhe
ninja
nisec
nishida
nisl
nitin
niu
niuhaoyu
niulb
niusl
niuxy
niuyz
nix
njrat
njzt
nkinyanjui
nl
nlp
nlplab
nlsde
nmcollect
nmgs
nmis
nmitrial
nmrih
nmrihserver
nmsguest
nmt
nmwangi
nn
nneul
nnjoki
nnm
nno
no
no-reply
noa
noaccess
noah
noam
nobody
nobody1
nobody4
noc
node
node2
node_exporter
nodejs
nodeproxy
nodeserver
nokia
nologin
nom_utilisateur
nomad
nome_utilizador
nominatim
non
none
nong
noob
noone
nopcommerce
noreply
normaluser
norman
notes
notice
notify
notused
nouser
nox
noxious
np123456
np1234567
nproc
ns
ns2
ns2c
nsa
nscd
nsjail
nsmith
nsroot
nt
ntc
nti
ntp
ntpo
ntps
ntpupdate
nu
nuan
nuc
nue
nuevo
null
nume_utilizator
nunova
nuo
nuraini
nurse
nut
nutritionist
nutthawara
nuucp
nvidia
nvidia-docker
nvidia-p
nvidia-persistenced
nvidiarig
nvie
nvivek
nvp
nvr_admin
nwang
nweidema
nwes
nwork
nxvp
nxweb_new
nxwebdev
nyan
nyanga
nyc
nyh
nyx
nz
nzhou
o
o360adm
o360op
oadupload
oafedulidis
obj_dev
obstore
ocadmin
ocakir
ocean
ocm_db_admin
ocpadmin
ocr
ocs
ocsruler
octohost
oda
odm
odoo
odoo10
odoo11
odoo9
odroid
ods
odysseus
oe
oem_admin
oemadm
oersted
ofbiz
office
office1
office2
office4
oficina
ogazon
oggioni
ogoh
ogp_agent
ogpbot
ohh
ohio
ohs
oi
ok
okawa
okb
okc
oke
oki
oko
okr
okx
ol7
oladapo
oladmin
olapdba
olapsvr
olapsys
old
oldadmin
oldroot
oldserver
oldweb
ole
oleg
oleta
olga
olimex
oliver
oliverhu
olivia
olivier
om
omar
omc
ommdba
omni
omnisky
omu
omwb_emulation
on-prem
oncall
one
oneadmin
onevcat
onewaygate
oni
onlime_r
online
onm
oo
oooooo
oozie
oozize
op
opc
open
openbravo
opencart
opendoor
openerp
openfiler
openhab
openhabian
openlab
openlava
openmediavault-webgui
openpose
openproject
opensaf
opensips
openspirit
openssl
openstack
opensuse
openvpn
openvpn_as
oper
operador
operations
operator
operator1
operatoroperator
opforserver
opreker
oprofile
ops
opt
optimize
optiproerp
opuser
opyu
oqq
ora_root
oracache
oracle
oracle-2
oracle-test
oracle03
oracle1
oracle123
oracle2
oracle5
oracleadmin
oracleman
oracles
oracleuser
oradata
oradata2
oradba
orajsd
orak
oralce
orange
orangepi
oraprobe
oraprod
oraregsys
orasso
orasso_pa
orasso_ps
orasso_public
orastat
oratest
orauat
orbana
orbital
orcale
orcl
ordcommon
orderhive
ordos
ordplugins
ordsys
org_jh_test
organic
orient9001
orientexpress
origin
orion
orlando
osadrc
osaka
osayes
osbash
osborne
osboxes
osca
oscar
oscommerce
oshrin
osm
osmc
osp22
ossuser
osvaldo
ot
ota
otherLaboratory
others
otras
otrs
otto
ou
ouc
oug
ougtest
oujun
oushu
outlook
outong
output
ouxw
ouyangguoyu
ouyanghuiying
ouyx
ovh
ovhuser
ovp
ovwebusr
owa
oweinert
owen
owf_mgr
owncloud
owner
oww
oxoxo
oyaooya
oyc
oygj
oyjh
oym
oyyf
ozf
ozp
p
p0w3r
p100
pAsSwOrD
p_l_sumanth
pa
paas
pache
pacient
pack
packer
paco
pacs
padmin
pai
painter
pajaro
palace
palonso
pam
pamela
pan
panama
panand
panda
pandarium
panel
pang
pangby
pangchaoxu
pangcy
pangh
pangt
pangyue
pangzidong
panj
pankaj
pankang
panmh
pano
pantianxiang
panu
panx
pany
panzy
paola
papa
papppeter
paraccel
parahutes
parent
paritydev
parityprod
park
parol
parth
parthasarathi
partner
pascal
pascalcs
pascaln
passwd
passwd77
password
password1235
paste
paticard
patricia
patrick
patrol
patroy
patsy
patton
paul
paula
paulo
pause
pavbras
pavel
pawan
pawel
paxcloud
paxos
pbarbara
pbm
pbsadmin
pc
pc01
pc1
pc2
pcap
pcap1
pcb
pcguest
pco
pcr
pcs
pcy
pdx
peace
pedro
peggy_huang
pei
peihongwei
peijie
peil
peiqianwen
pelle
pemxz
pen
penelope
pengc
pengchen
pengcheng6499
pengfei
pengfeili
penghp
pengj
pengjing
pengls
pengn
pengwx
pengxu
pengyang
pentaho
peoplesoft
pepe
per
percy
perfect
perry
personal
perstat
peter
peter_deng
peterd
petersoos
petery
petez
petre
petru
pettersson
peu01
pex
pfatspo
pfren
pgadmin
pgsql
pgsql1
pgsqlpgsql
ph
pharm1
phil
philip
philipp
philippe
phion
phoebe
phoenixminer
phone
photo
photo1
photographer
photonstorm
photos
php
phpmy
phpmyadmin
phq
physician
physics
phyusr
pi
pia
pian
piao
piaoliuping
pic
picasso
pickup
pico
pid
pie
pierre
pietro
pili
pilots
pilsen
pin
ping
ping89
pingrg
pinheres
pink
pino
pintar
pinxu
pio
pionir
pipe
piper
pippo
piranha
pirate
pisi
pivotal
pixadmin
pizza
pjm
pjtas
pkangara
pkd
pkihara
pkinsella
planning
platform
platinum
plcmspip
plesk
plex
plexuser
plilla
plinke
plone
plsql
plumber
pluto
pm
pm25
pma
pmarenge
pmfgr
pmi
pmusiol
pmw
pn
pnjeri
po7
po8
poa
pobiero
podcast
point
pointofsale
pokemon
polardata
polaris
police
polipo
polkitd
pollicino
pollinate
polly
polycom
pom
pooja
pookie
pool
pop
popa3d
popey
popo
port
portal
portal30
portal30_admin
portal30_ps
portal30_public
portal30_sso
portal30_sso_admin
portal30_sso_ps
portal_demo
portal_user
portalserver
pos
pos1
pos2
pos3
posp
post
postaldatatl
poste
postfix
postfix1
postfix3
postfix4
postgers
postgis
postgres
postgres02
postgres1
postgres1001
postgres123
postgres2
postgres3
postgres4
postgres5
postgresql
postgresql1
postgress
postgressql
postmaster
postmaster1
posto
pou
pov
pp
pp1312pp
ppb
ppldtepe
ppp
ppzhao
pq
pra
prac_18
pradeep
pramod
pranava
prasad
pratsub
prdsvr
precog
preiszner
premier
premoim
prencipe
press
prestashoptest
presto
pretty
prf
priestly
primar
primary
primavera
prime
prince
princess
print
print2000
printer
pris731
privo
pro
pro1
pro2
pro3
proautomation
proba
process
prod
production
production2
products
prof
profe
professor
proffice
profile1
proftpd
prog
program
programacion
programmer
proj
project
projectganesh
projects
prophunt
protection
protegent
protocol
prova
provider
proxy
proxy1
proxy2
proxyuser
prp13
prs
prueba
prueba1
prueba2
prueba85
pruebac
pruebas
ps
ps3
ps4
psa
psimiyu
psipgroup
psippgroup
psrao
psun
psw
psw-einoeden
psybnc
psychology
pt
ptang
ptest
ptsai
pty
pu
pual
pub
public
public1
public_access
pubsftp
pubsub
pubsub1
puebra
pulse
puppet
puppy
puser
push
pussycat
puzzle
pv
pvkii
pvrm
pw
pwc
pwdi
pwrchute
pwu
pxe
pxf
pxr
py27
pydio
pyej
pyf
pyimagesearch
pyt
pythia
python
python3
pyz
pzhang
pzs
pzs_cl
pzy
pzy2
q2server
q3
q3server
qa
qa01766g
qazhang
qbchen
qbf77101
qbg
qc
qc17
qcp
qcubic
qdba
qed10
qer
qfxd
qh
qhli
qhsupport
qi
qia
qian
qianbo
qianch
qiang
qiangli
qiangluya
qianjinzhao
qianjm
qiankun
qianxl
qianzi
qiao
qiaodd
qiaoguanhui
qiaojw
qiaozeyan
qibaoyuan
qichengjie7
qifz
qihang
qihr
qihy
qikh
qili
qiling
qing
qinghe
qingsiqing
qingziqingziccc
qinhongshuang
qinjj
qinlq
qinq
qinxiang
qinxj
qinyh
qinyiming
qinyuchen
qinyy
qinzhu
qishu
qity
qiuci
qiudi
qiujing
qiuls
qiuying
qiuyuan
qixl
qiyonggang
qjh
qjsun
qjyu
ql
qlren
qmailq
qp
qpdeng
qpgmr
qpidclient
qq
qqcao
qqw
qqzhu
qr
qrh
qrs
qs
qs_adm
qs_cb
qs_cbadm
qs_cs
qs_es
qs_os
qs_ws
qsax
qsj
qsx
qtss
qu
quagga
quan
quange
quantum
quanzheng
quartz
que
query
quinn
quser
qusq
quxb
quyingda
quzy
qw
qwang
qwe
qwelthaus
qwerty
qwserver
qwwu
qxh
qy
qyang
qyq
qzhang
r
r00t
r00t123
r1g
r740
rabbit
rabbitmq
rachel
rack
rad1
rad2
radar
radio
radiomail
radiusd
radmin
radvd
radware
rafa
rafael
rafelc43
rafli
ragnar
rahul
raid
raife
rail
rails
railway
rain
raj
raja
rajat
rajesh
raju
rakesh
raksan
rakuya
ralf
ralph
ram
rama
ramesh
rameshwar
ranchen
rancher
rancid
randy
rang
ranger
raniere
rankwatc
ranvivimed
raojia
rapern
rapid
raquel
rasika
raspberry
raspberrypi
rastajaah
rat
raul
raven
ravi
ravi1
ravikumar
razer
razvan
rbriere
rchaturvedi
rcm
rcs
rcsc
rcy
rd
rdap
rdc
rdp
rdpuser
re
reach
reactweb
readme
realfandango
realtime
rebber
rebecca
reboot
recepcao
recepcion
recipe
record
recover
recovery
recruit
recycle
red
redbot
redecsimate
redgate
redhat
redis
redis1
redis2
redmarket
redmine
redminer
redoor
redpipe
ree
reed
reese
regal
registry
reiner
rekcod
release
relebohilet
remote
ren
renata
renato
renchenfeng
rendong
rendszergaz
reng
rengl
renji
renjie
renl15
renqiph
renshasha
renton
renx
renyc
renzhiwen
rep_manager
rep_owner
rep_user
repadmin
report
reports
reports_user
res
rescure
research
reseller
residence
resident
residential
resin
respaldo
responsive
restaurant
restore
resu
resume
retail
rethinkdb
retsu
revlis
rew
rex
rezident
rf
rfarinelli
rgakii
rhahn
rhino
rhodecode
rhoge88
rhonda
ri
ria
rian
ricardo
rich
richal
richard
richards
richdad
rick
rickey
ricochet
ricochetserver
ricoh
rider
ridley
rig
rigman
riguser
rijschoolair
rikhav
rin
rinc
ring
rinsin
rio
rip
ritter
river1
rizal
rizwan
rizzatorestauri
rj1tn3tw0rks
rjs
rk
rkassim
rkdxodn2222
rkumar34
rla
rlawndms222
rlei
rll
rlzhu
rma
rmail
rmdbuser
rmsadm
rmsasi
rnd
rngd
ro
ro2
roadmin
roady
rob
robbert
robert
roberts
robin
robo
robot
robrib
rocco
rochelle
rock
rockdrillftp
rockminer
rockstar
rodney
rodomantsev
rodrigo
roel
roger
rohit
rok
roko
rokos
rolph
romain
romania
romano
romeo
ron
ronald
ronaldo
rong
rongkun
rongxianwei
ronjones
ronny
roo
roo1
rookie
rool
roosevel7
root
root01
root1
root1000
root11
root2
rootadmin
rootalias
rootdb
rootman
roots
rootuser
rosa
rosaleen
rosalin
rosangela
rosario
roscoe
rose
roseanne
ross
rot
roter
rou
roundtable
roundup
router
roy
royal
rp
rpc
rpcuser
rpguo
rpm
rpmuser
rr
rrashid
rrd
rrfa1
rrl
rrrrrr
rrs
rrussell
rss
rstudio
rstudio-server
rsunda
rsved
rsync
rtest
rtkit
rtorrent
rtorres
rtv
ru
ruan
ruanjie
ruben888
ruby
rudolph
rui
ruima
ruiwen
run
rundeck
runner
runxuan
ruoshan
russ
rust
ruted
ruxtor
ruy
ruyin
rv
rvm
rvn
rw
rwalter
rwp
rx
rxia
rxu
ry
ryan
ryder
rym
ryoga
ryoshida
ryu
rzxsystemuser
rzz
s
s02
s03
s1
s200700579
sa
sabayon
sabayon-admin
sabirowsky
sabnzbd
sabretooth
sac
sachin
sachinve
sackreuther
sada
sadam
saed
saeed
safari
sage
sahil
sai
saif
saina
saint
saira
saito
saiyou
sajal
sakai
sakamoto
sakurauchi
salahuddinh
sales
sales1
sales2
sales3
sales4
salesperson
salessales
saleswoman
salt
sam
samantha
samara
samba
samba1
samba_root
sambasamba
sambauser
sami
samir
sammy
samp
sample
samples
sampless
sampserver
samsung
samtest
samurai
samw
san
sand
sandbox
sandeep
sandro
sandu
saned
sang
sanjay
sanjivarishi
sanolsylee
sans
sansforensics
santiago
santoro
sanvirk
sao
sap
sapr3
sara
saradmin
sarah
saravanan
sas
sasdemo
sasha
sassrv
sat
sato
saumur
saurabh
sav
savsaumur
sawy
sayama
sb
sbawazir
sbear
sbt
sbw
sbzmpp
sc
scale
scan
scandic
scaner
scanner
scapienv
scarab
sccadmin
sce
schaefeb
schollma
school
schsu
sck
scoen
sconsole
scooter
scot
scott
scp
scpuser
screen
scrool
scs
scsc
scum
sd
sdb
sdbadmin
sdc
sdco
sdeepak
sdeng
sdezso
sdnmuser
sdshsy
sdtd
sdxvv_temp
se
seafile
sean
search
seb
sebastian
secadm
secdemo
secretary
security
sed
seed
seedbox
seidel
seki
seller
sem
semsem
sen
senaka
send
sendys
seng
sentinel
sentry
senzhe
serena
sergei
sergey
sergio
sermons
serqoe
serv_fun
serv_pv
server
server-pilot
server1
server2
server222
server223
servercsgo
serverpilot
serveur1
serveur2
service
service1
service2
serviceconsumer1
services
servidor
serwis
sesamus
sessions_temp
sesuser
seth
setroubleshoot
setup
seven
sfp
sftp
sftptest
sftpuser
sg
sga
sgc
sge
sgeadmin
sgiulio
sgli
sgomez
sgt
sh
sh-liu
sha
shadow
shafaq
shai
shakeel
shamik
shana
shane
shang
shanggjf
shangkeyu
shangzhanlu
shania
shanw
shanxiangxuan
shao
shaohanh
shaokui
shaopengyang
shaoshuai
shaoxj
shaq
shaqy
share
shared
sharge
sharing
sharon
shaxiaolong
shclient
shding
she
shei
shell
sheller
shellinabox
shen
shenbowen
shenchuanjiang
shencp
shenf
sheng
shengjia
shengshuqi
shengwu
shenleqi
shenlin
shenlw
shenp
shenpx
shenqiannan
shenqr
shens
shenting
shenwei
shenxue
sheny
shenyh
shenzh
shenzhen
shenzq
sheum
shi
shi-den
shib
shiboan
shic
shichao
shicj
shicw
shidongli
shif
shifeng
shift
shigonghe
shihc
shihy
shijian
shijie
shijingyan
shijingyuan
shijy
shilanski
shim
shima
shiml
shinken
shiny
shipping
shirley
shit
shiva
shiwei
shiwenxiu
shiwj16
shixd
shixh
shixin
shixw
shiyk
shiys
shiyu
shiyu01
shiyuji
shiyusong
shizhiyuan
shliu
shomaserv
shoot
shootmania
shop
shop1
shopdb
shopify
short
shou
shouhw
shoutcast
shoutchast
show
shr
shshen
shu
shua
shuai
shuaijie
shuailiu
shuaiqing
shuan
shubham
shudis
shui
shuli
shulinye
shuminzhang
shun
shuo
shuowang
shutdown
shuxiaobo
shuyao
shuyuchun
shuziting
shx
shxu
shy
shy777
shyamntc
shyo
si
si_informtn_schema
siarnold
sical
sid
sidebar
siemens
sigmund
signal
signature
sihong
silke
silva
silver
silverine
silvia
sim
sima
simeiyu
simon
simonambrus
simone
simplecart
simulator
sina
singha
sinus
sinusbot
sinusbot1
sip2phone
siqili
sir
sirius
sisi23
sispac
sistvan
sitaoyong
site
site03
siteadmin
sitecom
sitemanager
sitemap
siteminder
sites
siva
siwei
six
siyuan
siyuke
sj
sjb
sjh
sjy19
sjzhang
sjzhou
sk
skaley
skan
skaner
skill
sklep
skohn
sky
skydns
skywalkr
sl
slack
slave
slchen
slcinc
slh
slide
slider
slimshady
slin
slin5
slj
sloane
slukic
slurm
slview
slw
sma
smakena
smart
smart1
smart2
smartbike
smbadmin
smbfish
smbguest
smbhdz
smblinux
smboracle
smbqcl
smbsensor
smbtest
smbugu
smbuser
smbuser1
smc
smcadmin
smcgrath
sme1
smile
sminktetovalas-zuglo
smith
smmsp
smmsp1
smmta
sms
smtpguard
smuthuv
smy
snadmin
snail
snake
snarumon
snb
sndoto
sneha
sniffer
snjuguna
snoop
sns
snug
so360
soa
social
society
soft
software
softwaremanager
sogo
soigan
soksuser
sol
solaris
solarus
solidus
solomon
solr
solrs
solsen
solutin
somlyoerno
somuns
sonar
sonarUser
sonarqube
sonarr
song
songhl
songhuanmin
songhy
songjj
songliu
songll
songpeng
songpengfei
songsn1117
songsz
songtongtong
songtz
songwb
songwm
songxf
songxy
songyelin
songyx
songzhiyong
songzirong
sonia
sonic
sonny2hack
sonoda
sonos
soo
sophia
soporte
souaaz
soul
soumeillan
sowmya
spain
spam
spam1
spamfilter
spamfiltrer
sparc
spark
spark01
spectre
speech-dispatcher
speedtest
spf
sphc
spi
spider
spierson
splash
splura
sponsorship
sportkin
sportsusi
spotlight
spravce
spring
springloops
sprummlbot
sqinzeng
sql
sqlsrv
sqlsync
sqlweb
sqoop
sqoop2
squadserver
squid
squid1
squirrelmail
sqx
sqy
sr
sr.juttamaria
sradido
srashid
srcuser
srirama
srm
sromantsov
sroot
srt
srudent
sruser
srv
srvadmin
srwj
ss
ss3
ss97
ssd
sshd
sshd1
sshdsshd
sshen
sshproxy
sshtester
sshuser
sshusr
sshvpn
ssis
ssl
ssladmin
sslvpn
ssm
ssm-user
sso
ssp
ssr
sst
ssz
st
st5bsl
stack
stackato
stacksmith
staff
stage
stamp
stan
star
starbound
starssh.com-27366
starsvictor
starter
statd
stathespaganis
stats
stats1
status
stav
stc
steam
steam1
steamcmd
steamm
stefan
stefanomaria
steiger
steinlechner
stenderm
steph
stephanesco
stephen
steve
steven
stli
stock
stof
stoffer
stork
storm
stortest
storyhu
strat_user
stream
stress
strona
strona1
stserver
stu02
stu03
stu04
stu3
stud
student
student01
student02
student03
student04
student06
student07
student08
student09
student1
student2
student3
student4
student5
student7
student9
studentcampus
studentcenter
students
stunnel
stx
stylecom
su
suan
sub
subaru
subhani
subir
subzero
sudo
sudo1
sue
sufeng
sugar
sugawara
sugon1
suguoyao
suiff
suite
sullivan
sumit
sumlay6
sun
sunbaoli
sunchao
sunday
sundy
sunhao162
sunhk
sunhm
sunhm15
sunjing
sunjr
sunjunwei
sunjunyao
sunl
sunli
sunlinhui
sunlinxr
sunmh
sunmin
sunmingzhen
sunos
sunp
sunpeijie
sunqi
sunqn121
sunshihuan
sunss
suntong
sunwen1994
sunwenyu
sunxd
sunxh
sunyitian
sunys
sunyvkui
sunyz
sunzd
sunzhengyang
sunzt
sunzy
suo
sup
super
super1234
superadmin
supercip
superman
supersyz
superuser
supervisor
suport
suporte
suporter
supplier
support
support1
supporte
suprema
surasitl
suresh
surgeon
surveyor
susan
suse
suse-ncc
suser
sushma
susmita
sutthipong
suxiu
suyj
suym
suzan
suzhanyi
suzz
svenserver
svin
svn
svn_backup
svnftp
svnroot
svnuser
svt
sw
sw-cp-server
swang
sweers
sweet
swh
swift
swiss
switch
swk
swuser
swx
sx
sxc
sxd
sxit
sxl
sxm
sxx
sxy
sy
sybase
sybil
syc22222
sycdl
syh
syifa
syj
syl
syli
sylvie
symbiosis
synagogue
sync
sync1
syncUser
synergy
synopsis
syp
sys
sysadm
sysadmin
sysbackup
sysbin
sysctl
syseng
syslog
sysmail
sysman
sysman1
sysop
system
system1
system2
system4
systemadmin
systemd-bus-proxy
systemd-network
systemman
syx
syy
syz
syzhan
szabobenjamin
szc
szchao
szchen
szerver
szh
szhang
szilvia
szilviu
szj
szl
szng
szokol
szorina
sztanko
sztudent
sztudent1
szuzana
szx
szy
t
t.max
t24build2
t24mig1
t24prod
t3rr0r
t3st
t7adm
t7inst
tab2
tabassum
tac
tachyon
tacmot
tactika
tagg
taguchi
tahiti
tai
tajovin
takada
takata
takbir
talab
talhilya
talisman
taller
tamara
tamasapor
tamasg
tamhou
tams
tancredi
tang
tanggy
tangjz
tangli
tangmx
tangrenjie18
tangry
tangtao
tangxiaojiu
tangxinru17
tangxinyu
tangyingwu
tangyuan
tangzy
tanhn
tanja
tanjing
tankovszky
tanrr
tanwb
tanxinrui
tanxj
tanyf
tanyuhang
tanyx
tanzila
tao
taoj
taoluo
taoluyan943
taomx
taotao
tapeout16A
taps
tara
target
tariq
taskrabbit
tata
tatiana
tatjana
tauqcdgroup
taylor
taysa
tb
tba224
tbadmin
tbs
tbsai
tbw
tc
tccuser
tch
tcheng
tclwh
tcp
tcp0
tcp1
tcpdump
tczh
td
tdatuser
tdos_icsap
tdywang
teacher
teacher1
teafish
team
team1
team2
teamcity
teamspeak
teamspeak3
teamspeak3bot
teamspeakbot
teamspeakserver
tear
tec
tech
tech2
techmin
techsupport
techuser
tecmin
tecmint
tecnica
tecnofrota_teste
ted
tedial
teee
teguh
tei
teja
tek
tekbaseftp
tel
tele
telecom
telecomadmin
telecommunication
telecommunications
telemes
telkom
telnet
temp
temp1
template
templates
tempo
temporal
tempuser
tencent
tendaroot
teng
tenghehan
tengjiaxiu
tengli
tengyifei
tensorflow
ter
tera
teradata
terance
teresawinkymak
terminfo
termsys
terraria
terrariaserver
teset
tesla
test
test-1
test-2
test-yuan
test001
test01
test02
test03
test1
test10
test1000
test101
test11
test12
test123
test2
test2000
test2002
test2003
test2004
test2006
test2007
test2008
test2009
test21
test2reseller
test3
test4
test5
test555
test66
test7
test8
test@2021
test_3
test_user
testa
testadmin
testaxx
testbed
testbelkofsi
testbox
testdev
teste
tested
testen
tester
tester1
testftp
testftp1
testing
testing1
testmail
testman
testman1
testovh
testpilot
tests
tests1
testsftp
testsite
testssh
testtest
testtesttest
testuser
testuser1
testwww
testwww1
tet
tez
tf2
tf2server
tftpboot
tg
tga
tgallen
tgp
tgproxy
th
thall
themann
theo
thho
thiago
thierry1129
thman
tholtmann
thomas
thonig
thor
thostr
thqh
thuar
ti
tianbo
tianguohao
tianhl
tianjiaoli
tianjin
tianjm
tianjp
tianlc
tianqili
tianrr
tiansaike
tianshu
tiansk
tianxc
tianxiao
tianxiaoliang
tianxiaozhang
tianxing
tianxx
tiany
tianyaowang
tianye
tianye129
tianyin
tianyuan
tianyuemeng
tianzh
tianzhengkun
tianzhh
tiao
tibco
tibero
tibero6
ticket
tidb
tiger
tiina
tijana
tijuana
tik
tiktok
tim
tim1
time
timo
timson
tina
tiny
tip37
tisztahomokozoert
titan
titi
tj
tjl
tjmux
tlcb
tlcorecs
tli
tlwy
tmax
tmc
tmk
tmkj
tmn
tmoss
tmp
tmpUser
tmp_jzhq
tmproot
tms
tmuller
tmus
tmwarabu
tnsahr2580
toa
tobeserver2
tobiasrichard
tocsa
todd
todds
todo
todyshev
tokatolbokaig
token
tokend
toker
tom
tom1
tom2
tomas
tomcat
tomcat1
tomcat2
tomcat20
tomcat3
tomcat4
tomcat5
tomcat6
tomcat7
tomcat9
tomcats
tomcattomcat
tomee
tommie
tommy
tomtom
tone
tong
tongguang
tongxing
tongxw
tongyujun
toni
tony
tony_george
tools
toor
toor1
topgui
topomaps
toptea
tor
toro
torona
torrent
tortoisesvn
toshi
total
toth
totho
toto
tou
tour
town
toyoshima
tplink
tpq
tptp
trac
trace
tracesvr
track
trackmania
trade
trading
traffic
train
train1
trainee
training
trans
transfer
transit
translator
transportapi
travis
trd
trello
trenz
treskov
tressy
trey
tribox
trinity
trixie
trnec
trojan
trtserver
truck
truedeva
truman
trung
trustconsult
trx
try
ts
ts1
ts2
ts3
ts35
ts3_cloud
ts3bot
ts3musicbot
ts3serv
ts3server
ts3sleep
ts3soundboard
ts3srv
ts3user
tsang
tsbot
tsdev
tseiss
tset
tshock
tsl
tsminst1
tsq19
tss
tsserver
tst
tstube1
tstuser
tsupdata
tsuser
tt
ttest
ttf
ttong
ttt1234
tty
tu
tuan
tuesday
tuhangdi
tui
tuma
tuna
tunnel
tuo
tuoming
tuoyl
turbine
turbo
tuser
tuser1
tuser1982
tuser7116
tushar
tutorial
tuxalize
tuxedo
tv
tvms
tw
tweety
two
twserver
tx2001809
txs
txy
ty
tyromotion
tyrone
tys
tyy
tzx
u
u07admin
u1
u1admin
u2
u44628
uacs
uat
ubadmin
ubnt
ubstep
ubt
ubuntu
ubuntu03
ubuntu1
ubuntu100
ubuntu2
ubuntu21
ubuntuman
uchat
ucpss
uegaki
uftp
ugs
ui
uj
ujwalntc
uk
ultra
ultrasun
umairumer
umcapasocanoas
umesh
uml-net
underglam
undergraduate
unic
unifi
unified
unionpay
unity
unix
unix-like
unknown
uno
uno50
uno8
uno85
unreal
unt
unts
up
up!
upan
upas
upasna
upces
updata1
update
updater
updateserver
updb1
upjob
uplink
upload
upload1
upload2
upload4
uploader
upsource
uranus
urnie
urobot
us
us02
us3r
usbmux
usbmuxd
user
user-1
user-es
user.1
user0
user000
user001
user002
user01
user02
user03
user04
user05
user06
user08
user09
user1
user10
user100
user1000
user10000
user11
user111
user123
user13
user14
user17
user2
user20
user2002
user21
user22
user23
user24
user26
user27
user28
user29
user3
user30
user33
user34
user35
user36
user37
user39
user4
user40
user41
user43
user44
user45
user46
user47
user48
user49
user4u
user5
user50
user51
user52
user53
user54
user55
user6
user60
user61
user62
user63
user64
user65
user66
user67
user69
user7
user70
user74
user75
user76
user77
user777
user78
user79
user8
user80
user81
user82
user83
user84
user85
user88
user89
user9
user92
user93
user94
user95
user97
user99
userA
user_02
user_1
user_1064792137
user_name
user_temp
userdev
userftp
usernagios
username
usertest
useruser
useruseruser
ush
ushare
usr
usr01
usr1cv8
ustchjy
ustcltf
usuario
usuario1
usuario2
usuário
ut2k4
ut2k4server
ut3
ut99
utah
ute
utente
utest3
utile
utility
utlbstatu
utopia
uucp
uucps
uuidd
uupc
uuser
ux
uxland
uzivatel
uzzica
v
v1
vac
vagrant
vagrant3
vagrant4
vagrant5
vaishnavi
valarauco
valbrab
valerie
validation
valprod0
valprod3
valprod4
valvoja
vamrs
vandana
vanessa
vargag
varnish
varsani
varun
vaskoattila83
vava
vb
vbox
vboxuser
vc
vchoy
vcsa
vd
vds
ve
ved
veeam
vega
vega0
veh
vendas
vendeg
vendor
venik
venkat
ventas
vera
veronica
vertex_login
vf
vfv
vi
vicky
victor
victoria
vida
vidal
video
videographer
videouser
vidhya
vidya
vijay
vijayalatchmi
vijayaraj
vijlie
viktike
viktor
vilagvege
vim
vinay
vince
vincent
vindy
vinnie
vinod
violeta
vip
viplab
viragert
virendar
virex
virgo
virtual
virtualbox
virtualization
virtualtour
virus
virusalert
virutalbox
visegradturisztika
vishal
vishnu
vision
visit
visitante
visitor
vitaly
vitor
vivek
vivian
vivien
vizy
vjohnson
vk
vlad
vladan
vlado
vlc
vlee
vm
vmadmin
vmail
vmaloba
vmsec
vmta
vmuser
vmware
vnc
vnc-user
vncuser
vncuser1
voc
vocher
vod
vodafone
vogue
voi
voip
volumio
voluntar
vop
vorlex
vox
voxelcloud
voxelworks
vpd_admin
vpe.crip
vpe.cripac
vpn
vpnuser1
vpopmail
vps
vr
vrr1
vrtadmin
vsachde
vserver
vsftp
vsftpd
vsm
vss
vtcbikes
vultr
vwalker
vwbogaar
vweru
vyatta
vyos
vz
w
w.tools
wa
wada
wade
wagner
wai
waikea
waiter
walid
wallace
wallet
walter
wamp
wampp
wan
wana
wanbo
wanda
wanfangling
wang
wang-1
wang02
wang1
wangbin
wangbinlong
wangbo
wangbq
wangc
wangcf
wangchao
wangchen19
wangchong
wangchu
wangcl
wangcong
wangct
wangcy
wangd
wangdai
wangf
wangfang
wangfei
wangfei980710
wangfeng
wangfq
wangfs
wanggh
wanggr
wanghaitao
wanghao
wanghao18
wanghaonan
wanghf
wanghl
wanghongjie
wanghongwei
wanghp
wanghq
wanghw
wanghx
wanghy_exp
wangjia94
wangjiahao
wangjiale
wangjialu
wangjianchun
wangjiang
wangjin
wangjing
wangjingqi
wangjingyao
wangjingye
wangjk
wangjs
wangjun
wangjunjing
wangk
wangkai
wangkc
wangke
wangl
wanglei
wangli
wanglin8
wangling
wanglingjun
wanglinjiao
wangliuxin
wanglizhi
wangll
wanglp
wangly
wangm
wangmeng
wangmengze
wangmin
wangmingke
wangnan
wangnd
wangning
wangpei
wangpeihan
wangping
wangpl
wangq
wangqb
wangqi
wangqiang
wangqing
wangqun
wangran
wangrg
wangruifang
wangrunji
wangshijie
wangshiquan
wangshudong
wangshupeng
wangshz
wangsj
wangsz
wangtao
wangtd
wangtg
wangtian
wangtianji
wangting
wangtj
wangtyu
wangw
wangw22
wangwei
wangwh
wangwl
wangwnag
wangws
wangx
wangxf
wangxiangyue
wangxiaomin
wangxiaoning
wangxinhua
wangxiuying
wangxn1
wangxueying
wangxueyun
wangxy
wangxz
wangy
wangyan
wangyang
wangyang01
wangyb
wangyd
wangyg
wangyi
wangyi90
wangyiming
wangyitan
wangyj
wangyk
wangyn
wangyp
wangyq1117
wangyuanbiao
wangyuanhao
wangyue
wangyuexin
wangyunke
wangyunyun
wangyusa
wangyuting
wangyw
wangz1996
wangzd
wangzebing
wangzelong
wangzengmao
wangzerun
wangzh
wangzhen
wangzheng
wangzhi
wangzhongli
wangzike
wangzilin
wangziqi
wangzr
wangzx
wangzy
wanly
wanqingsun
wanruosi
wansl
wanwang
wanx
waqqas
war
warehouse
wasadmin
wasadrc
waseem
waslh
watchdog
wayne
wbg
wbh
wbz
wbzhao
wc19
wcdaplsmc
wcdarec
wcgu
wch
wchen
wcj
wcr
wcy
wd
wdfan
wdh
wdk
wdl
web
web-server
web0
web1
web2
web2001
web224
web226
web228
web29
web29p1
web2project
web3
web4
web5
web6
web7
web74
web76p3
web77
web82
web82p1
web83
web85p1
web85p2
web86
web87p1
web8p1
web92
web93
web94p4
web94p6
web95
web96
web98p2
webadm
webadmin
webalizer
webapp
webapps
webb666
webcal01
webcam
webconfig
webdata
webdav
webdb
webdev
webdeveloper
webert
webftp
webgator
webler
weblogic
webmail
webmap
webmaster
webmaster1
webmin
webmo
webpage
webpop
webread
webroot
webs
webservd
webserver
webservices
webshop
website
websphere
webster
websys
webtest
webtool
webuser
webwasb
weebly
wei
weicheng
weichuang
weidenka
weidh
weiguo
weiguoyang
weihan
weihu
weihy
weikai
weiliu
weiqq
weishaopeng
weisong.duan
weiwang
weiwenqing
weixiao
weixin
weixinran
weixt
weiyf
weiyongjian
weiyq
weiyuxuan
weiyy
weizhihong
welin
wellbeing
wen
wenchao_lee
wendy
weng
wengbin
wenghj
wengss_exp
wenhelin
wenhongy
wenhw
wenli
wenlj
wenlz
wenqihui
wenqungang
wensp
wentaoli
wentian
wenxin
wenxuan
wenyuzhou
wenzhang
wenzhao
werkstaette
wesley
wetserver
wf
wfctamc
wff
wfg
wfjiang
wfli
wgf
wgw
wh
whb
whchoe
whg
whh
while
white
whitehat
whitehd
whitepaper
whl
whli
whli2
whmcs
whois
whoopsie
whr
whu
whx
why
whyu
whzhu
wict_demo
wifi
wiki
wikiweb
wild
wildfly
will
william
willim
wils1270
wilson
wimoehl
win2014xp
winandhi
winccd
windows
wingseter
wink
winona
wip
wire
wisnu
wittke
wizard
wj
wjd
wjh1104282616
wjh720
wjj
wjl
wjmeng
wjn
wjp
wjt
wjx
wjy
wjzhang
wk
wk_test
wkaburu
wkadmin
wkiconsole
wkp
wkproxy
wksys
wkuser
wll
wlxt
wly
wlz
wmaina
wmburu
wmc
wms
wmsys
wmwithi
wn
wngai2
wnn
wo
wob
wochola
wocloud
woju
wolf
wolwerine
wong
woo
woongyoon
wooxo
wordpress
work
work1
workcon
worker
workflow
workshop
workspace
wow
wp
wp-user
wpadmin
wpan
wpdev
wpl
wpps
wps
wpuser
wpy16131034
wpyan
wq
wqd
wqh
wqk
wql
wqq
wr
wrf
write
wrk
wrt
wrx
ws
wscloud
wsdocker
wshuang
wsj
wsliu
wsman
wsn16
wsupgrade
wsw
wsy
wt
wth
wtn
wtq
wty
wu
wubao
wuby
wuchuanyu
wucy
wudel
wudi
wufeng
wugaoyin
wugg
wuh
wuhangxin
wuhaotian
wuhaoyang
wuhr
wujf
wujiahong
wujianwen
wujiaqi
wujie
wujie2
wujr
wujs
wujy
wuk
wukun
wulh
wulixuehyx
wulj
wumengmeng
wuqian
wurm
wurr
wuser
wushuai
wushuang
wusj
wusw
wut
wutianchen
wutianqi
wuw
wuwei
wuwencai
wuwx
wux
wuxc
wuxian
wuxinghua
wuxinyao
wuxuan
wuxudong
wuy
wuye01
wuyibo
wuyifan
wuyindong
wuym
wuyt
wuyue
wuyuewei
wuzg
wuzhanhui
wuzhao
wuzhaoteng
wuzhende
wuzhitao2001
wuzu
wuzx
wuzy
wuzz
ww
wwadmin
wwh
wwj
wwl2018
wwm
wwq
wws
www
www-admin
www-data
www-data1
www-sftp-shared
www-upload
www1
www2
wwwadmin
wwwdata
wwwdata1
wwwmail
wwwrun
wwwrun1
wwwsh
wwwtest
wwwuser
wx
wxapi
wxb
wxbackp
wxc
wxfan
wxfang
wxh
wxhua
wxl
wxm
wxmei
wxr
wxtool
wxw
wxxydele
wy
wyb
wybiftp
wyc
wyf
wyh
wyin
wyj
wyl
wym
wyq
wyr
wys
wyt
wyu
wyu_t
wyw
wyx
wz
wzh18
wzhang
wzornictwo
wzq
wzr
wzw
wzx
wzy
wzzhen
x
x-admin
x-man
x-oracle
x-user
x1
x86_64
xa
xa1
xademo
xampp
xampp-dav-unsecure
xamt
xanax
xap
xapolicymgr
xaq
xb
xbcx
xbian
xbmc
xbox
xchen
xcl
xczhang
xd
xdd
xdjamonitor
xdp
xdurance
xdw
xdzhang
xen
xena
xeon
xep
xerox
xey
xf
xfk
xfs
xfxd
xgridcontroller
xgs
xguest
xgwang
xgx
xh
xhcui
xhf
xhlinxm
xhsun
xhuang
xhw
xhwu
xhxx
xi
xia
xiachaoyang
xiadm
xiahaibang
xiaj
xial
xialg
xiali
xiamm
xiams
xian
xianchuangsu
xiang
xianghan
xianghao
xiangli
xiangli215
xiangliuyu
xiangpeng
xiangshaoxiong
xiangt
xiangzhilong
xiangzy
xiao
xiaofei
xiaogc
xiaoguang
xiaoh
xiaohai
xiaohl
xiaohong
xiaokai_lee
xiaolinwang
xiaolong
xiaom
xiaoma
xiaomei
xiaomi
xiaoming
xiaomy
xiaoruiwong
xiaoshuo
xiaosong
xiaosy
xiaoxuan
xiaoying
xiaoyj
xiaoys
xiaoyunlong
xiasy
xiax
xiayy
xiazhiyi
xicg
xie
xiechen2014
xieciliang
xieguangzeng
xieguomin
xiehaowei
xiehs
xiehualiang
xiekp
xieliang
xieqiaojing
xies
xiesb
xieshq18
xiewei
xiexh
xiexp1117
xiey
xieyp
xin
xinchen
xinchou
xinetong
xing
xingsiyuan
xingyu
xinjingxue
xinjk
xinning
xinren
xintm
xinyang
xiongchenwu
xionghaitao
xiongqian
xiongsl
xiongxa
xiongyongyu
xiongyulong
xiongzheng
xiou
xirui
xit
xiuql
xj
xjb
xjch
xjh
xjin
xjl
xjqian
xjrw
xjx
xjy
xjzhou
xk
xkt
xkw
xkzhang
xl
xla
xli
xlli
xlniu
xlzhang
xm
xmail
xmeta
xmetasr
xmj
xmldme
xmlrpc
xn
xnc
xnky
xnm
xnode
xnp
xns
xop
xp
xpa
xpf
xprt
xps
xqkang
xqshen
xrdp
xrm
xrq
xs
xshi
xsj
xsl
xsw
xsy6
xsz
xtd19
xtt
xtxk
xty
xubd
xubq
xucb
xuchao
xud
xuda
xudtest
xue
xuebin
xuef
xuejing
xuel
xuelihua
xuemx
xuewei_stu
xueyuan
xueyuxin
xufq
xug
xuhangkun
xuhao
xuhg
xuhh
xuhp
xuhs
xuhx
xuhx2
xui
xuj
xujiaming
xujiaxiang
xujin
xujingjing
xujingye
xujingyi
xujinling
xujj
xuju
xujw
xulf
xull
xuming
xumingyu
xuminqia
xuminya
xuqi
xuqiang
xuqimin
xuqn
xurj
xut
xutao
xutingdong19
xutingting
xutongkun
xuwanyu
xuwei_exp
xuxiaohui
xuxijun
xuyang
xuyc
xuye
xuyi
xuyichu
xuyin_dyb
xuyp
xuyue
xuz
xuzf
xuzh
xuzhan
xuzhaos
xuzhengheng
xuzp
xuzui
xuzx
xv
xvh
xw4
xwang
xwd
xwei
xwl
xww
xwz
xx
xxa
xxb
xxh
xxj
xxjj
xxkreport
xxp
xxu
xxw
xxx
xxxx
xxy
xxy98
xxyu
xxz
xy
xyang
xyb
xyd
xydk
xydkdev
xyfu
xygao
xyhuang
xyjiang
xyk
xyli
xyliu
xymon
xyn
xyr
xys
xysong
xyun
xyx
xyy
xyz
xyzhang
xyzhao
xz
xz08
xzf
xzh
xzhang
xzw
xzw2
xzwang
xzx
xzy
xzz
y-wei
y010
y3
ya
yahoo
yakuza
yan
yandifei
yanee
yang
yangab
yangbin
yangbo
yangc
yangchen
yangchen1048356820
yangchengfeng
yangchengjie
yangdan
yangdaoyao
yangfangyuan
yangfei
yangfg
yanggongzheng
yangh
yanghao
yanghaolin
yangheng
yanghj
yanghongtao
yanght
yanghui
yanghy_exp
yangjs
yangjy
yangkj
yanglei
yangli
yangling
yangliu
yangm
yangmingjie
yangms
yangmt
yangpf
yangping
yangr
yangrj
yangrunjia
yangrx
yangrz
yangs
yangsb
yangsl
yangtao
yangting
yangtingy
yanguangyu
yangxb
yangxi
yangxia
yangxl
yangxq
yangxu
yangyanan123
yangyanbing
yangyang
yangyf
yangyh
yangyi
yangyi_exp
yangyixiang
yangym
yangyonghui
yangyuhong
yangyuting
yangzexian
yangzhao
yangzhenghao19
yangzhi
yangzhihan
yangzhihao
yangzhulin
yangzihan
yangzix
yanhao
yanj
yanjp17
yanjt
yanjuguang
yanjun
yankai
yanl
yanliu
yanll
yanmengxiang
yanmiao
yanny
yanshan
yant
yanwc
yanwq
yanx
yanxf
yanxitong
yanxueqiang
yanzhang_exp
yanzhuojun
yao
yaohd
yaohf
yaoj
yaoll
yaolw
yaoqing
yaoqing_1
yaoshentao
yaowm
yaoxk
yaoyang
yaoyanli
yaoye
yaoyh
yaoyuzhang
yaozg
yarn
yasas
yassine
yasuko
yatri
yaunwd
ybeum
ybh
ybjsda
ybjx
ybnx5yy
ybq
yby
yc
yc7789
yccai
ycf
ych
ychen
ycliu
ycs
yczhang
ydadmin
ydobon
ye
yeadun
year
years
yefangzhou
yeh
yehf
yeji080808
yejiaxuan
yejx
yemaoyuan
yenting
yeshiwei
yetianhao
yexi
yey
yeyangbo
yeyi
yeyua
yfg
yfh
yfhang
yfhe
yftest
yggong
ygj
yguo
ygxie
yh
yhc
yhcho
yhd
yheeing
yhk
yhlee
yhm
yhn
yhp
yhr
yht
yht86927
yhyuan
yi
yibo
yichen
yifan
yijungyang
yili
yin
yina
yinbing
yindl
yingguohao
yingying
yinh
yinhaonan
yinhaoran
yinjunhui
yinsy
yinw
yinxf
yiph
yizhao
yizhou
yizisite
yj
yjchen
yjf
yjh
yjj
yjkj
yjl
yjlee
yjliu
yjm
yjn
yjp
yjyang
yjz
yjzhang
yjzy
ykd
ykpark
ykwang
yl
ylbill
yldong
yll
ylli
ylliu
ylt
ylwebdev
ylx
ylye
ylzhang
ylzhou
ym
ymachado
ymwang
ymzhang
ymzhu
yngong
ynn
ynwang
ynzhang_exp
yo!kart
yoga
yogesh
yong
yongbin
yongchao.hu
you
youchen
youchenglin
youhaoxuan
yourong
youtrack
youxh
youxiaohao
youyin
youzf
youzhiyong
youzy
yp
ypf
yq
yqh
yql
yqlai
yqs
yqzhang89
yr
yrli
yrs
ys
ysc
yschelha
ysh
ysl
ysm18202105268
ysun
yt
ytang
ytj
ytt
ytz
yu
yuan
yuanbing
yuanchy8
yuancz
yuanhaobo
yuanjh
yuanjiarong
yuanl
yuanlm
yuanming
yuanmk
yuanquan
yuanrui
yuanruinan
yuansc
yuanwb_exp
yuanwd
yuanxiaojun
yuanxin
yuanxing
yuanxq
yuanxs
yuanyijun
yuanys
yuanyuan
yuanyue
yuanzhenmou
yuanzj
yubx
yuch
yuchengjun
yudan
yue
yuehua
yuehuang
yueru
yuexu
yufeng
yugang
yugw
yuhaidong
yuhaowang
yuhw
yuj
yujie
yujiong
yujs
yujunhui
yujunze
yujx_exp
yujy
yul
yuliu
yulw330
yum
yuncu
yunpengzhang
yunwei
yunxiang
yunyangliu
yunyun
yuo
yupeng
yuq
yuqzh
yuruikang
yusijia
yutao
yuttanah
yutz
yuwang
yuwei
yuxh
yuxin
yuyao
yuyaowei
yuyh
yuyu
yuzh
yuzhongyang
yuzy
yvon
yvonne
yvx
yw-admin
ywang
ywd
ywr
ywy
yxf
yxgao
yxr
yxs
yxw
yxwang
yxy
yxzhang
yyf
yyj
yypeng
yys
yysheng
yyss
yyu
yywang
yz
yzhang
yzhao
yzhou
yzhu
yzhuang
yzk
yzli
yzt
yzz
yönetici
z
z.yang
z001pkpk
z0d
z1
zabbix
zack
zaednicka
zafir
zaheer
zahra
zakarpattya
zang
zangds
zangjj
zanlei
zanren
zanwenyan
zanwy
zap
zaq1xsw2
zar
zayed
zaz
zb
zbc
zbomc
zbt
zbw
zbx
zby
zc
zcbenz
zce
zchao
zchu
zcli
zcm
zcuser
zcy
zd_m
zdcui
zdh
zdw
ze
zebracall
zeeshan
zehai
zehua
zei
zeke
zen
zend
zendserver
zeng
zengfanrui
zengh
zenghaiyan
zenghua
zengjh
zengjm
zenglei
zengming38
zengpinglin
zengq
zengshan
zengy
zengyd
zengyi
zengyijia
zengyu
zengzhisheng
zengzk
zengzr
zenithuser
zeno
zenoss
zentao
zentiva
zeny
zepengli94
zeph
zeping
zeppelin
zeromq
zeronero13
zerotier-one
zeus
zeuscart
zexu
zeyu
zfg
zfriedl49
zfw
zfy
zfyuan
zgj
zgx
zgy
zh25
zha
zhaimingjie
zhajl
zham
zhan
zhang
zhangao
zhangaw
zhangbaoli
zhangbenxuan
zhangbintan
zhangbiwu
zhangbk_exp
zhangbochen
zhangbolun
zhangbowen
zhangbw
zhangbx
zhangc
zhangcc
zhangcc85_exp
zhangcd
zhangcg
zhangch
zhangchao
zhangchengcheng
zhangchengyi
zhangchunliang
zhangchunyang
zhangcw
zhangcy
zhangcy94
zhangdengyong
zhangdw
zhangfan
zhangfawang
zhangfei
zhangfen
zhangfh
zhangft
zhangfz
zhanggang
zhanggg
zhangguangyi
zhanggy
zhangh
zhanghaixiang
zhanghan
zhanghanbo
zhanghanlei
zhanghanyi
zhanghao
zhanghj
zhanghong
zhanghongfei
zhanghq
zhanghua
zhanghuilong
zhanghx
zhangj
zhangjch
zhangjiannan
zhangjiayi
zhangjin
zhangjing
zhangjinhong
zhangjj
zhangjl
zhangjn
zhangjq
zhangju
zhangjuan
zhangjun
zhangjy
zhangkai
zhangkangxun
zhangkl
zhanglei
zhanglian
zhanglianjie
zhanglin
zhanglm
zhanglq
zhanglu
zhangly
zhangmengxue
zhangmiaoxuan
zhangmin
zhangming
zhangminghao
zhangms
zhangmuzhi
zhangmx
zhangmz
zhangnan
zhangning
zhangpeng97
zhangpeng_exp
zhangpengbo
zhangpoxi
zhangpy
zhangqi
zhangqiang
zhangqiaoling1
zhangqing
zhangqixian
zhangqm
zhangran
zhangrd
zhangrh
zhangsf
zhangshu
zhangshuo_exp
zhangsi
zhangsihao
zhangsk
zhangsn
zhangtao
zhangtj
zhangwb
zhangwd
zhangwei
zhangweikuo
zhangwenzhao
zhangwm
zhangww
zhangx
zhangxb
zhangxc
zhangxh
zhangxi
zhangxia
zhangxiang98
zhangxianqi
zhangxiaoyu
zhangxinwei
zhangxiuying
zhangxiying
zhangxj
zhangxk
zhangxl
zhangxm
zhangxp
zhangxuantong
zhangxueyao
zhangxuyan
zhangyan
zhangyang
zhangyanxi
zhangyao
zhangyaou
zhangyc
zhangyf
zhangyi
zhangying
zhangyingxian
zhangyingying
zhangyiyu
zhangyj
zhangyk
zhangyl_exp
zhangym
zhangyn
zhangyong
zhangys
zhangyt
zhangyu
zhangyu3
zhangyu96
zhangyuan
zhangyuanhang
zhangyubo
zhangyue
zhangyuhang
zhangyunfeng
zhangyy
zhangzebin
zhangzhao
zhangzhe
zhangzhen
zhangzheng
zhangzhenyu
zhangzhiyuan
zhangzhuo
zhangzhuolin
zhangziyue
zhangzizhao
zhangzp
zhangzt
zhangzw
zhanl
zhanxiangjin
zhanyh6
zhao
zhaobin
zhaobo
zhaochang
zhaochenchen
zhaodh
zhaodm
zhaofr
zhaoful
zhaofz
zhaog
zhaoguangxiang
zhaohao
zhaohb
zhaohh_exp
zhaohs
zhaohua
zhaojing
zhaojm
zhaojw
zhaojy
zhaok
zhaokai
zhaokang
zhaolab
zhaolb
zhaoliying
zhaoln
zhaolt
zhaomg
zhaomr
zhaop
zhaor
zhaorf
zhaorl
zhaoruoping98
zhaorz
zhaoshujie666
zhaoshuwei
zhaotb
zhaotianyu
zhaoting
zhaow
zhaowenlai
zhaowl
zhaox
zhaoxf
zhaoxiangyu
zhaoxiaoye
zhaoxiaoyun
zhaoxy
zhaoxy_exp
zhaoy
zhaoyaru
zhaoyk
zhaoyl
zhaoyz
zhaozg
zhaozj
zhen
zhen.hu
zheng
zhengb
zhenghui
zhengjianhao
zhengjj
zhengqiuhua
zhengrx
zhengsj
zhengtf
zhengtingting
zhengtx
zhengw
zhengwh
zhengwj
zhengy
zhengyang
zhengyh
zhengying
zhengyue
zhengzh
zhenh
zhenhu
zhenyu
zhenyudong
zhenyuguo
zhexuan_wh
zhhq
zhi
zhicong
zhihong
zhijiang
zhijieli
zhiminghao
zhiruo
zhjiang
zhjy
zhk
zhl
zhli
zhliu
zhong
zhongc
zhongebj
zhongjing
zhongjx
zhongl
zhongnan
zhongqilist
zhongsy
zhongwl
zhongx55
zhou
zhouchangxu
zhoudao
zhoudk
zhouds
zhouj
zhoujie
zhoujundong
zhoujy
zhouli
zhouliang
zhoulipeng
zhouliwang
zhoum
zhoumy
zhoupenghui
zhouqiang
zhouqiao
zhouqing
zhouqj
zhourijian
zhoushenao
zhoutf
zhouting
zhoutw
zhoux
zhouxp
zhouxu_exp
zhouxuyang
zhouxy
zhouy
zhouyan
zhouyingfenghz
zhouyr
zhouyx
zhouyz
zhouzhize
zhouzhongsheng
zhouzy8217
zhq20
zht
zhu
zhua
zhuan
zhuangbo
zhuangxa
zhuangzijun
zhuao
zhubaoli
zhubingke
zhubo
zhuc
zhucui
zhuhaidi
zhuht
zhuhw
zhui
zhuj
zhujiang
zhujunnan
zhukangfu
zhukj
zhulinx
zhun
zhuo
zhuqq
zhuqw
zhurl
zhus
zhushiqiang
zhushiyang
zhusq
zhutj
zhuty
zhuwj
zhuxl
zhuxw
zhuy
zhuyf
zhuyi
zhuyiming
zhuyingmin
zhuym
zhuys
zhuyue
zhuyx
zhuzhanwen
zhuzhipeng
zhuzhuzhuz
zhuzl
zhw
zhwzhong
zhx
zhxin
zhxu
zhy
zhyl
zhyu
zhz
zhzeng
zhzh
zhzhang
ziggo
zillah
zimbra
zimeip
zimmermann
zimmermc
zini
zipei
zisen
ziv
ziyang
ziye
ziyu
ziyuchen
ziyun
ziyungua
zj
zjapposp
zjc
zjc830
zjchen
zjd
zjj
zjj-1
zjl
zjl19
zjm
zjq
zjx
zjy
zjyang
zk
zk1098899751
zkd2
zkjy
zkm
zkyd
zkye
zkys
zl
zlc
zlg
zliang
zlj
zll
zln
zlong
zlq
zlwang
zlxu
zly
zm
zmchen
zmgan
zmh
zmingxing
zmj
zml
zn
znc
znm
znnlvlcx
znx
znz
zodiac
zoe
zonaWifi
zone
zong
zonghongming
zongweicao_usc
zoo
zook
zookeeper
zope
zope1
zorin
zork
zork2
zotyo
zou
zoujiangrui
zoumengchao
zouquan
zouxy
zouyc
zouye
zouyh
zouzou
zoy
zp
zpeng
zpli
zpwang
zpy
zq
zqh
zqq
zqs
zqwen
zr
zrl
zrr
zrwu
zrx
zrz
zs
zsc
zse
zsh
zsofia
zsp
zsq
zstu
zsw
zsy
zsz
zt
ztd
zte
ztl
ztlogin
ztr
zts
ztt
zty
zuan
zucc
zuhua
zuo
zuofen
zuojiliang
zuojx
zuosw
zuoxiong
zvasas
zvh
zwang
zwang9
zwc_tmp
zwenli
zwn
zww
zwwang
zwy
zwz
zx
zxc
zxc123
zxcloudsetup
zxd
zxding
zxf
zxgit668
zxin
zxin10
zxj
zxk
zxl
zxs
zxsj
zxt
zxw2
zxy
zxy2019
zxzhang
zxzhang18
zxzhao
zy
zy-wang13
zyang
zyasin
zyb
zyc
zychen
zyf
zyfwp
zyhu
zyhuang
zyj
zyk
zyli
zym
zyq
zyuser
zywang
zyy
zyyue
zyz
zyz0107
zz
zzd
zzhang
zzj
zzl
zzp
zzq
zzr
zzy
zzz
zzzezhar