00
000
0000
0101
02
1
1234
22
3comcso
6
62.210.84.140
APPS
Admin
Administrator
FAXWORKS
Incapsula
Legion
MSO
MikroTik
NetLinx
PFCUser
PRODDTA
PlcmSpIp
RDP
RPM
RuiJiesmstor
USERID
VM
aa
activemq
adam
adm
admin
admin1
admin_user
administrator
adminpldt
adminttd
alarm
almin
alvin
am
amorn
amx
analytics
android
ankesh
anonymous
apache
apc
app1
aptproxy
artur
azure
backup
bazilevskaya
bbj
bill
black
bob
bobby
bot
br
brain
bss
butter
caldera
calma555
case
cassandra
centos
chef
chenbin
chenhao
chenhr
chenll
chentk
chenwj
chenwn
chenyin
choopa
cirros
cisco
client
client1
cloud
cloudadmin
cloudera
cloudflare
cloudoa
coco
code87
console
content
credit
cron
cs
csap1
css
csserver
cusadmin
cyberssh.com-19920
czs
daemon
daichuqu
daidamai
daniel
databse
david
db
dckang
dcmadmin
dcnpro
dcollect
dcsclij
dcsysh
ddd
ddthanh
debian
debug
deeplearning_xsfd
deepserver
deepx
default
deg
dell
demo
demo3
deng
dengbenli
dengchangchun
dengchao
denghr
denglonghui
dengqinghai
dengwei
dengwt
dengxin
dengyongchang
dengyutian
deploy
deployer
deployhq
designma
desktop
dev
devdata
developer
device
devontrez
devops
devopsuser
devuser
dfg
dgoldes
dgslcx
dharmara
dhh
dhr
dhwei
diego
digital
digital1
digitalocean
dikdik
dingjialong
dingjian
dingmengting
dingquan
dingsy
dingtengfei
dingyu
dinhtta
dion
diqiang
disen
djc
djm
djw
djy
dkf
dl
dlatmdwns94
dlw
dmdba
dml
dmq
dmsjk
dn213192
docker
doctor
dodi
dondo
dong
donghong
donghz
dongjing
dongrz
dongxiang
dongxiao
dongyw
donna
dovecot
download
dpcross
dprv25
dq804
dqms
dragon
draytek
dream
dsp
dspace
dstorage
dstore
dtstack
duanmingyue
ducen
ducencen
duddusl0827
duhaili
duhaotong
dujiahui
dujiayou
dujj
dujn
dumi
dupeng
dusan
dushaomin
duzy
dvs
dwh
dwh001
dwj_2017
dx
dxp
dxwang
dy
dyd
dyf
dyj
dym
dyqh
dyw01
dzq818
easyidc2008
easyits
ebruayvaz
ec2-user
echo
ecshop
eda
eds
eexjzhao
egarcia
eggdrop
el
elaine
elastic
elasticsearch
elewltd
elias
elk
elsearch
elvin
emilychen
emma
emmacre
emosfeedback
emqx
emre
english
enshi
enter
epadmin
epg
eployhq
eric
ername
ernest
es
eshaka
ethos
etl
etlds
eunmi77park
eve
eversec
evytte
ewelina
exit
exqus4482
ezbj
f
facepro
factcat1
factorio
faheem
fake
fakermask
famu2
fanbing
fanbohao
fancong
fang
fangdaohong
fangfang
fangh
fanghui
fangli
fangnan
fangp
fangy
fanhezheng
fankaixuan
fanshunli
fanxh
fanxilong
fanxl
fanyh
faqiang
fax
fbs
fc
fedora
feihao
feiluo
feiluo_s
feiyi
femas
fendouai
feng
fengch
fengcong
fengguo
fengh
fengkai
fengss
fengw666
fengwenfan
fengxin
fenxiang
fereydoo
fesian
ffna
ffzhou
fg
fgw01
fhx
file
fileftp
filter
first
fish
fjc
fjl
fjq
fl
flb
float
flw
fmz
fnm
fo
foo
football
fordlane
found
fq
fqc
francisco
frank
fred
fredalin
free
frpuser
fsgy
fsj
fsx
ft
ftp
ftp1
ftp_user
ftpadm
ftpadmin
ftpsecure
ftptest
ftpuser
ftpuser2
ftpuser3
fuhan
fuhang
fuji
fuwanzeng
fuying
fuyong
fuyp
fyao
fyc
fyh
fymei
fys
fzeng
g09
gadmon
gaiyifu
galaxy
gale
game
games
ganhaiyang
ganrundong
ganwei
gaobo
gaoboyu
gaochenhao
gaofeng
gaoguofu
gaohao
gaojie
gaojun
gaojz
gaoll
gaosida
gaoxq17
gaoxuefeng
gaoyiqi
gaoyong
gaoyuan
gaoziqiang
gaozw
gary
garyng
gast
gateway
gauss
gaussadmin
gc5k
gczhangj
gdc
gdr
gdsun
gecongcong
geek
gejian
gengx
gentai
george
geshuang
gespring
gf
ghost
ghuang
git
gitrun
gottstein
gpadmin
greg
gu
guest
guest01
guweimin
hacker
hadoop
harrypotter
hatang
hchenscut
hdduser
hdu
hduser
help
helpdesk
hill
hmsftp
hmspasswd
host
hscroot
hsta
http
huangyy
huangzq
huawei
hunter
hxeadm
hxht
hxhtadmin
hxhtftp
hxhttp
hyl
ibm
icandb
icpuser
imapuser
info
inspur
iptv
iptvtest
ir
ircd
isadmin
iwang
iyshin
jason
jay
jddc
jenkins
jg
jhesrhel
jianglh
jianglq
jiangxiuhao
jiangyiao
jielong
jira
jiwoo
john
josh
jozef
jwshin
jyzhang
karen
ksh
kuaibo
lab
lab314
labuser
lad
laiys
lakeadmin
lal
lange
laurence
lay
layout1
layout2
layout3
layout4
layout5
layout6
lbfu
lbio233
lbq
lby
lcap_oracle
lcc
lcf
lchang
lchen
lcj
lclan
lcm_111
lcmodel
lcr
lcx
ld
ldapuser1
ldc
ldl
ldli
ldnext
ldr
ldx
leehao
legalpg
legion
leijiez
leipeipei
leiwh
leiyu
leiyue
lengxianlin
lenovo
leo
leon
lf
lfy
lgcznb
lgd
lgk
lgx
lgz
lh
lhanaf
lhl
lhq
lhy
lhz
liams
lianchen
liangconglian
liangjie
lianglurong
liangpeng
liangsw
liangzt
liaobaosheng
liaobin
liaoqiuping
liaoshangxian
liaozhipeng
libobo
libochen
library
licc
lichf
lichong
licong
lidali
lidong
lidongwen
lidouzhe
liebing
lifei
lifeifei
liferay
liguangli
liguoliang
lihai
lihan
lihaozhe
lihb
lihe
liheyuan
lihuan
lihui
lihuihui
lijh
lijiajia
lijian
lijiansong
lijianzheng
lijiawei
lijinming
lijk
lijun
likuilin
lilang
lilei
lilin
lill
lilu
limeiqi
liminghao
limingjie
limingqian
limingyan
lina
linchenxing
lindsay
linf
linfei
lingan
lingjian
lingna
linhaoxing
linhongbin
linjiahua
linjiaye
linode
linqian
linrm
lins
linsn
linux
linxiaofei
liping
liq
liqiang
liquid
lirun
lirunxin
lisa
lisa1
lishijun
lishuai
lisirui
lisishang
lisiyi
listd
litao
litf
litingyao
liu
liuchen
liucong
liudan
liudingbo
liufa
liufang
liufb
liufy
liugf
liuguangyuan0532
liuguichun
liuhao
liuheng
liuhl
liuhongji
liuhui
liujh
liujia
liujiang
liujiangang
liujinag
liujing
liujinhua
liujj
liujunyu
liukanglong
liuli
liulian
liumin
liuminge
liuminghui
liuning
liuqi
liuqm
liuruhan
liurui
liushuai
liusq
liutt
liutw
liuwei
liuwj
liuxiaofei
liuxiaohui
liuxiaowei
liuxin
liuxu
liuxueliang
liuxy
liuyang
liuyangtf
liuyi
liuyijiang
liuying
liuyl
liuyu
liuyuanchang
liuyuanchao
liuyuanyuan
liuyucong
liuyunqi
liuyuqing
liuyuyao
liuzexu
liuzhiping
liuziyu
liuzj
liuzulong
liuzy
live
liwen
liwp
liwzh
lix
lixiangpeng
lixiaodian
lixiaohong
lixiaojuan
lixiaopeng
lixiaoqing
lixin
lixinyu
lixiuyang
lixn
lixuefei
lixy
liy
liyanjun
liyaofeng
liyaqin
liying
liyl
liyou
liyu
liyuan
liyuankun
liyun
liyunheng
liyuqing
lizepeng
lizeying
lizhangming
lizhaokun
lizhengdan
lizhiyong
lizhonghua
lizhuo
lizhuolin
lizhuoyun
lizimeng
lizx
lizy
lizy16
lj
ljf
ljh
ljj
ljli
ljm
ljn
ljoa
ljs
ljt
ljtest
ljx
ljxu
ljy
lk
lksy0217
llama
llbo
lliuer
llj
lll
lmanlai
lmc
lmf
lmh
lmr
lmx
localadmin
locy
login
logout
loguser
logz
long
longhao
look
love
love9800
lp
lpc
lq
lqt
lqx
lr
lrdong
lrn
lrq
lrxbtx
lry0539
lsc
lsfadmin
lsj
lst
lsy
lt
ltb
lthpc
ltj
ltm
ltt
lttsv7
ltw
lu
lu_777
luanyizhao
luanyuxin
lucas
lucjanw
luhualing
luis
lulu
lumeiqi
luo
luochewei
luofei
luohaoxin
luoqiang
luowang
luoxizhi
luoyi
luoyj
luoyongheng
luoyu
luoyuxuan
luoyx66
luozhihao
lurz
luvision
luweinan
luweiqiang
luwen
luxiang
luxp
luyahui
luyf
luzhonggui
lvboxin
lvchen
lvhaochen
lvqiao
lvxingfeng
lvxinyu
lwang
lweng_gpu
lws
lwt
lx
lxc
lxf
lxh
lxhspc
lxj
lxl
lxm
lxp
lxx
lxy
ly
ly16
ly_jlu2017
lydwww
lyh
lyj
lyj_0505
lync
lyp
lyq
lys
lytest
lyuan
lyw
lyx
lyy
lyz
lz
lz1126
lzb
lzd
lzh
lzhang
lzhuoyan
lzl
lzn
lzp1
lzp2
lzp3
lzp4
lzq
lzx
lzy
m202
m7
ma_wu
mac
macal
madman
magento
magic
mahailong
mahefa
mai7
mail
mailman
mailreport
maint
maitrii
major
mak
maksim
maksym
malika
malinan
malu
mamingrui
man
manage
manager
manliping
maochaoli
maomaosjtu
mapix
mapred
maqb
marcio
marcus
maria
mariadb
mariah
mario
marius
mark
markchoo
markelon
marko
markp
master
masterjay
matt
maundy
maury
maxcdn
mc
med
media
mgmt
microsoft
milo
mine
minecraft
miner
minerstat
mining
miniroot
miracle
misha
misp
mongo
monitor
mother
music
musicbot
musicyxy
myapn_cen
myhadoop
myshake
mysql
mysql1
nagios
nao
ncs
netadmin
netman
netscreen
nexthink
nginx
nigger
nmsguest
nobody
nominatim
nproc
ntps
nvidia
nvr_admin
ocean
odoo
odroid
oem_admin
ogoh
omc
omu
oncall
one
onewaygate
openhabian
openvpn
oper
operations
operator
oracle
org_jh_test
osbash
osboxes
osmc
ossuser
ouc
pajaro
pangzidong
paraccel
patrick
patrol
pc
philip
phpmy
pi
pia
pixadmin
pkinsella
plexuser
pma
portal
post
postfix
postgres
printer
profile1
proftpd
program
prs
prueba
public
pxe
pyimagesearch
qc
qcubic
qinxiang
qmailq
qs
qsax
quartz
qwerty
rabbit
raja
rancher
raspberry
raspberrypi
rd
rebecca
reboot
record
redmine
remote
rmdbuser
rock
rokos
root
root2
rstudio
sakamoto
sambauser
samurai
san
sans
sansforensics
scan
sconsole
serverpilot
service
sesuser
setup
shutdown
sinus
sirius
slcinc
slin
smc
smcadmin
sniffer
softwaremanager
solarus
solr
solrs
sonny2hack
sonos
soo
souaaz
spark
sqinzeng
squadserver
squid
srcuser
sshd
sshuser
ssladmin
stackato
starssh.com-27366
steam
stefan
storm
student
student02
student1
student2
sudo1
super
superuser
supervisor
support
suxiu
svn
svt
sxm
sync
sysadm
sysadmin
system
taguchi
tangxinyu
tech
techsupport
telecomadmin
telnet
temp
test
test1
test123
test2
testbelkofsi
tester
testing
testssh
testuser
tez
tg
tianbo
tomcat
tomcat7
tomcat9
toor
topomaps
trans
ts3
tweety
ubnt
ubuntu
uftp
uj
upload
uploader
user
user1
user2
user3
user5
user6
user7
user8
userftp
username
usuario
uucp
vagrant
vera
victor
video
vijlie
vnc
vodafone
volumio
vpn
vyos
w.tools
wa
wangbin
wangct
wanghaonan
wanghq
wangmengze
wangnd
wangsz
wangtd
wasadmin
web
web1
weblogic
wfli
whx
whyu
wordpress
work
wpyan
wqh
wubao
wut
ww
www
www-data
wwwmail
xbian
xbmc
xerox
xies
xinjingxue
xshi
xuewei_stu
xuju
xutao
xvh
xxz
yangxq
yarn
ydadmin
yenting
ykwang
ylliu
ym
ynwang
ytz
yvx
yxzhang
yz
zabbix
zby
zhangcw
zhangft
zhangjiayi
zhangmz
zhangqiang
zhangwb
zhangww
zhangyk
zhoushenao
zhouy
zjchen
znc
zodiac
zookeeper
zpli
zrz
zt
ztlogin
zvh
zxsj
zywang
zzhang